11-10 06:49:48.178: D/AndroidRuntime(5203): >>>>>> START com.android.internal.os.RuntimeInit uid 2000 <<<<<<
11-10 06:49:48.184: D/AndroidRuntime(5203): CheckJNI is OFF
11-10 06:49:48.226: D/ICU(5203): No timezone override file found: /data/misc/zoneinfo/current/icu/icu_tzdata.dat
11-10 06:49:48.283: I/Radio-JNI(5203): register_android_hardware_Radio DONE
11-10 06:49:48.305: D/AndroidRuntime(5203): Calling main entry com.android.commands.pm.Pm
11-10 06:49:48.353: I/ActivityManager(887): Start proc 5211:com.android.defcontainer/u0a9 for service com.android.defcontainer/.DefaultContainerService
11-10 06:49:48.480: D/DefContainer(5211): Copying /data/local/tmp/com.google.android.gms.policy_test_support.apk to base.apk
11-10 06:49:48.768: I/PackageManager.DexOptimizer(887): Running dexopt (dex2oat) on: /data/app/vmdl1117237588.tmp/base.apk pkg=com.google.android.gms.policy_test_support isa=arm vmSafeMode=false debuggable=false oatDir = /data/app/vmdl1117237588.tmp/oat bootComplete=true
11-10 06:49:48.827: I/dex2oat(5224): Starting dex2oat.
11-10 06:49:49.236: W/dex2oat(5224): No verified method for method calling String.<init>: java.lang.String android.text.TextUtils.substring(java.lang.CharSequence, int, int)
11-10 06:49:49.967: D/WifiStateMachine(887): starting scan for "wl-ftl-mt39-1-5"WPA_PSK with 5500,5825,5200
11-10 06:49:49.970: I/dex2oat(5224): dex2oat took 1.144s (threads: 4) arena alloc=3MB java alloc=1779KB native alloc=9MB free=2MB
11-10 06:49:50.320: W/Settings(887): Setting install_non_market_apps has moved from android.provider.Settings.Global to android.provider.Settings.Secure, returning read-only value.
11-10 06:49:50.321: I/art(887): Starting a blocking GC Explicit
11-10 06:49:50.392: I/art(887): Explicit concurrent mark sweep GC freed 152419(9MB) AllocSpace objects, 52(1636KB) LOS objects, 31% free, 34MB/50MB, paused 842us total 71.680ms
11-10 06:49:50.395: I/art(5203): System.exit called, status: 0
11-10 06:49:50.396: I/AndroidRuntime(5203): VM exiting with result code 0.
11-10 06:49:50.406: I/InputReader(887): Reconfiguring input devices.  changes=0x00000010
11-10 06:49:50.431: D/BuaReceiver(3160): ====== got intent:Intent { act=android.intent.action.PACKAGE_ADDED dat=package:com.google.android.gms.policy_test_support flg=0x4000010 cmp=com.motorola.android.buacontactadapter/.BuaReceiver (has extras) }
11-10 06:49:50.462: D/CarrierServiceBindHelper(1670): Receive action: android.intent.action.PACKAGE_ADDED
11-10 06:49:50.462: D/CarrierServiceBindHelper(1670): mHandler: 3
11-10 06:49:50.463: D/CarrierConfigLoader(1670): mHandler: 9 phoneId: 0
11-10 06:49:50.493: I/ActivityManager(887): Start proc 5238:com.android.musicfx/u0a23 for broadcast com.android.musicfx/.Compatibility$Receiver
11-10 06:49:50.534: V/KeyValueBackupJob(887): Scheduling k/v pass in 240 minutes
11-10 06:49:50.554: W/System(5238): ClassLoader referenced unknown path: /system/priv-app/MusicFX/lib/arm
11-10 06:49:50.562: W/SearchableInfo(887): Invalid searchable metadata for com.google.android.gms/.nearby.sharing.ContactSelectActivity: Search label must be a resource reference.
11-10 06:49:50.595: D/Finsky(4394): [1] ExternalReferrer.access$200: Package state data is missing for com.google.android.gms.policy_test_support
11-10 06:49:50.619: I/ActivityManager(887): Start proc 5254:com.google.android.apps.docs/u0a49 for broadcast com.google.android.apps.docs/.receivers.AppPackageAddRemoveReceiver
11-10 06:49:50.631: I/UpdateIcingCorporaServi(4362): Updating corpora: APPS=com.google.android.gms.policy_test_support, CONTACTS=MAYBE
11-10 06:49:50.702: I/UpdateIcingCorporaServi(4362): UpdateCorporaTask done [took 71 ms] updated apps [took 71 ms] 
11-10 06:49:50.704: W/System(5254): ClassLoader referenced unknown path: /system/app/Drive/lib/arm
11-10 06:49:50.704: I/ActivityManager(887): Killing 2199:com.google.android.gm.exchange/u0a80 (adj 15): empty for 3301s
11-10 06:49:51.048: I/GAv4(5254): Google Analytics 7.8.95 is starting up. To enable debug logging on a device run:
11-10 06:49:51.048: I/GAv4(5254):   adb shell setprop log.tag.GAv4 DEBUG
11-10 06:49:51.048: I/GAv4(5254):   adb logcat -s GAv4
11-10 06:49:51.077: W/GAv4(5254): AnalyticsReceiver is not registered or is disabled. Register the receiver for reliable dispatching on non-Google Play devices. See http://goo.gl/8Rd3yj for instructions.
11-10 06:49:51.087: W/GAv4(5254): CampaignTrackingReceiver is not registered, not exported or is disabled. Installation campaign tracking is not possible. See http://goo.gl/8Rd3yj for instructions.
11-10 06:49:51.113: W/AnalyticsTrackerProxyImpl(5254): Analytics setup for ID UA-21125203-2, app name Drive, version 2.3.327.05.36
11-10 06:49:51.117: W/GAv4(5254): AnalyticsService not registered in the app manifest. Hits might not be delivered reliably. See http://goo.gl/8Rd3yj for instructions.
11-10 06:49:51.247: I/GmsModuleFndr(4746): Beginning GMS chimera module scan
11-10 06:49:51.255: I/ModuleSetMgr(4746): Computing pending module set with APKs: {file:///data/app/com.google.android.gms-1/base.apk}
11-10 06:49:51.256: W/GCM(4682): Unexpected forwarded intent: Intent { act=android.intent.action.PACKAGE_ADDED dat=package:com.google.android.gms.policy_test_support flg=0x4000010 cmp=com.google.android.gms/.chimera.PersistentIntentOperationService (has extras) }
11-10 06:49:51.263: W/GCM(4682): Unexpected forwarded intent: Intent { act=android.intent.action.PACKAGE_ADDED dat=package:com.google.android.gms.policy_test_support flg=0x4000010 cmp=com.google.android.gms/.chimera.PersistentIntentOperationService (has extras) }
11-10 06:49:51.294: I/ModuleSetUtils(4746): Assembling ModuleSetRecord for container:19420: []
11-10 06:49:51.295: I/ModuleSetMgr(4746): Pending container Zapp APKs: []
11-10 06:49:51.295: I/ModuleSetMgr(4746): Pending non-container Zapp APKs: []
11-10 06:49:51.428: D/AndroidRuntime(5270): >>>>>> START com.android.internal.os.RuntimeInit uid 2000 <<<<<<
11-10 06:49:51.432: D/AndroidRuntime(5270): CheckJNI is OFF
11-10 06:49:51.475: D/ICU(5270): No timezone override file found: /data/misc/zoneinfo/current/icu/icu_tzdata.dat
11-10 06:49:51.520: I/Radio-JNI(5270): register_android_hardware_Radio DONE
11-10 06:49:51.545: D/AndroidRuntime(5270): Calling main entry com.android.commands.pm.Pm
11-10 06:49:51.580: D/DefContainer(5211): Copying /data/local/tmp/com.google.android.gmscore.testing.testsupport.apk to base.apk
11-10 06:49:51.667: I/PackageManager.DexOptimizer(887): Running dexopt (dex2oat) on: /data/app/vmdl2082039879.tmp/base.apk pkg=com.google.android.gmscore.testing.testsupport isa=arm vmSafeMode=false debuggable=false oatDir = /data/app/vmdl2082039879.tmp/oat bootComplete=true
11-10 06:49:51.698: E/DowngradeHelper(4746): isModuleDowngradeRequired false
11-10 06:49:51.699: E/ConfigFileUtils(4746): Failed to read config file: /data/data/com.google.android.gms/app_chimera/current_modules_init.pb: open failed: ENOENT (No such file or directory)
11-10 06:49:51.724: I/dex2oat(5303): Starting dex2oat.
11-10 06:49:51.810: I/ChimeraCfgMgr(4746): Sending com.google.android.chimera.IntentOperation.NEW_MODULE Intents: 1,false,true
11-10 06:49:51.819: I/ChmraDebugLogger(4746): [46] container:19420
11-10 06:49:51.838: W/System(4746): ClassLoader referenced unknown path: /data/app/com.google.android.gms.policy_test_support-1/lib/arm
11-10 06:49:51.849: I/ChromeSync(4746): [Sync,SyncIntentOperation] Handling the intent: Intent { act=android.intent.action.PACKAGE_ADDED dat=package:com.google.android.gms.policy_test_support flg=0x4000010 cmp=com.google.android.gms/.chimera.GmsIntentOperationService (has extras) }.
11-10 06:49:51.849: I/Auth(4746): [SupervisedAccountIntentOperation] onHandleIntent(): android.intent.action.PACKAGE_ADDED
11-10 06:49:51.854: I/ChromeSync(4746): [Persistence,AffiliationManager] One of affiliation or grouping data for android://JQGPsg9dd2HvcQ3NOvpIBkUqO05p1z872yyCqMPGKyYTrXaagXb_cTSR6Tw7zvKHuN1SL7HTpLIIpZ7kfHKqVA==@com.google.android.gms.policy_test_support/ was not found. Marking affiliation data as stale...
11-10 06:49:51.925: I/ChromeSync(4746): [Persistence,AffiliationManager] Failed to get password domain for package: com.vzw.apnservice
11-10 06:49:52.012: I/Icing(4746): IndexChimeraService.getServiceInterface callingPackage=com.google.android.gms componentName=AppsCorpus serviceId=36
11-10 06:49:52.013: I/ChromeSync(4746): [Persistence,AffiliationManager] Fetching affiliations from the server.
11-10 06:49:52.032: I/ModuleSetUtils(4746): Assembling ModuleSetRecord for ads_fdr:210015,container:19420+vision.ocr: [zapp:/VisionOcr.optional/19420000300, zapp:/AdsFdrDynamite.integ/21001000000]
11-10 06:49:52.061: I/TestSupport(4746): Activate: 1573286400000@1573397392057
11-10 06:49:52.061: I/TestSupport(4746): Boot time: 1573317881238
11-10 06:49:52.075: I/TestSupport(4746): Updated: /data/data/com.google.android.gms/app_testsupport/.startup
11-10 06:49:52.082: I/ChimeraCfgMgr(4746): Received com.google.android.chimera.IntentOperation.NEW_MODULE(1/0): 1,false
11-10 06:49:52.090: W/DynamiteModule(4746): Local module descriptor class for providerinstaller not found.
11-10 06:49:52.091: W/ProviderHelper(4746): Unknown dynamite feature providerinstaller
11-10 06:49:52.091: I/DynamiteModule(4746): Considering local module providerinstaller:0 and remote module providerinstaller:0
11-10 06:49:52.091: W/ProviderInstaller(4746): Failed to load providerinstaller module: No acceptable module found. Local version is 0 and remote version is 0.
11-10 06:49:52.112: W/DynamiteModule(4746): Local module descriptor class for providerinstaller not found.
11-10 06:49:52.112: I/DynamiteModule(4746): Considering local module providerinstaller:0 and remote module providerinstaller:0
11-10 06:49:52.112: W/ProviderInstaller(4746): Failed to load providerinstaller module: No acceptable module found. Local version is 0 and remote version is 0.
11-10 06:49:52.118: W/DynamiteModule(4746): Local module descriptor class for providerinstaller not found.
11-10 06:49:52.118: I/DynamiteModule(4746): Considering local module providerinstaller:0 and remote module providerinstaller:0
11-10 06:49:52.118: W/ProviderInstaller(4746): Failed to load providerinstaller module: No acceptable module found. Local version is 0 and remote version is 0.
11-10 06:49:52.155: W/Conscrypt(4746): Could not set socket write timeout: java.net.SocketException: Socket closed
11-10 06:49:52.155: W/Conscrypt(4746): 	at com.google.android.gms.org.conscrypt.Platform.setSocketWriteTimeout(:com.google.android.gms@19420015@19.4.20 (040300-271418971):2)
11-10 06:49:52.155: W/Conscrypt(4746): 	at com.google.android.gms.org.conscrypt.ConscryptFileDescriptorSocket.setSoWriteTimeout(:com.google.android.gms@19420015@19.4.20 (040300-271418971):2)
11-10 06:49:52.159: W/DynamiteModule(4746): Local module descriptor class for providerinstaller not found.
11-10 06:49:52.159: W/art(5254): Verification of java.lang.Object com.google.android.chimera.ModuleContext.getSystemService(java.lang.String) took 104.987ms
11-10 06:49:52.161: E/PhenotypeRegOp(4746): Attempting to overwrite config package for com.google.android.gms.car
11-10 06:49:52.162: I/DynamiteModule(4746): Considering local module providerinstaller:0 and remote module providerinstaller:0
11-10 06:49:52.163: W/ProviderInstaller(4746): Failed to load providerinstaller module: No acceptable module found. Local version is 0 and remote version is 0.
11-10 06:49:52.188: E/PhenotypeRegOp(4746): Attempting to overwrite config package for com.google.android.gms.mobile_data_plan
11-10 06:49:52.189: E/PhenotypeRegOp(4746): Attempting to overwrite config package for com.google.android.gms.signin
11-10 06:49:52.196: W/DynamiteModule(4746): Local module descriptor class for providerinstaller not found.
11-10 06:49:52.196: I/DynamiteModule(4746): Considering local module providerinstaller:0 and remote module providerinstaller:0
11-10 06:49:52.196: W/ProviderInstaller(4746): Failed to load providerinstaller module: No acceptable module found. Local version is 0 and remote version is 0.
11-10 06:49:52.219: W/DynamiteModule(4746): Local module descriptor class for providerinstaller not found.
11-10 06:49:52.219: I/DynamiteModule(4746): Considering local module providerinstaller:0 and remote module providerinstaller:0
11-10 06:49:52.220: W/ProviderInstaller(4746): Failed to load providerinstaller module: No acceptable module found. Local version is 0 and remote version is 0.
11-10 06:49:52.238: W/DynamiteModule(4746): Local module descriptor class for providerinstaller not found.
11-10 06:49:52.239: I/DynamiteModule(4746): Considering local module providerinstaller:0 and remote module providerinstaller:0
11-10 06:49:52.239: W/ProviderInstaller(4746): Failed to load providerinstaller module: No acceptable module found. Local version is 0 and remote version is 0.
11-10 06:49:52.243: W/Icing(4746): No valid account for uploading user actions: admc: Not signed in
11-10 06:49:52.263: W/DynamiteModule(4746): Local module descriptor class for providerinstaller not found.
11-10 06:49:52.263: I/DynamiteModule(4746): Considering local module providerinstaller:0 and remote module providerinstaller:0
11-10 06:49:52.264: W/ProviderInstaller(4746): Failed to load providerinstaller module: No acceptable module found. Local version is 0 and remote version is 0.
11-10 06:49:52.265: W/art(5254): Verification of void com.google.android.chimera.ModuleContext.registerComponentCallbacks(android.content.ComponentCallbacks) took 105.656ms
11-10 06:49:52.306: W/art(4746): Suspending all threads took: 5.111ms
11-10 06:49:52.329: I/Icing(4746): IndexChimeraService.getServiceInterface callingPackage=com.google.android.gms componentName=null serviceId=30
11-10 06:49:52.344: V/NativeCrypto(5254): Registering com/google/android/gms/org/conscrypt/NativeCrypto's 284 native methods...
11-10 06:49:52.351: I/art(4746): Background partial concurrent mark sweep GC freed 46085(2MB) AllocSpace objects, 14(4MB) LOS objects, 30% free, 36MB/52MB, paused 25.240ms total 111.664ms
11-10 06:49:52.356: I/Icing(4746): Usage reports ok 0, Failed Usage reports 0, indexed 0, rejected 0
11-10 06:49:52.362: W/Icing(4746): No valid account for uploading user actions: admc: Not signed in
11-10 06:49:52.370: I/GmsModuleFndr(4746): Beginning GMS chimera module scan
11-10 06:49:52.375: I/ModuleSetMgr(4746): Computing pending module set with APKs: {file:///data/app/com.google.android.gms-1/base.apk}
11-10 06:49:52.378: W/Conscrypt(4746): Could not set socket write timeout: java.net.SocketException: Socket closed
11-10 06:49:52.378: W/Conscrypt(4746): 	at com.google.android.gms.org.conscrypt.Platform.setSocketWriteTimeout(:com.google.android.gms@19420015@19.4.20 (040300-271418971):2)
11-10 06:49:52.378: W/Conscrypt(4746): 	at com.google.android.gms.org.conscrypt.ConscryptFileDescriptorSocket.setSoWriteTimeout(:com.google.android.gms@19420015@19.4.20 (040300-271418971):2)
11-10 06:49:52.382: I/ModuleSetUtils(4746): Assembling ModuleSetRecord for container:19420: []
11-10 06:49:52.383: I/ModuleSetMgr(4746): Pending container Zapp APKs: []
11-10 06:49:52.383: I/ModuleSetMgr(4746): Pending non-container Zapp APKs: []
11-10 06:49:52.385: I/Icing(4746): Usage reports ok 0, Failed Usage reports 0, indexed 0, rejected 0
11-10 06:49:52.409: W/DynamiteModule(4746): Local module descriptor class for providerinstaller not found.
11-10 06:49:52.409: I/DynamiteModule(4746): Considering local module providerinstaller:0 and remote module providerinstaller:0
11-10 06:49:52.409: W/ProviderInstaller(4746): Failed to load providerinstaller module: No acceptable module found. Local version is 0 and remote version is 0.
11-10 06:49:52.416: W/DynamiteModule(4746): Local module descriptor class for providerinstaller not found.
11-10 06:49:52.416: I/DynamiteModule(4746): Considering local module providerinstaller:0 and remote module providerinstaller:0
11-10 06:49:52.416: W/ProviderInstaller(4746): Failed to load providerinstaller module: No acceptable module found. Local version is 0 and remote version is 0.
11-10 06:49:52.418: I/art(5254): Rejecting re-init on previously-failed class java.lang.Class<com.google.android.gms.org.conscrypt.Java7ExtendedSSLSession>
11-10 06:49:52.419: I/art(5254): Rejecting re-init on previously-failed class java.lang.Class<com.google.android.gms.org.conscrypt.Java7ExtendedSSLSession>
11-10 06:49:52.420: I/art(5254): Rejecting re-init on previously-failed class java.lang.Class<com.google.android.gms.org.conscrypt.Java8ExtendedSSLSession>
11-10 06:49:52.420: I/art(5254): Rejecting re-init on previously-failed class java.lang.Class<com.google.android.gms.org.conscrypt.Java8ExtendedSSLSession>
11-10 06:49:52.422: W/DynamiteModule(4746): Local module descriptor class for providerinstaller not found.
11-10 06:49:52.422: I/DynamiteModule(4746): Considering local module providerinstaller:0 and remote module providerinstaller:0
11-10 06:49:52.422: W/ProviderInstaller(4746): Failed to load providerinstaller module: No acceptable module found. Local version is 0 and remote version is 0.
11-10 06:49:52.430: W/DynamiteModule(4746): Local module descriptor class for providerinstaller not found.
11-10 06:49:52.430: I/DynamiteModule(4746): Considering local module providerinstaller:0 and remote module providerinstaller:0
11-10 06:49:52.430: W/ProviderInstaller(4746): Failed to load providerinstaller module: No acceptable module found. Local version is 0 and remote version is 0.
11-10 06:49:52.444: W/DynamiteModule(4746): Local module descriptor class for providerinstaller not found.
11-10 06:49:52.444: I/DynamiteModule(4746): Considering local module providerinstaller:0 and remote module providerinstaller:0
11-10 06:49:52.444: W/ProviderInstaller(4746): Failed to load providerinstaller module: No acceptable module found. Local version is 0 and remote version is 0.
11-10 06:49:52.455: I/ProviderInstaller(5254): Installed default security provider GmsCore_OpenSSL
11-10 06:49:52.477: W/DynamiteModule(4746): Local module descriptor class for providerinstaller not found.
11-10 06:49:52.477: I/DynamiteModule(4746): Considering local module providerinstaller:0 and remote module providerinstaller:0
11-10 06:49:52.477: W/ProviderInstaller(4746): Failed to load providerinstaller module: No acceptable module found. Local version is 0 and remote version is 0.
11-10 06:49:52.492: W/DynamiteModule(4746): Local module descriptor class for providerinstaller not found.
11-10 06:49:52.492: I/DynamiteModule(4746): Considering local module providerinstaller:0 and remote module providerinstaller:0
11-10 06:49:52.492: W/ProviderInstaller(4746): Failed to load providerinstaller module: No acceptable module found. Local version is 0 and remote version is 0.
11-10 06:49:52.504: W/DynamiteModule(4746): Local module descriptor class for providerinstaller not found.
11-10 06:49:52.505: I/DynamiteModule(4746): Considering local module providerinstaller:0 and remote module providerinstaller:0
11-10 06:49:52.505: W/ProviderInstaller(4746): Failed to load providerinstaller module: No acceptable module found. Local version is 0 and remote version is 0.
11-10 06:49:52.688: I/GmsModuleFndr(4746): Beginning GMS chimera module scan
11-10 06:49:52.696: I/ModuleSetMgr(4746): Computing pending module set with APKs: {file:///data/app/com.google.android.gms-1/base.apk}
11-10 06:49:52.705: I/ModuleSetUtils(4746): Assembling ModuleSetRecord for container:19420: []
11-10 06:49:52.706: I/ModuleSetMgr(4746): Pending container Zapp APKs: []
11-10 06:49:52.706: I/ModuleSetMgr(4746): Pending non-container Zapp APKs: []
11-10 06:49:52.753: I/anzn(4682): Scheduling Phenotype for a PhenotypeSyncImmediately(6, com.google.android.gms.testsupport) one off with window [1, 2] in seconds [CONTEXT service_id=51 ]
11-10 06:49:53.137: I/Icing(4746): Indexing com.google.android.gms-apps from com.google.android.gms
11-10 06:49:53.152: I/Icing(4746): Indexing done com.google.android.gms-apps
11-10 06:49:54.550: I/dex2oat(5303): dex2oat took 2.827s (threads: 4) arena alloc=2MB java alloc=2MB native alloc=16MB free=3MB
11-10 06:49:54.840: W/Settings(887): Setting install_non_market_apps has moved from android.provider.Settings.Global to android.provider.Settings.Secure, returning read-only value.
11-10 06:49:54.840: I/art(887): Starting a blocking GC Explicit
11-10 06:49:54.897: I/art(887): Explicit concurrent mark sweep GC freed 65082(4MB) AllocSpace objects, 9(180KB) LOS objects, 31% free, 34MB/50MB, paused 744us total 56.823ms
11-10 06:49:54.908: I/art(5270): System.exit called, status: 0
11-10 06:49:54.909: I/AndroidRuntime(5270): VM exiting with result code 0.
11-10 06:49:54.910: D/BuaReceiver(3160): ====== got intent:Intent { act=android.intent.action.PACKAGE_ADDED dat=package:com.google.android.gmscore.testing.testsupport flg=0x4000010 cmp=com.motorola.android.buacontactadapter/.BuaReceiver (has extras) }
11-10 06:49:54.922: I/InputReader(887): Reconfiguring input devices.  changes=0x00000010
11-10 06:49:54.963: D/CarrierServiceBindHelper(1670): Receive action: android.intent.action.PACKAGE_ADDED
11-10 06:49:54.964: D/CarrierServiceBindHelper(1670): mHandler: 3
11-10 06:49:54.964: D/CarrierConfigLoader(1670): mHandler: 9 phoneId: 0
11-10 06:49:54.993: D/Finsky(4394): [1] ExternalReferrer.access$200: Package state data is missing for com.google.android.gmscore.testing.testsupport
11-10 06:49:55.021: W/SearchableInfo(887): Invalid searchable metadata for com.google.android.gms/.nearby.sharing.ContactSelectActivity: Search label must be a resource reference.
11-10 06:49:55.023: I/UpdateIcingCorporaServi(4362): Updating corpora: APPS=com.google.android.gmscore.testing.testsupport, CONTACTS=MAYBE
11-10 06:49:55.052: I/Auth(4746): [SupervisedAccountIntentOperation] onHandleIntent(): android.intent.action.PACKAGE_ADDED
11-10 06:49:55.052: I/ChromeSync(4746): [Sync,SyncIntentOperation] Handling the intent: Intent { act=android.intent.action.PACKAGE_ADDED dat=package:com.google.android.gmscore.testing.testsupport flg=0x4000010 cmp=com.google.android.gms/.chimera.GmsIntentOperationService (has extras) }.
11-10 06:49:55.053: I/ChromeSync(4746): [Persistence,AffiliationManager] One of affiliation or grouping data for android://7qg--Vdm54zxKo8avkCXCD_7ToNk-gSGsIINmMu_krBTT9yKXmXa5m1MzFNMIqP92nwcLB8-pgfDA4TXFVsmSw==@com.google.android.gmscore.testing.testsupport/ was not found. Marking affiliation data as stale...
11-10 06:49:55.058: W/GCM(4682): Unexpected forwarded intent: Intent { act=android.intent.action.PACKAGE_ADDED dat=package:com.google.android.gmscore.testing.testsupport flg=0x4000010 cmp=com.google.android.gms/.chimera.PersistentIntentOperationService (has extras) }
11-10 06:49:55.062: W/GCM(4682): Unexpected forwarded intent: Intent { act=android.intent.action.PACKAGE_ADDED dat=package:com.google.android.gmscore.testing.testsupport flg=0x4000010 cmp=com.google.android.gms/.chimera.PersistentIntentOperationService (has extras) }
11-10 06:49:55.102: I/UpdateIcingCorporaServi(4362): UpdateCorporaTask done [took 79 ms] updated apps [took 79 ms] 
11-10 06:49:55.124: I/ChromeSync(4746): [Persistence,AffiliationManager] Failed to get password domain for package: com.vzw.apnservice
11-10 06:49:55.187: I/ChromeSync(4746): [Persistence,AffiliationManager] Fetching affiliations from the server.
11-10 06:49:55.228: I/anzs(4682): Removed 0 invalid users [CONTEXT service_id=51 ]
11-10 06:49:55.330: W/Conscrypt(4682): Could not set socket write timeout: java.net.SocketException: Socket closed
11-10 06:49:55.331: W/Conscrypt(4682): 	at com.google.android.gms.org.conscrypt.Platform.setSocketWriteTimeout(:com.google.android.gms@19420015@19.4.20 (040300-271418971):2)
11-10 06:49:55.331: W/Conscrypt(4682): 	at com.google.android.gms.org.conscrypt.ConscryptFileDescriptorSocket.setSoWriteTimeout(:com.google.android.gms@19420015@19.4.20 (040300-271418971):2)
11-10 06:49:55.337: W/Conscrypt(4682): Could not set socket write timeout: java.net.SocketException: Socket closed
11-10 06:49:55.337: W/Conscrypt(4682): 	at com.google.android.gms.org.conscrypt.Platform.setSocketWriteTimeout(:com.google.android.gms@19420015@19.4.20 (040300-271418971):2)
11-10 06:49:55.337: W/Conscrypt(4682): 	at com.google.android.gms.org.conscrypt.ConscryptFileDescriptorSocket.setSoWriteTimeout(:com.google.android.gms@19420015@19.4.20 (040300-271418971):2)
11-10 06:49:55.507: D/AndroidRuntime(5344): >>>>>> START com.android.internal.os.RuntimeInit uid 2000 <<<<<<
11-10 06:49:55.511: D/AndroidRuntime(5344): CheckJNI is OFF
11-10 06:49:55.559: D/ICU(5344): No timezone override file found: /data/misc/zoneinfo/current/icu/icu_tzdata.dat
11-10 06:49:55.594: I/Radio-JNI(5344): register_android_hardware_Radio DONE
11-10 06:49:55.611: D/AndroidRuntime(5344): Calling main entry com.android.commands.am.Am
11-10 06:49:55.631: I/ActivityManager(887): Start proc 5367:com.google.android.gmscore.testing.testsupport/u0a105 for service com.google.android.gmscore.testing.testsupport/.CommandService
11-10 06:49:55.631: D/AndroidRuntime(5344): Shutting down VM
11-10 06:49:55.648: I/anzn(4682): Scheduling adaptive one off task with window [14400, 604800] in seconds [CONTEXT service_id=51 ]
11-10 06:49:55.664: W/System(5367): ClassLoader referenced unknown path: /data/app/com.google.android.gmscore.testing.testsupport-1/lib/arm
11-10 06:49:55.667: I/TSDRIVER(5367): CommandService onHandleIntent()
11-10 06:49:55.669: I/TSDRIVER(5367): Got command: PACKAGE
11-10 06:49:55.680: I/TSDRIVER(5367): flag package: Eglnc2VydmljZXMaLAooZmluc2t5LnBsYXlfc2VydmljZXNfYXV0b191cGRhdGVfZW5hYmxlZBgAGjUKMWZpbnNreS5zZXR1cF93aXphcmRfYWRkaXRpb25hbF9hY2NvdW50X3ZwYV9lbmFibGUYABoxCi1maW5za3kuZGFpbHlfaHlnaWVuZV9zY2hlZHVsZV91bmF1dGhlbnRpY2F0ZWQYAA
11-10 06:49:55.686: I/TSDRIVER(5367): flag package: gservices
11-10 06:49:55.696: E/GooglePlayServicesUtil(5367): The Google Play services resources were not found. Check your project configuration to ensure that the resources are included.
11-10 06:49:55.716: I/PTCommittedOperation(4682): Receive new configuration for com.google.android.gms.growth
11-10 06:49:55.725: W/ModuleInitIntentOp(4746): Dropping unexpected action com.google.android.gms.phenotype.COMMITTED
11-10 06:49:55.746: I/aobm(4682): updateFromConfigurations using legacy put method [CONTEXT service_id=204 ]
11-10 06:49:55.762: I/aobm(4682): updateFromConfigurations using legacy put method [CONTEXT service_id=204 ]
11-10 06:49:55.765: W/Primes(4746): Primes not initialized, returning default (no-op) Primes instance which will ignore all calls. Please call Primes.initialize(...) before using any Primes API.
11-10 06:49:55.785: W/DynamiteModule(4746): Local module descriptor class for com.google.android.gms.googlecertificates not found.
11-10 06:49:55.796: I/DynamiteModule(4746): Considering local module com.google.android.gms.googlecertificates:0 and remote module com.google.android.gms.googlecertificates:4
11-10 06:49:55.796: I/DynamiteModule(4746): Selected remote version of com.google.android.gms.googlecertificates, version >= 4
11-10 06:49:55.798: W/System(4746): ClassLoader referenced unknown path: /data/data/com.google.android.gms/app_chimera/m/00000005/n/armeabi-v7a
11-10 06:49:55.798: W/System(4746): ClassLoader referenced unknown path: /data/data/com.google.android.gms/app_chimera/m/00000005/n/armeabi
11-10 06:49:55.863: I/TestSupport(4746): Activated: 1573286400000@1573397392057
11-10 06:49:55.864: I/TestSupport(4746): Boot time: 1573317881238
11-10 06:49:55.869: I/TestSupport(4746): Passing package and signature checks: com.google.android.gmscore.testing.testsupport
11-10 06:49:55.930: I/TestSupport(4746): SetOverrideOperation: finsky.play_services_auto_update_enabled = false
11-10 06:49:56.046: I/GservicesProvider(4721): override update completed
11-10 06:49:56.069: I/ActivityManager(887): Start proc 5393:com.google.android.configupdater/u0a7 for broadcast com.google.android.configupdater/.CertPin.CertPinUpdateRequestReceiver
11-10 06:49:56.088: I/TestSupport(4746): Broadcast sent: finsky.play_services_auto_update_enabled
11-10 06:49:56.092: I/TestSupport(4746): GServices override confirmed: finsky.play_services_auto_update_enabled=false
11-10 06:49:56.096: I/TestSupport(4746): SetOverrideOperation: finsky.setup_wizard_additional_account_vpa_enable = false
11-10 06:49:56.129: W/System(5393): ClassLoader referenced unknown path: /system/priv-app/ConfigUpdater/lib/arm
11-10 06:49:56.154: E/ConfigUpdater(5393): Received malformed URL while handling Gservices.CHANGED_ACTION intent_firewall: null null
11-10 06:49:56.160: I/Icing(4746): Indexing com.google.android.gms-apps from com.google.android.gms
11-10 06:49:56.169: E/ConfigUpdater(5393): Received malformed URL while handling Gservices.CHANGED_ACTION apn_db: null null
11-10 06:49:56.173: E/ConfigUpdater(5393): Received malformed URL while handling Gservices.CHANGED_ACTION tzdata: null null
11-10 06:49:56.177: E/ConfigUpdater(5393): Received malformed URL while handling Gservices.CHANGED_ACTION selinux: null null
11-10 06:49:56.183: E/ConfigUpdater(5393): Received malformed URL while handling Gservices.CHANGED_ACTION carrier_provisioning_urls: null null
11-10 06:49:56.188: I/Icing(4746): Indexing done com.google.android.gms-apps
11-10 06:49:56.230: I/ActivityManager(887): Start proc 5426:com.google.android.apps.photos/u0a74 for broadcast com.google.android.apps.photos/com.google.android.apps.moviemaker.app.ApplicationEnabler$Receiver
11-10 06:49:56.262: I/GeofencerStateMachine(4682): sendQueryLocationOptIn
11-10 06:49:56.289: I/GeofencerStateMachine(4682): sendQueryLocationOptIn
11-10 06:49:56.304: I/GeofencerStateMachine(4682): sendQueryLocationOptIn
11-10 06:49:56.314: W/System(5426): ClassLoader referenced unknown path: /system/app/Photos/lib/arm
11-10 06:49:56.320: I/GeofencerStateMachine(4682): sendQueryLocationOptIn
11-10 06:49:56.334: I/GeofencerStateMachine(4682): sendQueryLocationOptIn
11-10 06:49:56.352: I/GeofencerStateMachine(4682): sendQueryLocationOptIn
11-10 06:49:56.366: I/GeofencerStateMachine(4682): sendQueryLocationOptIn
11-10 06:49:56.383: I/GeofencerStateMachine(4682): sendQueryLocationOptIn
11-10 06:49:56.612: I/SearchBackgroundTaskFac(4362): refreshing internal icing corpora
11-10 06:49:56.630: I/UpdateIcingCorporaServi(4362): Updating corpora: APPS=MAYBE, CONTACTS=MAYBE
11-10 06:49:56.651: I/GservicesUpdateTask(4362): Updating Gservices keys
11-10 06:49:56.675: I/Backup(4746): [GmsBackupStatusChangeReceiver] Going to enable gms backup transport.
11-10 06:49:56.688: I/UpdateIcingCorporaServi(4362): UpdateCorporaTask done [took 58 ms] updated apps [took 58 ms] 
11-10 06:49:56.719: I/Herrevad(4682): [712] acas.a: updateListenState
11-10 06:49:56.719: I/NetRec(4682): [714] akrh.a: onConfigChanged()
11-10 06:49:56.725: I/NetRec(4682): [714] akrh.a: Cancelling all NetRec GCM tasks
11-10 06:49:56.726: I/NetRec(4682): [722] ClearDatabaseService.onHandleIntent: Clearing score cache
11-10 06:49:56.747: I/Backup(4682): [BackupTransportMigratorChimeraService] Starting migration...
11-10 06:49:56.751: I/GmsModuleFndr(4746): Beginning GMS chimera module scan
11-10 06:49:56.757: I/ModuleSetMgr(4746): Computing pending module set with APKs: {file:///data/app/com.google.android.gms-1/base.apk}
11-10 06:49:56.780: I/ModuleSetUtils(4746): Assembling ModuleSetRecord for container:19420: []
11-10 06:49:56.781: I/ModuleSetMgr(4746): Pending container Zapp APKs: []
11-10 06:49:56.781: I/ModuleSetMgr(4746): Pending non-container Zapp APKs: []
11-10 06:49:56.785: I/GCoreUlr(4682): WorldUpdater received intent Intent { act=com.google.android.location.reporting.ACTION_UPDATE_WORLD cmp=com.google.android.gms/com.google.android.location.reporting.service.DispatchingService (has extras) } with receiverAction com.google.gservices.intent.action.GSERVICES_CHANGED
11-10 06:49:56.791: I/GCoreUlr(4682): Successfully sent flags updated to controllers.
11-10 06:49:56.804: W/ChimeraUtils(4746): Non Chimera context
11-10 06:49:56.813: W/DynamiteModule(4746): Local module descriptor class for providerinstaller not found.
11-10 06:49:56.813: W/ProviderHelper(4746): Unknown dynamite feature providerinstaller
11-10 06:49:56.813: I/DynamiteModule(4746): Considering local module providerinstaller:0 and remote module providerinstaller:0
11-10 06:49:56.813: W/ProviderInstaller(4746): Failed to load providerinstaller module: No acceptable module found. Local version is 0 and remote version is 0.
11-10 06:49:56.818: W/DynamiteModule(4746): Local module descriptor class for providerinstaller not found.
11-10 06:49:56.818: I/DynamiteModule(4746): Considering local module providerinstaller:0 and remote module providerinstaller:0
11-10 06:49:56.818: W/ProviderInstaller(4746): Failed to load providerinstaller module: No acceptable module found. Local version is 0 and remote version is 0.
11-10 06:49:56.822: I/ChromeSync(4746): [Sync,SyncIntentOperation] Handling the intent: Intent { act=com.google.gservices.intent.action.GSERVICES_CHANGED flg=0x10 cmp=com.google.android.gms/.chimera.GmsIntentOperationService$PersistentInternalReceiver }.
11-10 06:49:56.826: I/CAR.SETUP(4746): update Car DrivingMode components to false [CONTEXT service_id=13 ]
11-10 06:49:56.829: W/DynamiteModule(4746): Local module descriptor class for providerinstaller not found.
11-10 06:49:56.830: I/DynamiteModule(4746): Considering local module providerinstaller:0 and remote module providerinstaller:0
11-10 06:49:56.830: W/ProviderInstaller(4746): Failed to load providerinstaller module: No acceptable module found. Local version is 0 and remote version is 0.
11-10 06:49:56.841: W/DynamiteModule(4746): Local module descriptor class for providerinstaller not found.
11-10 06:49:56.841: I/DynamiteModule(4746): Considering local module providerinstaller:0 and remote module providerinstaller:0
11-10 06:49:56.841: W/ProviderInstaller(4746): Failed to load providerinstaller module: No acceptable module found. Local version is 0 and remote version is 0.
11-10 06:49:56.846: W/LocationOracleImpl(4362): Best location was null
11-10 06:49:56.848: I/GservicesProvider(4721): override update completed
11-10 06:49:56.860: I/TestSupport(4746): Broadcast sent: finsky.setup_wizard_additional_account_vpa_enable
11-10 06:49:56.865: W/DynamiteModule(4746): Local module descriptor class for providerinstaller not found.
11-10 06:49:56.866: I/DynamiteModule(4746): Considering local module providerinstaller:0 and remote module providerinstaller:0
11-10 06:49:56.866: W/ProviderInstaller(4746): Failed to load providerinstaller module: No acceptable module found. Local version is 0 and remote version is 0.
11-10 06:49:56.874: I/GCoreUlr(4682): WorldUpdater:com.google.gservices.intent.action.GSERVICES_CHANGED: Ensuring that reporting is stopped because of reasons: (no Google accounts)
11-10 06:49:56.882: W/DynamiteModule(4746): Local module descriptor class for providerinstaller not found.
11-10 06:49:56.882: I/DynamiteModule(4746): Considering local module providerinstaller:0 and remote module providerinstaller:0
11-10 06:49:56.882: W/ProviderInstaller(4746): Failed to load providerinstaller module: No acceptable module found. Local version is 0 and remote version is 0.
11-10 06:49:56.888: I/MobileDataHub(4746): Scheduling periodic tasks
11-10 06:49:56.893: I/TestSupport(4746): GServices override confirmed: finsky.setup_wizard_additional_account_vpa_enable=false
11-10 06:49:56.895: I/TestSupport(4746): SetOverrideOperation: finsky.daily_hygiene_schedule_unauthenticated = false
11-10 06:49:56.895: W/DynamiteModule(4746): Local module descriptor class for providerinstaller not found.
11-10 06:49:56.896: I/DynamiteModule(4746): Considering local module providerinstaller:0 and remote module providerinstaller:0
11-10 06:49:56.896: W/ProviderInstaller(4746): Failed to load providerinstaller module: No acceptable module found. Local version is 0 and remote version is 0.
11-10 06:49:56.900: I/WebViewFactory(4362): Loading com.google.android.webview version 44.0.2403.117 (code 246011700)
11-10 06:49:56.909: W/DynamiteModule(4746): Local module descriptor class for providerinstaller not found.
11-10 06:49:56.909: I/DynamiteModule(4746): Considering local module providerinstaller:0 and remote module providerinstaller:0
11-10 06:49:56.909: W/ProviderInstaller(4746): Failed to load providerinstaller module: No acceptable module found. Local version is 0 and remote version is 0.
11-10 06:49:56.912: E/ConfigUpdater(5393): Received malformed URL while handling Gservices.CHANGED_ACTION intent_firewall: null null
11-10 06:49:56.921: I/GCoreUlr(4682): Unbound from all signal providers.
11-10 06:49:56.922: I/GCoreUlr(4682): Successfully accounts update
11-10 06:49:56.935: E/ConfigUpdater(5393): Received malformed URL while handling Gservices.CHANGED_ACTION apn_db: null null
11-10 06:49:56.937: E/ConfigUpdater(5393): Received malformed URL while handling Gservices.CHANGED_ACTION tzdata: null null
11-10 06:49:56.938: E/ConfigUpdater(5393): Received malformed URL while handling Gservices.CHANGED_ACTION selinux: null null
11-10 06:49:56.940: E/ConfigUpdater(5393): Received malformed URL while handling Gservices.CHANGED_ACTION carrier_provisioning_urls: null null
11-10 06:49:56.955: I/MS_RegisterService(4746): Tachyon host: instantmessaging-pa.googleapis.com, Tachyon port: 443
11-10 06:49:56.972: I/MS_Utils(4746): version of com.google.android.apps.maps = 913012024
11-10 06:49:56.973: I/Backup(4746): [GmsBackupStatusChangeReceiver] Going to enable gms backup transport.
11-10 06:49:56.961: I/GservicesUpdateTask(4362): Updating Gservices keys
11-10 06:49:56.982: I/MS_RegisterService(4746): RegisterService intent:Intent { act=com.google.android.gms.matchstick.register_intent_action cat=[targeted_intent_op_prefix:com.google.android.libraries.matchstick.net.SilentRegisterIntentOperation] cmp=com.google.android.gms/.chimera.GmsIntentOperationService } isPeriodic:false
11-10 06:49:56.984: I/GCoreUlr(4682): DispatchingService ignoring Intent { act=android.net.wifi.WIFI_STATE_CHANGED flg=0x4000010 (has extras) } because ULR inactive
11-10 06:49:56.985: I/GCoreUlr(4682): Unbound from all signal providers.
11-10 06:49:56.985: I/GCoreUlr(4682): Stopping handler for UlrDispSvcFast
11-10 06:49:56.986: I/GCoreUlr(4682): Successfully accounts update
11-10 06:49:57.004: I/Herrevad(4682): [712] acas.a: updateListenState
11-10 06:49:57.005: I/NetRec(4682): [714] akrh.a: onConfigChanged()
11-10 06:49:57.013: I/NetRec(4682): [714] akrh.a: Cancelling all NetRec GCM tasks
11-10 06:49:57.014: I/NetRec(4682): [722] ClearDatabaseService.onHandleIntent: Clearing score cache
11-10 06:49:57.031: I/GmsModuleFndr(4746): Beginning GMS chimera module scan
11-10 06:49:57.033: W/MS_RegisterService(4746): Not eligible for registration.
11-10 06:49:57.038: I/ModuleSetMgr(4746): Computing pending module set with APKs: {file:///data/app/com.google.android.gms-1/base.apk}
11-10 06:49:57.049: I/OcrModelUpStIntentOp(4746): Updating ocr activity enabled=true (phenotypeFlag=true, lowRamDevice=false, prereqCheck=true)
11-10 06:49:57.050: I/OcrModelUpStIntentOp(4746): Downloading text recognizer
11-10 06:49:57.052: I/SystemUpdate(4746): [Installation,ReceiverIntentOperation] Received intent: Intent { act=com.google.gservices.intent.action.GSERVICES_CHANGED flg=0x10 cmp=com.google.android.gms/.chimera.GmsIntentOperationService$PersistentInternalReceiver }.
11-10 06:49:57.064: I/ModuleSetUtils(4746): Assembling ModuleSetRecord for container:19420: []
11-10 06:49:57.065: I/ModuleSetMgr(4746): Pending container Zapp APKs: []
11-10 06:49:57.065: I/ModuleSetMgr(4746): Pending non-container Zapp APKs: []
11-10 06:49:57.067: W/ChimeraUtils(4746): Non Chimera context
11-10 06:49:57.067: W/ChimeraUtils(4746): Non Chimera context
11-10 06:49:57.093: D/NetlinkSocketObserver(887): NeighborEvent{elapsedMs=79515855, 10.10.162.1, [0010DBFF1003], RTM_NEWNEIGH, NUD_REACHABLE}
11-10 06:49:57.100: I/GCoreUlr(4682): WorldUpdater received intent Intent { act=com.google.android.location.reporting.ACTION_UPDATE_WORLD cmp=com.google.android.gms/com.google.android.location.reporting.service.DispatchingService (has extras) } with receiverAction com.google.gservices.intent.action.GSERVICES_CHANGED
11-10 06:49:57.110: W/DynamiteModule(4746): Local module descriptor class for providerinstaller not found.
11-10 06:49:57.111: I/DynamiteModule(4746): Considering local module providerinstaller:0 and remote module providerinstaller:0
11-10 06:49:57.111: W/ProviderInstaller(4746): Failed to load providerinstaller module: No acceptable module found. Local version is 0 and remote version is 0.
11-10 06:49:57.117: I/GCoreUlr(4682): Successfully sent flags updated to controllers.
11-10 06:49:57.127: W/DynamiteModule(4746): Local module descriptor class for providerinstaller not found.
11-10 06:49:57.128: I/DynamiteModule(4746): Considering local module providerinstaller:0 and remote module providerinstaller:0
11-10 06:49:57.128: W/ProviderInstaller(4746): Failed to load providerinstaller module: No acceptable module found. Local version is 0 and remote version is 0.
11-10 06:49:57.139: W/DynamiteModule(4746): Local module descriptor class for providerinstaller not found.
11-10 06:49:57.139: I/DynamiteModule(4746): Considering local module providerinstaller:0 and remote module providerinstaller:0
11-10 06:49:57.139: W/ProviderInstaller(4746): Failed to load providerinstaller module: No acceptable module found. Local version is 0 and remote version is 0.
11-10 06:49:57.151: I/GCoreUlr(4682): WorldUpdater:com.google.gservices.intent.action.GSERVICES_CHANGED: Ensuring that reporting is stopped because of reasons: (no Google accounts)
11-10 06:49:57.153: W/DynamiteModule(4746): Local module descriptor class for providerinstaller not found.
11-10 06:49:57.153: I/DynamiteModule(4746): Considering local module providerinstaller:0 and remote module providerinstaller:0
11-10 06:49:57.153: W/ProviderInstaller(4746): Failed to load providerinstaller module: No acceptable module found. Local version is 0 and remote version is 0.
11-10 06:49:57.155: I/GservicesProvider(4721): override update completed
11-10 06:49:57.164: I/TestSupport(4746): Broadcast sent: finsky.daily_hygiene_schedule_unauthenticated
11-10 06:49:57.169: W/DynamiteModule(4746): Local module descriptor class for providerinstaller not found.
11-10 06:49:57.169: I/GeofencerStateMachine(4682): sendQueryLocationOptIn
11-10 06:49:57.171: I/DynamiteModule(4746): Considering local module providerinstaller:0 and remote module providerinstaller:0
11-10 06:49:57.171: W/ProviderInstaller(4746): Failed to load providerinstaller module: No acceptable module found. Local version is 0 and remote version is 0.
11-10 06:49:57.191: I/GeofencerStateMachine(4682): sendQueryLocationOptIn
11-10 06:49:57.191: I/GeofencerStateMachine(4682): sendQueryLocationOptIn
11-10 06:49:57.197: I/GeofencerStateMachine(4682): sendQueryLocationOptIn
11-10 06:49:57.198: I/GCoreUlr(4682): Unbound from all signal providers.
11-10 06:49:57.198: I/GCoreUlr(4682): Successfully accounts update
11-10 06:49:57.205: W/DynamiteModule(4746): Local module descriptor class for providerinstaller not found.
11-10 06:49:57.205: I/DynamiteModule(4746): Considering local module providerinstaller:0 and remote module providerinstaller:0
11-10 06:49:57.205: W/ProviderInstaller(4746): Failed to load providerinstaller module: No acceptable module found. Local version is 0 and remote version is 0.
11-10 06:49:57.214: I/GeofencerStateMachine(4682): sendQueryLocationOptIn
11-10 06:49:57.215: I/TestSupport(4746): GServices override confirmed: finsky.daily_hygiene_schedule_unauthenticated=false
11-10 06:49:57.220: I/TSDRIVER(5367): Handled command: PACKAGE
11-10 06:49:57.221: W/DynamiteModule(4746): Local module descriptor class for providerinstaller not found.
11-10 06:49:57.221: I/DynamiteModule(4746): Considering local module providerinstaller:0 and remote module providerinstaller:0
11-10 06:49:57.221: W/ProviderInstaller(4746): Failed to load providerinstaller module: No acceptable module found. Local version is 0 and remote version is 0.
11-10 06:49:57.225: E/ConfigUpdater(5393): Received malformed URL while handling Gservices.CHANGED_ACTION intent_firewall: null null
11-10 06:49:57.231: W/DynamiteModule(4746): Local module descriptor class for providerinstaller not found.
11-10 06:49:57.231: I/DynamiteModule(4746): Considering local module providerinstaller:0 and remote module providerinstaller:0
11-10 06:49:57.231: W/ProviderInstaller(4746): Failed to load providerinstaller module: No acceptable module found. Local version is 0 and remote version is 0.
11-10 06:49:57.239: I/Vision(4746): Requesting optional module download of ocr.
11-10 06:49:57.241: E/ConfigUpdater(5393): Received malformed URL while handling Gservices.CHANGED_ACTION apn_db: null null
11-10 06:49:57.242: E/ConfigUpdater(5393): Received malformed URL while handling Gservices.CHANGED_ACTION tzdata: null null
11-10 06:49:57.244: I/GeofencerStateMachine(4682): sendQueryLocationOptIn
11-10 06:49:57.244: E/ConfigUpdater(5393): Received malformed URL while handling Gservices.CHANGED_ACTION selinux: null null
11-10 06:49:57.248: I/Vision(4746): Checking for download completion for 79576010 -- ocr
11-10 06:49:57.256: E/ConfigUpdater(5393): Received malformed URL while handling Gservices.CHANGED_ACTION carrier_provisioning_urls: null null
11-10 06:49:57.266: I/GeofencerStateMachine(4682): sendQueryLocationOptIn
11-10 06:49:57.266: I/GmsModuleFndr(4746): Beginning GMS chimera module scan
11-10 06:49:57.271: I/ModuleSetMgr(4746): Computing pending module set with APKs: {file:///data/app/com.google.android.gms-1/base.apk}
11-10 06:49:57.290: I/ModuleSetUtils(4746): Assembling ModuleSetRecord for container:19420: []
11-10 06:49:57.291: I/ModuleSetMgr(4746): Pending container Zapp APKs: []
11-10 06:49:57.291: I/ModuleSetMgr(4746): Pending non-container Zapp APKs: []
11-10 06:49:57.307: I/Backup(4746): [GmsBackupStatusChangeReceiver] Going to enable gms backup transport.
11-10 06:49:57.319: I/GservicesUpdateTask(4362): Updating Gservices keys
11-10 06:49:57.320: I/Herrevad(4682): [715] acas.a: updateListenState
11-10 06:49:57.321: I/GmsModuleFndr(4746): Beginning GMS chimera module scan
11-10 06:49:57.322: I/NetRec(4682): [712] akrh.a: onConfigChanged()
11-10 06:49:57.327: W/ChimeraUtils(4746): Non Chimera context
11-10 06:49:57.327: I/NetRec(4682): [712] akrh.a: Cancelling all NetRec GCM tasks
11-10 06:49:57.328: I/ModuleSetMgr(4746): Computing pending module set with APKs: {file:///data/app/com.google.android.gms-1/base.apk}
11-10 06:49:57.337: I/NetRec(4682): [714] ClearDatabaseService.onHandleIntent: Clearing score cache
11-10 06:49:57.338: I/ModuleSetUtils(4746): Assembling ModuleSetRecord for container:19420: []
11-10 06:49:57.339: I/ModuleSetMgr(4746): Pending container Zapp APKs: []
11-10 06:49:57.339: I/ModuleSetMgr(4746): Pending non-container Zapp APKs: []
11-10 06:49:57.346: I/GCoreUlr(4682): DispatchingService ignoring Intent { act=android.net.wifi.WIFI_STATE_CHANGED flg=0x4000010 (has extras) } because ULR inactive
11-10 06:49:57.349: I/GCoreUlr(4682): WorldUpdater received intent Intent { act=com.google.android.location.reporting.ACTION_UPDATE_WORLD cmp=com.google.android.gms/com.google.android.location.reporting.service.DispatchingService (has extras) } with receiverAction com.google.gservices.intent.action.GSERVICES_CHANGED
11-10 06:49:57.353: I/GCoreUlr(4682): Successfully sent flags updated to controllers.
11-10 06:49:57.363: W/DynamiteModule(4746): Local module descriptor class for providerinstaller not found.
11-10 06:49:57.363: I/DynamiteModule(4746): Considering local module providerinstaller:0 and remote module providerinstaller:0
11-10 06:49:57.363: W/ProviderInstaller(4746): Failed to load providerinstaller module: No acceptable module found. Local version is 0 and remote version is 0.
11-10 06:49:57.368: W/DynamiteModule(4746): Local module descriptor class for providerinstaller not found.
11-10 06:49:57.368: I/DynamiteModule(4746): Considering local module providerinstaller:0 and remote module providerinstaller:0
11-10 06:49:57.368: W/ProviderInstaller(4746): Failed to load providerinstaller module: No acceptable module found. Local version is 0 and remote version is 0.
11-10 06:49:57.372: I/CAR.SETUP(4746): update Car DrivingMode components to false [CONTEXT service_id=13 ]
11-10 06:49:57.373: I/ChromeSync(4746): [Sync,SyncIntentOperation] Handling the intent: Intent { act=com.google.gservices.intent.action.GSERVICES_CHANGED flg=0x10 cmp=com.google.android.gms/.chimera.GmsIntentOperationService$PersistentInternalReceiver }.
11-10 06:49:57.373: W/DynamiteModule(4746): Local module descriptor class for providerinstaller not found.
11-10 06:49:57.374: I/DynamiteModule(4746): Considering local module providerinstaller:0 and remote module providerinstaller:0
11-10 06:49:57.374: W/ProviderInstaller(4746): Failed to load providerinstaller module: No acceptable module found. Local version is 0 and remote version is 0.
11-10 06:49:57.388: I/GeofencerStateMachine(4682): sendQueryLocationOptIn
11-10 06:49:57.395: I/GCoreUlr(4682): WorldUpdater:com.google.gservices.intent.action.GSERVICES_CHANGED: Ensuring that reporting is stopped because of reasons: (no Google accounts)
11-10 06:49:57.404: W/DynamiteModule(4746): Local module descriptor class for providerinstaller not found.
11-10 06:49:57.404: I/DynamiteModule(4746): Considering local module providerinstaller:0 and remote module providerinstaller:0
11-10 06:49:57.404: W/ProviderInstaller(4746): Failed to load providerinstaller module: No acceptable module found. Local version is 0 and remote version is 0.
11-10 06:49:57.416: I/GeofencerStateMachine(4682): sendQueryLocationOptIn
11-10 06:49:57.418: I/GeofencerStateMachine(4682): sendQueryLocationOptIn
