11-10 06:50:51.878: I/ViewInteraction(6561): Performing 'single click' action on view with id: com.example.concurrencyeval:id/fd_run_button
11-10 06:50:51.930: D/audio_hw_primary(373): out_set_parameters: enter: usecase(1: low-latency-playback) kvpairs: routing=131072
11-10 06:50:51.972: D/AudioFlinger(373): mixer(0xb3dc0000) throttle end: throttle time(7)
11-10 06:50:52.529: I/ViewInteraction(6561): Performing 'single click' action on view with id: com.example.concurrencyeval:id/id_spinner_choose_img
11-10 06:50:52.900: I/ViewInteraction(6561): Performing 'single click' action on view with text: is "Dog"
11-10 06:50:53.019: I/Keyboard.Facilitator(1553): onFinishInput()
11-10 06:50:53.023: D/audio_hw_primary(373): out_set_parameters: enter: usecase(1: low-latency-playback) kvpairs: routing=131072
11-10 06:50:53.029: I/Keyboard.Facilitator(1553): onFinishInput()
11-10 06:50:53.169: I/ViewInteraction(6561): Performing 'single click' action on view with id: com.example.concurrencyeval:id/fd_run_button
11-10 06:50:53.227: D/audio_hw_primary(373): out_set_parameters: enter: usecase(1: low-latency-playback) kvpairs: routing=131072
11-10 06:50:53.268: D/AudioFlinger(373): mixer(0xb3dc0000) throttle end: throttle time(7)
11-10 06:50:53.770: I/ViewInteraction(6561): Performing 'single click' action on view with id: com.example.concurrencyeval:id/fd_run_button
11-10 06:50:53.826: D/audio_hw_primary(373): out_set_parameters: enter: usecase(1: low-latency-playback) kvpairs: routing=131072
11-10 06:50:53.868: D/AudioFlinger(373): mixer(0xb3dc0000) throttle end: throttle time(7)
11-10 06:50:54.377: I/ViewInteraction(6561): Performing 'single click' action on view with id: com.example.concurrencyeval:id/fd_run_button
11-10 06:50:54.439: D/audio_hw_primary(373): out_set_parameters: enter: usecase(1: low-latency-playback) kvpairs: routing=131072
11-10 06:50:54.978: I/ViewInteraction(6561): Performing 'single click' action on view with id: com.example.concurrencyeval:id/fd_run_button
11-10 06:50:55.039: D/audio_hw_primary(373): out_set_parameters: enter: usecase(1: low-latency-playback) kvpairs: routing=131072
11-10 06:50:55.564: I/ViewInteraction(6561): Performing 'single click' action on view with id: com.example.concurrencyeval:id/id_spinner_choose_img
11-10 06:50:55.927: I/ViewInteraction(6561): Performing 'single click' action on view with text: is "Lion"
11-10 06:50:56.045: I/Keyboard.Facilitator(1553): onFinishInput()
11-10 06:50:56.047: D/audio_hw_primary(373): out_set_parameters: enter: usecase(1: low-latency-playback) kvpairs: routing=131072
11-10 06:50:56.056: I/Keyboard.Facilitator(1553): onFinishInput()
11-10 06:50:56.192: I/ViewInteraction(6561): Performing 'single click' action on view with id: com.example.concurrencyeval:id/fd_run_button
11-10 06:50:56.250: D/audio_hw_primary(373): out_set_parameters: enter: usecase(1: low-latency-playback) kvpairs: routing=131072
11-10 06:50:56.292: D/AudioFlinger(373): mixer(0xb3dc0000) throttle end: throttle time(7)
11-10 06:50:56.715: I/ViewInteraction(6561): Performing 'single click' action on view with id: com.example.concurrencyeval:id/fd_run_button
11-10 06:50:56.779: D/audio_hw_primary(373): out_set_parameters: enter: usecase(1: low-latency-playback) kvpairs: routing=131072
11-10 06:50:56.820: D/AudioFlinger(373): mixer(0xb3dc0000) throttle end: throttle time(8)
11-10 06:50:57.188: I/ViewInteraction(6561): Performing 'single click' action on view with id: com.example.concurrencyeval:id/fd_run_button
11-10 06:50:57.247: D/audio_hw_primary(373): out_set_parameters: enter: usecase(1: low-latency-playback) kvpairs: routing=131072
11-10 06:50:57.684: I/ViewInteraction(6561): Performing 'single click' action on view with id: com.example.concurrencyeval:id/fd_run_button
11-10 06:50:57.738: D/audio_hw_primary(373): out_set_parameters: enter: usecase(1: low-latency-playback) kvpairs: routing=131072
11-10 06:50:57.780: D/AudioFlinger(373): mixer(0xb3dc0000) throttle end: throttle time(7)
11-10 06:50:58.294: I/ViewInteraction(6561): Performing 'single click' action on view with id: com.example.concurrencyeval:id/id_spinner_choose_img
11-10 06:50:58.664: I/ViewInteraction(6561): Performing 'single click' action on view with text: is "Pigeon"
11-10 06:50:58.768: I/Vision(5921): Supported ABIS: [armeabi-v7a, armeabi]
11-10 06:50:58.782: D/audio_hw_primary(373): out_set_parameters: enter: usecase(1: low-latency-playback) kvpairs: routing=131072
11-10 06:50:58.786: I/Keyboard.Facilitator(1553): onFinishInput()
11-10 06:50:58.801: I/Keyboard.Facilitator(1553): onFinishInput()
11-10 06:50:58.808: I/Vision(5921): Requesting optional module download of ocr.
11-10 06:50:58.823: I/Vision(5921): Checking for download completion for 79637585 -- ocr
11-10 06:50:58.907: I/ModuleSetUtils(5921): Assembling ModuleSetRecord for container:19420+vision.ocr: [zapp:/VisionOcr.optional/19420000300]
11-10 06:50:58.930: I/DynamiteModule(5921): Considering local module com.google.android.gms.cronet_dynamite:0 and remote module com.google.android.gms.cronet_dynamite:1211
11-10 06:50:58.930: I/DynamiteModule(5921): Selected remote version of com.google.android.gms.cronet_dynamite, version >= 1211
11-10 06:50:58.932: I/ViewInteraction(6561): Performing 'single click' action on view with id: com.example.concurrencyeval:id/fd_run_button
11-10 06:50:58.934: W/System(5921): ClassLoader referenced unknown path: /data/data/com.google.android.gms/app_chimera/m/00000001/n/armeabi
11-10 06:50:58.962: I/cr_CronetLibraryLoader(5921): Cronet version: 76.0.3809.111, arch: armv7l
11-10 06:50:58.978: D/ConnectivityService(887): listenForNetwork for Listen from uid/pid:10014/5921 for NetworkRequest [ id=10, legacyType=-1, [ Capabilities: INTERNET&NOT_RESTRICTED&TRUSTED] ]
11-10 06:50:58.980: I/ModuleSetUtils(5921): Assembling ModuleSetRecord for container:19420+vision.ocr: [zapp:/VisionOcr.optional/19420000300]
11-10 06:50:58.987: D/audio_hw_primary(373): out_set_parameters: enter: usecase(1: low-latency-playback) kvpairs: routing=131072
11-10 06:50:59.003: I/ChmraDebugLogger(5921): [73] 80420700
11-10 06:50:59.008: I/ChmraDebugLogger(5921): [30] VisionOcr.optional:19420000300 permitMetered=true,
11-10 06:50:59.011: W/ChimeraConfigService(5921): Retry attempt was throttled.
11-10 06:50:59.028: I/GmsModuleFndr(5921): Beginning GMS chimera module scan
11-10 06:50:59.028: I/ModuleSetUtils(5921): Assembling ModuleSetRecord for ads_fdr:210015,container:19420+vision.ocr: [zapp:/VisionOcr.optional/19420000300, zapp:/AdsFdrDynamite.integ/21001000000]
11-10 06:50:59.028: D/AudioFlinger(373): mixer(0xb3dc0000) throttle end: throttle time(7)
11-10 06:50:59.036: I/ModuleSetMgr(5921): Computing pending module set with APKs: {file:///data/app/com.google.android.gms-1/base.apk}
11-10 06:50:59.049: I/ModuleSetUtils(5921): Assembling ModuleSetRecord for container:19420: []
11-10 06:50:59.050: I/ModuleSetMgr(5921): Pending container Zapp APKs: []
11-10 06:50:59.050: I/ModuleSetMgr(5921): Pending non-container Zapp APKs: []
11-10 06:50:59.082: I/ModuleSetUtils(5921): Assembling ModuleSetRecord for ads_fdr:210015,container:19420+vision.ocr: [zapp:/VisionOcr.optional/19420000300, zapp:/AdsFdrDynamite.integ/21001000000]
11-10 06:50:59.396: I/ViewInteraction(6561): Performing 'single click' action on view with id: com.example.concurrencyeval:id/fd_run_button
11-10 06:50:59.455: D/audio_hw_primary(373): out_set_parameters: enter: usecase(1: low-latency-playback) kvpairs: routing=131072
11-10 06:50:59.854: I/ViewInteraction(6561): Performing 'single click' action on view with id: com.example.concurrencyeval:id/fd_run_button
11-10 06:50:59.910: D/audio_hw_primary(373): out_set_parameters: enter: usecase(1: low-latency-playback) kvpairs: routing=131072
11-10 06:51:00.304: I/ViewInteraction(6561): Performing 'single click' action on view with id: com.example.concurrencyeval:id/fd_run_button
11-10 06:51:00.367: D/audio_hw_primary(373): out_set_parameters: enter: usecase(1: low-latency-playback) kvpairs: routing=131072
11-10 06:51:00.777: I/ViewInteraction(6561): Performing 'single click' action on view with id: com.example.concurrencyeval:id/id_spinner_choose_img
11-10 06:51:01.151: I/ViewInteraction(6561): Performing 'single click' action on view with text: is "Platypus"
11-10 06:51:01.266: D/audio_hw_primary(373): out_set_parameters: enter: usecase(1: low-latency-playback) kvpairs: routing=131072
11-10 06:51:01.271: I/Keyboard.Facilitator(1553): onFinishInput()
11-10 06:51:01.281: I/Keyboard.Facilitator(1553): onFinishInput()
11-10 06:51:01.308: D/AudioFlinger(373): mixer(0xb3dc0000) throttle end: throttle time(7)
11-10 06:51:01.423: I/ViewInteraction(6561): Performing 'single click' action on view with id: com.example.concurrencyeval:id/fd_run_button
11-10 06:51:01.482: D/audio_hw_primary(373): out_set_parameters: enter: usecase(1: low-latency-playback) kvpairs: routing=131072
11-10 06:51:01.524: D/AudioFlinger(373): mixer(0xb3dc0000) throttle end: throttle time(7)
11-10 06:51:01.969: I/ViewInteraction(6561): Performing 'single click' action on view with id: com.example.concurrencyeval:id/fd_run_button
11-10 06:51:02.022: D/audio_hw_primary(373): out_set_parameters: enter: usecase(1: low-latency-playback) kvpairs: routing=131072
11-10 06:51:02.432: I/ViewInteraction(6561): Performing 'single click' action on view with id: com.example.concurrencyeval:id/fd_run_button
11-10 06:51:02.490: D/audio_hw_primary(373): out_set_parameters: enter: usecase(1: low-latency-playback) kvpairs: routing=131072
11-10 06:51:02.532: D/AudioFlinger(373): mixer(0xb3dc0000) throttle end: throttle time(7)
11-10 06:51:02.884: I/ViewInteraction(6561): Performing 'single click' action on view with id: com.example.concurrencyeval:id/fd_run_button
11-10 06:51:02.946: D/audio_hw_primary(373): out_set_parameters: enter: usecase(1: low-latency-playback) kvpairs: routing=131072
11-10 06:51:02.988: D/AudioFlinger(373): mixer(0xb3dc0000) throttle end: throttle time(7)
11-10 06:51:03.351: D/LifecycleMonitor(6561): Lifecycle status change: com.example.concurrencyeval.activities.ImgDownloadActivity@f4c2f95 in: PAUSED
11-10 06:51:03.351: D/LifecycleMonitor(6561): running callback: androidx.test.rule.ActivityTestRule$LifecycleCallback@5112ec6
11-10 06:51:03.351: D/LifecycleMonitor(6561): callback completes: androidx.test.rule.ActivityTestRule$LifecycleCallback@5112ec6
11-10 06:51:03.368: I/ActivityManager(887): START u0 {flg=0x10000000 cmp=com.example.concurrencyeval/.activities.ImgDownloadActivity (has extras)} from uid 10106 on display 0
11-10 06:51:03.385: I/BackdropActivity(6094): onResume()
11-10 06:51:03.479: D/LifecycleMonitor(6561): Lifecycle status change: com.example.concurrencyeval.activities.ImgDownloadActivity@b1e77e2 in: PRE_ON_CREATE
11-10 06:51:03.479: D/LifecycleMonitor(6561): running callback: androidx.test.rule.ActivityTestRule$LifecycleCallback@5112ec6
11-10 06:51:03.479: D/LifecycleMonitor(6561): callback completes: androidx.test.rule.ActivityTestRule$LifecycleCallback@5112ec6
11-10 06:51:03.513: D/LifecycleMonitor(6561): Lifecycle status change: com.example.concurrencyeval.activities.ImgDownloadActivity@b1e77e2 in: CREATED
11-10 06:51:03.513: D/LifecycleMonitor(6561): running callback: androidx.test.rule.ActivityTestRule$LifecycleCallback@5112ec6
11-10 06:51:03.514: D/LifecycleMonitor(6561): callback completes: androidx.test.rule.ActivityTestRule$LifecycleCallback@5112ec6
11-10 06:51:03.514: D/LifecycleMonitor(6561): Lifecycle status change: com.example.concurrencyeval.activities.ImgDownloadActivity@b1e77e2 in: STARTED
11-10 06:51:03.514: D/LifecycleMonitor(6561): running callback: androidx.test.rule.ActivityTestRule$LifecycleCallback@5112ec6
11-10 06:51:03.514: D/LifecycleMonitor(6561): callback completes: androidx.test.rule.ActivityTestRule$LifecycleCallback@5112ec6
11-10 06:51:03.515: D/LifecycleMonitor(6561): Lifecycle status change: com.example.concurrencyeval.activities.ImgDownloadActivity@b1e77e2 in: RESUMED
11-10 06:51:03.515: D/LifecycleMonitor(6561): running callback: androidx.test.rule.ActivityTestRule$LifecycleCallback@5112ec6
11-10 06:51:03.515: D/LifecycleMonitor(6561): callback completes: androidx.test.rule.ActivityTestRule$LifecycleCallback@5112ec6
11-10 06:51:03.560: I/Keyboard.Facilitator(1553): onFinishInput()
11-10 06:51:03.568: W/SurfaceFlinger(276): couldn't log to binary event log: overflow.
11-10 06:51:03.581: I/ViewInteraction(6561): Performing 'single click' action on view with id: com.example.concurrencyeval:id/id_spinner_choose_img
11-10 06:51:03.582: I/ActivityManager(887): Displayed com.example.concurrencyeval/.activities.ImgDownloadActivity: +119ms
11-10 06:51:03.587: D/LifecycleMonitor(6561): Lifecycle status change: com.example.concurrencyeval.activities.ImgDownloadActivity@f4c2f95 in: STOPPED
11-10 06:51:03.587: D/LifecycleMonitor(6561): running callback: androidx.test.rule.ActivityTestRule$LifecycleCallback@5112ec6
11-10 06:51:03.587: D/LifecycleMonitor(6561): callback completes: androidx.test.rule.ActivityTestRule$LifecycleCallback@5112ec6
11-10 06:51:03.587: D/LifecycleMonitor(6561): Lifecycle status change: com.example.concurrencyeval.activities.ImgDownloadActivity@f4c2f95 in: DESTROYED
11-10 06:51:03.587: D/LifecycleMonitor(6561): running callback: androidx.test.rule.ActivityTestRule$LifecycleCallback@5112ec6
11-10 06:51:03.587: D/LifecycleMonitor(6561): callback completes: androidx.test.rule.ActivityTestRule$LifecycleCallback@5112ec6
11-10 06:51:03.942: I/ViewInteraction(6561): Performing 'single click' action on view with text: is "Cat"
11-10 06:51:04.062: I/Keyboard.Facilitator(1553): onFinishInput()
11-10 06:51:04.062: D/audio_hw_primary(373): out_set_parameters: enter: usecase(1: low-latency-playback) kvpairs: routing=131072
11-10 06:51:04.084: I/Keyboard.Facilitator(1553): onFinishInput()
11-10 06:51:04.211: I/ViewInteraction(6561): Performing 'single click' action on view with id: com.example.concurrencyeval:id/fd_run_button
11-10 06:51:04.266: D/audio_hw_primary(373): out_set_parameters: enter: usecase(1: low-latency-playback) kvpairs: routing=131072
11-10 06:51:04.308: D/AudioFlinger(373): mixer(0xb3dc0000) throttle end: throttle time(7)
11-10 06:51:04.965: I/ViewInteraction(6561): Performing 'single click' action on view with id: com.example.concurrencyeval:id/fd_run_button
11-10 06:51:05.022: D/audio_hw_primary(373): out_set_parameters: enter: usecase(1: low-latency-playback) kvpairs: routing=131072
11-10 06:51:05.698: I/ViewInteraction(6561): Performing 'single click' action on view with id: com.example.concurrencyeval:id/fd_run_button
11-10 06:51:05.754: D/audio_hw_primary(373): out_set_parameters: enter: usecase(1: low-latency-playback) kvpairs: routing=131072
11-10 06:51:05.796: D/AudioFlinger(373): mixer(0xb3dc0000) throttle end: throttle time(7)
11-10 06:51:06.394: I/ViewInteraction(6561): Performing 'single click' action on view with id: com.example.concurrencyeval:id/fd_run_button
11-10 06:51:06.450: D/audio_hw_primary(373): out_set_parameters: enter: usecase(1: low-latency-playback) kvpairs: routing=131072
11-10 06:51:06.492: D/AudioFlinger(373): mixer(0xb3dc0000) throttle end: throttle time(7)
11-10 06:51:07.086: I/ViewInteraction(6561): Performing 'single click' action on view with id: com.example.concurrencyeval:id/id_spinner_choose_img
11-10 06:51:07.451: I/ViewInteraction(6561): Performing 'single click' action on view with text: is "Dog"
11-10 06:51:07.572: I/Keyboard.Facilitator(1553): onFinishInput()
11-10 06:51:07.578: D/audio_hw_primary(373): out_set_parameters: enter: usecase(1: low-latency-playback) kvpairs: routing=131072
11-10 06:51:07.587: I/Keyboard.Facilitator(1553): onFinishInput()
11-10 06:51:07.620: D/AudioFlinger(373): mixer(0xb3dc0000) throttle end: throttle time(7)
11-10 06:51:07.727: I/ViewInteraction(6561): Performing 'single click' action on view with id: com.example.concurrencyeval:id/fd_run_button
11-10 06:51:07.782: D/audio_hw_primary(373): out_set_parameters: enter: usecase(1: low-latency-playback) kvpairs: routing=131072
11-10 06:51:08.337: I/ViewInteraction(6561): Performing 'single click' action on view with id: com.example.concurrencyeval:id/fd_run_button
11-10 06:51:08.394: D/audio_hw_primary(373): out_set_parameters: enter: usecase(1: low-latency-playback) kvpairs: routing=131072
11-10 06:51:08.436: D/AudioFlinger(373): mixer(0xb3dc0000) throttle end: throttle time(7)
11-10 06:51:08.912: I/ViewInteraction(6561): Performing 'single click' action on view with id: com.example.concurrencyeval:id/fd_run_button
11-10 06:51:08.970: D/audio_hw_primary(373): out_set_parameters: enter: usecase(1: low-latency-playback) kvpairs: routing=131072
11-10 06:51:09.012: D/AudioFlinger(373): mixer(0xb3dc0000) throttle end: throttle time(7)
11-10 06:51:09.495: I/ViewInteraction(6561): Performing 'single click' action on view with id: com.example.concurrencyeval:id/fd_run_button
11-10 06:51:09.558: D/audio_hw_primary(373): out_set_parameters: enter: usecase(1: low-latency-playback) kvpairs: routing=131072
11-10 06:51:10.096: I/ViewInteraction(6561): Performing 'single click' action on view with id: com.example.concurrencyeval:id/id_spinner_choose_img
11-10 06:51:10.476: I/ViewInteraction(6561): Performing 'single click' action on view with text: is "Lion"
11-10 06:51:10.597: I/Keyboard.Facilitator(1553): onFinishInput()
11-10 06:51:10.602: D/audio_hw_primary(373): out_set_parameters: enter: usecase(1: low-latency-playback) kvpairs: routing=131072
11-10 06:51:10.612: I/Keyboard.Facilitator(1553): onFinishInput()
11-10 06:51:10.644: D/AudioFlinger(373): mixer(0xb3dc0000) throttle end: throttle time(7)
11-10 06:51:10.746: I/ViewInteraction(6561): Performing 'single click' action on view with id: com.example.concurrencyeval:id/fd_run_button
11-10 06:51:10.806: D/audio_hw_primary(373): out_set_parameters: enter: usecase(1: low-latency-playback) kvpairs: routing=131072
11-10 06:51:11.285: I/ViewInteraction(6561): Performing 'single click' action on view with id: com.example.concurrencyeval:id/fd_run_button
11-10 06:51:11.346: D/audio_hw_primary(373): out_set_parameters: enter: usecase(1: low-latency-playback) kvpairs: routing=131072
11-10 06:51:11.388: D/AudioFlinger(373): mixer(0xb3dc0000) throttle end: throttle time(7)
11-10 06:51:11.770: I/ViewInteraction(6561): Performing 'single click' action on view with id: com.example.concurrencyeval:id/fd_run_button
11-10 06:51:11.838: D/audio_hw_primary(373): out_set_parameters: enter: usecase(1: low-latency-playback) kvpairs: routing=131072
11-10 06:51:12.294: I/ViewInteraction(6561): Performing 'single click' action on view with id: com.example.concurrencyeval:id/fd_run_button
11-10 06:51:12.351: D/audio_hw_primary(373): out_set_parameters: enter: usecase(1: low-latency-playback) kvpairs: routing=131072
11-10 06:51:12.396: D/AudioFlinger(373): mixer(0xb3dc0000) throttle end: throttle time(4)
11-10 06:51:12.981: I/ViewInteraction(6561): Performing 'single click' action on view with id: com.example.concurrencyeval:id/id_spinner_choose_img
11-10 06:51:13.351: I/ViewInteraction(6561): Performing 'single click' action on view with text: is "Pigeon"
11-10 06:51:13.470: D/audio_hw_primary(373): out_set_parameters: enter: usecase(1: low-latency-playback) kvpairs: routing=131072
11-10 06:51:13.471: I/Keyboard.Facilitator(1553): onFinishInput()
11-10 06:51:13.491: I/Keyboard.Facilitator(1553): onFinishInput()
11-10 06:51:13.639: I/ViewInteraction(6561): Performing 'single click' action on view with id: com.example.concurrencyeval:id/fd_run_button
11-10 06:51:13.699: D/audio_hw_primary(373): out_set_parameters: enter: usecase(1: low-latency-playback) kvpairs: routing=131072
11-10 06:51:13.744: D/AudioFlinger(373): mixer(0xb3dc0000) throttle end: throttle time(4)
11-10 06:51:14.109: I/ViewInteraction(6561): Performing 'single click' action on view with id: com.example.concurrencyeval:id/fd_run_button
11-10 06:51:14.167: D/audio_hw_primary(373): out_set_parameters: enter: usecase(1: low-latency-playback) kvpairs: routing=131072
11-10 06:51:14.595: I/ViewInteraction(6561): Performing 'single click' action on view with id: com.example.concurrencyeval:id/fd_run_button
11-10 06:51:14.647: D/audio_hw_primary(373): out_set_parameters: enter: usecase(1: low-latency-playback) kvpairs: routing=131072
11-10 06:51:15.045: I/ViewInteraction(6561): Performing 'single click' action on view with id: com.example.concurrencyeval:id/fd_run_button
11-10 06:51:15.103: D/audio_hw_primary(373): out_set_parameters: enter: usecase(1: low-latency-playback) kvpairs: routing=131072
11-10 06:51:15.479: I/ViewInteraction(6561): Performing 'single click' action on view with id: com.example.concurrencyeval:id/id_spinner_choose_img
11-10 06:51:15.840: I/ViewInteraction(6561): Performing 'single click' action on view with text: is "Platypus"
11-10 06:51:15.955: D/audio_hw_primary(373): out_set_parameters: enter: usecase(1: low-latency-playback) kvpairs: routing=131072
11-10 06:51:15.964: I/Keyboard.Facilitator(1553): onFinishInput()
11-10 06:51:15.977: I/Keyboard.Facilitator(1553): onFinishInput()
11-10 06:51:16.000: D/AudioFlinger(373): mixer(0xb3dc0000) throttle end: throttle time(4)
11-10 06:51:16.114: I/ViewInteraction(6561): Performing 'single click' action on view with id: com.example.concurrencyeval:id/fd_run_button
11-10 06:51:16.171: D/audio_hw_primary(373): out_set_parameters: enter: usecase(1: low-latency-playback) kvpairs: routing=131072
11-10 06:51:16.216: D/AudioFlinger(373): mixer(0xb3dc0000) throttle end: throttle time(4)
11-10 06:51:16.577: I/ViewInteraction(6561): Performing 'single click' action on view with id: com.example.concurrencyeval:id/fd_run_button
11-10 06:51:16.627: D/audio_hw_primary(373): out_set_parameters: enter: usecase(1: low-latency-playback) kvpairs: routing=131072
11-10 06:51:16.671: D/AudioFlinger(373): mixer(0xb3dc0000) throttle end: throttle time(4)
11-10 06:51:17.009: I/ViewInteraction(6561): Performing 'single click' action on view with id: com.example.concurrencyeval:id/fd_run_button
11-10 06:51:17.071: D/audio_hw_primary(373): out_set_parameters: enter: usecase(1: low-latency-playback) kvpairs: routing=131072
11-10 06:51:17.473: I/ViewInteraction(6561): Performing 'single click' action on view with id: com.example.concurrencyeval:id/fd_run_button
11-10 06:51:17.528: D/audio_hw_primary(373): out_set_parameters: enter: usecase(1: low-latency-playback) kvpairs: routing=131072
11-10 06:51:17.935: D/LifecycleMonitor(6561): Lifecycle status change: com.example.concurrencyeval.activities.ImgDownloadActivity@b1e77e2 in: PAUSED
11-10 06:51:17.935: D/LifecycleMonitor(6561): running callback: androidx.test.rule.ActivityTestRule$LifecycleCallback@5112ec6
11-10 06:51:17.935: D/LifecycleMonitor(6561): callback completes: androidx.test.rule.ActivityTestRule$LifecycleCallback@5112ec6
11-10 06:51:17.945: I/BackdropActivity(6094): onResume()
11-10 06:51:17.951: I/ActivityManager(887): START u0 {flg=0x10000000 cmp=com.example.concurrencyeval/.activities.ImgDownloadActivity (has extras)} from uid 10106 on display 0
11-10 06:51:18.029: I/Keyboard.Facilitator(1553): onFinishInput()
11-10 06:51:18.038: I/art(887): Background partial concurrent mark sweep GC freed 23296(2MB) AllocSpace objects, 59(1180KB) LOS objects, 31% free, 34MB/50MB, paused 7.857ms total 110.673ms
11-10 06:51:18.261: I/WindowManager(887): Screenshot max retries 4 of Token{a6000ed ActivityRecord{6769304 u0 com.google.android.apps.mtaas.backdrop/.BackdropActivity t2}} appWin=Window{b4986cc u0 com.google.android.apps.mtaas.backdrop/com.google.android.apps.mtaas.backdrop.BackdropActivity} drawState=3
11-10 06:51:18.286: D/LifecycleMonitor(6561): Lifecycle status change: com.example.concurrencyeval.activities.ImgDownloadActivity@6108ded in: PRE_ON_CREATE
11-10 06:51:18.286: D/LifecycleMonitor(6561): running callback: androidx.test.rule.ActivityTestRule$LifecycleCallback@5112ec6
11-10 06:51:18.286: D/LifecycleMonitor(6561): callback completes: androidx.test.rule.ActivityTestRule$LifecycleCallback@5112ec6
11-10 06:51:18.312: D/LifecycleMonitor(6561): Lifecycle status change: com.example.concurrencyeval.activities.ImgDownloadActivity@6108ded in: CREATED
11-10 06:51:18.312: D/LifecycleMonitor(6561): running callback: androidx.test.rule.ActivityTestRule$LifecycleCallback@5112ec6
11-10 06:51:18.312: D/LifecycleMonitor(6561): callback completes: androidx.test.rule.ActivityTestRule$LifecycleCallback@5112ec6
11-10 06:51:18.312: D/LifecycleMonitor(6561): Lifecycle status change: com.example.concurrencyeval.activities.ImgDownloadActivity@6108ded in: STARTED
11-10 06:51:18.312: D/LifecycleMonitor(6561): running callback: androidx.test.rule.ActivityTestRule$LifecycleCallback@5112ec6
11-10 06:51:18.312: D/LifecycleMonitor(6561): callback completes: androidx.test.rule.ActivityTestRule$LifecycleCallback@5112ec6
11-10 06:51:18.314: D/LifecycleMonitor(6561): Lifecycle status change: com.example.concurrencyeval.activities.ImgDownloadActivity@6108ded in: RESUMED
11-10 06:51:18.314: D/LifecycleMonitor(6561): running callback: androidx.test.rule.ActivityTestRule$LifecycleCallback@5112ec6
11-10 06:51:18.314: D/LifecycleMonitor(6561): callback completes: androidx.test.rule.ActivityTestRule$LifecycleCallback@5112ec6
11-10 06:51:18.319: D/LifecycleMonitor(6561): Lifecycle status change: com.example.concurrencyeval.activities.ImgDownloadActivity@b1e77e2 in: STOPPED
11-10 06:51:18.319: D/LifecycleMonitor(6561): running callback: androidx.test.rule.ActivityTestRule$LifecycleCallback@5112ec6
11-10 06:51:18.319: D/LifecycleMonitor(6561): callback completes: androidx.test.rule.ActivityTestRule$LifecycleCallback@5112ec6
11-10 06:51:18.319: D/LifecycleMonitor(6561): Lifecycle status change: com.example.concurrencyeval.activities.ImgDownloadActivity@b1e77e2 in: DESTROYED
11-10 06:51:18.319: D/LifecycleMonitor(6561): running callback: androidx.test.rule.ActivityTestRule$LifecycleCallback@5112ec6
11-10 06:51:18.319: D/LifecycleMonitor(6561): callback completes: androidx.test.rule.ActivityTestRule$LifecycleCallback@5112ec6
11-10 06:51:18.327: W/SurfaceFlinger(276): couldn't log to binary event log: overflow.
11-10 06:51:18.343: W/SurfaceFlinger(276): couldn't log to binary event log: overflow.
11-10 06:51:18.388: I/ActivityManager(887): Displayed com.example.concurrencyeval/.activities.ImgDownloadActivity: +118ms
11-10 06:51:18.397: I/Keyboard.Facilitator(1553): onFinishInput()
11-10 06:51:18.403: I/ViewInteraction(6561): Performing 'single click' action on view with id: com.example.concurrencyeval:id/id_spinner_choose_img
11-10 06:51:18.747: I/ViewInteraction(6561): Performing 'single click' action on view with text: is "Cat"
11-10 06:51:18.866: I/Keyboard.Facilitator(1553): onFinishInput()
11-10 06:51:18.871: D/audio_hw_primary(373): out_set_parameters: enter: usecase(1: low-latency-playback) kvpairs: routing=131072
11-10 06:51:18.881: I/Keyboard.Facilitator(1553): onFinishInput()
11-10 06:51:19.014: I/ViewInteraction(6561): Performing 'single click' action on view with id: com.example.concurrencyeval:id/fd_run_button
11-10 06:51:19.063: D/audio_hw_primary(373): out_set_parameters: enter: usecase(1: low-latency-playback) kvpairs: routing=131072
11-10 06:51:19.795: I/ViewInteraction(6561): Performing 'single click' action on view with id: com.example.concurrencyeval:id/fd_run_button
11-10 06:51:19.855: D/audio_hw_primary(373): out_set_parameters: enter: usecase(1: low-latency-playback) kvpairs: routing=131072
11-10 06:51:20.428: I/ViewInteraction(6561): Performing 'single click' action on view with id: com.example.concurrencyeval:id/fd_run_button
11-10 06:51:20.479: D/audio_hw_primary(373): out_set_parameters: enter: usecase(1: low-latency-playback) kvpairs: routing=131072
11-10 06:51:21.051: I/ViewInteraction(6561): Performing 'single click' action on view with id: com.example.concurrencyeval:id/fd_run_button
11-10 06:51:21.103: D/audio_hw_primary(373): out_set_parameters: enter: usecase(1: low-latency-playback) kvpairs: routing=131072
11-10 06:51:21.680: I/ViewInteraction(6561): Performing 'single click' action on view with id: com.example.concurrencyeval:id/id_spinner_choose_img
11-10 06:51:22.042: I/ViewInteraction(6561): Performing 'single click' action on view with text: is "Dog"
11-10 06:51:22.159: D/audio_hw_primary(373): out_set_parameters: enter: usecase(1: low-latency-playback) kvpairs: routing=131072
11-10 06:51:22.161: I/Keyboard.Facilitator(1553): onFinishInput()
11-10 06:51:22.175: I/Keyboard.Facilitator(1553): onFinishInput()
11-10 06:51:22.308: I/ViewInteraction(6561): Performing 'single click' action on view with id: com.example.concurrencyeval:id/fd_run_button
11-10 06:51:22.363: D/audio_hw_primary(373): out_set_parameters: enter: usecase(1: low-latency-playback) kvpairs: routing=131072
11-10 06:51:22.407: D/AudioFlinger(373): mixer(0xb3dc0000) throttle end: throttle time(4)
11-10 06:51:22.959: I/ViewInteraction(6561): Performing 'single click' action on view with id: com.example.concurrencyeval:id/fd_run_button
11-10 06:51:23.011: D/audio_hw_primary(373): out_set_parameters: enter: usecase(1: low-latency-playback) kvpairs: routing=131072
11-10 06:51:23.055: D/AudioFlinger(373): mixer(0xb3dc0000) throttle end: throttle time(4)
11-10 06:51:23.533: I/ViewInteraction(6561): Performing 'single click' action on view with id: com.example.concurrencyeval:id/fd_run_button
11-10 06:51:23.586: D/audio_hw_primary(373): out_set_parameters: enter: usecase(1: low-latency-playback) kvpairs: routing=131072
11-10 06:51:23.631: D/AudioFlinger(373): mixer(0xb3dc0000) throttle end: throttle time(4)
11-10 06:51:24.137: I/ViewInteraction(6561): Performing 'single click' action on view with id: com.example.concurrencyeval:id/fd_run_button
11-10 06:51:24.199: D/audio_hw_primary(373): out_set_parameters: enter: usecase(1: low-latency-playback) kvpairs: routing=131072
11-10 06:51:24.811: I/ViewInteraction(6561): Performing 'single click' action on view with id: com.example.concurrencyeval:id/id_spinner_choose_img
11-10 06:51:25.181: I/ViewInteraction(6561): Performing 'single click' action on view with text: is "Lion"
11-10 06:51:25.302: I/Keyboard.Facilitator(1553): onFinishInput()
11-10 06:51:25.303: D/audio_hw_primary(373): out_set_parameters: enter: usecase(1: low-latency-playback) kvpairs: routing=131072
11-10 06:51:25.318: I/Keyboard.Facilitator(1553): onFinishInput()
11-10 06:51:25.453: I/ViewInteraction(6561): Performing 'single click' action on view with id: com.example.concurrencyeval:id/fd_run_button
11-10 06:51:25.507: D/audio_hw_primary(373): out_set_parameters: enter: usecase(1: low-latency-playback) kvpairs: routing=131072
11-10 06:51:25.551: D/AudioFlinger(373): mixer(0xb3dc0000) throttle end: throttle time(4)
11-10 06:51:26.009: I/ViewInteraction(6561): Performing 'single click' action on view with id: com.example.concurrencyeval:id/fd_run_button
11-10 06:51:26.058: D/audio_hw_primary(373): out_set_parameters: enter: usecase(1: low-latency-playback) kvpairs: routing=131072
11-10 06:51:26.103: D/AudioFlinger(373): mixer(0xb3dc0000) throttle end: throttle time(4)
11-10 06:51:26.512: I/ViewInteraction(6561): Performing 'single click' action on view with id: com.example.concurrencyeval:id/fd_run_button
11-10 06:51:26.563: D/audio_hw_primary(373): out_set_parameters: enter: usecase(1: low-latency-playback) kvpairs: routing=131072
11-10 06:51:26.607: D/AudioFlinger(373): mixer(0xb3dc0000) throttle end: throttle time(4)
11-10 06:51:27.117: I/ViewInteraction(6561): Performing 'single click' action on view with id: com.example.concurrencyeval:id/fd_run_button
11-10 06:51:27.175: D/audio_hw_primary(373): out_set_parameters: enter: usecase(1: low-latency-playback) kvpairs: routing=131072
11-10 06:51:27.594: I/ViewInteraction(6561): Performing 'single click' action on view with id: com.example.concurrencyeval:id/id_spinner_choose_img
11-10 06:51:27.970: I/ViewInteraction(6561): Performing 'single click' action on view with text: is "Pigeon"
11-10 06:51:28.087: D/audio_hw_primary(373): out_set_parameters: enter: usecase(1: low-latency-playback) kvpairs: routing=131072
11-10 06:51:28.091: I/Keyboard.Facilitator(1553): onFinishInput()
11-10 06:51:28.106: I/Keyboard.Facilitator(1553): onFinishInput()
11-10 06:51:28.238: I/ViewInteraction(6561): Performing 'single click' action on view with id: com.example.concurrencyeval:id/fd_run_button
11-10 06:51:28.290: D/audio_hw_primary(373): out_set_parameters: enter: usecase(1: low-latency-playback) kvpairs: routing=131072
11-10 06:51:28.335: D/AudioFlinger(373): mixer(0xb3dc0000) throttle end: throttle time(4)
11-10 06:51:28.709: I/ViewInteraction(6561): Performing 'single click' action on view with id: com.example.concurrencyeval:id/fd_run_button
11-10 06:51:28.770: D/audio_hw_primary(373): out_set_parameters: enter: usecase(1: low-latency-playback) kvpairs: routing=131072
11-10 06:51:28.815: D/AudioFlinger(373): mixer(0xb3dc0000) throttle end: throttle time(4)
11-10 06:51:29.162: I/ViewInteraction(6561): Performing 'single click' action on view with id: com.example.concurrencyeval:id/fd_run_button
11-10 06:51:29.214: D/audio_hw_primary(373): out_set_parameters: enter: usecase(1: low-latency-playback) kvpairs: routing=131072
11-10 06:51:29.615: I/ViewInteraction(6561): Performing 'single click' action on view with id: com.example.concurrencyeval:id/fd_run_button
11-10 06:51:29.671: D/audio_hw_primary(373): out_set_parameters: enter: usecase(1: low-latency-playback) kvpairs: routing=131072
11-10 06:51:30.065: I/ViewInteraction(6561): Performing 'single click' action on view with id: com.example.concurrencyeval:id/id_spinner_choose_img
11-10 06:51:30.440: I/ViewInteraction(6561): Performing 'single click' action on view with text: is "Platypus"
11-10 06:51:30.558: D/audio_hw_primary(373): out_set_parameters: enter: usecase(1: low-latency-playback) kvpairs: routing=131072
11-10 06:51:30.564: I/Keyboard.Facilitator(1553): onFinishInput()
11-10 06:51:30.579: I/Keyboard.Facilitator(1553): onFinishInput()
11-10 06:51:30.709: I/ViewInteraction(6561): Performing 'single click' action on view with id: com.example.concurrencyeval:id/fd_run_button
11-10 06:51:30.762: D/audio_hw_primary(373): out_set_parameters: enter: usecase(1: low-latency-playback) kvpairs: routing=131072
11-10 06:51:30.807: D/AudioFlinger(373): mixer(0xb3dc0000) throttle end: throttle time(4)
11-10 06:51:31.177: I/ViewInteraction(6561): Performing 'single click' action on view with id: com.example.concurrencyeval:id/fd_run_button
11-10 06:51:31.231: D/audio_hw_primary(373): out_set_parameters: enter: usecase(1: low-latency-playback) kvpairs: routing=131072
11-10 06:51:31.619: I/ViewInteraction(6561): Performing 'single click' action on view with id: com.example.concurrencyeval:id/fd_run_button
11-10 06:51:31.674: D/audio_hw_primary(373): out_set_parameters: enter: usecase(1: low-latency-playback) kvpairs: routing=131072
11-10 06:51:31.719: D/AudioFlinger(373): mixer(0xb3dc0000) throttle end: throttle time(4)
11-10 06:51:32.067: I/ViewInteraction(6561): Performing 'single click' action on view with id: com.example.concurrencyeval:id/fd_run_button
11-10 06:51:32.119: D/audio_hw_primary(373): out_set_parameters: enter: usecase(1: low-latency-playback) kvpairs: routing=131072
11-10 06:51:32.553: D/LifecycleMonitor(6561): Lifecycle status change: com.example.concurrencyeval.activities.ImgDownloadActivity@6108ded in: PAUSED
11-10 06:51:32.553: D/LifecycleMonitor(6561): running callback: androidx.test.rule.ActivityTestRule$LifecycleCallback@5112ec6
11-10 06:51:32.553: D/LifecycleMonitor(6561): callback completes: androidx.test.rule.ActivityTestRule$LifecycleCallback@5112ec6
11-10 06:51:32.562: I/BackdropActivity(6094): onResume()
11-10 06:51:32.599: I/ActivityManager(887): START u0 {flg=0x10000000 cmp=com.example.concurrencyeval/.activities.ImgDownloadActivity (has extras)} from uid 10106 on display 0
11-10 06:51:32.600: I/Keyboard.Facilitator(1553): onFinishInput()
11-10 06:51:32.902: I/WindowManager(887): Screenshot max retries 4 of Token{a6000ed ActivityRecord{6769304 u0 com.google.android.apps.mtaas.backdrop/.BackdropActivity t2}} appWin=Window{b4986cc u0 com.google.android.apps.mtaas.backdrop/com.google.android.apps.mtaas.backdrop.BackdropActivity} drawState=3
11-10 06:51:32.927: D/LifecycleMonitor(6561): Lifecycle status change: com.example.concurrencyeval.activities.ImgDownloadActivity@2deed81 in: PRE_ON_CREATE
11-10 06:51:32.927: D/LifecycleMonitor(6561): running callback: androidx.test.rule.ActivityTestRule$LifecycleCallback@5112ec6
11-10 06:51:32.928: D/LifecycleMonitor(6561): callback completes: androidx.test.rule.ActivityTestRule$LifecycleCallback@5112ec6
11-10 06:51:32.970: D/LifecycleMonitor(6561): Lifecycle status change: com.example.concurrencyeval.activities.ImgDownloadActivity@2deed81 in: CREATED
11-10 06:51:32.970: D/LifecycleMonitor(6561): running callback: androidx.test.rule.ActivityTestRule$LifecycleCallback@5112ec6
11-10 06:51:32.971: D/LifecycleMonitor(6561): callback completes: androidx.test.rule.ActivityTestRule$LifecycleCallback@5112ec6
11-10 06:51:32.971: D/LifecycleMonitor(6561): Lifecycle status change: com.example.concurrencyeval.activities.ImgDownloadActivity@2deed81 in: STARTED
11-10 06:51:32.971: D/LifecycleMonitor(6561): running callback: androidx.test.rule.ActivityTestRule$LifecycleCallback@5112ec6
11-10 06:51:32.971: D/LifecycleMonitor(6561): callback completes: androidx.test.rule.ActivityTestRule$LifecycleCallback@5112ec6
11-10 06:51:32.987: D/LifecycleMonitor(6561): Lifecycle status change: com.example.concurrencyeval.activities.ImgDownloadActivity@2deed81 in: RESUMED
11-10 06:51:32.987: D/LifecycleMonitor(6561): running callback: androidx.test.rule.ActivityTestRule$LifecycleCallback@5112ec6
11-10 06:51:32.988: D/LifecycleMonitor(6561): callback completes: androidx.test.rule.ActivityTestRule$LifecycleCallback@5112ec6
11-10 06:51:33.018: D/LifecycleMonitor(6561): Lifecycle status change: com.example.concurrencyeval.activities.ImgDownloadActivity@6108ded in: STOPPED
11-10 06:51:33.018: D/LifecycleMonitor(6561): running callback: androidx.test.rule.ActivityTestRule$LifecycleCallback@5112ec6
11-10 06:51:33.018: D/LifecycleMonitor(6561): callback completes: androidx.test.rule.ActivityTestRule$LifecycleCallback@5112ec6
11-10 06:51:33.018: D/LifecycleMonitor(6561): Lifecycle status change: com.example.concurrencyeval.activities.ImgDownloadActivity@6108ded in: DESTROYED
11-10 06:51:33.018: D/LifecycleMonitor(6561): running callback: androidx.test.rule.ActivityTestRule$LifecycleCallback@5112ec6
11-10 06:51:33.018: D/LifecycleMonitor(6561): callback completes: androidx.test.rule.ActivityTestRule$LifecycleCallback@5112ec6
11-10 06:51:33.026: W/SurfaceFlinger(276): couldn't log to binary event log: overflow.
11-10 06:51:33.026: W/SurfaceFlinger(276): couldn't log to binary event log: overflow.
11-10 06:51:33.083: I/ActivityManager(887): Displayed com.example.concurrencyeval/.activities.ImgDownloadActivity: +167ms
11-10 06:51:33.084: I/Keyboard.Facilitator(1553): onFinishInput()
11-10 06:51:33.092: I/ViewInteraction(6561): Performing 'single click' action on view with id: com.example.concurrencyeval:id/id_spinner_choose_img
11-10 06:51:33.449: I/ViewInteraction(6561): Performing 'single click' action on view with text: is "Cat"
11-10 06:51:33.569: I/Keyboard.Facilitator(1553): onFinishInput()
11-10 06:51:33.570: D/audio_hw_primary(373): out_set_parameters: enter: usecase(1: low-latency-playback) kvpairs: routing=131072
11-10 06:51:33.588: I/Keyboard.Facilitator(1553): onFinishInput()
11-10 06:51:33.615: D/AudioFlinger(373): mixer(0xb3dc0000) throttle end: throttle time(4)
11-10 06:51:33.718: I/ViewInteraction(6561): Performing 'single click' action on view with id: com.example.concurrencyeval:id/fd_run_button
11-10 06:51:33.774: D/audio_hw_primary(373): out_set_parameters: enter: usecase(1: low-latency-playback) kvpairs: routing=131072
11-10 06:51:34.361: I/ViewInteraction(6561): Performing 'single click' action on view with id: com.example.concurrencyeval:id/fd_run_button
11-10 06:51:34.410: D/audio_hw_primary(373): out_set_parameters: enter: usecase(1: low-latency-playback) kvpairs: routing=131072
11-10 06:51:34.455: D/AudioFlinger(373): mixer(0xb3dc0000) throttle end: throttle time(4)
11-10 06:51:35.129: I/ViewInteraction(6561): Performing 'single click' action on view with id: com.example.concurrencyeval:id/fd_run_button
11-10 06:51:35.191: D/audio_hw_primary(373): out_set_parameters: enter: usecase(1: low-latency-playback) kvpairs: routing=131072
11-10 06:51:35.844: I/ViewInteraction(6561): Performing 'single click' action on view with id: com.example.concurrencyeval:id/fd_run_button
11-10 06:51:35.898: D/audio_hw_primary(373): out_set_parameters: enter: usecase(1: low-latency-playback) kvpairs: routing=131072
11-10 06:51:35.943: D/AudioFlinger(373): mixer(0xb3dc0000) throttle end: throttle time(4)
11-10 06:51:36.769: I/ViewInteraction(6561): Performing 'single click' action on view with id: com.example.concurrencyeval:id/id_spinner_choose_img
11-10 06:51:37.147: I/ViewInteraction(6561): Performing 'single click' action on view with text: is "Dog"
11-10 06:51:37.266: D/audio_hw_primary(373): out_set_parameters: enter: usecase(1: low-latency-playback) kvpairs: routing=131072
11-10 06:51:37.268: I/Keyboard.Facilitator(1553): onFinishInput()
11-10 06:51:37.285: I/Keyboard.Facilitator(1553): onFinishInput()
11-10 06:51:37.311: D/AudioFlinger(373): mixer(0xb3dc0000) throttle end: throttle time(4)
11-10 06:51:37.416: I/ViewInteraction(6561): Performing 'single click' action on view with id: com.example.concurrencyeval:id/fd_run_button
11-10 06:51:37.470: D/audio_hw_primary(373): out_set_parameters: enter: usecase(1: low-latency-playback) kvpairs: routing=131072
11-10 06:51:38.134: I/ViewInteraction(6561): Performing 'single click' action on view with id: com.example.concurrencyeval:id/fd_run_button
11-10 06:51:38.190: D/audio_hw_primary(373): out_set_parameters: enter: usecase(1: low-latency-playback) kvpairs: routing=131072
11-10 06:51:38.822: I/ViewInteraction(6561): Performing 'single click' action on view with id: com.example.concurrencyeval:id/fd_run_button
11-10 06:51:38.874: D/audio_hw_primary(373): out_set_parameters: enter: usecase(1: low-latency-playback) kvpairs: routing=131072
11-10 06:51:38.919: D/AudioFlinger(373): mixer(0xb3dc0000) throttle end: throttle time(4)
11-10 06:51:39.450: I/ViewInteraction(6561): Performing 'single click' action on view with id: com.example.concurrencyeval:id/fd_run_button
11-10 06:51:39.510: D/audio_hw_primary(373): out_set_parameters: enter: usecase(1: low-latency-playback) kvpairs: routing=131072
11-10 06:51:40.148: I/ViewInteraction(6561): Performing 'single click' action on view with id: com.example.concurrencyeval:id/id_spinner_choose_img
11-10 06:51:40.506: I/ViewInteraction(6561): Performing 'single click' action on view with text: is "Lion"
11-10 06:51:40.626: D/audio_hw_primary(373): out_set_parameters: enter: usecase(1: low-latency-playback) kvpairs: routing=131072
11-10 06:51:40.628: I/Keyboard.Facilitator(1553): onFinishInput()
11-10 06:51:40.648: I/Keyboard.Facilitator(1553): onFinishInput()
11-10 06:51:40.671: D/AudioFlinger(373): mixer(0xb3dc0000) throttle end: throttle time(4)
11-10 06:51:40.776: I/ViewInteraction(6561): Performing 'single click' action on view with id: com.example.concurrencyeval:id/fd_run_button
11-10 06:51:40.830: D/audio_hw_primary(373): out_set_parameters: enter: usecase(1: low-latency-playback) kvpairs: routing=131072
11-10 06:51:41.309: I/ViewInteraction(6561): Performing 'single click' action on view with id: com.example.concurrencyeval:id/fd_run_button
11-10 06:51:41.358: D/audio_hw_primary(373): out_set_parameters: enter: usecase(1: low-latency-playback) kvpairs: routing=131072
11-10 06:51:41.988: I/ViewInteraction(6561): Performing 'single click' action on view with id: com.example.concurrencyeval:id/fd_run_button
11-10 06:51:42.043: D/audio_hw_primary(373): out_set_parameters: enter: usecase(1: low-latency-playback) kvpairs: routing=131072
11-10 06:51:42.087: D/AudioFlinger(373): mixer(0xb3dc0000) throttle end: throttle time(5)
11-10 06:51:42.485: I/ViewInteraction(6561): Performing 'single click' action on view with id: com.example.concurrencyeval:id/fd_run_button
11-10 06:51:42.546: D/audio_hw_primary(373): out_set_parameters: enter: usecase(1: low-latency-playback) kvpairs: routing=131072
11-10 06:51:42.591: D/AudioFlinger(373): mixer(0xb3dc0000) throttle end: throttle time(4)
11-10 06:51:43.242: I/ViewInteraction(6561): Performing 'single click' action on view with id: com.example.concurrencyeval:id/id_spinner_choose_img
11-10 06:51:43.614: I/ViewInteraction(6561): Performing 'single click' action on view with text: is "Pigeon"
11-10 06:51:43.734: D/audio_hw_primary(373): out_set_parameters: enter: usecase(1: low-latency-playback) kvpairs: routing=131072
11-10 06:51:43.738: I/Keyboard.Facilitator(1553): onFinishInput()
11-10 06:51:43.753: I/Keyboard.Facilitator(1553): onFinishInput()
11-10 06:51:43.885: I/ViewInteraction(6561): Performing 'single click' action on view with id: com.example.concurrencyeval:id/fd_run_button
11-10 06:51:43.938: D/audio_hw_primary(373): out_set_parameters: enter: usecase(1: low-latency-playback) kvpairs: routing=131072
11-10 06:51:43.983: D/AudioFlinger(373): mixer(0xb3dc0000) throttle end: throttle time(4)
11-10 06:51:44.355: I/ViewInteraction(6561): Performing 'single click' action on view with id: com.example.concurrencyeval:id/fd_run_button
11-10 06:51:44.406: D/audio_hw_primary(373): out_set_parameters: enter: usecase(1: low-latency-playback) kvpairs: routing=131072
11-10 06:51:44.791: I/ViewInteraction(6561): Performing 'single click' action on view with id: com.example.concurrencyeval:id/fd_run_button
11-10 06:51:44.850: D/audio_hw_primary(373): out_set_parameters: enter: usecase(1: low-latency-playback) kvpairs: routing=131072
11-10 06:51:44.895: D/AudioFlinger(373): mixer(0xb3dc0000) throttle end: throttle time(4)
11-10 06:51:45.262: I/ViewInteraction(6561): Performing 'single click' action on view with id: com.example.concurrencyeval:id/fd_run_button
11-10 06:51:45.318: D/audio_hw_primary(373): out_set_parameters: enter: usecase(1: low-latency-playback) kvpairs: routing=131072
11-10 06:51:45.750: I/ViewInteraction(6561): Performing 'single click' action on view with id: com.example.concurrencyeval:id/id_spinner_choose_img
11-10 06:51:46.121: I/ViewInteraction(6561): Performing 'single click' action on view with text: is "Platypus"
11-10 06:51:46.241: I/Keyboard.Facilitator(1553): onFinishInput()
11-10 06:51:46.242: D/audio_hw_primary(373): out_set_parameters: enter: usecase(1: low-latency-playback) kvpairs: routing=131072
11-10 06:51:46.260: I/Keyboard.Facilitator(1553): onFinishInput()
11-10 06:51:46.287: D/AudioFlinger(373): mixer(0xb3dc0000) throttle end: throttle time(4)
11-10 06:51:46.389: I/ViewInteraction(6561): Performing 'single click' action on view with id: com.example.concurrencyeval:id/fd_run_button
11-10 06:51:46.446: D/audio_hw_primary(373): out_set_parameters: enter: usecase(1: low-latency-playback) kvpairs: routing=131072
11-10 06:51:46.836: I/ViewInteraction(6561): Performing 'single click' action on view with id: com.example.concurrencyeval:id/fd_run_button
11-10 06:51:46.890: D/audio_hw_primary(373): out_set_parameters: enter: usecase(1: low-latency-playback) kvpairs: routing=131072
11-10 06:51:46.935: D/AudioFlinger(373): mixer(0xb3dc0000) throttle end: throttle time(4)
11-10 06:51:47.310: I/ViewInteraction(6561): Performing 'single click' action on view with id: com.example.concurrencyeval:id/fd_run_button
11-10 06:51:47.358: D/audio_hw_primary(373): out_set_parameters: enter: usecase(1: low-latency-playback) kvpairs: routing=131072
11-10 06:51:47.758: I/ViewInteraction(6561): Performing 'single click' action on view with id: com.example.concurrencyeval:id/fd_run_button
11-10 06:51:47.814: D/audio_hw_primary(373): out_set_parameters: enter: usecase(1: low-latency-playback) kvpairs: routing=131072
11-10 06:51:48.264: D/LifecycleMonitor(6561): Lifecycle status change: com.example.concurrencyeval.activities.ImgDownloadActivity@2deed81 in: PAUSED
11-10 06:51:48.264: D/LifecycleMonitor(6561): running callback: androidx.test.rule.ActivityTestRule$LifecycleCallback@5112ec6
11-10 06:51:48.264: D/LifecycleMonitor(6561): callback completes: androidx.test.rule.ActivityTestRule$LifecycleCallback@5112ec6
11-10 06:51:48.275: I/ActivityManager(887): START u0 {flg=0x10000000 cmp=com.example.concurrencyeval/.activities.ImgDownloadActivity (has extras)} from uid 10106 on display 0
11-10 06:51:48.275: I/BackdropActivity(6094): onResume()
11-10 06:51:48.340: D/LifecycleMonitor(6561): Lifecycle status change: com.example.concurrencyeval.activities.ImgDownloadActivity@f6dad33 in: PRE_ON_CREATE
11-10 06:51:48.340: D/LifecycleMonitor(6561): running callback: androidx.test.rule.ActivityTestRule$LifecycleCallback@5112ec6
11-10 06:51:48.341: D/LifecycleMonitor(6561): callback completes: androidx.test.rule.ActivityTestRule$LifecycleCallback@5112ec6
11-10 06:51:48.373: D/LifecycleMonitor(6561): Lifecycle status change: com.example.concurrencyeval.activities.ImgDownloadActivity@f6dad33 in: CREATED
11-10 06:51:48.373: D/LifecycleMonitor(6561): running callback: androidx.test.rule.ActivityTestRule$LifecycleCallback@5112ec6
11-10 06:51:48.373: D/LifecycleMonitor(6561): callback completes: androidx.test.rule.ActivityTestRule$LifecycleCallback@5112ec6
11-10 06:51:48.373: I/art(887): Background partial concurrent mark sweep GC freed 23515(2MB) AllocSpace objects, 63(1260KB) LOS objects, 31% free, 34MB/50MB, paused 1.474ms total 123.524ms
11-10 06:51:48.374: D/LifecycleMonitor(6561): Lifecycle status change: com.example.concurrencyeval.activities.ImgDownloadActivity@f6dad33 in: STARTED
