11-10 06:50:10.303: W/Finsky(6142): [1] FinskyApp.getCurrentAccount: No account configured on this device.
11-10 06:50:10.304: W/Finsky(6142): [1] FinskyApp.getCurrentAccount: No account configured on this device.
11-10 06:50:10.493: D/Finsky(6142): [600] AppStatesReplicator.handleContentSyncResponse: Completed 0 account content syncs with 0 successful.
11-10 06:50:10.494: D/Finsky(6142): [1] ContentSyncService$5.onFinished: Installation state replication succeeded.
11-10 06:50:10.504: I/ActivityManager(887): Killing 5254:com.google.android.apps.docs/u0a49 (adj 15): empty #17
11-10 06:50:11.166: D/AndroidRuntime(6180): >>>>>> START com.android.internal.os.RuntimeInit uid 2000 <<<<<<
11-10 06:50:11.171: D/AndroidRuntime(6180): CheckJNI is OFF
11-10 06:50:11.214: D/ICU(6180): No timezone override file found: /data/misc/zoneinfo/current/icu/icu_tzdata.dat
11-10 06:50:11.252: I/Radio-JNI(6180): register_android_hardware_Radio DONE
11-10 06:50:11.271: D/AndroidRuntime(6180): Calling main entry com.android.commands.pm.Pm
11-10 06:50:11.296: D/DefContainer(5211): Copying /data/local/tmp/com.example.concurrencyeval.apk to base.apk
11-10 06:50:11.814: I/PackageManager.DexOptimizer(887): Running dexopt (dex2oat) on: /data/app/vmdl646470043.tmp/base.apk pkg=com.example.concurrencyeval isa=arm vmSafeMode=false debuggable=true oatDir = /data/app/vmdl646470043.tmp/oat bootComplete=true
11-10 06:50:11.878: I/dex2oat(6189): /system/bin/dex2oat --debuggable
11-10 06:50:12.137: I/Icing(5921): Indexing done com.google.android.gms-apps
11-10 06:50:12.337: W/dex2oat(6189): Before Android 4.1, method int androidx.appcompat.widget.DropDownListView.lookForSelectablePosition(int, boolean) would have incorrectly overridden the package-private method in android.widget.ListView
11-10 06:50:12.415: W/dex2oat(6189): Before Android 4.1, method int androidx.appcompat.widget.MenuPopupWindow$MenuDropDownListView.lookForSelectablePosition(int, boolean) would have incorrectly overridden the package-private method in android.widget.ListView
11-10 06:50:12.457: W/dex2oat(6189): Before Android 4.1, method android.graphics.PorterDuffColorFilter androidx.vectordrawable.graphics.drawable.VectorDrawableCompat.updateTintFilter(android.graphics.PorterDuffColorFilter, android.content.res.ColorStateList, android.graphics.PorterDuff$Mode) would have incorrectly overridden the package-private method in android.graphics.drawable.Drawable
11-10 06:50:13.070: E/Backup(5947): [BackupTransportMigratorChimeraService] Could not migrate transport!
11-10 06:50:15.186: W/ActivityManager(887): Unable to start service Intent { flg=0x4 cmp=com.android.vending/com.google.android.finsky.services.DailyHygiene (has extras) } U=0: not found
11-10 06:50:16.185: I/dex2oat(6189): dex2oat took 4.309s (threads: 4) arena alloc=2MB java alloc=5MB native alloc=31MB free=3MB
11-10 06:50:16.398: W/PackageManager(887): Unknown permission com.google.android.finsky.permission.BIND_GET_INSTALL_REFERRER_SERVICE in package com.example.concurrencyeval
11-10 06:50:16.521: D/VoldConnector(887): SND -> {17 volume remount_uid 10106 read}
11-10 06:50:16.523: D/vold(250): Remounting 10106 as mode read
11-10 06:50:16.547: D/VoldConnector(887): RCV <- {200 17 Command succeeded}
11-10 06:50:16.553: D/VoldConnector(887): SND -> {18 volume remount_uid 10106 write}
11-10 06:50:16.554: D/vold(250): Remounting 10106 as mode write
11-10 06:50:16.561: D/VoldConnector(887): RCV <- {200 18 Command succeeded}
11-10 06:50:16.589: W/Settings(887): Setting install_non_market_apps has moved from android.provider.Settings.Global to android.provider.Settings.Secure, returning read-only value.
11-10 06:50:16.593: I/art(887): Starting a blocking GC Explicit
11-10 06:50:16.671: I/art(887): Explicit concurrent mark sweep GC freed 159556(10MB) AllocSpace objects, 32(1756KB) LOS objects, 30% free, 36MB/52MB, paused 752us total 77.632ms
11-10 06:50:16.680: I/art(6180): System.exit called, status: 0
11-10 06:50:16.680: I/AndroidRuntime(6180): VM exiting with result code 0.
11-10 06:50:16.694: I/InputReader(887): Reconfiguring input devices.  changes=0x00000010
11-10 06:50:16.706: D/BuaReceiver(3160): ====== got intent:Intent { act=android.intent.action.PACKAGE_ADDED dat=package:com.example.concurrencyeval flg=0x4000010 cmp=com.motorola.android.buacontactadapter/.BuaReceiver (has extras) }
11-10 06:50:16.733: D/CarrierServiceBindHelper(1670): Receive action: android.intent.action.PACKAGE_ADDED
11-10 06:50:16.734: D/CarrierServiceBindHelper(1670): mHandler: 3
11-10 06:50:16.734: D/CarrierConfigLoader(1670): mHandler: 9 phoneId: 0
11-10 06:50:16.751: I/ActivityManager(887): Start proc 6199:com.android.musicfx/u0a23 for broadcast com.android.musicfx/.Compatibility$Receiver
11-10 06:50:16.786: W/System(6199): ClassLoader referenced unknown path: /system/priv-app/MusicFX/lib/arm
11-10 06:50:16.806: D/Finsky(6142): [1] ExternalReferrer.access$200: Package state data is missing for com.example.concurrencyeval
11-10 06:50:16.823: I/ActivityManager(887): Start proc 6216:com.google.android.apps.docs/u0a49 for broadcast com.google.android.apps.docs/.receivers.AppPackageAddRemoveReceiver
11-10 06:50:16.827: I/UpdateIcingCorporaServi(4362): Updating corpora: APPS=com.example.concurrencyeval, CONTACTS=MAYBE
11-10 06:50:16.857: W/SearchableInfo(887): Invalid searchable metadata for com.google.android.gms/.nearby.sharing.ContactSelectActivity: Search label must be a resource reference.
11-10 06:50:16.890: W/System(6216): ClassLoader referenced unknown path: /system/app/Drive/lib/arm
11-10 06:50:16.928: I/Icing(5921): IndexChimeraService.getServiceInterface callingPackage=com.google.android.googlequicksearchbox componentName=null serviceId=36
11-10 06:50:16.935: W/Icing(5921): No valid account for uploading user actions: admc: Not signed in
11-10 06:50:16.950: I/Icing(5921): Usage reports ok 0, Failed Usage reports 0, indexed 0, rejected 0
11-10 06:50:16.955: I/UpdateIcingCorporaServi(4362): UpdateCorporaTask done [took 127 ms] updated apps [took 127 ms] 
11-10 06:50:17.161: I/GAv4(6216): Google Analytics 7.8.95 is starting up. To enable debug logging on a device run:
11-10 06:50:17.161: I/GAv4(6216):   adb shell setprop log.tag.GAv4 DEBUG
11-10 06:50:17.161: I/GAv4(6216):   adb logcat -s GAv4
11-10 06:50:17.210: W/GAv4(6216): AnalyticsReceiver is not registered or is disabled. Register the receiver for reliable dispatching on non-Google Play devices. See http://goo.gl/8Rd3yj for instructions.
11-10 06:50:17.216: W/GAv4(6216): CampaignTrackingReceiver is not registered, not exported or is disabled. Installation campaign tracking is not possible. See http://goo.gl/8Rd3yj for instructions.
11-10 06:50:17.234: W/AnalyticsTrackerProxyImpl(6216): Analytics setup for ID UA-21125203-2, app name Drive, version 2.3.327.05.36
11-10 06:50:17.249: W/GAv4(6216): AnalyticsService not registered in the app manifest. Hits might not be delivered reliably. See http://goo.gl/8Rd3yj for instructions.
11-10 06:50:17.282: D/AndroidRuntime(6198): >>>>>> START com.android.internal.os.RuntimeInit uid 2000 <<<<<<
11-10 06:50:17.286: D/AndroidRuntime(6198): CheckJNI is OFF
11-10 06:50:17.323: D/ICU(6198): No timezone override file found: /data/misc/zoneinfo/current/icu/icu_tzdata.dat
11-10 06:50:17.348: I/ActivityManager(887): Killing 5393:com.google.android.configupdater/u0a7 (adj 15): empty #17
11-10 06:50:17.359: I/Radio-JNI(6198): register_android_hardware_Radio DONE
11-10 06:50:17.377: D/AndroidRuntime(6198): Calling main entry com.android.commands.pm.Pm
11-10 06:50:17.417: D/DefContainer(5211): Copying /data/local/tmp/com.example.concurrencyeval.test.apk to base.apk
11-10 06:50:17.489: I/PackageManager.DexOptimizer(887): Running dexopt (dex2oat) on: /data/app/vmdl791111005.tmp/base.apk pkg=com.example.concurrencyeval.test isa=arm vmSafeMode=false debuggable=true oatDir = /data/app/vmdl791111005.tmp/oat bootComplete=true
11-10 06:50:17.514: I/dex2oat(6246): /system/bin/dex2oat --debuggable
11-10 06:50:17.570: V/NativeCrypto(6216): Registering com/google/android/gms/org/conscrypt/NativeCrypto's 284 native methods...
11-10 06:50:17.607: W/GCM(5947): Unexpected forwarded intent: Intent { act=android.intent.action.PACKAGE_ADDED dat=package:com.example.concurrencyeval flg=0x4000010 cmp=com.google.android.gms/.chimera.PersistentIntentOperationService (has extras) }
11-10 06:50:17.619: W/GCM(5947): Unexpected forwarded intent: Intent { act=android.intent.action.PACKAGE_ADDED dat=package:com.example.concurrencyeval flg=0x4000010 cmp=com.google.android.gms/.chimera.PersistentIntentOperationService (has extras) }
11-10 06:50:17.626: I/Auth(5921): [SupervisedAccountIntentOperation] onHandleIntent(): android.intent.action.PACKAGE_ADDED
11-10 06:50:17.636: E/GmsRequestQueue(5921): Tried to stop global GMSCore RequestQueue. This is likely unintended, so ignoring.
11-10 06:50:17.663: I/art(6216): Rejecting re-init on previously-failed class java.lang.Class<com.google.android.gms.org.conscrypt.Java7ExtendedSSLSession>
11-10 06:50:17.664: I/art(6216): Rejecting re-init on previously-failed class java.lang.Class<com.google.android.gms.org.conscrypt.Java7ExtendedSSLSession>
11-10 06:50:17.668: I/art(6216): Rejecting re-init on previously-failed class java.lang.Class<com.google.android.gms.org.conscrypt.Java8ExtendedSSLSession>
11-10 06:50:17.668: I/art(6216): Rejecting re-init on previously-failed class java.lang.Class<com.google.android.gms.org.conscrypt.Java8ExtendedSSLSession>
11-10 06:50:17.673: I/ChromeSync(5921): [Sync,SyncIntentOperation] Handling the intent: Intent { act=android.intent.action.PACKAGE_ADDED dat=package:com.example.concurrencyeval flg=0x4000010 cmp=com.google.android.gms/.chimera.GmsIntentOperationService (has extras) }.
11-10 06:50:17.701: I/ChromeSync(5921): [Persistence,AffiliationManager] One of affiliation or grouping data for android://h-kK8E35ZUoXnEABRDU2PIK_dYIQ_cD2NTSNE-ZAdUe9It3dWUum3l0e1Q9sqTgSy4gfkyNHcRjP1KM7ie96WQ==@com.example.concurrencyeval/ was not found. Marking affiliation data as stale...
11-10 06:50:17.751: I/ProviderInstaller(6216): Installed default security provider GmsCore_OpenSSL
11-10 06:50:17.778: I/ChromeSync(5921): [Persistence,AffiliationManager] Failed to get password domain for package: com.vzw.apnservice
11-10 06:50:17.828: I/FA-SVC(5921): App measurement is starting up, version: 19420
11-10 06:50:17.834: I/ChromeSync(5921): [Persistence,AffiliationManager] Fetching affiliations from the server.
11-10 06:50:17.866: I/GmscoreIpa(5921): Using regular flags by method 2
11-10 06:50:17.965: I/Icing(5921): Indexing com.google.android.googlequicksearchbox-applications_uri from com.google.android.googlequicksearchbox
11-10 06:50:17.977: W/Conscrypt(5921): Could not set socket write timeout: java.net.SocketException: Socket closed
11-10 06:50:17.977: W/Conscrypt(5921): 	at com.google.android.gms.org.conscrypt.Platform.setSocketWriteTimeout(:com.google.android.gms@19420015@19.4.20 (040300-271418971):2)
11-10 06:50:17.977: W/Conscrypt(5921): 	at com.google.android.gms.org.conscrypt.ConscryptFileDescriptorSocket.setSoWriteTimeout(:com.google.android.gms@19420015@19.4.20 (040300-271418971):2)
11-10 06:50:18.138: I/Icing(5921): Indexing done com.google.android.googlequicksearchbox-applications_uri
11-10 06:50:18.186: W/Conscrypt(5921): Could not set socket write timeout: java.net.SocketException: Socket closed
11-10 06:50:18.186: W/Conscrypt(5921): 	at com.google.android.gms.org.conscrypt.Platform.setSocketWriteTimeout(:com.google.android.gms@19420015@19.4.20 (040300-271418971):2)
11-10 06:50:18.186: W/Conscrypt(5921): 	at com.google.android.gms.org.conscrypt.ConscryptFileDescriptorSocket.setSoWriteTimeout(:com.google.android.gms@19420015@19.4.20 (040300-271418971):2)
11-10 06:50:18.359: I/Funnel(5947): Init: funnel is disabled, skipping initialization.
11-10 06:50:18.862: I/Icing(5921): Indexing com.google.android.gms-apps from com.google.android.gms
11-10 06:50:18.907: I/dex2oat(6246): dex2oat took 1.393s (threads: 4) arena alloc=166KB java alloc=1164KB native alloc=6MB free=2MB
11-10 06:50:18.953: I/Icing(5921): Indexing done com.google.android.gms-apps
11-10 06:50:19.171: I/Icing(5921): Indexing com.google.android.gms-internal.3p:MobileApplication from com.google.android.gms
11-10 06:50:19.204: I/Icing(5921): Indexing done com.google.android.gms-internal.3p:MobileApplication
11-10 06:50:19.214: W/Settings(887): Setting install_non_market_apps has moved from android.provider.Settings.Global to android.provider.Settings.Secure, returning read-only value.
11-10 06:50:19.214: I/art(887): Starting a blocking GC Explicit
11-10 06:50:19.274: I/art(887): Explicit concurrent mark sweep GC freed 66772(4MB) AllocSpace objects, 8(160KB) LOS objects, 30% free, 35MB/51MB, paused 726us total 56.983ms
11-10 06:50:19.284: I/art(6198): System.exit called, status: 0
11-10 06:50:19.284: I/AndroidRuntime(6198): VM exiting with result code 0.
11-10 06:50:19.302: D/BuaReceiver(3160): ====== got intent:Intent { act=android.intent.action.PACKAGE_ADDED dat=package:com.example.concurrencyeval.test flg=0x4000010 cmp=com.motorola.android.buacontactadapter/.BuaReceiver (has extras) }
11-10 06:50:19.308: I/InputReader(887): Reconfiguring input devices.  changes=0x00000010
11-10 06:50:19.351: D/CarrierServiceBindHelper(1670): Receive action: android.intent.action.PACKAGE_ADDED
11-10 06:50:19.352: D/CarrierServiceBindHelper(1670): mHandler: 3
11-10 06:50:19.352: D/CarrierConfigLoader(1670): mHandler: 9 phoneId: 0
11-10 06:50:19.383: D/Finsky(6142): [1] ExternalReferrer.access$200: Package state data is missing for com.example.concurrencyeval.test
11-10 06:50:19.412: I/UpdateIcingCorporaServi(4362): Updating corpora: APPS=com.example.concurrencyeval.test, CONTACTS=MAYBE
11-10 06:50:19.440: W/SearchableInfo(887): Invalid searchable metadata for com.google.android.gms/.nearby.sharing.ContactSelectActivity: Search label must be a resource reference.
11-10 06:50:19.442: W/GCM(5947): Unexpected forwarded intent: Intent { act=android.intent.action.PACKAGE_ADDED dat=package:com.example.concurrencyeval.test flg=0x4000010 cmp=com.google.android.gms/.chimera.PersistentIntentOperationService (has extras) }
11-10 06:50:19.444: W/GCM(5947): Unexpected forwarded intent: Intent { act=android.intent.action.PACKAGE_ADDED dat=package:com.example.concurrencyeval.test flg=0x4000010 cmp=com.google.android.gms/.chimera.PersistentIntentOperationService (has extras) }
11-10 06:50:19.445: I/Auth(5921): [SupervisedAccountIntentOperation] onHandleIntent(): android.intent.action.PACKAGE_ADDED
11-10 06:50:19.446: I/ChromeSync(5921): [Sync,SyncIntentOperation] Handling the intent: Intent { act=android.intent.action.PACKAGE_ADDED dat=package:com.example.concurrencyeval.test flg=0x4000010 cmp=com.google.android.gms/.chimera.GmsIntentOperationService (has extras) }.
11-10 06:50:19.448: I/ChromeSync(5921): [Persistence,AffiliationManager] One of affiliation or grouping data for android://h-kK8E35ZUoXnEABRDU2PIK_dYIQ_cD2NTSNE-ZAdUe9It3dWUum3l0e1Q9sqTgSy4gfkyNHcRjP1KM7ie96WQ==@com.example.concurrencyeval.test/ was not found. Marking affiliation data as stale...
11-10 06:50:19.457: I/FontsPackageChangeOp(5921): Package com.example.concurrencyeval.test has no metadata
11-10 06:50:19.474: I/UpdateIcingCorporaServi(4362): UpdateCorporaTask done [took 62 ms] updated apps [took 62 ms] 
11-10 06:50:19.532: I/ChromeSync(5921): [Persistence,AffiliationManager] Failed to get password domain for package: com.vzw.apnservice
11-10 06:50:19.579: I/ChromeSync(5921): [Persistence,AffiliationManager] Fetching affiliations from the server.
11-10 06:50:19.916: D/AndroidRuntime(6288): >>>>>> START com.android.internal.os.RuntimeInit uid 2000 <<<<<<
11-10 06:50:19.921: D/AndroidRuntime(6288): CheckJNI is OFF
11-10 06:50:19.964: D/ICU(6288): No timezone override file found: /data/misc/zoneinfo/current/icu/icu_tzdata.dat
11-10 06:50:20.002: I/Radio-JNI(6288): register_android_hardware_Radio DONE
11-10 06:50:20.022: D/AndroidRuntime(6288): Calling main entry com.android.commands.settings.SettingsCmd
11-10 06:50:20.027: D/AndroidRuntime(6288): Shutting down VM
11-10 06:50:20.516: I/Icing(5921): Indexing com.google.android.gms-apps from com.google.android.gms
11-10 06:50:20.527: I/Icing(5921): Indexing done com.google.android.gms-apps
11-10 06:50:21.061: D/AndroidRuntime(6309): >>>>>> START com.android.internal.os.RuntimeInit uid 2000 <<<<<<
11-10 06:50:21.065: D/AndroidRuntime(6309): CheckJNI is OFF
11-10 06:50:21.104: D/ICU(6309): No timezone override file found: /data/misc/zoneinfo/current/icu/icu_tzdata.dat
11-10 06:50:21.148: I/Radio-JNI(6309): register_android_hardware_Radio DONE
11-10 06:50:21.171: D/AndroidRuntime(6309): Calling main entry com.android.commands.appops.AppOpsCommand
11-10 06:50:21.175: D/AndroidRuntime(6309): Shutting down VM
11-10 06:50:22.112: D/AndroidRuntime(6329): >>>>>> START com.android.internal.os.RuntimeInit uid 2000 <<<<<<
11-10 06:50:22.116: D/AndroidRuntime(6329): CheckJNI is OFF
11-10 06:50:22.159: D/ICU(6329): No timezone override file found: /data/misc/zoneinfo/current/icu/icu_tzdata.dat
11-10 06:50:22.207: I/Radio-JNI(6329): register_android_hardware_Radio DONE
11-10 06:50:22.230: D/AndroidRuntime(6329): Calling main entry com.android.commands.appops.AppOpsCommand
11-10 06:50:22.234: D/AndroidRuntime(6329): Shutting down VM
11-10 06:50:23.136: D/AndroidRuntime(6344): >>>>>> START com.android.internal.os.RuntimeInit uid 2000 <<<<<<
11-10 06:50:23.141: D/AndroidRuntime(6344): CheckJNI is OFF
11-10 06:50:23.183: D/ICU(6344): No timezone override file found: /data/misc/zoneinfo/current/icu/icu_tzdata.dat
11-10 06:50:23.236: I/Radio-JNI(6344): register_android_hardware_Radio DONE
11-10 06:50:23.258: D/AndroidRuntime(6344): Calling main entry com.android.commands.am.Am
11-10 06:50:23.262: I/ActivityManager(887): Force stopping com.google.android.apps.mtaas.tools appid=10092 user=0: start instr
11-10 06:50:23.284: I/ActivityManager(887): Start proc 6364:com.google.android.apps.mtaas.tools/u0a92 for added application com.google.android.apps.mtaas.tools
11-10 06:50:23.346: W/System(6364): ClassLoader referenced unknown path: /data/app/com.google.android.apps.mtaas.tools-1/lib/arm
11-10 06:50:23.347: W/System(6364): ClassLoader referenced unknown path: /data/app/com.google.android.apps.mtaas.tools-1/lib/arm
11-10 06:50:23.383: D/DumpPackageStats(6364): Instrumentation completed successfully
11-10 06:50:23.386: D/AndroidRuntime(6344): Shutting down VM
11-10 06:50:23.635: I/ActivityManager(887): Force stopping com.google.android.apps.mtaas.tools appid=10092 user=0: finished inst
11-10 06:50:23.635: I/ActivityManager(887): Killing 6364:com.google.android.apps.mtaas.tools/u0a92 (adj 0): stop com.google.android.apps.mtaas.tools
11-10 06:50:23.635: W/ActivityManager(887): Error shutting down UiAutomationConnection
11-10 06:50:23.721: W/ActivityManager(887): Spurious death for ProcessRecord{54c64a3 0:com.google.android.apps.mtaas.tools/u0a92}, curProc for 6364: null
11-10 06:50:24.329: D/AndroidRuntime(6381): >>>>>> START com.android.internal.os.RuntimeInit uid 2000 <<<<<<
11-10 06:50:24.334: D/AndroidRuntime(6381): CheckJNI is OFF
11-10 06:50:24.377: D/ICU(6381): No timezone override file found: /data/misc/zoneinfo/current/icu/icu_tzdata.dat
11-10 06:50:24.428: I/Radio-JNI(6381): register_android_hardware_Radio DONE
11-10 06:50:24.451: D/AndroidRuntime(6381): Calling main entry com.android.commands.am.Am
11-10 06:50:24.457: I/ActivityManager(887): Force stopping com.google.android.apps.mtaas.tools appid=10092 user=0: start instr
11-10 06:50:24.478: I/ActivityManager(887): Start proc 6389:com.google.android.apps.mtaas.tools/u0a92 for added application com.google.android.apps.mtaas.tools
11-10 06:50:24.556: W/System(6389): ClassLoader referenced unknown path: /data/app/com.google.android.apps.mtaas.tools-1/lib/arm
11-10 06:50:24.556: W/System(6389): ClassLoader referenced unknown path: /data/app/com.google.android.apps.mtaas.tools-1/lib/arm
11-10 06:50:24.603: D/DumpStaticPerfEnv(6389): Instrumentation completed successfully
11-10 06:50:24.607: D/AndroidRuntime(6381): Shutting down VM
11-10 06:50:24.607: I/ActivityManager(887): Force stopping com.google.android.apps.mtaas.tools appid=10092 user=0: finished inst
11-10 06:50:24.608: I/ActivityManager(887): Killing 6389:com.google.android.apps.mtaas.tools/u0a92 (adj 0): stop com.google.android.apps.mtaas.tools
11-10 06:50:24.654: W/ActivityManager(887): Spurious death for ProcessRecord{142b3a0 0:com.google.android.apps.mtaas.tools/u0a92}, curProc for 6389: null
11-10 06:50:25.527: D/AndroidRuntime(6406): >>>>>> START com.android.internal.os.RuntimeInit uid 2000 <<<<<<
11-10 06:50:25.532: D/AndroidRuntime(6406): CheckJNI is OFF
11-10 06:50:25.573: D/ICU(6406): No timezone override file found: /data/misc/zoneinfo/current/icu/icu_tzdata.dat
11-10 06:50:25.621: I/Radio-JNI(6406): register_android_hardware_Radio DONE
11-10 06:50:25.643: D/AndroidRuntime(6406): Calling main entry com.android.commands.am.Am
11-10 06:50:25.648: I/ActivityManager(887): Force stopping com.google.android.apps.mtaas.tools appid=10092 user=0: start instr
11-10 06:50:25.692: I/ActivityManager(887): Start proc 6414:com.google.android.apps.mtaas.tools/u0a92 for added application com.google.android.apps.mtaas.tools
11-10 06:50:25.741: W/System(6414): ClassLoader referenced unknown path: /data/app/com.google.android.apps.mtaas.tools-1/lib/arm
11-10 06:50:25.742: W/System(6414): ClassLoader referenced unknown path: /data/app/com.google.android.apps.mtaas.tools-1/lib/arm
11-10 06:50:25.755: D/GetPackageUid(6414): Instrumentation completed successfully
11-10 06:50:25.759: D/AndroidRuntime(6406): Shutting down VM
11-10 06:50:26.016: I/ActivityManager(887): Force stopping com.google.android.apps.mtaas.tools appid=10092 user=0: finished inst
11-10 06:50:26.017: I/ActivityManager(887): Killing 6414:com.google.android.apps.mtaas.tools/u0a92 (adj 0): stop com.google.android.apps.mtaas.tools
11-10 06:50:26.017: W/ActivityManager(887): Error shutting down UiAutomationConnection
11-10 06:50:26.066: W/ActivityManager(887): Spurious death for ProcessRecord{9e16b59 0:com.google.android.apps.mtaas.tools/u0a92}, curProc for 6414: null
11-10 06:50:29.972: D/WifiStateMachine(887): starting scan for "wl-ftl-mt39-1-5"WPA_PSK with 5500,5825,5200
11-10 06:50:32.279: I/OMXClient(6504): Using client-side OMX mux.
11-10 06:50:32.628: E/OMX-VENC(373): Setting session priority failed
11-10 06:50:32.631: I/OMX-VENC(373): Component_init : OMX.qcom.video.encoder.avc : return = 0x0
11-10 06:50:32.642: E/OMX-VENC(373): set_parameter: metamode is valid for input port only
11-10 06:50:32.642: W/OMXNodeInstance(373): [23:qcom.encoder.avc] component does not support metadata mode; using fallback
11-10 06:50:32.642: E/ACodec(6504): [OMX.qcom.video.encoder.avc] storeMetaDataInBuffers (output) failed w/ err -1010
11-10 06:50:32.644: W/ACodec(6504): do not know color format 0x7fa30c04 = 2141391876
11-10 06:50:32.646: W/ACodec(6504): do not know color format 0x7f000789 = 2130708361
11-10 06:50:32.662: I/ACodec(6504): setupVideoEncoder succeeded
11-10 06:50:32.665: W/ACodec(6504): do not know color format 0x7f000789 = 2130708361
11-10 06:50:32.674: E/OMXNodeInstance(373): getParameter(23:qcom.encoder.avc, ParamConsumerUsageBits(0x6f800004)) ERROR: UnsupportedIndex(0x8000101a)
11-10 06:50:32.712: D/PermissionCache(276): checking android.permission.ACCESS_SURFACE_FLINGER for uid=2000 => granted (323 us)
11-10 06:50:32.728: I/videocat(6504): Encoding 720x1280 video/avc at 2097152 bits per second
11-10 06:50:33.301: D/AndroidRuntime(6541): >>>>>> START com.android.internal.os.RuntimeInit uid 2000 <<<<<<
11-10 06:50:33.306: D/AndroidRuntime(6541): CheckJNI is OFF
11-10 06:50:33.347: D/ICU(6541): No timezone override file found: /data/misc/zoneinfo/current/icu/icu_tzdata.dat
11-10 06:50:33.393: I/Radio-JNI(6541): register_android_hardware_Radio DONE
11-10 06:50:33.413: D/AndroidRuntime(6541): Calling main entry com.android.commands.am.Am
11-10 06:50:33.417: I/ActivityManager(887): Force stopping com.example.concurrencyeval appid=10106 user=0: start instr
11-10 06:50:33.432: I/art(6561): Late-enabling -Xcheck:jni
11-10 06:50:33.434: I/ActivityManager(887): Start proc 6561:com.example.concurrencyeval/u0a106 for added application com.example.concurrencyeval
11-10 06:50:33.437: I/ActivityManager(887): Killing 5367:com.google.android.gmscore.testing.testsupport/u0a105 (adj 15): empty #17
11-10 06:50:33.508: W/System(6561): ClassLoader referenced unknown path: /data/app/com.example.concurrencyeval.test-1/lib/arm
11-10 06:50:33.508: W/System(6561): ClassLoader referenced unknown path: /data/app/com.example.concurrencyeval-1/lib/arm
11-10 06:50:33.595: I/FirebaseInitProvider(6561): FirebaseApp initialization successful
11-10 06:50:33.613: I/MonitoringInstr(6561): Instrumentation started!
11-10 06:50:33.626: I/MonitoringInstr(6561): Setting context classloader to 'dalvik.system.PathClassLoader[DexPathList[[zip file "/system/framework/android.test.runner.jar", zip file "/data/app/com.example.concurrencyeval.test-1/base.apk", zip file "/data/app/com.example.concurrencyeval-1/base.apk"],nativeLibraryDirectories=[/data/app/com.example.concurrencyeval.test-1/lib/arm, /data/app/com.example.concurrencyeval-1/lib/arm, /vendor/lib, /system/lib]]]', Original: 'dalvik.system.PathClassLoader[DexPathList[[zip file "/system/framework/android.test.runner.jar", zip file "/data/app/com.example.concurrencyeval.test-1/base.apk", zip file "/data/app/com.example.concurrencyeval-1/base.apk"],nativeLibraryDirectories=[/data/app/com.example.concurrencyeval.test-1/lib/arm, /data/app/com.example.concurrencyeval-1/lib/arm, /vendor/lib, /system/lib]]]'
11-10 06:50:33.628: I/MonitoringInstr(6561): No JSBridge.
11-10 06:50:33.629: I/MonitoringInstr(6561): Setting context classloader to 'dalvik.system.PathClassLoader[DexPathList[[zip file "/system/framework/android.test.runner.jar", zip file "/data/app/com.example.concurrencyeval.test-1/base.apk", zip file "/data/app/com.example.concurrencyeval-1/base.apk"],nativeLibraryDirectories=[/data/app/com.example.concurrencyeval.test-1/lib/arm, /data/app/com.example.concurrencyeval-1/lib/arm, /vendor/lib, /system/lib]]]', Original: 'dalvik.system.PathClassLoader[DexPathList[[zip file "/system/framework/android.test.runner.jar", zip file "/data/app/com.example.concurrencyeval.test-1/base.apk", zip file "/data/app/com.example.concurrencyeval-1/base.apk"],nativeLibraryDirectories=[/data/app/com.example.concurrencyeval.test-1/lib/arm, /data/app/com.example.concurrencyeval-1/lib/arm, /vendor/lib, /system/lib]]]'
11-10 06:50:33.641: I/UsageTrackerFacilitator(6561): Usage tracking enabled
11-10 06:50:33.660: D/TestExecutor(6561): Adding listener androidx.test.internal.runner.listener.LogRunListener
11-10 06:50:33.660: D/TestExecutor(6561): Adding listener androidx.test.internal.runner.listener.InstrumentationResultPrinter
11-10 06:50:33.661: D/TestExecutor(6561): Adding listener androidx.test.internal.runner.listener.ActivityFinisherRunListener
11-10 06:50:33.671: I/TestRunner(6561): run started: 1 tests
11-10 06:50:33.681: I/TestRunner(6561): started: runTest(com.example.concurrencyeval.FinalImgDownTest)
11-10 06:50:33.683: I/MonitoringInstr(6561): Activities that are still in CREATED to STOPPED: 0
11-10 06:50:33.688: I/ActivityManager(887): START u0 {flg=0x14000000 cmp=com.example.concurrencyeval/.activities.ImgDownloadActivity (has extras)} from uid 10106 on display 0
11-10 06:50:33.702: I/FA(6561): App measurement is starting up, version: 18202
11-10 06:50:33.702: I/FA(6561): To enable debug logging run: adb shell setprop log.tag.FA VERBOSE
11-10 06:50:33.702: I/FA(6561): Faster debug mode event logging enabled. To disable, run:
11-10 06:50:33.702: I/FA(6561):   adb shell setprop debug.firebase.analytics.app .none.
11-10 06:50:33.766: D/LifecycleMonitor(6561): Lifecycle status change: com.example.concurrencyeval.activities.ImgDownloadActivity@423133 in: PRE_ON_CREATE
11-10 06:50:33.780: W/art(6561): Before Android 4.1, method android.graphics.PorterDuffColorFilter androidx.vectordrawable.graphics.drawable.VectorDrawableCompat.updateTintFilter(android.graphics.PorterDuffColorFilter, android.content.res.ColorStateList, android.graphics.PorterDuff$Mode) would have incorrectly overridden the package-private method in android.graphics.drawable.Drawable
11-10 06:50:33.802: W/SurfaceFlinger(276): couldn't log to binary event log: overflow.
11-10 06:50:33.802: I/art(6561): Rejecting re-init on previously-failed class java.lang.Class<androidx.core.view.ViewCompat$2>
11-10 06:50:33.802: I/art(6561): Rejecting re-init on previously-failed class java.lang.Class<androidx.core.view.ViewCompat$2>
11-10 06:50:33.814: I/art(887): Background partial concurrent mark sweep GC freed 41128(3MB) AllocSpace objects, 8(156KB) LOS objects, 31% free, 34MB/50MB, paused 1.022ms total 109.908ms
11-10 06:50:33.898: D/LifecycleMonitor(6561): Lifecycle status change: com.example.concurrencyeval.activities.ImgDownloadActivity@423133 in: CREATED
11-10 06:50:33.899: D/LifecycleMonitor(6561): Lifecycle status change: com.example.concurrencyeval.activities.ImgDownloadActivity@423133 in: STARTED
11-10 06:50:33.900: D/LifecycleMonitor(6561): Lifecycle status change: com.example.concurrencyeval.activities.ImgDownloadActivity@423133 in: RESUMED
11-10 06:50:33.906: D/OpenGLRenderer(6561): Use EGL_SWAP_BEHAVIOR_PRESERVED: true
11-10 06:50:33.964: I/Adreno(6561): QUALCOMM build                   : 52af4d2, I8366cd0437
11-10 06:50:33.964: I/Adreno(6561): Build Date                       : 10/20/15
11-10 06:50:33.964: I/Adreno(6561): OpenGL ES Shader Compiler Version: XE031.05.13.02
11-10 06:50:33.964: I/Adreno(6561): Local Branch                     : M14
11-10 06:50:33.964: I/Adreno(6561): Remote Branch                    : 
11-10 06:50:33.964: I/Adreno(6561): Remote Branch                    : 
11-10 06:50:33.964: I/Adreno(6561): Reconstruct Branch               : 
11-10 06:50:33.969: I/OpenGLRenderer(6561): Initialized EGL, version 1.4
11-10 06:50:34.117: I/ActivityManager(887): Displayed com.example.concurrencyeval/.activities.ImgDownloadActivity: +377ms
11-10 06:50:34.120: I/Keyboard.Facilitator(1553): onFinishInput()
11-10 06:50:34.140: D/EventInjectionStrategy(6561): Creating injection strategy with input manager.
11-10 06:50:34.165: I/ViewInteraction(6561): Performing 'single click' action on view with id: com.example.concurrencyeval:id/id_spinner_choose_img
11-10 06:50:34.488: D/Finsky(6142): [600] AppStatesReplicator.handleContentSyncResponse: Completed 0 account content syncs with 0 successful.
11-10 06:50:34.488: D/Finsky(6142): [1] ContentSyncService$5.onFinished: Installation state replication succeeded.
11-10 06:50:34.612: I/ViewInteraction(6561): Performing 'single click' action on view with text: is "Cat"
11-10 06:50:34.736: I/Keyboard.Facilitator(1553): onFinishInput()
11-10 06:50:34.751: I/Keyboard.Facilitator(1553): onFinishInput()
11-10 06:50:34.853: D/audio_hw_primary(373): out_set_parameters: enter: usecase(1: low-latency-playback) kvpairs: routing=131072
11-10 06:50:34.868: D/audio_hw_primary(373): select_devices: out_snd_device(6: line) in_snd_device(0: none)
11-10 06:50:34.868: D/msm8974_platform(373): platform_send_audio_calibration: sending audio calibration for snd_device(6) acdb_id(77)
11-10 06:50:34.868: D/audio_hw_primary(373): enable_snd_device: snd_device(6: line)
11-10 06:50:34.880: D/audio_hw_primary(373): enable_audio_route: apply and update mixer path: low-latency-playback
11-10 06:50:34.882: I/ViewInteraction(6561): Performing 'single click' action on view with id: com.example.concurrencyeval:id/fd_run_button
11-10 06:50:36.022: I/ViewInteraction(6561): Performing 'single click' action on view with id: com.example.concurrencyeval:id/fd_run_button
11-10 06:50:36.076: D/audio_hw_primary(373): out_set_parameters: enter: usecase(1: low-latency-playback) kvpairs: routing=131072
11-10 06:50:36.160: I/FA(6561): Tag Manager is not found and thus will not be used
11-10 06:50:36.193: W/Conscrypt(5947): Could not set socket write timeout: java.net.SocketException: Socket closed
11-10 06:50:36.193: W/Conscrypt(5947): 	at com.google.android.gms.org.conscrypt.Platform.setSocketWriteTimeout(:com.google.android.gms@19420015@19.4.20 (040300-271418971):2)
11-10 06:50:36.193: W/Conscrypt(5947): 	at com.google.android.gms.org.conscrypt.ConscryptFileDescriptorSocket.setSoWriteTimeout(:com.google.android.gms@19420015@19.4.20 (040300-271418971):2)
11-10 06:50:36.202: W/Conscrypt(5947): Could not set socket write timeout: java.net.SocketException: Socket closed
11-10 06:50:36.204: W/Conscrypt(5947): 	at com.google.android.gms.org.conscrypt.Platform.setSocketWriteTimeout(:com.google.android.gms@19420015@19.4.20 (040300-271418971):2)
11-10 06:50:36.205: W/Conscrypt(5947): 	at com.google.android.gms.org.conscrypt.ConscryptFileDescriptorSocket.setSoWriteTimeout(:com.google.android.gms@19420015@19.4.20 (040300-271418971):2)
11-10 06:50:36.482: E/FirebaseInstanceId(6561): Failed to resolve target intent service, skipping classname enforcement
11-10 06:50:36.484: W/ActivityManager(887): Unable to start service Intent { act=com.google.firebase.MESSAGING_EVENT pkg=com.example.concurrencyeval (has extras) } U=0: not found
11-10 06:50:36.485: E/FirebaseInstanceId(6561): Error while delivering the message: ServiceIntent not found.
11-10 06:50:36.533: W/NetworkScheduler(5947): Task was rescheduled during execution - postponing the schedule request
11-10 06:50:36.545: E/NetworkScheduler.ATC(5947): Called cancelTask for already completed task com.google.android.gms/.measurement.PackageMeasurementTaskService{u=0 tag="Measurement.PackageMeasurementTaskService.UPLOAD_TASK_TAG" trigger=window{start=0s,end=2s,earliest=0s,latest=1s} requirements=[NET_CONNECTED] attributes=[PERSISTED] scheduled=0s last_run=0s jid=N/A status=PENDING retries=0 client_lib=GMS_TASK_SCHEDULER-19420000} :5
11-10 06:50:36.560: E/NetworkScheduler.Stats(5947): Unknown result code received: 4
11-10 06:50:36.572: E/SQLiteDatabase(5947): Error inserting source=16 tag=Measurement.PackageMeasurementTaskService.UPLOAD_TASK_TAG requires_charging=0 target_package=com.google.android.gms source_version=19420000 required_network_type=0 flex_time=0 target_class=com.google.android.gms.measurement.PackageMeasurementTaskService runtime=1573397436518 retry_strategy={"maximum_backoff_seconds":{"3600":0},"initial_backoff_seconds":{"30":0},"retry_policy":{"0":0}} last_runtime=0 period=2000 task_type=0 job_id=-1 user_id=0
11-10 06:50:36.572: E/SQLiteDatabase(5947): android.database.sqlite.SQLiteConstraintException: UNIQUE constraint failed: pending_ops.tag, pending_ops.target_class, pending_ops.target_package, pending_ops.user_id (code 2067)
11-10 06:50:36.572: E/SQLiteDatabase(5947): 	at android.database.sqlite.SQLiteConnection.nativeExecuteForLastInsertedRowId(Native Method)
11-10 06:50:36.572: E/SQLiteDatabase(5947): 	at android.database.sqlite.SQLiteConnection.executeForLastInsertedRowId(SQLiteConnection.java:780)
11-10 06:50:36.572: E/SQLiteDatabase(5947): 	at android.database.sqlite.SQLiteSession.executeForLastInsertedRowId(SQLiteSession.java:788)
11-10 06:50:36.572: E/SQLiteDatabase(5947): 	at android.database.sqlite.SQLiteStatement.executeInsert(SQLiteStatement.java:86)
11-10 06:50:36.572: E/SQLiteDatabase(5947): 	at android.database.sqlite.SQLiteDatabase.insertWithOnConflict(SQLiteDatabase.java:1471)
11-10 06:50:36.572: E/SQLiteDatabase(5947): 	at android.database.sqlite.SQLiteDatabase.insert(SQLiteDatabase.java:1341)
11-10 06:50:36.572: E/SQLiteDatabase(5947): 	at aqdo.a(:com.google.android.gms@19420015@19.4.20 (040300-271418971):200)
11-10 06:50:36.572: E/SQLiteDatabase(5947): 	at aqdh.a(:com.google.android.gms@19420015@19.4.20 (040300-271418971):210)
11-10 06:50:36.572: E/SQLiteDatabase(5947): 	at aqdh.a(:com.google.android.gms@19420015@19.4.20 (040300-271418971):26)
11-10 06:50:36.572: E/SQLiteDatabase(5947): 	at aqdh.c(:com.google.android.gms@19420015@19.4.20 (040300-271418971):10)
11-10 06:50:36.572: E/SQLiteDatabase(5947): 	at aqdh.a(:com.google.android.gms@19420015@19.4.20 (040300-271418971):102)
11-10 06:50:36.572: E/SQLiteDatabase(5947): 	at aqdf.handleMessage(:com.google.android.gms@19420015@19.4.20 (040300-271418971):28)
11-10 06:50:36.572: E/SQLiteDatabase(5947): 	at android.os.Handler.dispatchMessage(Handler.java:102)
11-10 06:50:36.572: E/SQLiteDatabase(5947): 	at aetx.a(:com.google.android.gms@19420015@19.4.20 (040300-271418971):3)
11-10 06:50:36.572: E/SQLiteDatabase(5947): 	at aetx.dispatchMessage(:com.google.android.gms@19420015@19.4.20 (040300-271418971):4)
11-10 06:50:36.572: E/SQLiteDatabase(5947): 	at android.os.Looper.loop(Looper.java:148)
11-10 06:50:36.572: E/SQLiteDatabase(5947): 	at android.os.HandlerThread.run(HandlerThread.java:61)
11-10 06:50:36.778: I/ViewInteraction(6561): Performing 'single click' action on view with id: com.example.concurrencyeval:id/fd_run_button
11-10 06:50:36.832: D/audio_hw_primary(373): out_set_parameters: enter: usecase(1: low-latency-playback) kvpairs: routing=131072
11-10 06:50:36.877: D/AudioFlinger(373): mixer(0xb3dc0000) throttle end: throttle time(4)
11-10 06:50:37.385: I/ViewInteraction(6561): Performing 'single click' action on view with id: com.example.concurrencyeval:id/fd_run_button
11-10 06:50:37.447: D/audio_hw_primary(373): out_set_parameters: enter: usecase(1: low-latency-playback) kvpairs: routing=131072
11-10 06:50:37.520: W/ChimeraUtils(5947): Non Chimera context
11-10 06:50:37.553: W/ChimeraUtils(5947): Non Chimera context
11-10 06:50:37.567: W/ChimeraUtils(5947): Non Chimera context
11-10 06:50:38.003: I/ViewInteraction(6561): Performing 'single click' action on view with id: com.example.concurrencyeval:id/id_spinner_choose_img
11-10 06:50:38.378: I/ViewInteraction(6561): Performing 'single click' action on view with text: is "Dog"
11-10 06:50:38.497: I/Keyboard.Facilitator(1553): onFinishInput()
11-10 06:50:38.500: D/audio_hw_primary(373): out_set_parameters: enter: usecase(1: low-latency-playback) kvpairs: routing=131072
11-10 06:50:38.510: I/Keyboard.Facilitator(1553): onFinishInput()
11-10 06:50:38.645: I/ViewInteraction(6561): Performing 'single click' action on view with id: com.example.concurrencyeval:id/fd_run_button
11-10 06:50:38.704: D/audio_hw_primary(373): out_set_parameters: enter: usecase(1: low-latency-playback) kvpairs: routing=131072
11-10 06:50:38.749: D/AudioFlinger(373): mixer(0xb3dc0000) throttle end: throttle time(4)
11-10 06:50:39.216: W/CursorWrapperInner(6094): Cursor finalized without prior close()
11-10 06:50:39.219: I/ActivityManager(887): Killing 5648:com.google.android.apps.magazines/u0a71 (adj 15): empty #17
11-10 06:50:39.267: I/ViewInteraction(6561): Performing 'single click' action on view with id: com.example.concurrencyeval:id/fd_run_button
11-10 06:50:39.316: D/audio_hw_primary(373): out_set_parameters: enter: usecase(1: low-latency-playback) kvpairs: routing=131072
11-10 06:50:39.956: I/ViewInteraction(6561): Performing 'single click' action on view with id: com.example.concurrencyeval:id/fd_run_button
11-10 06:50:40.012: D/audio_hw_primary(373): out_set_parameters: enter: usecase(1: low-latency-playback) kvpairs: routing=131072
11-10 06:50:40.508: I/ViewInteraction(6561): Performing 'single click' action on view with id: com.example.concurrencyeval:id/fd_run_button
11-10 06:50:40.564: D/audio_hw_primary(373): out_set_parameters: enter: usecase(1: low-latency-playback) kvpairs: routing=131072
11-10 06:50:41.179: I/ViewInteraction(6561): Performing 'single click' action on view with id: com.example.concurrencyeval:id/id_spinner_choose_img
11-10 06:50:41.540: I/ViewInteraction(6561): Performing 'single click' action on view with text: is "Lion"
11-10 06:50:41.668: D/audio_hw_primary(373): out_set_parameters: enter: usecase(1: low-latency-playback) kvpairs: routing=131072
11-10 06:50:41.675: I/Keyboard.Facilitator(1553): onFinishInput()
11-10 06:50:41.688: I/Keyboard.Facilitator(1553): onFinishInput()
11-10 06:50:41.823: I/ViewInteraction(6561): Performing 'single click' action on view with id: com.example.concurrencyeval:id/fd_run_button
11-10 06:50:41.884: D/audio_hw_primary(373): out_set_parameters: enter: usecase(1: low-latency-playback) kvpairs: routing=131072
11-10 06:50:42.348: I/ViewInteraction(6561): Performing 'single click' action on view with id: com.example.concurrencyeval:id/fd_run_button
11-10 06:50:42.403: D/audio_hw_primary(373): out_set_parameters: enter: usecase(1: low-latency-playback) kvpairs: routing=131072
11-10 06:50:42.445: D/AudioFlinger(373): mixer(0xb3dc0000) throttle end: throttle time(7)
11-10 06:50:42.830: I/ViewInteraction(6561): Performing 'single click' action on view with id: com.example.concurrencyeval:id/fd_run_button
11-10 06:50:42.880: D/audio_hw_primary(373): out_set_parameters: enter: usecase(1: low-latency-playback) kvpairs: routing=131072
11-10 06:50:42.925: D/AudioFlinger(373): mixer(0xb3dc0000) throttle end: throttle time(4)
11-10 06:50:43.301: I/ViewInteraction(6561): Performing 'single click' action on view with id: com.example.concurrencyeval:id/fd_run_button
11-10 06:50:43.360: D/audio_hw_primary(373): out_set_parameters: enter: usecase(1: low-latency-playback) kvpairs: routing=131072
11-10 06:50:43.405: D/AudioFlinger(373): mixer(0xb3dc0000) throttle end: throttle time(4)
11-10 06:50:43.792: I/ViewInteraction(6561): Performing 'single click' action on view with id: com.example.concurrencyeval:id/id_spinner_choose_img
11-10 06:50:44.127: I/ViewInteraction(6561): Performing 'single click' action on view with text: is "Pigeon"
11-10 06:50:44.246: I/Keyboard.Facilitator(1553): onFinishInput()
11-10 06:50:44.251: D/audio_hw_primary(373): out_set_parameters: enter: usecase(1: low-latency-playback) kvpairs: routing=131072
11-10 06:50:44.261: I/Keyboard.Facilitator(1553): onFinishInput()
11-10 06:50:44.293: D/AudioFlinger(373): mixer(0xb3dc0000) throttle end: throttle time(7)
11-10 06:50:44.395: I/ViewInteraction(6561): Performing 'single click' action on view with id: com.example.concurrencyeval:id/fd_run_button
11-10 06:50:44.452: D/audio_hw_primary(373): out_set_parameters: enter: usecase(1: low-latency-playback) kvpairs: routing=131072
11-10 06:50:44.865: I/ViewInteraction(6561): Performing 'single click' action on view with id: com.example.concurrencyeval:id/fd_run_button
11-10 06:50:44.923: D/audio_hw_primary(373): out_set_parameters: enter: usecase(1: low-latency-playback) kvpairs: routing=131072
11-10 06:50:44.965: D/AudioFlinger(373): mixer(0xb3dc0000) throttle end: throttle time(7)
11-10 06:50:45.322: I/ViewInteraction(6561): Performing 'single click' action on view with id: com.example.concurrencyeval:id/fd_run_button
11-10 06:50:45.376: D/audio_hw_primary(373): out_set_parameters: enter: usecase(1: low-latency-playback) kvpairs: routing=131072
11-10 06:50:45.421: D/AudioFlinger(373): mixer(0xb3dc0000) throttle end: throttle time(4)
11-10 06:50:45.754: I/ViewInteraction(6561): Performing 'single click' action on view with id: com.example.concurrencyeval:id/fd_run_button
11-10 06:50:45.811: D/audio_hw_primary(373): out_set_parameters: enter: usecase(1: low-latency-playback) kvpairs: routing=131072
11-10 06:50:45.853: D/AudioFlinger(373): mixer(0xb3dc0000) throttle end: throttle time(7)
11-10 06:50:46.210: I/ViewInteraction(6561): Performing 'single click' action on view with id: com.example.concurrencyeval:id/id_spinner_choose_img
11-10 06:50:46.598: I/ViewInteraction(6561): Performing 'single click' action on view with text: is "Platypus"
11-10 06:50:46.717: I/Keyboard.Facilitator(1553): onFinishInput()
11-10 06:50:46.723: D/audio_hw_primary(373): out_set_parameters: enter: usecase(1: low-latency-playback) kvpairs: routing=131072
11-10 06:50:46.727: I/Keyboard.Facilitator(1553): onFinishInput()
11-10 06:50:46.765: D/AudioFlinger(373): mixer(0xb3dc0000) throttle end: throttle time(7)
11-10 06:50:46.868: I/ViewInteraction(6561): Performing 'single click' action on view with id: com.example.concurrencyeval:id/fd_run_button
11-10 06:50:46.924: D/audio_hw_primary(373): out_set_parameters: enter: usecase(1: low-latency-playback) kvpairs: routing=131072
11-10 06:50:47.331: I/ViewInteraction(6561): Performing 'single click' action on view with id: com.example.concurrencyeval:id/fd_run_button
11-10 06:50:47.395: D/audio_hw_primary(373): out_set_parameters: enter: usecase(1: low-latency-playback) kvpairs: routing=131072
11-10 06:50:47.457: D/AudioFlinger(373): mixer(0xb3dc0000) throttle end: throttle time(13)
11-10 06:50:47.776: I/ViewInteraction(6561): Performing 'single click' action on view with id: com.example.concurrencyeval:id/fd_run_button
11-10 06:50:47.833: D/audio_hw_primary(373): out_set_parameters: enter: usecase(1: low-latency-playback) kvpairs: routing=131072
11-10 06:50:48.209: I/ViewInteraction(6561): Performing 'single click' action on view with id: com.example.concurrencyeval:id/fd_run_button
11-10 06:50:48.267: D/audio_hw_primary(373): out_set_parameters: enter: usecase(1: low-latency-playback) kvpairs: routing=131072
11-10 06:50:48.707: D/LifecycleMonitor(6561): Lifecycle status change: com.example.concurrencyeval.activities.ImgDownloadActivity@423133 in: PAUSED
11-10 06:50:48.707: D/LifecycleMonitor(6561): running callback: androidx.test.rule.ActivityTestRule$LifecycleCallback@5112ec6
11-10 06:50:48.707: D/LifecycleMonitor(6561): callback completes: androidx.test.rule.ActivityTestRule$LifecycleCallback@5112ec6
11-10 06:50:48.717: I/ActivityManager(887): START u0 {flg=0x10000000 cmp=com.example.concurrencyeval/.activities.ImgDownloadActivity (has extras)} from uid 10106 on display 0
11-10 06:50:48.726: I/BackdropActivity(6094): onResume()
11-10 06:50:48.826: D/LifecycleMonitor(6561): Lifecycle status change: com.example.concurrencyeval.activities.ImgDownloadActivity@f4c2f95 in: PRE_ON_CREATE
11-10 06:50:48.826: D/LifecycleMonitor(6561): running callback: androidx.test.rule.ActivityTestRule$LifecycleCallback@5112ec6
11-10 06:50:48.826: D/LifecycleMonitor(6561): callback completes: androidx.test.rule.ActivityTestRule$LifecycleCallback@5112ec6
11-10 06:50:48.852: D/LifecycleMonitor(6561): Lifecycle status change: com.example.concurrencyeval.activities.ImgDownloadActivity@f4c2f95 in: CREATED
11-10 06:50:48.852: D/LifecycleMonitor(6561): running callback: androidx.test.rule.ActivityTestRule$LifecycleCallback@5112ec6
11-10 06:50:48.852: D/LifecycleMonitor(6561): callback completes: androidx.test.rule.ActivityTestRule$LifecycleCallback@5112ec6
11-10 06:50:48.853: D/LifecycleMonitor(6561): Lifecycle status change: com.example.concurrencyeval.activities.ImgDownloadActivity@f4c2f95 in: STARTED
11-10 06:50:48.853: D/LifecycleMonitor(6561): running callback: androidx.test.rule.ActivityTestRule$LifecycleCallback@5112ec6
11-10 06:50:48.853: D/LifecycleMonitor(6561): callback completes: androidx.test.rule.ActivityTestRule$LifecycleCallback@5112ec6
11-10 06:50:48.854: D/LifecycleMonitor(6561): Lifecycle status change: com.example.concurrencyeval.activities.ImgDownloadActivity@f4c2f95 in: RESUMED
11-10 06:50:48.854: D/LifecycleMonitor(6561): running callback: androidx.test.rule.ActivityTestRule$LifecycleCallback@5112ec6
11-10 06:50:48.854: D/LifecycleMonitor(6561): callback completes: androidx.test.rule.ActivityTestRule$LifecycleCallback@5112ec6
11-10 06:50:48.930: W/SurfaceFlinger(276): couldn't log to binary event log: overflow.
11-10 06:50:48.941: I/ActivityManager(887): Displayed com.example.concurrencyeval/.activities.ImgDownloadActivity: +126ms
11-10 06:50:48.944: I/Keyboard.Facilitator(1553): onFinishInput()
11-10 06:50:48.957: I/ViewInteraction(6561): Performing 'single click' action on view with id: com.example.concurrencyeval:id/id_spinner_choose_img
11-10 06:50:48.958: D/LifecycleMonitor(6561): Lifecycle status change: com.example.concurrencyeval.activities.ImgDownloadActivity@423133 in: STOPPED
11-10 06:50:48.959: D/LifecycleMonitor(6561): running callback: androidx.test.rule.ActivityTestRule$LifecycleCallback@5112ec6
11-10 06:50:48.959: D/LifecycleMonitor(6561): callback completes: androidx.test.rule.ActivityTestRule$LifecycleCallback@5112ec6
11-10 06:50:48.959: D/LifecycleMonitor(6561): Lifecycle status change: com.example.concurrencyeval.activities.ImgDownloadActivity@423133 in: DESTROYED
11-10 06:50:48.959: D/LifecycleMonitor(6561): running callback: androidx.test.rule.ActivityTestRule$LifecycleCallback@5112ec6
11-10 06:50:48.959: D/LifecycleMonitor(6561): callback completes: androidx.test.rule.ActivityTestRule$LifecycleCallback@5112ec6
11-10 06:50:49.286: I/ViewInteraction(6561): Performing 'single click' action on view with text: is "Cat"
11-10 06:50:49.407: D/audio_hw_primary(373): out_set_parameters: enter: usecase(1: low-latency-playback) kvpairs: routing=131072
11-10 06:50:49.407: I/Keyboard.Facilitator(1553): onFinishInput()
11-10 06:50:49.420: I/Keyboard.Facilitator(1553): onFinishInput()
11-10 06:50:49.449: D/AudioFlinger(373): mixer(0xb3dc0000) throttle end: throttle time(7)
11-10 06:50:49.556: I/ViewInteraction(6561): Performing 'single click' action on view with id: com.example.concurrencyeval:id/fd_run_button
11-10 06:50:49.611: D/audio_hw_primary(373): out_set_parameters: enter: usecase(1: low-latency-playback) kvpairs: routing=131072
11-10 06:50:50.276: I/ViewInteraction(6561): Performing 'single click' action on view with id: com.example.concurrencyeval:id/fd_run_button
11-10 06:50:50.331: D/audio_hw_primary(373): out_set_parameters: enter: usecase(1: low-latency-playback) kvpairs: routing=131072
11-10 06:50:50.965: I/ViewInteraction(6561): Performing 'single click' action on view with id: com.example.concurrencyeval:id/fd_run_button
11-10 06:50:51.027: D/audio_hw_primary(373): out_set_parameters: enter: usecase(1: low-latency-playback) kvpairs: routing=131072
