11-10 06:50:03.394: W/Conscrypt(4682): 	at com.google.android.gms.org.conscrypt.Platform.setSocketWriteTimeout(:com.google.android.gms@19420015@19.4.20 (040300-271418971):2)
11-10 06:50:03.394: W/Conscrypt(4682): 	at com.google.android.gms.org.conscrypt.ConscryptFileDescriptorSocket.setSoWriteTimeout(:com.google.android.gms@19420015@19.4.20 (040300-271418971):2)
11-10 06:50:03.416: I/Icing(4746): Usage reports ok 0, Failed Usage reports 0, indexed 0, rejected 0
11-10 06:50:03.423: W/Conscrypt(4682): Could not set socket write timeout: java.net.SocketException: Socket closed
11-10 06:50:03.424: W/Conscrypt(4682): 	at com.google.android.gms.org.conscrypt.Platform.setSocketWriteTimeout(:com.google.android.gms@19420015@19.4.20 (040300-271418971):2)
11-10 06:50:03.424: W/Conscrypt(4682): 	at com.google.android.gms.org.conscrypt.ConscryptFileDescriptorSocket.setSoWriteTimeout(:com.google.android.gms@19420015@19.4.20 (040300-271418971):2)
11-10 06:50:03.493: I/UpdateIcingCorporaServi(4362): UpdateCorporaTask done [took 865 ms] updated apps [took 800 ms] updated contacts [took 65 ms]
11-10 06:50:03.496: W/GAV2(5724): Thread[main,5,main]: Need to call initialize() and be in fallback mode to start dispatch.
11-10 06:50:03.548: E/Gmail(5724): Error finding the version of the Email provider.....
11-10 06:50:03.548: E/Gmail(5724): android.content.pm.PackageManager$NameNotFoundException: com.google.android.email
11-10 06:50:03.548: E/Gmail(5724): 	at android.app.ApplicationPackageManager.getPackageInfo(ApplicationPackageManager.java:137)
11-10 06:50:03.548: E/Gmail(5724): 	at com.google.android.gm.EmailMigrationService.a(SourceFile:1280)
11-10 06:50:03.548: E/Gmail(5724): 	at com.google.android.gm.EmailMigrationService.onHandleIntent(SourceFile:219)
11-10 06:50:03.548: E/Gmail(5724): 	at android.app.IntentService$ServiceHandler.handleMessage(IntentService.java:66)
11-10 06:50:03.548: E/Gmail(5724): 	at android.os.Handler.dispatchMessage(Handler.java:102)
11-10 06:50:03.548: E/Gmail(5724): 	at android.os.Looper.loop(Looper.java:148)
11-10 06:50:03.548: E/Gmail(5724): 	at android.os.HandlerThread.run(HandlerThread.java:61)
11-10 06:50:03.548: W/EmailMigration(5724): We do not support migrating this version of the Email provider.
11-10 06:50:03.558: I/NotifUtils(5724): resendNotifications cancelExisting: true, account: null, folder: null
11-10 06:50:03.564: I/ActivityManager(887): Start proc 5763:com.google.android.gm.exchange/u0a80 for service com.google.android.gm.exchange/com.android.exchange.service.EasService
11-10 06:50:03.586: I/ActivityManager(887): Start proc 5775:com.google.android.keep/u0a82 for broadcast com.google.android.keep/.notification.AlertReceiver
11-10 06:50:03.598: W/System(5763): ClassLoader referenced unknown path: /system/app/PrebuiltExchange3Google/lib/arm
11-10 06:50:03.615: W/System(5775): ClassLoader referenced unknown path: /system/app/PrebuiltKeep/lib/arm
11-10 06:50:03.640: I/Gmail(5724): getAccountsCursor
11-10 06:50:03.645: W/ChimeraUtils(4682): Non Chimera context
11-10 06:50:03.725: I/ActivityManager(887): Start proc 5797:com.google.android.youtube/u0a90 for broadcast com.google.android.youtube/com.google.android.apps.youtube.app.system.LocaleUpdatedReceiver
11-10 06:50:03.753: W/System(5797): ClassLoader referenced unknown path: /system/app/YouTube/lib/arm
11-10 06:50:03.756: I/PeopleChimeraService(4746): onService. callbacks = aalv@1ca9e59, request = com.google.android.gms.common.internal.GetServiceRequest@15aba1e
11-10 06:50:03.847: I/NotifUtils(5724): resendNotifications cancelExisting: true, account: null, folder: null
11-10 06:50:03.850: V/NativeCrypto(5797): Registering com/google/android/gms/org/conscrypt/NativeCrypto's 284 native methods...
11-10 06:50:03.889: W/ChimeraUtils(4682): Non Chimera context
11-10 06:50:03.898: I/art(5797): Rejecting re-init on previously-failed class java.lang.Class<com.google.android.gms.org.conscrypt.Java7ExtendedSSLSession>
11-10 06:50:03.898: I/art(5797): Rejecting re-init on previously-failed class java.lang.Class<com.google.android.gms.org.conscrypt.Java7ExtendedSSLSession>
11-10 06:50:03.899: I/art(5797): Rejecting re-init on previously-failed class java.lang.Class<com.google.android.gms.org.conscrypt.Java8ExtendedSSLSession>
11-10 06:50:03.900: I/art(5797): Rejecting re-init on previously-failed class java.lang.Class<com.google.android.gms.org.conscrypt.Java8ExtendedSSLSession>
11-10 06:50:03.904: I/Gmail(5724): getAccountsCursor
11-10 06:50:03.910: W/ChimeraUtils(4682): Non Chimera context
11-10 06:50:03.931: I/ProviderInstaller(5797): Installed default security provider GmsCore_OpenSSL
11-10 06:50:03.936: W/DynamiteModule(5797): Failed to load module via V2: java.lang.ClassNotFoundException: Didn't find class "com.google.android.gms.dynamite.DynamiteModule$DynamiteLoaderClassLoader" on path: DexPathList[[zip file "/system/app/YouTube/YouTube.apk"],nativeLibraryDirectories=[/system/app/YouTube/lib/arm, /system/app/YouTube/YouTube.apk!/lib/armeabi-v7a, /vendor/lib, /system/lib]]
11-10 06:50:03.960: I/DynamiteModule(5797): Considering local module com.google.android.gms.ads.dynamite:0 and remote module com.google.android.gms.ads.dynamite:20461
11-10 06:50:03.961: I/DynamiteModule(5797): Selected remote version of com.google.android.gms.ads.dynamite, version >= 20461
11-10 06:50:03.964: W/System.err(5797): YouTube MDX: Bogus value in shared preferences for key MdxServerSelection value , returning default value.
11-10 06:50:03.986: W/System(5797): ClassLoader referenced unknown path: /data/data/com.google.android.gms/app_chimera/m/00000000/n/armeabi-v7a
11-10 06:50:03.986: W/System(5797): ClassLoader referenced unknown path: /data/data/com.google.android.gms/app_chimera/m/00000000/n/armeabi
11-10 06:50:03.992: D/DynamitePackage(5797): Instantiated singleton DynamitePackage.
11-10 06:50:03.992: D/DynamitePackage(5797): Instantiating com.google.android.gms.ads.adshield.ChimeraAdShieldCreatorImpl
11-10 06:50:04.106: W/InstanceID/Rpc(5797): Found 10014
11-10 06:50:04.119: W/ChimeraUtils(4746): Non Chimera context
11-10 06:50:04.136: I/CalendarProvider2(5628): Sending notification intent: Intent { act=android.intent.action.PROVIDER_CHANGED dat=content://com.android.calendar flg=0x20000000 }
11-10 06:50:04.137: W/ContentResolver(5628): Failed to get type for: content://com.android.calendar (Unknown URL content://com.android.calendar)
11-10 06:50:04.138: I/PeopleDatabaseHelper(4746): Updating DB locale: en_US -> pt
11-10 06:50:04.146: D/AndroidRuntime(5757): >>>>>> START com.android.internal.os.RuntimeInit uid 2000 <<<<<<
11-10 06:50:04.150: D/AndroidRuntime(5757): CheckJNI is OFF
11-10 06:50:04.152: W/ActivityManager(887): Unable to start service Intent { cmp=com.google.android.gm/com.android.email.service.AttachmentService } U=0: not found
11-10 06:50:04.158: I/Gmail(5724): Observing account changes for notifications
11-10 06:50:04.194: D/ICU(5757): No timezone override file found: /data/misc/zoneinfo/current/icu/icu_tzdata.dat
11-10 06:50:04.220: I/PeopleSearchIndexManage(4746): Marking for index update.
11-10 06:50:04.233: W/ChimeraUtils(4746): Non Chimera context
11-10 06:50:04.239: W/DynamiteModule(4746): Local module descriptor class for providerinstaller not found.
11-10 06:50:04.239: I/DynamiteModule(4746): Considering local module providerinstaller:0 and remote module providerinstaller:0
11-10 06:50:04.240: W/ProviderInstaller(4746): Failed to load providerinstaller module: No acceptable module found. Local version is 0 and remote version is 0.
11-10 06:50:04.249: I/Radio-JNI(5757): register_android_hardware_Radio DONE
11-10 06:50:04.249: I/PeopleSearchIndexManage(4746): Index version changed from 0
11-10 06:50:04.251: I/PeopleSearchIndexManage(4746): Rebuilding index...
11-10 06:50:04.272: D/AndroidRuntime(5757): Calling main entry com.android.commands.settings.SettingsCmd
11-10 06:50:04.288: I/PeopleASM(4746): Rebuilding autocomplete index...
11-10 06:50:04.292: D/AndroidRuntime(5757): Shutting down VM
11-10 06:50:04.297: I/PeopleSearchIndexManage(4746): Rebuilding index done.
11-10 06:50:04.333: W/GAV2(5763): Thread[main,5,main]: Need to call initialize() and be in fallback mode to start dispatch.
11-10 06:50:04.351: I/IcingInternalCorpora(4746): Received calendar change notification.
11-10 06:50:04.362: I/Exchange(5763): EasService.onCreate
11-10 06:50:04.387: I/Exchange(5763): RestartPingTask
11-10 06:50:04.421: I/Exchange(5763): RestartPingsTask did not start any pings.
11-10 06:50:04.421: I/Exchange(5763): PSS stopIfIdle
11-10 06:50:04.421: I/Exchange(5763): PSS has no active accounts; stopping service.
11-10 06:50:04.422: I/Exchange(5763): onDestroy
11-10 06:50:04.423: I/ActivityManager(887): Killing 5238:com.android.musicfx/u0a23 (adj 15): empty #17
11-10 06:50:04.477: I/Icing(4746): Indexing com.google.android.googlequicksearchbox-applications_uri from com.google.android.googlequicksearchbox
11-10 06:50:04.667: I/LocaleChangeIO(4682): Requesting GmsCore restart due to change in locale assets
11-10 06:50:04.669: I/Process(4746): Sending signal. PID: 4746 SIG: 9
11-10 06:50:04.670: I/Process(4682): Sending signal. PID: 4682 SIG: 9
11-10 06:50:04.714: E/JavaBinder(5797): !!! FAILED BINDER TRANSACTION !!!  (parcel size = 148)
11-10 06:50:04.715: I/AdvertisingIdClient(5797): GMS remote exception 
11-10 06:50:04.715: I/AdvertisingIdClient(5797): android.os.DeadObjectException: Transaction failed on small parcel; remote process probably died
11-10 06:50:04.715: I/AdvertisingIdClient(5797): 	at android.os.BinderProxy.transactNative(Native Method)
11-10 06:50:04.715: I/AdvertisingIdClient(5797): 	at android.os.BinderProxy.transact(Binder.java:503)
11-10 06:50:04.715: I/AdvertisingIdClient(5797): 	at jz.a(:com.google.android.gms.policy_ads_fdr_dynamite@20461000@20461000.264725060.264725060:2)
11-10 06:50:04.715: I/AdvertisingIdClient(5797): 	at com.google.android.gms.ads.identifier.internal.a.b(:com.google.android.gms.policy_ads_fdr_dynamite@20461000@20461000.264725060.264725060)
11-10 06:50:04.715: I/AdvertisingIdClient(5797): 	at com.google.android.gms.ads.identifier.b.b(:com.google.android.gms.policy_ads_fdr_dynamite@20461000@20461000.264725060.264725060:8)
11-10 06:50:04.715: I/AdvertisingIdClient(5797): 	at com.google.android.ads.tasks.i.c(:com.google.android.gms.policy_ads_fdr_dynamite@20461000@20461000.264725060.264725060:2)
11-10 06:50:04.715: I/AdvertisingIdClient(5797): 	at com.google.android.ads.tasks.i.a(:com.google.android.gms.policy_ads_fdr_dynamite@20461000@20461000.264725060.264725060:8)
11-10 06:50:04.715: I/AdvertisingIdClient(5797): 	at com.google.android.ads.tasks.aa.b(:com.google.android.gms.policy_ads_fdr_dynamite@20461000@20461000.264725060.264725060:2)
11-10 06:50:04.715: I/AdvertisingIdClient(5797): 	at com.google.android.ads.tasks.i.b(:com.google.android.gms.policy_ads_fdr_dynamite@20461000@20461000.264725060.264725060:5)
11-10 06:50:04.715: I/AdvertisingIdClient(5797): 	at com.google.android.ads.tasks.i.call(:com.google.android.gms.policy_ads_fdr_dynamite@20461000@20461000.264725060.264725060)
11-10 06:50:04.715: I/AdvertisingIdClient(5797): 	at java.util.concurrent.FutureTask.run(FutureTask.java:237)
11-10 06:50:04.715: I/AdvertisingIdClient(5797): 	at java.util.concurrent.ThreadPoolExecutor.runWorker(ThreadPoolExecutor.java:1113)
11-10 06:50:04.715: I/AdvertisingIdClient(5797): 	at java.util.concurrent.ThreadPoolExecutor$Worker.run(ThreadPoolExecutor.java:588)
11-10 06:50:04.715: I/AdvertisingIdClient(5797): 	at java.lang.Thread.run(Thread.java:818)
11-10 06:50:04.722: D/ConnectivityService(887): ConnectivityService NetworkRequestInfo binderDied(NetworkRequest [ id=8, legacyType=-1, [ Capabilities: INTERNET&NOT_RESTRICTED&TRUSTED] ], android.os.BinderProxy@1455ed0)
11-10 06:50:04.725: D/ConnectivityService(887): releasing NetworkRequest NetworkRequest [ id=8, legacyType=-1, [ Capabilities: INTERNET&NOT_RESTRICTED&TRUSTED] ]
11-10 06:50:04.725: E/ConnectivityService(887): RemoteException caught trying to send a callback msg for NetworkRequest [ id=8, legacyType=-1, [ Capabilities: INTERNET&NOT_RESTRICTED&TRUSTED] ]
11-10 06:50:04.726: D/WifiService(887): Client connection lost with reason: 4
11-10 06:50:04.730: I/ActivityManager(887): Process com.google.android.gms (pid 4746) has died
11-10 06:50:04.731: E/lowmemorykiller(274): Error writing /proc/4682/oom_score_adj; errno=22
11-10 06:50:04.731: E/JavaBinder(887): !!! FAILED BINDER TRANSACTION !!!  (parcel size = 404)
11-10 06:50:04.737: W/ActivityManager(887): Exception when unbinding service com.google.android.gms/.chimera.PersistentApiService
11-10 06:50:04.737: W/ActivityManager(887): android.os.DeadObjectException: Transaction failed on small parcel; remote process probably died
11-10 06:50:04.737: W/ActivityManager(887): 	at android.os.BinderProxy.transactNative(Native Method)
11-10 06:50:04.737: W/ActivityManager(887): 	at android.os.BinderProxy.transact(Binder.java:503)
11-10 06:50:04.737: W/ActivityManager(887): 	at android.app.ApplicationThreadProxy.scheduleUnbindService(ApplicationThreadNative.java:956)
11-10 06:50:04.737: W/ActivityManager(887): 	at com.android.server.am.ActiveServices.removeConnectionLocked(ActiveServices.java:1874)
11-10 06:50:04.737: W/ActivityManager(887): 	at com.android.server.am.ActiveServices.killServicesLocked(ActiveServices.java:2237)
11-10 06:50:04.737: W/ActivityManager(887): 	at com.android.server.am.ActivityManagerService.cleanUpApplicationRecordLocked(ActivityManagerService.java:15543)
11-10 06:50:04.737: W/ActivityManager(887): 	at com.android.server.am.ActivityManagerService.handleAppDiedLocked(ActivityManagerService.java:4567)
11-10 06:50:04.737: W/ActivityManager(887): 	at com.android.server.am.ActivityManagerService.appDiedLocked(ActivityManagerService.java:4730)
11-10 06:50:04.737: W/ActivityManager(887): 	at com.android.server.am.ActivityManagerService$AppDeathRecipient.binderDied(ActivityManagerService.java:1324)
11-10 06:50:04.737: W/ActivityManager(887): 	at android.os.BinderProxy.sendDeathNotice(Binder.java:558)
11-10 06:50:04.737: E/lowmemorykiller(274): Error writing /proc/4682/oom_score_adj; errno=22
11-10 06:50:04.737: E/lowmemorykiller(274): Error writing /proc/4682/oom_score_adj; errno=22
11-10 06:50:04.721: I/Process(20578): Sending signal. PID: 20578 SIG: 9
11-10 06:50:04.737: E/JavaBinder(887): !!! FAILED BINDER TRANSACTION !!!  (parcel size = 420)
11-10 06:50:04.738: W/ActivityManager(887): Exception when unbinding service com.google.android.gms/.chimera.PersistentBoundBrokerService
11-10 06:50:04.738: W/ActivityManager(887): android.os.DeadObjectException: Transaction failed on small parcel; remote process probably died
11-10 06:50:04.738: W/ActivityManager(887): 	at android.os.BinderProxy.transactNative(Native Method)
11-10 06:50:04.738: W/ActivityManager(887): 	at android.os.BinderProxy.transact(Binder.java:503)
11-10 06:50:04.738: W/ActivityManager(887): 	at android.app.ApplicationThreadProxy.scheduleUnbindService(ApplicationThreadNative.java:956)
11-10 06:50:04.738: W/ActivityManager(887): 	at com.android.server.am.ActiveServices.removeConnectionLocked(ActiveServices.java:1874)
11-10 06:50:04.738: W/ActivityManager(887): 	at com.android.server.am.ActiveServices.killServicesLocked(ActiveServices.java:2237)
11-10 06:50:04.738: W/ActivityManager(887): 	at com.android.server.am.ActivityManagerService.cleanUpApplicationRecordLocked(ActivityManagerService.java:15543)
11-10 06:50:04.738: W/ActivityManager(887): 	at com.android.server.am.ActivityManagerService.handleAppDiedLocked(ActivityManagerService.java:4567)
11-10 06:50:04.738: W/ActivityManager(887): 	at com.android.server.am.ActivityManagerService.appDiedLocked(ActivityManagerService.java:4730)
11-10 06:50:04.738: W/ActivityManager(887): 	at com.android.server.am.ActivityManagerService$AppDeathRecipient.binderDied(ActivityManagerService.java:1324)
11-10 06:50:04.738: W/ActivityManager(887): 	at android.os.BinderProxy.sendDeathNotice(Binder.java:558)
11-10 06:50:04.738: E/lowmemorykiller(274): Error writing /proc/4682/oom_score_adj; errno=22
11-10 06:50:04.738: W/ActivityManager(887): Scheduling restart of crashed service com.google.android.gms/.chimera.GmsBoundBrokerService in 1000ms
11-10 06:50:04.738: W/ActivityManager(887): Scheduling restart of crashed service com.google.android.gms/.checkin.CheckinApiService in 11000ms
11-10 06:50:04.738: W/ActivityManager(887): Scheduling restart of crashed service com.google.android.gms/.icing.service.IndexService in 21000ms
11-10 06:50:04.738: W/ActivityManager(887): Scheduling restart of crashed service com.google.android.gms/.chimera.GmsIntentOperationService in 31000ms
11-10 06:50:04.738: W/ActivityManager(887): Scheduling restart of crashed service com.google.android.gms/.icing.service.IndexWorkerService in 31000ms
11-10 06:50:04.739: W/ActivityManager(887): Scheduling restart of crashed service com.google.android.gms/.gass.GassService in 30999ms
11-10 06:50:04.739: W/ActivityManager(887): Scheduling restart of crashed service com.google.android.gms/.ads.identifier.service.AdvertisingIdService in 40999ms
11-10 06:50:04.739: W/ActivityManager(887): Scheduling restart of crashed service com.google.android.gms/.icing.service.AppIndexingService in 50999ms
11-10 06:50:04.742: V/BackupManagerService(887): Disconnected from transport ComponentInfo{com.google.android.gms/com.google.android.gms.backup.BackupTransportService}
11-10 06:50:04.742: V/BackupManagerService(887): Registering transport com.google.android.gms/.backup.BackupTransportService::null = null
11-10 06:50:04.742: D/GpsStatusListenerHelper(887): Remote Listener died: android.location.IGpsStatusListener$Stub$Proxy@24ceec9
11-10 06:50:04.743: D/GpsStatusListenerHelper(887): Remote Listener died: android.location.IGpsStatusListener$Stub$Proxy@3f919ce
11-10 06:50:04.743: D/WifiService(887): Client connection lost with reason: 4
11-10 06:50:04.745: E/lowmemorykiller(274): Error writing /proc/20578/oom_score_adj; errno=22
11-10 06:50:04.756: I/ActivityManager(887): Process com.google.android.gms.persistent (pid 4682) has died
11-10 06:50:04.757: W/ActivityManager(887): Scheduling restart of crashed service com.google.android.gms/.thunderbird.EmergencyPersistentService in 50981ms
11-10 06:50:04.757: W/ActivityManager(887): Scheduling restart of crashed service com.google.android.gms/.common.stats.GmsCoreStatsService in 60981ms
11-10 06:50:04.757: W/ActivityManager(887): Scheduling restart of crashed service com.google.android.gms/.auth.setup.devicesignals.LockScreenService in 70981ms
11-10 06:50:04.758: W/ActivityManager(887): Scheduling restart of crashed service com.google.android.gms/com.google.android.location.geofencer.service.GeofenceProviderService in 80980ms
11-10 06:50:04.758: W/ActivityManager(887): Scheduling restart of crashed service com.google.android.gms/.gcm.nts.SchedulerService in 90980ms
11-10 06:50:04.758: W/ActivityManager(887): Scheduling restart of crashed service com.google.android.gms/com.google.android.location.internal.server.GoogleLocationService in 100980ms
11-10 06:50:04.758: W/ActivityManager(887): Scheduling restart of crashed service com.google.android.gms/.deviceconnection.service.DeviceConnectionWatcherService in 110980ms
11-10 06:50:04.758: W/ActivityManager(887): Scheduling restart of crashed service com.google.android.gms/.backup.BackupTransportMigratorService in 120980ms
11-10 06:50:04.758: W/ActivityManager(887): Scheduling restart of crashed service com.google.android.gms/com.google.android.location.geocode.GeocodeService in 120980ms
11-10 06:50:04.758: W/ActivityManager(887): Scheduling restart of crashed service com.google.android.gms/com.google.android.location.internal.server.HardwareArProviderService in 130980ms
11-10 06:50:04.758: W/ActivityManager(887): Scheduling restart of crashed service com.google.android.gms/.auth.proximity.firstparty.SystemMemoryCacheService in 140980ms
11-10 06:50:04.759: W/ActivityManager(887): Scheduling restart of crashed service com.google.android.gms/com.google.android.location.fused.service.FusedProviderService in 140979ms
11-10 06:50:04.759: W/ActivityManager(887): Scheduling restart of crashed service com.google.android.gms/.chimera.PersistentIntentOperationService in 150979ms
11-10 06:50:04.759: W/ActivityManager(887): Scheduling restart of crashed service com.google.android.gms/com.google.android.location.internal.PendingIntentCallbackService in 160979ms
11-10 06:50:04.759: W/ActivityManager(887): Scheduling restart of crashed service com.google.android.gms/.backup.BackupTransportService in 160979ms
11-10 06:50:04.759: W/ActivityManager(887): Scheduling restart of crashed service com.google.android.gms/com.google.android.location.fused.FusedLocationService in 170979ms
11-10 06:50:04.759: W/ActivityManager(887): Scheduling restart of crashed service com.google.android.gms/com.google.android.location.internal.GoogleLocationManagerService in 180979ms
11-10 06:50:04.759: W/ActivityManager(887): Scheduling restart of crashed service com.google.android.gms/com.google.android.contextmanager.service.ContextManagerService in 190979ms
11-10 06:50:04.760: W/ActivityManager(887): Scheduling restart of crashed service com.google.android.gms/com.google.android.location.network.NetworkLocationService in 200978ms
11-10 06:50:04.760: W/ActivityManager(887): Scheduling restart of crashed service com.google.android.gms/.gcm.GcmService in 210978ms
11-10 06:50:04.760: W/ActivityManager(887): Scheduling restart of crashed service com.google.android.gms/.config.ConfigService in 220978ms
11-10 06:50:04.772: I/art(887): Starting a blocking GC Explicit
11-10 06:50:04.776: I/ActivityManager(887): Process com.google.android.gms.ui (pid 20578) has died
11-10 06:50:04.776: W/ActivityManager(887): Scheduling restart of crashed service com.google.android.gms/.chimera.UiIntentOperationService in 230962ms
11-10 06:50:04.825: I/art(887): Explicit concurrent mark sweep GC freed 26292(2MB) AllocSpace objects, 0(0B) LOS objects, 31% free, 34MB/50MB, paused 908us total 46.955ms
11-10 06:50:05.109: D/AndroidRuntime(5903): >>>>>> START com.android.internal.os.RuntimeInit uid 2000 <<<<<<
11-10 06:50:05.114: D/AndroidRuntime(5903): CheckJNI is OFF
11-10 06:50:05.156: D/ICU(5903): No timezone override file found: /data/misc/zoneinfo/current/icu/icu_tzdata.dat
11-10 06:50:05.204: I/Radio-JNI(5903): register_android_hardware_Radio DONE
11-10 06:50:05.227: D/AndroidRuntime(5903): Calling main entry com.android.commands.settings.SettingsCmd
11-10 06:50:05.234: D/AndroidRuntime(5903): Shutting down VM
11-10 06:50:05.771: I/ActivityManager(887): Start proc 5921:com.google.android.gms/u0a14 for service com.google.android.gms/.chimera.GmsBoundBrokerService
11-10 06:50:06.094: W/DynamiteModule(5921): Local module descriptor class for providerinstaller not found.
11-10 06:50:06.104: W/ProviderHelper(5921): Unknown dynamite feature providerinstaller
11-10 06:50:06.107: I/DynamiteModule(5921): Considering local module providerinstaller:0 and remote module providerinstaller:0
11-10 06:50:06.107: W/ProviderInstaller(5921): Failed to load providerinstaller module: No acceptable module found. Local version is 0 and remote version is 0.
11-10 06:50:06.127: V/NativeCrypto(5921): Registering com/google/android/gms/org/conscrypt/NativeCrypto's 284 native methods...
11-10 06:50:06.152: I/art(5921): Rejecting re-init on previously-failed class java.lang.Class<com.google.android.gms.org.conscrypt.Java7ExtendedSSLSession>
11-10 06:50:06.152: I/art(5921): Rejecting re-init on previously-failed class java.lang.Class<com.google.android.gms.org.conscrypt.Java7ExtendedSSLSession>
11-10 06:50:06.153: I/art(5921): Rejecting re-init on previously-failed class java.lang.Class<com.google.android.gms.org.conscrypt.Java8ExtendedSSLSession>
11-10 06:50:06.154: I/art(5921): Rejecting re-init on previously-failed class java.lang.Class<com.google.android.gms.org.conscrypt.Java8ExtendedSSLSession>
11-10 06:50:06.171: I/ProviderInstaller(5921): Installed default security provider GmsCore_OpenSSL
11-10 06:50:06.178: I/Safeboot(5921): Checking safeboot...
11-10 06:50:06.179: I/Safeboot(5921): Not entering safeboot; wrong process.
11-10 06:50:06.246: W/Thread-577(5939): type=1400 audit(0.0:40): avc: denied { write } for name=".lib.lock" dev="dm-1" ino=408380 scontext=u:r:untrusted_app:s0:c512,c768 tcontext=u:object_r:system_data_file:s0 tclass=file permissive=0
11-10 06:50:06.248: W/NativeLibraryUtils(5921): Failed to open lock file
11-10 06:50:06.248: W/NativeLibraryUtils(5921): java.io.FileNotFoundException: /data/user/0/com.google.android.gms/cache/.lib.lock: open failed: EACCES (Permission denied)
11-10 06:50:06.248: W/NativeLibraryUtils(5921): 	at libcore.io.IoBridge.open(IoBridge.java:452)
11-10 06:50:06.248: W/NativeLibraryUtils(5921): 	at java.io.RandomAccessFile.<init>(RandomAccessFile.java:117)
11-10 06:50:06.248: W/NativeLibraryUtils(5921): 	at tbv.d(:com.google.android.gms@19420015@19.4.20 (040300-271418971):5)
11-10 06:50:06.248: W/NativeLibraryUtils(5921): 	at rxr.run(:com.google.android.gms@19420015@19.4.20 (040300-271418971))
11-10 06:50:06.248: W/NativeLibraryUtils(5921): Caused by: android.system.ErrnoException: open failed: EACCES (Permission denied)
11-10 06:50:06.248: W/NativeLibraryUtils(5921): 	at libcore.io.Posix.open(Native Method)
11-10 06:50:06.248: W/NativeLibraryUtils(5921): 	at libcore.io.BlockGuardOs.open(BlockGuardOs.java:186)
11-10 06:50:06.248: W/NativeLibraryUtils(5921): 	at libcore.io.IoBridge.open(IoBridge.java:438)
11-10 06:50:06.248: W/NativeLibraryUtils(5921): 	... 3 more
11-10 06:50:06.262: W/Primes(5921): Primes not initialized, returning default (no-op) Primes instance which will ignore all calls. Please call Primes.initialize(...) before using any Primes API.
11-10 06:50:06.303: W/System(5921): ClassLoader referenced unknown path: /data/app/com.google.android.gms.policy_test_support-1/lib/arm
11-10 06:50:06.329: D/AndroidRuntime(5920): >>>>>> START com.android.internal.os.RuntimeInit uid 2000 <<<<<<
11-10 06:50:06.334: D/AndroidRuntime(5920): CheckJNI is OFF
11-10 06:50:06.374: D/ICU(5920): No timezone override file found: /data/misc/zoneinfo/current/icu/icu_tzdata.dat
11-10 06:50:06.389: W/Primes(5921): Primes not initialized, returning default (no-op) Primes instance which will ignore all calls. Please call Primes.initialize(...) before using any Primes API.
11-10 06:50:06.415: I/Radio-JNI(5920): register_android_hardware_Radio DONE
11-10 06:50:06.423: I/ActivityManager(887): Start proc 5947:com.google.android.gms.persistent/u0a14 for content provider com.google.android.gms/.phenotype.provider.ConfigurationProvider
11-10 06:50:06.438: D/AndroidRuntime(5920): Calling main entry com.android.commands.settings.SettingsCmd
11-10 06:50:06.444: D/AndroidRuntime(5920): Shutting down VM
11-10 06:50:06.570: I/kickstart(990): STATUS: SAHARA_HELLO: hw_info = 0x01030610, pwrup_reason = 0x00004000
11-10 06:50:06.571: I/kickstart(990): STATUS: Wrote to /sys/power/wake_lock
11-10 06:50:06.606: E/kickstart(990): ERROR: function: open_file:195 filename = /dev/block/platform/msm_sdcc.1/by-name/mdm1m9kefs1
11-10 06:50:06.607: I/kickstart(990): STATUS: Opening file '/dev/block/platform/msm_sdcc.1/by-name/mdm1m9kefs1' for writing
11-10 06:50:06.759: W/DynamiteModule(5947): Local module descriptor class for providerinstaller not found.
11-10 06:50:06.764: W/ProviderHelper(5947): Unknown dynamite feature providerinstaller
11-10 06:50:06.765: I/DynamiteModule(5947): Considering local module providerinstaller:0 and remote module providerinstaller:0
11-10 06:50:06.765: W/ProviderInstaller(5947): Failed to load providerinstaller module: No acceptable module found. Local version is 0 and remote version is 0.
11-10 06:50:06.794: V/NativeCrypto(5947): Registering com/google/android/gms/org/conscrypt/NativeCrypto's 284 native methods...
11-10 06:50:06.816: I/DynamiteModule(5947): Considering local module com.google.android.gms.googlecertificates:4 and remote module com.google.android.gms.googlecertificates:4
11-10 06:50:06.817: I/DynamiteModule(5947): Selected local version of com.google.android.gms.googlecertificates
11-10 06:50:06.821: I/art(5947): Rejecting re-init on previously-failed class java.lang.Class<com.google.android.gms.org.conscrypt.Java7ExtendedSSLSession>
11-10 06:50:06.822: I/art(5947): Rejecting re-init on previously-failed class java.lang.Class<com.google.android.gms.org.conscrypt.Java7ExtendedSSLSession>
11-10 06:50:06.823: I/art(5947): Rejecting re-init on previously-failed class java.lang.Class<com.google.android.gms.org.conscrypt.Java8ExtendedSSLSession>
11-10 06:50:06.823: I/art(5947): Rejecting re-init on previously-failed class java.lang.Class<com.google.android.gms.org.conscrypt.Java8ExtendedSSLSession>
11-10 06:50:06.846: I/ProviderInstaller(5947): Installed default security provider GmsCore_OpenSSL
11-10 06:50:06.858: I/Safeboot(5947): Checking safeboot...
11-10 06:50:06.880: I/Safeboot Condition(5947): No need to enter Safeboot.
11-10 06:50:06.907: W/NativeLibraryUtils(5947): Failed to open lock file
11-10 06:50:06.907: W/NativeLibraryUtils(5947): java.io.FileNotFoundException: /data/user/0/com.google.android.gms/cache/.lib.lock: open failed: EACCES (Permission denied)
11-10 06:50:06.907: W/NativeLibraryUtils(5947): 	at libcore.io.IoBridge.open(IoBridge.java:452)
11-10 06:50:06.907: W/NativeLibraryUtils(5947): 	at java.io.RandomAccessFile.<init>(RandomAccessFile.java:117)
11-10 06:50:06.907: W/NativeLibraryUtils(5947): 	at tbv.d(:com.google.android.gms@19420015@19.4.20 (040300-271418971):5)
11-10 06:50:06.907: W/NativeLibraryUtils(5947): 	at rxr.run(:com.google.android.gms@19420015@19.4.20 (040300-271418971))
11-10 06:50:06.907: W/NativeLibraryUtils(5947): Caused by: android.system.ErrnoException: open failed: EACCES (Permission denied)
11-10 06:50:06.907: W/NativeLibraryUtils(5947): 	at libcore.io.Posix.open(Native Method)
11-10 06:50:06.907: W/NativeLibraryUtils(5947): 	at libcore.io.BlockGuardOs.open(BlockGuardOs.java:186)
11-10 06:50:06.907: W/NativeLibraryUtils(5947): 	at libcore.io.IoBridge.open(IoBridge.java:438)
11-10 06:50:06.907: W/NativeLibraryUtils(5947): 	... 3 more
11-10 06:50:06.902: W/Thread-583(5975): type=1400 audit(0.0:41): avc: denied { write } for name=".lib.lock" dev="dm-1" ino=408380 scontext=u:r:untrusted_app:s0:c512,c768 tcontext=u:object_r:system_data_file:s0 tclass=file permissive=0
11-10 06:50:06.919: W/Primes(5947): Primes not initialized, returning default (no-op) Primes instance which will ignore all calls. Please call Primes.initialize(...) before using any Primes API.
11-10 06:50:06.974: I/art(5947): Rejecting re-init on previously-failed class java.lang.Class<stc>
11-10 06:50:06.975: I/art(5947): Rejecting re-init on previously-failed class java.lang.Class<stc>
11-10 06:50:06.975: I/art(5947): Rejecting re-init on previously-failed class java.lang.Class<stc>
11-10 06:50:06.975: I/art(5947): Rejecting re-init on previously-failed class java.lang.Class<stc>
11-10 06:50:07.000: I/NetworkScheduler(5947): Using standalone scheduling engine
11-10 06:50:07.036: I/art(5947): Rejecting re-init on previously-failed class java.lang.Class<bugr>
11-10 06:50:07.036: I/art(5947): Rejecting re-init on previously-failed class java.lang.Class<bugr>
11-10 06:50:07.036: I/art(5947): Rejecting re-init on previously-failed class java.lang.Class<bugr>
11-10 06:50:07.037: I/art(5947): Rejecting re-init on previously-failed class java.lang.Class<bugr>
11-10 06:50:07.030: I/art(5921): Rejecting re-init on previously-failed class java.lang.Class<stc>
11-10 06:50:07.040: I/art(5921): Rejecting re-init on previously-failed class java.lang.Class<stc>
11-10 06:50:07.041: I/art(5921): Rejecting re-init on previously-failed class java.lang.Class<stc>
11-10 06:50:07.041: I/art(5921): Rejecting re-init on previously-failed class java.lang.Class<stc>
11-10 06:50:07.068: I/art(5947): Rejecting re-init on previously-failed class java.lang.Class<bugr>
11-10 06:50:07.069: I/art(5947): Rejecting re-init on previously-failed class java.lang.Class<bugr>
11-10 06:50:07.075: I/art(5947): Rejecting re-init on previously-failed class java.lang.Class<bugr>
11-10 06:50:07.075: I/art(5947): Rejecting re-init on previously-failed class java.lang.Class<bugr>
11-10 06:50:07.078: I/art(5947): Rejecting re-init on previously-failed class java.lang.Class<bugr>
11-10 06:50:07.078: I/art(5947): Rejecting re-init on previously-failed class java.lang.Class<bugr>
11-10 06:50:07.079: I/art(5947): Rejecting re-init on previously-failed class java.lang.Class<bugr>
11-10 06:50:07.080: I/art(5947): Rejecting re-init on previously-failed class java.lang.Class<bugr>
11-10 06:50:07.080: I/art(5947): Rejecting re-init on previously-failed class java.lang.Class<bugr>
11-10 06:50:07.107: E/SQLiteLog(5947): (1) no such column: preferred_network_type
11-10 06:50:07.108: E/SQLiteLog(5947): (1) no such column: preferred_charging_state
11-10 06:50:07.125: D/BluetoothManagerService(887): Added callback: android.bluetooth.IBluetoothManagerCallback$Stub$Proxy@304dccb:true
11-10 06:50:07.162: I/LocaleChangeIO(5947): Requesting GmsCore restart due to change in locale assets
11-10 06:50:07.206: I/Icing(5921): Storage manager: low false usage 1.76MB avail 24.48GB capacity 25.98GB
11-10 06:50:07.236: D/WifiService(887): New client listening to asynchronous messages
11-10 06:50:07.251: V/BackupManagerService(887): Connected to transport ComponentInfo{com.google.android.gms/com.google.android.gms.backup.BackupTransportService}
11-10 06:50:07.251: V/BackupManagerService(887): Registering transport com.google.android.gms/.backup.BackupTransportService::com.google.android.gms/.backup.BackupTransportService = com.android.internal.backup.IBackupTransport$Stub$Proxy@6c0b0ec
11-10 06:50:07.281: I/Icing(5921): IndexChimeraService.getServiceInterface callingPackage=com.google.android.gms componentName=null serviceId=36
11-10 06:50:07.353: D/AndroidRuntime(5969): >>>>>> START com.android.internal.os.RuntimeInit uid 2000 <<<<<<
11-10 06:50:07.358: D/AndroidRuntime(5969): CheckJNI is OFF
11-10 06:50:07.395: D/ICU(5969): No timezone override file found: /data/misc/zoneinfo/current/icu/icu_tzdata.dat
11-10 06:50:07.396: W/native(5921): model-utils.cc:23 No CRC32, most likely an old model; skip CRC32 check
11-10 06:50:07.397: I/native(5921): permission-checker.cc:74 Creating PermissionChecker based on ACL with config_version 1 having 5 permissions defined.
11-10 06:50:07.398: W/native(5921): words-map.cc:29 generic::invalid_argument: Empty URI
11-10 06:50:07.398: W/native(5921): words-map.cc:33 WordsMap was not properly initialized
11-10 06:50:07.420: W/Settings(5947): Setting airplane_mode_on has moved from android.provider.Settings.System to android.provider.Settings.Global, returning read-only value.
11-10 06:50:07.430: I/Radio-JNI(5969): register_android_hardware_Radio DONE
11-10 06:50:07.445: I/DynamiteModule(5921): Considering local module com.google.android.gms.googlecertificates:4 and remote module com.google.android.gms.googlecertificates:4
11-10 06:50:07.445: I/DynamiteModule(5921): Selected local version of com.google.android.gms.googlecertificates
11-10 06:50:07.448: W/Icing(5921): Fail to authenticate package: com.google.android.videos, fingerprint mismatch (null != null)
11-10 06:50:07.448: D/AndroidRuntime(5969): Calling main entry com.android.commands.input.Input
11-10 06:50:07.454: I/Input(5969): injectKeyEvent: KeyEvent { action=ACTION_DOWN, keyCode=KEYCODE_HOME, scanCode=0, metaState=0, flags=0x0, repeatCount=0, eventTime=79526214, downTime=79526214, deviceId=-1, source=0x101 }
11-10 06:50:07.460: I/Input(5969): injectKeyEvent: KeyEvent { action=ACTION_UP, keyCode=KEYCODE_HOME, scanCode=0, metaState=0, flags=0x0, repeatCount=0, eventTime=79526214, downTime=79526214, deviceId=-1, source=0x101 }
11-10 06:50:07.483: I/ActivityManager(887): START u0 {act=android.intent.action.MAIN cat=[android.intent.category.HOME] flg=0x10200000 cmp=com.google.android.googlequicksearchbox/com.google.android.launcher.GEL (has extras)} from uid 1000 on display 0
11-10 06:50:07.495: D/AndroidRuntime(5969): Shutting down VM
11-10 06:50:07.496: I/GEL(1685): handleIntent(Intent { act=android.intent.action.MAIN cat=[android.intent.category.HOME] flg=0x10200000 cmp=com.google.android.googlequicksearchbox/com.google.android.launcher.GEL (has extras) })
11-10 06:50:07.521: W/Settings(5947): Setting airplane_mode_on has moved from android.provider.Settings.System to android.provider.Settings.Global, returning read-only value.
11-10 06:50:07.530: I/Icing(5921): doRemovePackageData com.google.android.videos
11-10 06:50:07.550: I/Icing(5921): updateResources: need to parse acqe{com.google.android.gms}
11-10 06:50:07.580: I/kickstart(990): STATUS: Received file 'm9kefs1'
11-10 06:50:07.580: I/kickstart(990): STATUS: 950272 bytes transferred in 0.973515 seconds
11-10 06:50:07.580: I/kickstart(990): STATUS: Successfully downloaded files from target 
11-10 06:50:07.580: I/kickstart(990): STATUS: Wrote to /sys/power/wake_unlock
11-10 06:50:07.584: I/kickstart(990): STATUS: Sahara protocol completed
11-10 06:50:07.776: I/Icing(5921): IndexChimeraService.getServiceInterface callingPackage=com.google.android.gms componentName=AppsCorpus serviceId=36
11-10 06:50:07.780: I/Icing(5921): IndexChimeraService.getServiceInterface callingPackage=com.google.android.gms componentName=AppsCorpus serviceId=32
11-10 06:50:07.801: I/GAv4-SVC(5921): Google Analytics 19.4.20 is starting up.
11-10 06:50:07.811: I/GAV2(5612): Thread[GAThread,5,main]: No campaign data found.
11-10 06:50:07.823: D/ConnectivityService(887): listenForNetwork for Listen from uid/pid:10014/5947 for NetworkRequest [ id=9, legacyType=-1, [ Capabilities: NOT_RESTRICTED] ]
11-10 06:50:07.827: I/Icing(5921): Internal init done: storage state 0
11-10 06:50:07.840: I/Icing(5921): Using regular flags by method 2
11-10 06:50:08.017: W/ChimeraUtils(5947): Non Chimera context
11-10 06:50:08.057: I/Backup(5947): [GmsBackupAccountManager] Backup account not found in gmscore.
11-10 06:50:08.068: I/Backup(5947): [BackupTransportMigratorChimeraService] Starting migration...
11-10 06:50:08.072: I/GeofencerStateMachine(5947): sendWifiConnectivityChanged: connectivity=true
11-10 06:50:08.148: I/Icing(5921): Post-init done
11-10 06:50:08.195: W/Icing(5921): No valid account for uploading user actions: admc: Not signed in
11-10 06:50:08.239: I/Icing(5921): Usage reports ok 0, Failed Usage reports 0, indexed 0, rejected 0
11-10 06:50:08.244: W/Icing(5921): No valid account for uploading user actions: admc: Not signed in
11-10 06:50:08.254: I/NearbyDiscovery(5947): Show notifications: 0 total, no changes since last shown, no-op. [CONTEXT service_id=49 ]
11-10 06:50:08.258: I/Icing(5921): Usage reports ok 0, Failed Usage reports 0, indexed 0, rejected 0
11-10 06:50:08.261: W/Icing(5921): No valid account for uploading user actions: admc: Not signed in
11-10 06:50:08.273: I/NearbyDiscovery(5947): Show notifications: 0 total, no changes since last shown, no-op. [CONTEXT service_id=49 ]
11-10 06:50:08.290: I/Icing(5921): Usage reports ok 0, Failed Usage reports 0, indexed 0, rejected 0
11-10 06:50:08.324: W/ChimeraUtils(5947): Non Chimera context
11-10 06:50:08.342: D/WifiService(887): acquireWifiLockLocked: WifiLock{NlpWifiLock type=2 binder=android.os.BinderProxy@761ce6}
11-10 06:50:08.353: D/wifi(887): Initialized common fields 10000, 25, 100, 10
11-10 06:50:08.353: D/wifi(887): bucket[0] = 2:3:10000:2
11-10 06:50:08.357: I/Icing(5921): IndexChimeraService.getServiceInterface callingPackage=com.google.android.gms componentName=null serviceId=30
11-10 06:50:08.385: D/AndroidRuntime(6035): >>>>>> START com.android.internal.os.RuntimeInit uid 2000 <<<<<<
11-10 06:50:08.390: D/AndroidRuntime(6035): CheckJNI is OFF
11-10 06:50:08.393: W/Icing(5921): No valid account for uploading user actions: admc: Not signed in
11-10 06:50:08.416: I/Icing(5921): Usage reports ok 0, Failed Usage reports 0, indexed 0, rejected 0
11-10 06:50:08.429: D/ICU(6035): No timezone override file found: /data/misc/zoneinfo/current/icu/icu_tzdata.dat
11-10 06:50:08.435: I/GCoreUlr(5947): WorldUpdater received intent Intent { act=com.google.android.location.reporting.ACTION_UPDATE_WORLD cmp=com.google.android.gms/com.google.android.location.reporting.service.DispatchingService (has extras) } with receiverAction com.google.android.location.internal.server.ACTION_RESTARTED
11-10 06:50:08.442: W/Nearby(5947): Bind call too late - someone already tried to get: interface buvb [CONTEXT service_id=49 ]
11-10 06:50:08.468: I/Radio-JNI(6035): register_android_hardware_Radio DONE
11-10 06:50:08.487: D/AndroidRuntime(6035): Calling main entry com.android.commands.am.Am
11-10 06:50:08.490: I/ActivityManager(887): START u0 {flg=0x10000000 cmp=com.google.android.apps.mtaas.backdrop/.BackdropActivity} from uid 2000 on display 0
11-10 06:50:08.514: I/BeaconBle(5947): Using BLE 'L' hardware layer
11-10 06:50:08.525: I/ActivityManager(887): Start proc 6094:com.google.android.apps.mtaas.backdrop/u0a94 for activity com.google.android.apps.mtaas.backdrop/.BackdropActivity
11-10 06:50:08.535: I/GCoreUlr(5947): WorldUpdater:com.google.android.location.internal.server.ACTION_RESTARTED: Ensuring that reporting is stopped because of reasons: (no Google accounts)
11-10 06:50:08.569: W/System(6094): ClassLoader referenced unknown path: /data/app/com.google.android.apps.mtaas.backdrop-1/lib/arm
11-10 06:50:08.572: I/MultiDex(6094): VM with version 2.1.0 has multidex support
11-10 06:50:08.572: I/MultiDex(6094): install
11-10 06:50:08.572: I/MultiDex(6094): VM has multidex support, MultiDex support library is disabled.
11-10 06:50:08.583: I/GAV2(5724): Thread[GAThread,5,main]: No campaign data found.
11-10 06:50:08.595: I/BackdropActivity(6094): onCreate()
11-10 06:50:08.598: I/NearbyDiscovery(5947): Show notifications: 0 total, no changes since last shown, no-op. [CONTEXT service_id=49 ]
11-10 06:50:08.600: W/art(6094): Before Android 4.1, method android.graphics.PorterDuffColorFilter androidx.vectordrawable.graphics.drawable.VectorDrawableCompat.updateTintFilter(android.graphics.PorterDuffColorFilter, android.content.res.ColorStateList, android.graphics.PorterDuff$Mode) would have incorrectly overridden the package-private method in android.graphics.drawable.Drawable
11-10 06:50:08.614: I/GCoreUlr(5947): Unbound from all signal providers.
11-10 06:50:08.614: I/GCoreUlr(5947): Successfully accounts update
11-10 06:50:08.630: I/GCoreUlr(5947): DispatchingService ignoring Intent { act=android.net.wifi.WIFI_STATE_CHANGED flg=0x4000010 (has extras) } because ULR inactive
11-10 06:50:08.633: I/GCoreUlr(5947): Unbound from all signal providers.
11-10 06:50:08.633: I/GCoreUlr(5947): Stopping handler for UlrDispSvcFast
11-10 06:50:08.636: I/art(6094): Rejecting re-init on previously-failed class java.lang.Class<android.support.v4.view.ViewCompat$2>
11-10 06:50:08.636: I/art(6094): Rejecting re-init on previously-failed class java.lang.Class<android.support.v4.view.ViewCompat$2>
11-10 06:50:08.637: I/GCoreUlr(5947): Successfully accounts update
11-10 06:50:08.708: I/BackdropActivity(6094): android_id: 3504632136031272210
11-10 06:50:08.718: I/BackdropActivity(6094): onResume()
11-10 06:50:08.733: D/OpenGLRenderer(6094): Use EGL_SWAP_BEHAVIOR_PRESERVED: true
11-10 06:50:08.734: D/NotificationSQLiteLog(887): Pruned event entries: 0
11-10 06:50:08.739: I/FTLNetworkMonitor(6094): NetworkMonitoringService was created
11-10 06:50:08.773: I/Adreno(6094): QUALCOMM build                   : 52af4d2, I8366cd0437
11-10 06:50:08.773: I/Adreno(6094): Build Date                       : 10/20/15
11-10 06:50:08.773: I/Adreno(6094): OpenGL ES Shader Compiler Version: XE031.05.13.02
11-10 06:50:08.773: I/Adreno(6094): Local Branch                     : M14
11-10 06:50:08.773: I/Adreno(6094): Remote Branch                    : 
11-10 06:50:08.773: I/Adreno(6094): Remote Branch                    : 
11-10 06:50:08.773: I/Adreno(6094): Reconstruct Branch               : 
11-10 06:50:08.777: I/OpenGLRenderer(6094): Initialized EGL, version 1.4
11-10 06:50:08.821: I/FTLNetworkMonitor(6094): Network Info: [type: WIFI[], state: CONNECTED/CONNECTED, reason: (unspecified), extra: "wl-ftl-mt39-1-5", roaming: false, failover: false, isAvailable: true]
11-10 06:50:08.822: I/FTLNetworkMonitor(6094): Network Info: [type: WIFI[], state: CONNECTED/CONNECTED, reason: (unspecified), extra: "wl-ftl-mt39-1-5", roaming: false, failover: false, isAvailable: true]
11-10 06:50:08.834: I/Keyboard.Facilitator(1553): onFinishInput()
11-10 06:50:08.912: I/FontsSharedState(5921): Updating from directory version 0 to 16 from disk
11-10 06:50:08.912: I/FontsContentProvider(5921): Received query Google Sans, URI content://com.google.android.gms.fonts
11-10 06:50:08.915: I/FontsContentProvider(5921): Query [Google Sans] resolved to {Google Sans, wdth 100.0, wght 400, ital 0.0, bestEffort false}
11-10 06:50:08.922: I/FontsContentProvider(5921): Fetch {Google Sans, wdth 100.0, wght 400, ital 0.0, bestEffort false} end status Status{statusCode=SUCCESS, resolution=null}
11-10 06:50:08.927: I/FontsContentProvider(5921): Pulling font file for id = 1, cache size = 1
11-10 06:50:08.934: I/ActivityManager(887): Displayed com.google.android.apps.mtaas.backdrop/.BackdropActivity: +426ms
11-10 06:50:08.935: D/AndroidRuntime(6035): Shutting down VM
11-10 06:50:09.035: D/WifiService(887): releaseWifiLockLocked: WifiLock{NlpWifiLock type=2 binder=android.os.BinderProxy@761ce6}
11-10 06:50:09.045: W/GCoreFlp(5947): No location to return for getLastLocation()
11-10 06:50:09.090: E/LocSvc_IzatApiV02(887): E/virtual int izat_core::IzatApiV02::injectLocation(GpsExtLocation):857]: error! inject position failed
11-10 06:50:09.222: I/Icing(5921): Query from package: com.google.android.gms, component: AppsCorpus, restrict package: com.google.android.gms, start: 0, num: 100 maxNumSlices: 2147483647
11-10 06:50:09.382: I/GAV2(5763): Thread[GAThread,5,main]: No campaign data found.
11-10 06:50:09.766: E/GooglePlayServicesUtil(5367): The Google Play services resources were not found. Check your project configuration to ensure that the resources are included.
11-10 06:50:09.797: W/DynamiteModule(5921): Local module descriptor class for com.google.android.gms.googlecertificates not found.
11-10 06:50:09.799: I/DynamiteModule(5921): Considering local module com.google.android.gms.googlecertificates:0 and remote module com.google.android.gms.googlecertificates:4
11-10 06:50:09.799: I/DynamiteModule(5921): Selected remote version of com.google.android.gms.googlecertificates, version >= 4
11-10 06:50:09.811: W/System(5921): ClassLoader referenced unknown path: /data/data/com.google.android.gms/app_chimera/m/00000005/n/armeabi-v7a
11-10 06:50:09.811: W/System(5921): ClassLoader referenced unknown path: /data/data/com.google.android.gms/app_chimera/m/00000005/n/armeabi
11-10 06:50:09.896: I/TestSupport(5921): Activated: 1573286400000@1573397392057
11-10 06:50:09.896: I/TestSupport(5921): Boot time: 1573317881238
11-10 06:50:09.902: I/TestSupport(5921): Passing package and signature checks: com.google.android.gmscore.testing.testsupport
11-10 06:50:09.968: D/WifiStateMachine(887): starting scan for "wl-ftl-mt39-1-5"WPA_PSK with 5500,5825,5200
11-10 06:50:10.004: I/ActivityManager(887): Start proc 6142:com.android.vending/u0a24 for service com.android.vending/com.google.android.finsky.services.ContentSyncService
11-10 06:50:10.060: W/System(6142): ClassLoader referenced unknown path: /system/priv-app/Phonesky/lib/arm
11-10 06:50:10.100: W/Finsky(6142): [1] FinskyApp.getCurrentAccount: No account configured on this device.
11-10 06:50:10.138: D/Finsky(6142): [1] FinskyApp.onCreate: Initializing network with DFE https://android.clients.google.com/fdfe/
11-10 06:50:10.141: W/Finsky(6142): [1] FinskyApp.getCurrentAccount: No account configured on this device.
11-10 06:50:10.169: W/Finsky(6142): [1] FinskyApp.getCurrentAccount: No account configured on this device.
11-10 06:50:10.171: W/Finsky(6142): [1] FinskyApp.getCurrentAccount: No account configured on this device.
11-10 06:50:10.177: W/Finsky(6142): [1] FinskyApp.getCurrentAccount: No account configured on this device.
11-10 06:50:10.177: W/Finsky(6142): [1] FinskyApp.getCurrentAccount: No account configured on this device.
11-10 06:50:10.182: W/Finsky(6142): [1] FinskyApp.getCurrentAccount: No account configured on this device.
11-10 06:50:10.183: W/Finsky(6142): [1] FinskyApp.getCurrentAccount: No account configured on this device.
11-10 06:50:10.184: D/Finsky(6142): [1] DailyHygiene.goMakeHygieneIfDirty: Dirty, need more hygiene.
11-10 06:50:10.195: W/Settings(6142): Setting download_manager_max_bytes_over_mobile has moved from android.provider.Settings.Secure to android.provider.Settings.Global.
11-10 06:50:10.195: W/Settings(6142): Setting download_manager_recommended_max_bytes_over_mobile has moved from android.provider.Settings.Secure to android.provider.Settings.Global.
11-10 06:50:10.205: W/Finsky(6142): [1] FinskyApp.getCurrentAccount: No account configured on this device.
11-10 06:50:10.206: W/Finsky(6142): [1] FinskyApp.getCurrentAccount: No account configured on this device.
11-10 06:50:10.206: W/Finsky(6142): [1] FinskyApp.getDfeApi: No account configured on this device.
11-10 06:50:10.219: W/Finsky(6142): [1] FinskyApp.getCurrentAccount: No account configured on this device.
11-10 06:50:10.244: D/Ads(6142): Skipping gmscore version check
11-10 06:50:10.268: D/Finsky(6142): [1] GmsCoreHelper.cleanupNlp: result=false type=4
11-10 06:50:10.283: D/Finsky(6142): [1] RestoreTracker.stopServiceIfDone: Restore complete with 0 success and 0 failed.
11-10 06:50:10.298: I/Icing(5921): Indexing com.google.android.gms-apps from com.google.android.gms
