11-08 05:59:12.914: W/sh(25593): type=1400 audit(0.0:41): avc: denied { read } for name="cache" dev="dm-0" ino=23 scontext=u:r:shell:s0 tcontext=u:object_r:cache_file:s0 tclass=lnk_file permissive=0
11-08 05:59:13.608: D/AndroidRuntime(25604): >>>>>> START com.android.internal.os.RuntimeInit uid 2000 <<<<<<
11-08 05:59:13.691: D/AndroidRuntime(25604): Calling main entry com.android.commands.pm.Pm
11-08 05:59:13.702: E/asset(25613): setgid: Operation not permitted
11-08 05:59:13.956: I/ActivityManager(1136): Start proc 25615:com.android.defcontainer/u0a37 for service com.android.defcontainer/.DefaultContainerService
11-08 05:59:14.099: I/PackageManager.DexOptimizer(1136): Running dexopt (dexoptNeeded=1) on: /data/app/vmdl1164278954.tmp/base.apk pkg=com.google.android.gms.policy_test_support isa=arm64 dexoptFlags=boot_complete,public target-filter=quicken oatDir=/data/app/vmdl1164278954.tmp/oat sharedLibraries=null
11-08 05:59:14.140: I/dex2oat(25630): /system/bin/dex2oat --input-vdex-fd=-1 --output-vdex-fd=18 --compiler-filter=quicken --classpath-dir=/data/app/vmdl1164278954.tmp
11-08 05:59:14.446: I/dex2oat(25630): dex2oat took 306.922ms (427.175ms cpu) (threads: 8) arena alloc=15KB (15872B) java alloc=1676KB (1716840B) native alloc=2MB (2391360B) free=3MB (3375808B)
11-08 05:59:14.446: I/dex2oat(25630): [ 11-08 05:59:14.603   831: 2120 E/         ]
11-08 05:59:14.446: I/dex2oat(25630): Couldn't opendir /data/app/vmdl1164278954.tmp: No such file or directory
11-08 05:59:14.603: E/installd(831): Failed to delete /data/app/vmdl1164278954.tmp: No such file or directory
11-08 05:59:14.605: I/Pm(25604): Package com.google.android.gms.policy_test_support installed in 906 ms
11-08 05:59:14.606: D/PackageInstaller(1136): Ignoring abandon after commit relinquished control
11-08 05:59:14.608: I/app_process(25604): System.exit called, status: 0
11-08 05:59:14.608: I/AndroidRuntime(25604): VM exiting with result code 0.
11-08 05:59:14.612: W/BroadcastQueue(1136): Background execution not allowed: receiving Intent { act=android.intent.action.PACKAGE_ADDED dat=package:com.google.android.gms.policy_test_support flg=0x4000010 (has extras) } to com.android.musicfx/.Compatibility$Receiver
11-08 05:59:14.621: I/InputReader(1136): Reconfiguring input devices.  changes=0x00000010
11-08 05:59:14.637: W/sh(25642): type=1400 audit(0.0:42): avc: denied { read } for name="cache" dev="dm-0" ino=23 scontext=u:r:shell:s0 tcontext=u:object_r:cache_file:s0 tclass=lnk_file permissive=0
11-08 05:59:14.646: W/Finsky(4326): [2] com.google.android.finsky.application.FinskyAppImpl.bx(1166): No account configured on this device.
11-08 05:59:14.656: W/BroadcastQueue(1136): Background execution not allowed: receiving Intent { act=android.intent.action.PACKAGE_ADDED dat=package:com.google.android.gms.policy_test_support flg=0x4000010 (has extras) } to com.google.android.gms/.games.chimera.GamesSystemBroadcastReceiverProxy
11-08 05:59:14.656: W/BroadcastQueue(1136): Background execution not allowed: receiving Intent { act=android.intent.action.PACKAGE_ADDED dat=package:com.google.android.gms.policy_test_support flg=0x4000010 (has extras) } to com.google.android.gms/.gass.chimera.PackageChangeBroadcastReceiver
11-08 05:59:14.657: W/BroadcastQueue(1136): Background execution not allowed: receiving Intent { act=android.intent.action.PACKAGE_ADDED dat=package:com.google.android.gms.policy_test_support flg=0x4000010 (has extras) } to com.google.android.gms/.chimera.GmsIntentOperationService$PersistentTrustedReceiver
11-08 05:59:14.657: W/BroadcastQueue(1136): Background execution not allowed: receiving Intent { act=android.intent.action.PACKAGE_ADDED dat=package:com.google.android.gms.policy_test_support flg=0x4000010 (has extras) } to com.google.android.googlequicksearchbox/com.google.android.apps.gsa.googlequicksearchbox.GelStubAppWatcher
11-08 05:59:14.646: W/Finsky(4326): [2] com.google.android.finsky.application.FinskyAppImpl.bx(1166): No account configured on this device.
11-08 05:59:14.658: W/WearSignatureVerifier(4326): No package com.google.android.wearable.app.cn
11-08 05:59:14.661: D/CarrierSvcBindHelper(1696): No carrier app for: 0
11-08 05:59:14.661: W/WearSignatureVerifier(4326): No package com.google.android.wearable.app.cn
11-08 05:59:14.661: I/chatty(4326): uid=10012(com.android.vending) GAC_Executor[0] identical 1 line
11-08 05:59:14.662: W/WearSignatureVerifier(4326): No package com.google.android.wearable.app.cn
11-08 05:59:14.662: I/Finsky(4326): [2] com.google.android.finsky.utils.PermissionPolicies$PermissionPolicyService.onStartCommand(18): post-install permissions check for com.google.android.gms.policy_test_support
11-08 05:59:14.663: I/Telecom(1136): DefaultDialerCache: Refreshing default dialer for user 0: now com.google.android.dialer: DDC.oR@AGs
11-08 05:59:14.665: W/Finsky(4326): [2] com.google.android.finsky.application.FinskyAppImpl.bx(1166): No account configured on this device.
11-08 05:59:14.665: E/VvmPkgInstalledRcvr(1696): cannot create TelephonyManager from ComponentInfo{com.android.phone/com.android.services.telephony.TelephonyConnectionService}, [****], UserHandle{0}
11-08 05:59:14.665: D/ImsResolver(1696): maybeAddedImsService, packageName: com.google.android.gms.policy_test_support
11-08 05:59:14.668: D/RegisteredNfcFServicesCache(2239): Service unchanged, not updating
11-08 05:59:14.669: D/CarrierConfigLoader(1696): mHandler: 9 phoneId: 0
11-08 05:59:14.670: W/Finsky(4326): [2] com.google.android.finsky.application.FinskyAppImpl.bx(1166): No account configured on this device.
11-08 05:59:14.671: I/Finsky(4326): [2] com.google.android.finsky.externalreferrer.d.run(9): Package state data is missing for com.google.android.gms.policy_test_support
11-08 05:59:14.672: W/SearchableInfo(1136): Invalid searchable metadata for com.google.android.gms/.nearby.sharing.ContactSelectActivity: Search label must be a resource reference.
11-08 05:59:14.673: W/Finsky(4326): [2] com.google.android.finsky.application.FinskyAppImpl.bx(1166): No account configured on this device.
11-08 05:59:14.677: V/MVS_VZWAVSService(8044): android.intent.action.PACKAGE_ADDED
11-08 05:59:14.682: I/Wear_Controller(6277): Wear requires a companion app to be installed.
11-08 05:59:14.682: I/WearableService(6277): onCreate: Wearable Services not starting. Wear is not available on this device.
11-08 05:59:14.684: W/GCM(6277): Unexpected forwarded intent: Intent { act=android.intent.action.PACKAGE_ADDED dat=package:com.google.android.gms.policy_test_support flg=0x4000010 cmp=com.google.android.gms/.chimera.PersistentIntentOperationService (has extras) }
11-08 05:59:14.685: I/GmsModuleFndr(6296): Beginning GMS chimera module scan
11-08 05:59:14.685: W/GCM(6277): Unexpected forwarded intent: Intent { act=android.intent.action.PACKAGE_ADDED dat=package:com.google.android.gms.policy_test_support flg=0x4000010 cmp=com.google.android.gms/.chimera.PersistentIntentOperationService (has extras) }
11-08 05:59:14.685: W/WearableService(6277): onGetService: Wear is not available on this device.
11-08 05:59:14.686: W/WearSignatureVerifier(4326): No package com.google.android.wearable.app.cn
11-08 05:59:14.686: E/Finsky(4326): [2] com.google.android.finsky.wear.bl.a(3): onConnectionFailed: ConnectionResult{statusCode=API_UNAVAILABLE, resolution=null, message=null}
11-08 05:59:14.687: W/Finsky(4326): [2] com.google.android.finsky.wear.aj.run(9): Dropping command=auto_install due to Gms not connected
11-08 05:59:14.688: W/Finsky(4326): [2] com.google.android.finsky.wear.aj.run(9): Dropping command=send_installed_apps due to Gms not connected
11-08 05:59:14.701: I/ModuleSetMgr(6296): Computing pending module set with APKs: {file:///data/app/com.google.android.gms-3hGyZVR86tBHkeMbPPV7Uw%3D%3D/base.apk}
11-08 05:59:14.709: I/ModuleSetUtils(6296): Assembling ModuleSetRecord for container:19420: []
11-08 05:59:14.709: I/ModuleSetMgr(6296): Pending container Zapp APKs: []
11-08 05:59:14.709: I/ModuleSetMgr(6296): Pending non-container Zapp APKs: []
11-08 05:59:15.009: I/zygote64(6296): Do partial code cache collection, code=963KB, data=664KB
11-08 05:59:15.010: I/zygote64(6296): After code cache collection, code=907KB, data=643KB
11-08 05:59:15.010: I/zygote64(6296): Increasing code cache capacity to 3MB
11-08 05:59:15.011: I/zygote64(6296): Compiler allocated 10MB to compile java.util.ArrayList ebu.a(java.util.List, boolean)
11-08 05:59:15.070: D/AndroidRuntime(25664): >>>>>> START com.android.internal.os.RuntimeInit uid 2000 <<<<<<
11-08 05:59:15.143: D/AndroidRuntime(25664): Calling main entry com.android.commands.pm.Pm
11-08 05:59:15.151: E/asset(25673): setgid: Operation not permitted
11-08 05:59:15.203: I/zygote64(6296): Compiler allocated 7MB to compile boolean ebu.b(ecr)
11-08 05:59:15.303: I/zygote64(6296): Compiler allocated 5MB to compile android.util.Pair dzj.a(edf, edy, java.util.List, java.util.List, java.util.List, java.lang.String[], java.lang.String, java.lang.String, edy, edy, java.util.Map)
11-08 05:59:15.332: I/PackageManager.DexOptimizer(1136): Running dexopt (dexoptNeeded=1) on: /data/app/vmdl1263093144.tmp/base.apk pkg=com.google.android.gmscore.testing.testsupport isa=arm64 dexoptFlags=boot_complete,public target-filter=quicken oatDir=/data/app/vmdl1263093144.tmp/oat sharedLibraries=null
11-08 05:59:15.367: I/dex2oat(25675): /system/bin/dex2oat --input-vdex-fd=-1 --output-vdex-fd=18 --compiler-filter=quicken --classpath-dir=/data/app/vmdl1263093144.tmp
11-08 05:59:15.427: I/zygote64(6296): Compiler allocated 6MB to compile edf eck.a(int, java.util.List, java.util.List, efv, java.lang.String, java.util.List, java.util.List, java.util.List, java.lang.String, java.util.List)
11-08 05:59:15.467: E/DowngradeHelper(6296): isModuleDowngradeRequired false
11-08 05:59:15.472: E/ConfigFileUtils(6296): Failed to read config file: /data/user_de/0/com.google.android.gms/app_chimera/current_modules_init.pb (No such file or directory)
11-08 05:59:15.505: W/BroadcastQueue(1136): Background execution not allowed: receiving Intent { act=com.google.android.chimera.MODULE_CONFIGURATION_CHANGED flg=0x10 (has extras) } to com.google.android.gms/.chimera.GmsIntentOperationService$PersistentInternalReceiver
11-08 05:59:15.534: I/zygote64(6296): Compiler allocated 7MB to compile edf eck.a(int, java.util.List, java.util.List, efv, java.lang.String, java.util.List, java.util.List, java.util.List, java.lang.String, java.util.List)
11-08 05:59:15.556: I/ChimeraCfgMgr(6296): Sending com.google.android.chimera.IntentOperation.NEW_MODULE Intents: 1,false,true
11-08 05:59:15.559: I/ChmraDebugLogger(6296): [46] container:19420
11-08 05:59:15.567: I/ChmraDebugLogger(6296): [71] null
11-08 05:59:15.571: I/Auth(6296): [SupervisedAccountIntentOperation] onHandleIntent(): android.intent.action.PACKAGE_ADDED
11-08 05:59:15.572: I/ChromeSync(6296): [Sync,SyncIntentOperation] Handling the intent: Intent { act=android.intent.action.PACKAGE_ADDED dat=package:com.google.android.gms.policy_test_support flg=0x4000010 cmp=com.google.android.gms/.chimera.GmsIntentOperationService (has extras) }.
11-08 05:59:15.573: W/zygote64(6296): Skipping duplicate class check due to unrecognized classloader
11-08 05:59:15.576: I/ChromeSync(6296): [Persistence,AffiliationManager] One of affiliation or grouping data for android://JQGPsg9dd2HvcQ3NOvpIBkUqO05p1z872yyCqMPGKyYTrXaagXb_cTSR6Tw7zvKHuN1SL7HTpLIIpZ7kfHKqVA==@com.google.android.gms.policy_test_support/ was not found. Marking affiliation data as stale...
11-08 05:59:15.592: I/ChromeSync(6296): [Persistence,AffiliationManager] Failed to get password domain for package: com.vzw.apnlib
11-08 05:59:15.625: I/zygote64(6296): Deoptimizing void qsl.a(java.lang.Throwable, blas) due to JIT inline cache
11-08 05:59:15.625: I/zygote64(6296): Deoptimizing void qsn.a(java.lang.Throwable, blas) due to JIT inline cache
11-08 05:59:15.632: I/ModuleSetUtils(6296): Assembling ModuleSetRecord for ads_fdr:210015,container:19420+vision.ocr: [zapp:/VisionOcr.optional/19420000400, zapp:/AdsFdrDynamite.integ/21001000000]
11-08 05:59:15.643: I/TestSupport(6296): Activate: 1573200000000@1573221555633
11-08 05:59:15.643: I/TestSupport(6296): Boot time: 1573207542459
11-08 05:59:15.663: I/TestSupport(6296): Updated: /data/data/com.google.android.gms/app_testsupport/.startup
11-08 05:59:15.668: W/DynamiteModule(6296): Local module descriptor class for providerinstaller not found.
11-08 05:59:15.668: W/ProviderHelper(6296): Unknown dynamite feature providerinstaller
11-08 05:59:15.668: I/DynamiteModule(6296): Considering local module providerinstaller:0 and remote module providerinstaller:0
11-08 05:59:15.668: W/ProviderInstaller(6296): Failed to load providerinstaller module: No acceptable module found. Local version is 0 and remote version is 0.
11-08 05:59:15.672: I/Icing(6296): IndexChimeraService.getServiceInterface callingPackage=com.google.android.gms componentName=AppsCorpus serviceId=36
11-08 05:59:15.678: I/ChimeraCfgMgr(6296): Received com.google.android.chimera.IntentOperation.NEW_MODULE(1/0): 1,false
11-08 05:59:15.683: W/DynamiteModule(6296): Local module descriptor class for providerinstaller not found.
11-08 05:59:15.684: I/DynamiteModule(6296): Considering local module providerinstaller:0 and remote module providerinstaller:0
11-08 05:59:15.684: W/ProviderInstaller(6296): Failed to load providerinstaller module: No acceptable module found. Local version is 0 and remote version is 0.
11-08 05:59:15.687: W/DynamiteModule(6296): Local module descriptor class for providerinstaller not found.
11-08 05:59:15.687: I/DynamiteModule(6296): Considering local module providerinstaller:0 and remote module providerinstaller:0
11-08 05:59:15.687: W/ProviderInstaller(6296): Failed to load providerinstaller module: No acceptable module found. Local version is 0 and remote version is 0.
11-08 05:59:15.691: I/zygote64(6277): Deoptimizing void qsp.a(java.lang.Object, android.content.Context) due to JIT same target
11-08 05:59:15.693: E/PhenotypeRegOp(6296): Attempting to overwrite config package for com.google.android.gms.car
11-08 05:59:15.695: W/DynamiteModule(6296): Local module descriptor class for providerinstaller not found.
11-08 05:59:15.695: I/DynamiteModule(6296): Considering local module providerinstaller:0 and remote module providerinstaller:0
11-08 05:59:15.696: W/ProviderInstaller(6296): Failed to load providerinstaller module: No acceptable module found. Local version is 0 and remote version is 0.
11-08 05:59:15.701: I/ChromeSync(6296): [Persistence,AffiliationManager] Fetching affiliations from the server.
11-08 05:59:15.705: W/DynamiteModule(6296): Local module descriptor class for providerinstaller not found.
11-08 05:59:15.705: I/DynamiteModule(6296): Considering local module providerinstaller:0 and remote module providerinstaller:0
11-08 05:59:15.705: W/ProviderInstaller(6296): Failed to load providerinstaller module: No acceptable module found. Local version is 0 and remote version is 0.
11-08 05:59:15.714: W/DynamiteModule(6296): Local module descriptor class for providerinstaller not found.
11-08 05:59:15.714: I/DynamiteModule(6296): Considering local module providerinstaller:0 and remote module providerinstaller:0
11-08 05:59:15.714: W/ProviderInstaller(6296): Failed to load providerinstaller module: No acceptable module found. Local version is 0 and remote version is 0.
11-08 05:59:15.723: E/PhenotypeRegOp(6296): Attempting to overwrite config package for com.google.android.gms.mobile_data_plan
11-08 05:59:15.724: E/PhenotypeRegOp(6296): Attempting to overwrite config package for com.google.android.gms.signin
11-08 05:59:15.725: W/DynamiteModule(6296): Local module descriptor class for providerinstaller not found.
11-08 05:59:15.725: I/DynamiteModule(6296): Considering local module providerinstaller:0 and remote module providerinstaller:0
11-08 05:59:15.725: W/ProviderInstaller(6296): Failed to load providerinstaller module: No acceptable module found. Local version is 0 and remote version is 0.
11-08 05:59:15.732: W/DynamiteModule(6296): Local module descriptor class for providerinstaller not found.
11-08 05:59:15.733: I/DynamiteModule(6296): Considering local module providerinstaller:0 and remote module providerinstaller:0
11-08 05:59:15.733: W/ProviderInstaller(6296): Failed to load providerinstaller module: No acceptable module found. Local version is 0 and remote version is 0.
11-08 05:59:15.748: I/GmsModuleFndr(6296): Beginning GMS chimera module scan
11-08 05:59:15.754: I/ModuleSetMgr(6296): Computing pending module set with APKs: {file:///data/app/com.google.android.gms-3hGyZVR86tBHkeMbPPV7Uw%3D%3D/base.apk}
11-08 05:59:15.762: I/ModuleSetUtils(6296): Assembling ModuleSetRecord for container:19420: []
11-08 05:59:15.763: I/ModuleSetMgr(6296): Pending container Zapp APKs: []
11-08 05:59:15.763: I/ModuleSetMgr(6296): Pending non-container Zapp APKs: []
11-08 05:59:15.768: W/Conscrypt(6296): Could not set socket write timeout: java.net.SocketException: Socket closed
11-08 05:59:15.769: W/Conscrypt(6296): 	at com.google.android.gms.org.conscrypt.Platform.setSocketWriteTimeout(:com.google.android.gms@19420019@19.4.20 (040400-271418971):2)
11-08 05:59:15.769: W/Conscrypt(6296): 	at com.google.android.gms.org.conscrypt.ConscryptFileDescriptorSocket.setSoWriteTimeout(:com.google.android.gms@19420019@19.4.20 (040400-271418971):2)
11-08 05:59:15.783: W/Icing(6296): No valid account for uploading user actions: admc: Not signed in
11-08 05:59:15.797: W/Conscrypt(6296): Could not set socket write timeout: java.net.SocketException: Socket closed
11-08 05:59:15.797: W/Conscrypt(6296): 	at com.google.android.gms.org.conscrypt.Platform.setSocketWriteTimeout(:com.google.android.gms@19420019@19.4.20 (040400-271418971):2)
11-08 05:59:15.797: W/Conscrypt(6296): 	at com.google.android.gms.org.conscrypt.ConscryptFileDescriptorSocket.setSoWriteTimeout(:com.google.android.gms@19420019@19.4.20 (040400-271418971):2)
11-08 05:59:15.807: W/DynamiteModule(6296): Local module descriptor class for providerinstaller not found.
11-08 05:59:15.807: I/DynamiteModule(6296): Considering local module providerinstaller:0 and remote module providerinstaller:0
11-08 05:59:15.807: W/ProviderInstaller(6296): Failed to load providerinstaller module: No acceptable module found. Local version is 0 and remote version is 0.
11-08 05:59:15.814: W/DynamiteModule(6296): Local module descriptor class for providerinstaller not found.
11-08 05:59:15.814: I/DynamiteModule(6296): Considering local module providerinstaller:0 and remote module providerinstaller:0
11-08 05:59:15.814: W/ProviderInstaller(6296): Failed to load providerinstaller module: No acceptable module found. Local version is 0 and remote version is 0.
11-08 05:59:15.819: W/DynamiteModule(6296): Local module descriptor class for providerinstaller not found.
11-08 05:59:15.819: I/DynamiteModule(6296): Considering local module providerinstaller:0 and remote module providerinstaller:0
11-08 05:59:15.819: W/ProviderInstaller(6296): Failed to load providerinstaller module: No acceptable module found. Local version is 0 and remote version is 0.
11-08 05:59:15.825: W/DynamiteModule(6296): Local module descriptor class for providerinstaller not found.
11-08 05:59:15.825: I/DynamiteModule(6296): Considering local module providerinstaller:0 and remote module providerinstaller:0
11-08 05:59:15.825: W/ProviderInstaller(6296): Failed to load providerinstaller module: No acceptable module found. Local version is 0 and remote version is 0.
11-08 05:59:15.830: I/dex2oat(25675): dex2oat took 463.994ms (997.047ms cpu) (threads: 8) arena alloc=25KB (26496B) java alloc=2MB (2498488B) native alloc=5MB (5623368B) free=3MB (3289528B)
11-08 05:59:15.832: W/DynamiteModule(6296): Local module descriptor class for providerinstaller not found.
11-08 05:59:15.832: I/DynamiteModule(6296): Considering local module providerinstaller:0 and remote module providerinstaller:0
11-08 05:59:15.832: W/ProviderInstaller(6296): Failed to load providerinstaller module: No acceptable module found. Local version is 0 and remote version is 0.
11-08 05:59:15.839: W/DynamiteModule(6296): Local module descriptor class for providerinstaller not found.
11-08 05:59:15.840: I/DynamiteModule(6296): Considering local module providerinstaller:0 and remote module providerinstaller:0
11-08 05:59:15.840: W/ProviderInstaller(6296): Failed to load providerinstaller module: No acceptable module found. Local version is 0 and remote version is 0.
11-08 05:59:15.845: W/DynamiteModule(6296): Local module descriptor class for providerinstaller not found.
11-08 05:59:15.846: I/DynamiteModule(6296): Considering local module providerinstaller:0 and remote module providerinstaller:0
11-08 05:59:15.846: W/ProviderInstaller(6296): Failed to load providerinstaller module: No acceptable module found. Local version is 0 and remote version is 0.
11-08 05:59:15.852: W/DynamiteModule(6296): Local module descriptor class for providerinstaller not found.
11-08 05:59:15.852: I/DynamiteModule(6296): Considering local module providerinstaller:0 and remote module providerinstaller:0
11-08 05:59:15.852: W/ProviderInstaller(6296): Failed to load providerinstaller module: No acceptable module found. Local version is 0 and remote version is 0.
11-08 05:59:15.852: W/ProviderInstaller(6296): [ 11-08 05:59:15.929   831: 2120 E/         ]
11-08 05:59:15.852: W/ProviderInstaller(6296): Couldn't opendir /data/app/vmdl1263093144.tmp: No such file or directory
11-08 05:59:15.929: E/installd(831): Failed to delete /data/app/vmdl1263093144.tmp: No such file or directory
11-08 05:59:15.935: I/Pm(25664): Package com.google.android.gmscore.testing.testsupport installed in 787 ms
11-08 05:59:15.935: D/PackageInstaller(1136): Ignoring abandon after commit relinquished control
11-08 05:59:15.936: I/app_process(25664): System.exit called, status: 0
11-08 05:59:15.936: I/AndroidRuntime(25664): VM exiting with result code 0.
11-08 05:59:15.944: I/GmsModuleFndr(6296): Beginning GMS chimera module scan
11-08 05:59:15.945: I/InputReader(1136): Reconfiguring input devices.  changes=0x00000010
11-08 05:59:15.952: W/BroadcastQueue(1136): Background execution not allowed: receiving Intent { act=android.intent.action.PACKAGE_ADDED dat=package:com.google.android.gmscore.testing.testsupport flg=0x4000010 (has extras) } to com.android.musicfx/.Compatibility$Receiver
11-08 05:59:15.957: I/ModuleSetMgr(6296): Computing pending module set with APKs: {file:///data/app/com.google.android.gms-3hGyZVR86tBHkeMbPPV7Uw%3D%3D/base.apk}
11-08 05:59:15.959: I/Telecom(1136): DefaultDialerCache: Refreshing default dialer for user 0: now com.google.android.dialer: DDC.oR@AG4
11-08 05:59:15.965: I/ModuleSetUtils(6296): Assembling ModuleSetRecord for container:19420: []
11-08 05:59:15.965: I/ModuleSetMgr(6296): Pending container Zapp APKs: []
11-08 05:59:15.965: I/ModuleSetMgr(6296): Pending non-container Zapp APKs: []
11-08 05:59:15.966: W/SearchableInfo(1136): Invalid searchable metadata for com.google.android.gms/.nearby.sharing.ContactSelectActivity: Search label must be a resource reference.
11-08 05:59:15.966: D/CarrierSvcBindHelper(1696): No carrier app for: 0
11-08 05:59:15.974: E/VvmPkgInstalledRcvr(1696): cannot create TelephonyManager from ComponentInfo{com.android.phone/com.android.services.telephony.TelephonyConnectionService}, [****], UserHandle{0}
11-08 05:59:15.974: D/ImsResolver(1696): maybeAddedImsService, packageName: com.google.android.gmscore.testing.testsupport
11-08 05:59:15.974: W/Finsky(4326): [2] com.google.android.finsky.application.FinskyAppImpl.bx(1166): No account configured on this device.
11-08 05:59:15.974: D/CarrierConfigLoader(1696): mHandler: 9 phoneId: 0
11-08 05:59:15.977: W/Finsky(4326): [2] com.google.android.finsky.application.FinskyAppImpl.bx(1166): No account configured on this device.
11-08 05:59:15.983: W/BroadcastQueue(1136): Background execution not allowed: receiving Intent { act=android.intent.action.PACKAGE_ADDED dat=package:com.google.android.gmscore.testing.testsupport flg=0x4000010 (has extras) } to com.google.android.gms/.games.chimera.GamesSystemBroadcastReceiverProxy
11-08 05:59:15.984: W/BroadcastQueue(1136): Background execution not allowed: receiving Intent { act=android.intent.action.PACKAGE_ADDED dat=package:com.google.android.gmscore.testing.testsupport flg=0x4000010 (has extras) } to com.google.android.gms/.gass.chimera.PackageChangeBroadcastReceiver
11-08 05:59:15.984: W/BroadcastQueue(1136): Background execution not allowed: receiving Intent { act=android.intent.action.PACKAGE_ADDED dat=package:com.google.android.gmscore.testing.testsupport flg=0x4000010 (has extras) } to com.google.android.gms/.chimera.GmsIntentOperationService$PersistentTrustedReceiver
11-08 05:59:15.984: W/BroadcastQueue(1136): Background execution not allowed: receiving Intent { act=android.intent.action.PACKAGE_ADDED dat=package:com.google.android.gmscore.testing.testsupport flg=0x4000010 (has extras) } to com.google.android.googlequicksearchbox/com.google.android.apps.gsa.googlequicksearchbox.GelStubAppWatcher
11-08 05:59:15.985: D/RegisteredNfcFServicesCache(2239): Service unchanged, not updating
11-08 05:59:15.988: W/WearSignatureVerifier(4326): No package com.google.android.wearable.app.cn
11-08 05:59:15.989: I/Finsky(4326): [2] com.google.android.finsky.utils.PermissionPolicies$PermissionPolicyService.onStartCommand(18): post-install permissions check for com.google.android.gmscore.testing.testsupport
11-08 05:59:15.989: W/WearSignatureVerifier(4326): No package com.google.android.wearable.app.cn
11-08 05:59:15.990: W/WearSignatureVerifier(4326): No package com.google.android.wearable.app.cn
11-08 05:59:15.990: W/Finsky(4326): [2] com.google.android.finsky.application.FinskyAppImpl.bx(1166): No account configured on this device.
11-08 05:59:15.990: W/WearSignatureVerifier(4326): No package com.google.android.wearable.app.cn
11-08 05:59:15.997: W/Finsky(4326): [2] com.google.android.finsky.application.FinskyAppImpl.bx(1166): No account configured on this device.
11-08 05:59:15.999: I/Finsky(4326): [2] com.google.android.finsky.externalreferrer.d.run(9): Package state data is missing for com.google.android.gmscore.testing.testsupport
11-08 05:59:16.001: W/WearableService(6277): onGetService: Wear is not available on this device.
11-08 05:59:16.001: W/Finsky(4326): [2] com.google.android.finsky.application.FinskyAppImpl.bx(1166): No account configured on this device.
11-08 05:59:16.003: V/MVS_VZWAVSService(8044): android.intent.action.PACKAGE_ADDED
11-08 05:59:16.005: W/WearSignatureVerifier(4326): No package com.google.android.wearable.app.cn
11-08 05:59:16.006: E/Finsky(4326): [2] com.google.android.finsky.wear.bl.a(3): onConnectionFailed: ConnectionResult{statusCode=API_UNAVAILABLE, resolution=null, message=null}
11-08 05:59:16.006: W/Finsky(4326): [2] com.google.android.finsky.wear.aj.run(9): Dropping command=auto_install due to Gms not connected
11-08 05:59:16.008: W/Finsky(4326): [2] com.google.android.finsky.wear.aj.run(9): Dropping command=send_installed_apps due to Gms not connected
11-08 05:59:16.042: I/anzn(6277): Scheduling Phenotype for a PhenotypeSyncImmediately(6, com.google.android.gms.testsupport) one off with window [1, 2] in seconds [CONTEXT service_id=51 ]
11-08 05:59:16.044: I/zygote64(6277): Deoptimizing void anxw.a(android.content.Context, long, java.lang.Exception) due to JIT same target
11-08 05:59:16.059: I/zygote64(6296): Deoptimizing boolean ecw.a(android.content.Context, ecy, java.lang.String) due to JIT inline cache
11-08 05:59:16.066: I/Icing(6296): Usage reports ok 0, Failed Usage reports 0, indexed 0, rejected 0
11-08 05:59:16.068: I/Checkin(6296): [EventLogChimeraService] Opted in for usage reporting: false
11-08 05:59:16.068: I/Checkin(6296): [EventLogChimeraService] Aggregate from 1573219808545 (log), 1573219808545 (data)
11-08 05:59:16.071: W/GCM(6277): Unexpected forwarded intent: Intent { act=android.intent.action.PACKAGE_ADDED dat=package:com.google.android.gmscore.testing.testsupport flg=0x4000010 cmp=com.google.android.gms/.chimera.PersistentIntentOperationService (has extras) }
11-08 05:59:16.072: I/zygote64(6296): Compiler allocated 4MB to compile void bxnu.a(java.lang.Object, bxqf)
11-08 05:59:16.073: W/GCM(6277): Unexpected forwarded intent: Intent { act=android.intent.action.PACKAGE_ADDED dat=package:com.google.android.gmscore.testing.testsupport flg=0x4000010 cmp=com.google.android.gms/.chimera.PersistentIntentOperationService (has extras) }
11-08 05:59:16.078: I/Icing(6296): IndexChimeraService.getServiceInterface callingPackage=com.google.android.gms componentName=null serviceId=30
11-08 05:59:16.084: W/Icing(6296): No valid account for uploading user actions: admc: Not signed in
11-08 05:59:16.091: I/Icing(6296): Usage reports ok 0, Failed Usage reports 0, indexed 0, rejected 0
11-08 05:59:16.095: I/Auth(6296): [SupervisedAccountIntentOperation] onHandleIntent(): android.intent.action.PACKAGE_ADDED
11-08 05:59:16.095: I/ChromeSync(6296): [Sync,SyncIntentOperation] Handling the intent: Intent { act=android.intent.action.PACKAGE_ADDED dat=package:com.google.android.gmscore.testing.testsupport flg=0x4000010 cmp=com.google.android.gms/.chimera.GmsIntentOperationService (has extras) }.
11-08 05:59:16.096: I/ChromeSync(6296): [Persistence,AffiliationManager] One of affiliation or grouping data for android://7qg--Vdm54zxKo8avkCXCD_7ToNk-gSGsIINmMu_krBTT9yKXmXa5m1MzFNMIqP92nwcLB8-pgfDA4TXFVsmSw==@com.google.android.gmscore.testing.testsupport/ was not found. Marking affiliation data as stale...
11-08 05:59:16.097: W/BroadcastQueue(1136): Background execution not allowed: receiving Intent { act=android.intent.action.DROPBOX_ENTRY_ADDED flg=0x10 (has extras) } to com.google.android.gms/.stats.service.DropBoxEntryAddedReceiver
11-08 05:59:16.097: W/BroadcastQueue(1136): Background execution not allowed: receiving Intent { act=android.intent.action.DROPBOX_ENTRY_ADDED flg=0x10 (has extras) } to com.google.android.gms/.chimera.GmsIntentOperationService$PersistentTrustedReceiver
11-08 05:59:16.113: I/Checkin(6296): [ServiceDumpSys] dumping service [account]
11-08 05:59:16.120: W/BroadcastQueue(1136): Background execution not allowed: receiving Intent { act=android.intent.action.DROPBOX_ENTRY_ADDED flg=0x10 (has extras) } to com.google.android.gms/.stats.service.DropBoxEntryAddedReceiver
11-08 05:59:16.120: W/BroadcastQueue(1136): Background execution not allowed: receiving Intent { act=android.intent.action.DROPBOX_ENTRY_ADDED flg=0x10 (has extras) } to com.google.android.gms/.chimera.GmsIntentOperationService$PersistentTrustedReceiver
11-08 05:59:16.127: I/ChromeSync(6296): [Persistence,AffiliationManager] Failed to get password domain for package: com.vzw.apnlib
11-08 05:59:16.177: I/ChromeSync(6296): [Persistence,AffiliationManager] Fetching affiliations from the server.
11-08 05:59:16.240: I/ActivityManager(1136): Start proc 25720:com.google.android.gmscore.testing.testsupport/u0a135 for service com.google.android.gmscore.testing.testsupport/.CommandService
11-08 05:59:16.276: I/TSDRIVER(25720): CommandService onHandleIntent()
11-08 05:59:16.276: I/TSDRIVER(25720): Got command: PACKAGE
11-08 05:59:16.281: I/TSDRIVER(25720): flag package: Eglnc2VydmljZXMaLAooZmluc2t5LnBsYXlfc2VydmljZXNfYXV0b191cGRhdGVfZW5hYmxlZBgAGjUKMWZpbnNreS5zZXR1cF93aXphcmRfYWRkaXRpb25hbF9hY2NvdW50X3ZwYV9lbmFibGUYABoxCi1maW5za3kuZGFpbHlfaHlnaWVuZV9zY2hlZHVsZV91bmF1dGhlbnRpY2F0ZWQYAA
11-08 05:59:16.285: I/TSDRIVER(25720): flag package: gservices
11-08 05:59:16.289: E/GooglePlayServicesUtil(25720): The Google Play services resources were not found. Check your project configuration to ensure that the resources are included.
11-08 05:59:16.306: W/Primes(6296): Primes not initialized, returning default (no-op) Primes instance which will ignore all calls. Please call Primes.initialize(...) before using any Primes API.
11-08 05:59:16.324: W/DynamiteModule(6296): Local module descriptor class for com.google.android.gms.googlecertificates not found.
11-08 05:59:16.326: I/DynamiteModule(6296): Considering local module com.google.android.gms.googlecertificates:0 and remote module com.google.android.gms.googlecertificates:4
11-08 05:59:16.326: I/DynamiteModule(6296): Selected remote version of com.google.android.gms.googlecertificates, version >= 4
11-08 05:59:16.328: I/ChmraDebugLogger(6296): [71] Googlecertificates
11-08 05:59:16.332: W/zygote64(6296): Skipping duplicate class check due to unrecognized classloader
11-08 05:59:16.366: I/TestSupport(6296): Activated: 1573200000000@1573221555633
11-08 05:59:16.366: I/TestSupport(6296): Boot time: 1573207542459
11-08 05:59:16.366: I/zygote64(6296): Deoptimizing int eek.a(brxo, eel, java.lang.Comparable) due to JIT inline cache
11-08 05:59:16.366: I/TestSupport(6296): Passing package and signature checks: com.google.android.gmscore.testing.testsupport
11-08 05:59:16.383: I/TestSupport(6296): SetOverrideOperation: finsky.play_services_auto_update_enabled = false
11-08 05:59:16.470: I/GservicesProvider(2317): override update completed
11-08 05:59:16.489: I/ActivityManager(1136): Start proc 25745:com.android.connectivity.metrics/u0a24 for broadcast com.android.connectivity.metrics/.SnapshotSchedulingReceiver
11-08 05:59:16.496: I/TestSupport(6296): Broadcast sent: finsky.play_services_auto_update_enabled
11-08 05:59:16.509: I/TestSupport(6296): GServices override confirmed: finsky.play_services_auto_update_enabled=false
11-08 05:59:16.516: I/TestSupport(6296): SetOverrideOperation: finsky.setup_wizard_additional_account_vpa_enable = false
11-08 05:59:16.517: W/Bugle(9732): Factory.getPhoneUtils: invalid subId = -1
11-08 05:59:16.538: D/ConnMetrics:App(25745): onCreate()
11-08 05:59:16.545: W/zygote64(25745): Class com.google.android.gms.internal.zznt failed lock verification and will run slower.
11-08 05:59:16.545: W/zygote64(25745): Common causes for lock verification issues are non-optimized dex code
11-08 05:59:16.545: W/zygote64(25745): and incorrect proguard optimizations.
11-08 05:59:16.551: E/GooglePlayServicesUtil(25745): The Google Play services resources were not found. Check your project configuration to ensure that the resources are included.
11-08 05:59:16.552: I/ActivityManager(1136): Start proc 25762:com.google.android.apps.photos/u0a81 for broadcast com.google.android.apps.photos/com.google.android.apps.moviemaker.app.ApplicationEnabler$Receiver
11-08 05:59:16.585: D/ConnMetrics:App(25745): IsOptedIn = false
11-08 05:59:16.592: D/CarrierServices(9747): log_saver already enabled
11-08 05:59:16.613: D/CarrierServices(9732): log_saver already enabled
11-08 05:59:16.631: I/zygote64(25762): Do partial code cache collection, code=0B, data=14KB
11-08 05:59:16.631: I/zygote64(25762): After code cache collection, code=0B, data=14KB
11-08 05:59:16.631: I/zygote64(25762): Increasing code cache capacity to 128KB
11-08 05:59:16.704: I/ActivityManager(1136): Killing 7147:com.google.android.calendar/u0a72 (adj 906): empty for 13818s
11-08 05:59:16.705: W/zygote64(1136): kill(-7147, 9) failed: No such process
11-08 05:59:16.714: I/chatty(1136): uid=1000(system) ActivityManager identical 1 line
11-08 05:59:16.748: W/zygote64(1136): kill(-7147, 9) failed: No such process
11-08 05:59:16.748: I/zygote64(1136): Successfully killed process cgroup uid 10072 pid 7147 in 42ms
11-08 05:59:16.756: I/Backup(6296): [GmsBackupStatusChangeReceiver] Going to enable gms backup transport.
11-08 05:59:16.772: I/Herrevad(6277): [654] acas.a: updateListenState
11-08 05:59:16.772: I/NetRec(6277): [660] akrh.a: onConfigChanged()
11-08 05:59:16.781: I/NetRec(6277): [660] akrh.a: Cancelling all NetRec GCM tasks
11-08 05:59:16.788: I/Backup(6277): [BackupTransportMigratorChimeraService] Starting migration...
11-08 05:59:16.795: I/GmsModuleFndr(6296): Beginning GMS chimera module scan
11-08 05:59:16.801: I/ModuleSetMgr(6296): Computing pending module set with APKs: {file:///data/app/com.google.android.gms-3hGyZVR86tBHkeMbPPV7Uw%3D%3D/base.apk}
11-08 05:59:16.807: I/NetRec(6277): [654] ClearDatabaseService.onHandleIntent: Clearing score cache
11-08 05:59:16.807: I/GCoreUlr(6277): WorldUpdater received intent Intent { act=com.google.android.location.reporting.ACTION_UPDATE_WORLD cmp=com.google.android.gms/com.google.android.location.reporting.service.DispatchingService (has extras) } with receiverAction com.google.gservices.intent.action.GSERVICES_CHANGED
11-08 05:59:16.809: I/GCoreUlr(6277): Successfully sent flags updated to controllers.
11-08 05:59:16.811: I/GeofencerStateMachine(6277): sendQueryLocationOptIn
11-08 05:59:16.813: I/ModuleSetUtils(6296): Assembling ModuleSetRecord for container:19420: []
11-08 05:59:16.813: I/ModuleSetMgr(6296): Pending container Zapp APKs: []
11-08 05:59:16.813: I/ModuleSetMgr(6296): Pending non-container Zapp APKs: []
11-08 05:59:16.820: I/GeofencerStateMachine(6277): sendQueryLocationOptIn
11-08 05:59:16.822: I/GCoreUlr(6277): WorldUpdater:com.google.gservices.intent.action.GSERVICES_CHANGED: Ensuring that reporting is stopped because of reasons: (no Google accounts)
11-08 05:59:16.826: I/GCoreUlr(6277): Unbound from all signal providers.
11-08 05:59:16.826: I/GCoreUlr(6277): Successfully accounts update
11-08 05:59:16.833: I/GeofencerStateMachine(6277): sendQueryLocationOptIn
11-08 05:59:16.835: I/GCoreUlr(6277): DispatchingService ignoring Intent { act=android.net.wifi.WIFI_STATE_CHANGED flg=0x4000010 (has extras) } because ULR inactive
11-08 05:59:16.838: I/GCoreUlr(6277): Unbound from all signal providers.
11-08 05:59:16.838: I/GCoreUlr(6277): Stopping handler for UlrDispSvcFast
11-08 05:59:16.841: I/GCoreUlr(6277): Successfully accounts update
11-08 05:59:16.842: I/GeofencerStateMachine(6277): sendQueryLocationOptIn
11-08 05:59:16.849: W/ChimeraUtils(6296): Non Chimera context
11-08 05:59:16.849: W/ChimeraUtils(6296): Non Chimera context
11-08 05:59:16.852: I/GeofencerStateMachine(6277): sendQueryLocationOptIn
11-08 05:59:16.858: I/ChromeSync(6296): [Sync,SyncIntentOperation] Handling the intent: Intent { act=com.google.gservices.intent.action.GSERVICES_CHANGED flg=0x1000010 cmp=com.google.android.gms/.chimera.GmsIntentOperationService$PersistentInternalReceiver }.
11-08 05:59:16.861: W/DynamiteModule(6296): Local module descriptor class for providerinstaller not found.
11-08 05:59:16.861: W/ProviderHelper(6296): Unknown dynamite feature providerinstaller
11-08 05:59:16.861: I/DynamiteModule(6296): Considering local module providerinstaller:0 and remote module providerinstaller:0
11-08 05:59:16.861: I/CAR.SETUP(6296): update Car DrivingMode components to false [CONTEXT service_id=13 ]
11-08 05:59:16.862: W/ProviderInstaller(6296): Failed to load providerinstaller module: No acceptable module found. Local version is 0 and remote version is 0.
11-08 05:59:16.865: I/GeofencerStateMachine(6277): sendQueryLocationOptIn
11-08 05:59:16.873: W/DynamiteModule(6296): Local module descriptor class for providerinstaller not found.
11-08 05:59:16.873: I/DynamiteModule(6296): Considering local module providerinstaller:0 and remote module providerinstaller:0
11-08 05:59:16.873: W/ProviderInstaller(6296): Failed to load providerinstaller module: No acceptable module found. Local version is 0 and remote version is 0.
11-08 05:59:16.876: W/DynamiteModule(6296): Local module descriptor class for providerinstaller not found.
11-08 05:59:16.876: I/DynamiteModule(6296): Considering local module providerinstaller:0 and remote module providerinstaller:0
11-08 05:59:16.876: W/ProviderInstaller(6296): Failed to load providerinstaller module: No acceptable module found. Local version is 0 and remote version is 0.
11-08 05:59:16.880: I/GeofencerStateMachine(6277): sendQueryLocationOptIn
11-08 05:59:16.899: I/MobileDataHub(6296): Scheduling periodic tasks
11-08 05:59:16.901: W/DynamiteModule(6296): Local module descriptor class for providerinstaller not found.
11-08 05:59:16.901: I/DynamiteModule(6296): Considering local module providerinstaller:0 and remote module providerinstaller:0
11-08 05:59:16.901: W/ProviderInstaller(6296): Failed to load providerinstaller module: No acceptable module found. Local version is 0 and remote version is 0.
11-08 05:59:16.910: I/native(2347): fingerprint_matcher.cc:90 Read index from: /system/etc/ambient/matcher.leveldb
11-08 05:59:16.910: I/native(2347): brute_force_matcher_visitor.cc:465 Using asymmetric binary lookup
11-08 05:59:16.910: I/native(2347): brute_force_matcher_visitor.cc:526 Using asymmetric binary rescore
11-08 05:59:16.912: W/DynamiteModule(6296): Local module descriptor class for providerinstaller not found.
11-08 05:59:16.912: I/DynamiteModule(6296): Considering local module providerinstaller:0 and remote module providerinstaller:0
11-08 05:59:16.912: W/ProviderInstaller(6296): Failed to load providerinstaller module: No acceptable module found. Local version is 0 and remote version is 0.
11-08 05:59:16.924: W/DynamiteModule(6296): Local module descriptor class for providerinstaller not found.
11-08 05:59:16.924: I/DynamiteModule(6296): Considering local module providerinstaller:0 and remote module providerinstaller:0
11-08 05:59:16.924: W/ProviderInstaller(6296): Failed to load providerinstaller module: No acceptable module found. Local version is 0 and remote version is 0.
11-08 05:59:16.928: W/DynamiteModule(6296): Local module descriptor class for providerinstaller not found.
11-08 05:59:16.928: I/DynamiteModule(6296): Considering local module providerinstaller:0 and remote module providerinstaller:0
11-08 05:59:16.928: W/ProviderInstaller(6296): Failed to load providerinstaller module: No acceptable module found. Local version is 0 and remote version is 0.
11-08 05:59:16.932: W/DynamiteModule(6296): Local module descriptor class for providerinstaller not found.
11-08 05:59:16.932: I/DynamiteModule(6296): Considering local module providerinstaller:0 and remote module providerinstaller:0
11-08 05:59:16.932: W/ProviderInstaller(6296): Failed to load providerinstaller module: No acceptable module found. Local version is 0 and remote version is 0.
11-08 05:59:16.939: I/MS_RegisterService(6296): Tachyon host: instantmessaging-pa.googleapis.com, Tachyon port: 443
11-08 05:59:16.945: I/GmsModuleFndr(6296): Beginning GMS chimera module scan
11-08 05:59:16.960: I/ModuleSetMgr(6296): Computing pending module set with APKs: {file:///data/app/com.google.android.gms-3hGyZVR86tBHkeMbPPV7Uw%3D%3D/base.apk}
11-08 05:59:16.964: I/zygote64(1136): Background concurrent copying GC freed 32101(2040KB) AllocSpace objects, 7(140KB) LOS objects, 42% free, 13MB/24MB, paused 62us total 126.083ms
11-08 05:59:16.965: I/MS_RegisterService(6296): RegisterService intent:Intent { act=com.google.android.gms.matchstick.register_intent_action cat=[targeted_intent_op_prefix:com.google.android.libraries.matchstick.net.SilentRegisterIntentOperation] cmp=com.google.android.gms/.chimera.GmsIntentOperationService } isPeriodic:false
11-08 05:59:16.967: I/ModuleSetUtils(6296): Assembling ModuleSetRecord for container:19420: []
11-08 05:59:16.969: I/ModuleSetMgr(6296): Pending container Zapp APKs: []
11-08 05:59:16.969: I/ModuleSetMgr(6296): Pending non-container Zapp APKs: []
11-08 05:59:16.970: I/MS_Utils(6296): version of com.google.android.apps.maps = 956702234
11-08 05:59:16.979: I/GservicesProvider(2317): override update completed
11-08 05:59:16.990: W/Bugle(9732): Factory.getPhoneUtils: invalid subId = -1
11-08 05:59:16.991: I/TestSupport(6296): Broadcast sent: finsky.setup_wizard_additional_account_vpa_enable
11-08 05:59:16.998: I/TestSupport(6296): GServices override confirmed: finsky.setup_wizard_additional_account_vpa_enable=false
11-08 05:59:17.000: E/GooglePlayServicesUtil(25745): The Google Play services resources were not found. Check your project configuration to ensure that the resources are included.
11-08 05:59:17.000: I/TestSupport(6296): SetOverrideOperation: finsky.daily_hygiene_schedule_unauthenticated = false
11-08 05:59:17.011: W/MS_RegisterService(6296): Not eligible for registration.
11-08 05:59:17.012: I/zygote64(6296): Background concurrent copying GC freed 66098(4MB) AllocSpace objects, 12(604KB) LOS objects, 50% free, 9MB/19MB, paused 24us total 130.824ms
11-08 05:59:17.026: I/Backup(6296): [GmsBackupStatusChangeReceiver] Going to enable gms backup transport.
11-08 05:59:17.026: D/ConnMetrics:App(25745): IsOptedIn = false
11-08 05:59:17.043: I/Herrevad(6277): [654] acas.a: updateListenState
11-08 05:59:17.044: I/NetRec(6277): [660] akrh.a: onConfigChanged()
11-08 05:59:17.047: D/CarrierServices(9747): log_saver already enabled
11-08 05:59:17.049: I/NetRec(6277): [660] akrh.a: Cancelling all NetRec GCM tasks
11-08 05:59:17.050: I/NetRec(6277): [661] ClearDatabaseService.onHandleIntent: Clearing score cache
11-08 05:59:17.057: W/DynamiteModule(6296): Local module descriptor class for providerinstaller not found.
11-08 05:59:17.058: I/DynamiteModule(6296): Considering local module providerinstaller:0 and remote module providerinstaller:0
11-08 05:59:17.059: W/ProviderInstaller(6296): Failed to load providerinstaller module: No acceptable module found. Local version is 0 and remote version is 0.
11-08 05:59:17.068: W/DynamiteModule(6296): Local module descriptor class for providerinstaller not found.
11-08 05:59:17.068: I/DynamiteModule(6296): Considering local module providerinstaller:0 and remote module providerinstaller:0
11-08 05:59:17.068: W/ProviderInstaller(6296): Failed to load providerinstaller module: No acceptable module found. Local version is 0 and remote version is 0.
11-08 05:59:17.069: I/OcrModelUpStIntentOp(6296): Updating ocr activity enabled=true (phenotypeFlag=true, lowRamDevice=false, prereqCheck=true)
11-08 05:59:17.070: I/OcrModelUpStIntentOp(6296): Downloading text recognizer
11-08 05:59:17.072: I/SystemUpdate(6296): [Installation,ReceiverIntentOperation] Received intent: Intent { act=com.google.gservices.intent.action.GSERVICES_CHANGED flg=0x1000010 cmp=com.google.android.gms/.chimera.GmsIntentOperationService$PersistentInternalReceiver }.
11-08 05:59:17.074: D/CarrierServices(9732): log_saver already enabled
11-08 05:59:17.077: W/DynamiteModule(6296): Local module descriptor class for providerinstaller not found.
11-08 05:59:17.077: I/DynamiteModule(6296): Considering local module providerinstaller:0 and remote module providerinstaller:0
11-08 05:59:17.077: W/ProviderInstaller(6296): Failed to load providerinstaller module: No acceptable module found. Local version is 0 and remote version is 0.
11-08 05:59:17.079: I/Icing(6296): Indexing com.google.android.gms-apps from com.google.android.gms
11-08 05:59:17.089: I/GeofencerStateMachine(6277): sendQueryLocationOptIn
11-08 05:59:17.090: W/DynamiteModule(6296): Local module descriptor class for providerinstaller not found.
11-08 05:59:17.091: I/DynamiteModule(6296): Considering local module providerinstaller:0 and remote module providerinstaller:0
11-08 05:59:17.091: W/ProviderInstaller(6296): Failed to load providerinstaller module: No acceptable module found. Local version is 0 and remote version is 0.
11-08 05:59:17.092: I/GCoreUlr(6277): WorldUpdater received intent Intent { act=com.google.android.location.reporting.ACTION_UPDATE_WORLD cmp=com.google.android.gms/com.google.android.location.reporting.service.DispatchingService (has extras) } with receiverAction com.google.gservices.intent.action.GSERVICES_CHANGED
11-08 05:59:17.097: I/GCoreUlr(6277): Successfully sent flags updated to controllers.
11-08 05:59:17.098: I/GeofencerStateMachine(6277): sendQueryLocationOptIn
11-08 05:59:17.100: W/DynamiteModule(6296): Local module descriptor class for providerinstaller not found.
11-08 05:59:17.101: I/DynamiteModule(6296): Considering local module providerinstaller:0 and remote module providerinstaller:0
11-08 05:59:17.101: W/ProviderInstaller(6296): Failed to load providerinstaller module: No acceptable module found. Local version is 0 and remote version is 0.
11-08 05:59:17.106: I/Icing(6296): Indexing done com.google.android.gms-apps
11-08 05:59:17.109: I/GeofencerStateMachine(6277): sendQueryLocationOptIn
11-08 05:59:17.109: I/Icing(6296): Indexing com.google.android.gms-apps from com.google.android.gms
11-08 05:59:17.112: I/Icing(6296): Indexing done com.google.android.gms-apps
11-08 05:59:17.113: W/DynamiteModule(6296): Local module descriptor class for providerinstaller not found.
11-08 05:59:17.113: I/DynamiteModule(6296): Considering local module providerinstaller:0 and remote module providerinstaller:0
11-08 05:59:17.113: W/ProviderInstaller(6296): Failed to load providerinstaller module: No acceptable module found. Local version is 0 and remote version is 0.
11-08 05:59:17.114: I/GCoreUlr(6277): WorldUpdater:com.google.gservices.intent.action.GSERVICES_CHANGED: Ensuring that reporting is stopped because of reasons: (no Google accounts)
11-08 05:59:17.118: I/GeofencerStateMachine(6277): sendQueryLocationOptIn
11-08 05:59:17.120: W/DynamiteModule(6296): Local module descriptor class for providerinstaller not found.
11-08 05:59:17.121: I/DynamiteModule(6296): Considering local module providerinstaller:0 and remote module providerinstaller:0
11-08 05:59:17.121: W/ProviderInstaller(6296): Failed to load providerinstaller module: No acceptable module found. Local version is 0 and remote version is 0.
11-08 05:59:17.122: I/GCoreUlr(6277): Unbound from all signal providers.
11-08 05:59:17.123: I/GCoreUlr(6277): Successfully accounts update
11-08 05:59:17.128: W/DynamiteModule(6296): Local module descriptor class for providerinstaller not found.
11-08 05:59:17.128: I/DynamiteModule(6296): Considering local module providerinstaller:0 and remote module providerinstaller:0
