11-08 05:59:22.647: W/Nearby(26556): Bind call too late - someone already tried to get: interface buvb [CONTEXT service_id=49 ]
11-08 05:59:22.650: E/GmsRequestQueue(26574): Tried to stop global GMSCore RequestQueue. This is likely unintended, so ignoring.
11-08 05:59:22.694: I/GeofencerStateMachine(26556): removeGeofences: removeRequest=RemoveGeofencingRequest[REMOVE_BY_PENDING_INTENT pendingIntent=PendingIntent[creatorPackage=com.google.android.gms], packageName=com.google.android.gms]
11-08 05:59:22.696: I/GeofencerStateMachine(26556): removeGeofences: removeRequest=RemoveGeofencingRequest[REMOVE_BY_PENDING_INTENT pendingIntent=PendingIntent[creatorPackage=com.google.android.gms], packageName=com.google.android.gms]
11-08 05:59:22.716: I/zygote64(26556): Background concurrent copying GC freed 23324(1977KB) AllocSpace objects, 19(420KB) LOS objects, 49% free, 5MB/11MB, paused 67us total 107.560ms
11-08 05:59:22.736: I/dex2oat(26760): dex2oat took 185.212ms (313.697ms cpu) (threads: 8) arena alloc=11KB (11920B) java alloc=1045KB (1070352B) native alloc=1885KB (1930280B) free=3MB (3312600B)
11-08 05:59:22.822: I/zygote64(26556): Do full code cache collection, code=241KB, data=161KB
11-08 05:59:22.823: I/zygote64(26556): After code cache collection, code=210KB, data=119KB
11-08 05:59:22.838: I/zygote64(26556): Do partial code cache collection, code=211KB, data=120KB
11-08 05:59:22.838: I/zygote64(26556): After code cache collection, code=211KB, data=120KB
11-08 05:59:22.838: I/zygote64(26556): Increasing code cache capacity to 1024KB
11-08 05:59:22.887: I/Icing(26574): Post-init done
11-08 05:59:22.887: I/Icing(26574): [ 11-08 05:59:22.888   831: 2120 E/         ]
11-08 05:59:22.887: I/Icing(26574): Couldn't opendir /data/app/vmdl649722350.tmp: No such file or directory
11-08 05:59:22.888: E/installd(831): Failed to delete /data/app/vmdl649722350.tmp: No such file or directory
11-08 05:59:22.888: I/Icing(26574): Indexing com.google.android.gms-internal.3p:MobileApplication from com.google.android.gms
11-08 05:59:22.892: I/Pm(26725): Package com.example.concurrencyeval.test installed in 494 ms
11-08 05:59:22.892: D/PackageInstaller(1136): Ignoring abandon after commit relinquished control
11-08 05:59:22.894: I/app_process(26725): System.exit called, status: 0
11-08 05:59:22.894: I/AndroidRuntime(26725): VM exiting with result code 0.
11-08 05:59:22.895: I/BeaconBle(26556): Client requested scan, settings=BleSettings [scanMode=ZERO_POWER, callbackType=ALL_MATCHES, reportDelayMillis=0, 1 filters, 0 clients, callingClientName=Places]
11-08 05:59:22.899: I/Auth(26574): [SupervisedAccountIntentOperation] onHandleIntent(): android.intent.action.PACKAGE_ADDED
11-08 05:59:22.904: W/GCM(26556): Unexpected forwarded intent: Intent { act=android.intent.action.PACKAGE_ADDED dat=package:com.example.concurrencyeval flg=0x4000010 cmp=com.google.android.gms/.chimera.PersistentIntentOperationService (has extras) }
11-08 05:59:22.911: W/GCM(26556): Unexpected forwarded intent: Intent { act=android.intent.action.PACKAGE_ADDED dat=package:com.example.concurrencyeval flg=0x4000010 cmp=com.google.android.gms/.chimera.PersistentIntentOperationService (has extras) }
11-08 05:59:22.913: I/InputReader(1136): Reconfiguring input devices.  changes=0x00000010
11-08 05:59:22.914: W/ActivityManager(1136): Permission Denial: Accessing service ComponentInfo{com.google.android.music/com.google.android.music.dial.DialMediaRouteProviderService} from pid=26449, uid=10070 that is not exported from uid 10111
11-08 05:59:22.915: W/GCoreFlp(26556): No location to return for getLastLocation()
11-08 05:59:22.932: I/Places(26556): ?: Couldn't find platform key file.
11-08 05:59:22.939: D/CarrierSvcBindHelper(1696): No carrier app for: 0
11-08 05:59:22.943: E/BeaconBle(26556): Scan couldn't start for Places
11-08 05:59:22.943: E/VvmPkgInstalledRcvr(1696): cannot create TelephonyManager from ComponentInfo{com.android.phone/com.android.services.telephony.TelephonyConnectionService}, [****], UserHandle{0}
11-08 05:59:22.943: D/ImsResolver(1696): maybeAddedImsService, packageName: com.example.concurrencyeval.test
11-08 05:59:22.944: D/CarrierConfigLoader(1696): mHandler: 9 phoneId: 0
11-08 05:59:22.953: W/Places(26556): BLE failure while scanning - code 5
11-08 05:59:22.955: D/RegisteredNfcFServicesCache(2239): Service unchanged, not updating
11-08 05:59:22.958: E/NearbyDiscovery(26556): DiscoveryNearbyMessagesManager failed to background unsubscribe [CONTEXT service_id=49 ]
11-08 05:59:22.958: E/NearbyDiscovery(26556): java.util.concurrent.TimeoutException: Timed out waiting for Task
11-08 05:59:22.958: E/NearbyDiscovery(26556): 	at avbd.a(:com.google.android.gms@19420019@19.4.20 (040400-271418971):19)
11-08 05:59:22.958: E/NearbyDiscovery(26556): 	at aidz.b(:com.google.android.gms@19420019@19.4.20 (040400-271418971):5)
11-08 05:59:22.958: E/NearbyDiscovery(26556): 	at aieb.run(:com.google.android.gms@19420019@19.4.20 (040400-271418971):10)
11-08 05:59:22.958: E/NearbyDiscovery(26556): 	at buoa.handleMessage(:com.google.android.gms@19420019@19.4.20 (040400-271418971):13)
11-08 05:59:22.958: E/NearbyDiscovery(26556): 	at android.os.Handler.dispatchMessage(Handler.java:105)
11-08 05:59:22.958: E/NearbyDiscovery(26556): 	at aetx.a(:com.google.android.gms@19420019@19.4.20 (040400-271418971):3)
11-08 05:59:22.958: E/NearbyDiscovery(26556): 	at aetx.dispatchMessage(:com.google.android.gms@19420019@19.4.20 (040400-271418971):4)
11-08 05:59:22.958: E/NearbyDiscovery(26556): 	at android.os.Looper.loop(Looper.java:164)
11-08 05:59:22.958: E/NearbyDiscovery(26556): 	at android.os.HandlerThread.run(HandlerThread.java:65)
11-08 05:59:22.961: W/SearchableInfo(1136): Invalid searchable metadata for com.google.android.gms/.nearby.sharing.ContactSelectActivity: Search label must be a resource reference.
11-08 05:59:22.963: I/Telecom(1136): DefaultDialerCache: Refreshing default dialer for user 0: now com.google.android.dialer: DDC.oR@AIA
11-08 05:59:22.980: W/GCM(26556): Unexpected forwarded intent: Intent { act=android.intent.action.PACKAGE_ADDED dat=package:com.example.concurrencyeval.test flg=0x4000010 cmp=com.google.android.gms/.chimera.PersistentIntentOperationService (has extras) }
11-08 05:59:22.981: I/zygote64(1696): Do partial code cache collection, code=49KB, data=47KB
11-08 05:59:22.981: I/zygote64(1696): After code cache collection, code=49KB, data=47KB
11-08 05:59:22.981: I/zygote64(1696): Increasing code cache capacity to 256KB
11-08 05:59:22.984: W/GCM(26556): Unexpected forwarded intent: Intent { act=android.intent.action.PACKAGE_ADDED dat=package:com.example.concurrencyeval.test flg=0x4000010 cmp=com.google.android.gms/.chimera.PersistentIntentOperationService (has extras) }
11-08 05:59:22.986: I/ChromeSync(26574): [Sync,SyncIntentOperation] Handling the intent: Intent { act=android.intent.action.PACKAGE_ADDED dat=package:com.example.concurrencyeval flg=0x4000010 cmp=com.google.android.gms/.chimera.GmsIntentOperationService (has extras) }.
11-08 05:59:23.011: W/ContextHubService(1136): Found 0 apps on hub handle 0
11-08 05:59:23.011: E/ChreGmsCore(26556): Unable to find NanoApp with Id=0x476F6F676C00100D
11-08 05:59:23.020: I/ChromeSync(26574): [Persistence,AffiliationManager] One of affiliation or grouping data for android://h-kK8E35ZUoXnEABRDU2PIK_dYIQ_cD2NTSNE-ZAdUe9It3dWUum3l0e1Q9sqTgSy4gfkyNHcRjP1KM7ie96WQ==@com.example.concurrencyeval/ was not found. Marking affiliation data as stale...
11-08 05:59:23.020: I/GeofencerStateMachine(26556): removeGeofences: removeRequest=RemoveGeofencingRequest[REMOVE_BY_PENDING_INTENT pendingIntent=PendingIntent[creatorPackage=com.google.android.gms], packageName=com.google.android.gms]
11-08 05:59:23.023: W/ContextHubService(1136): Found 0 apps on hub handle 0
11-08 05:59:23.023: E/ChreGmsCore(26556): Unable to find NanoApp with Id=0x476F6F676C00100F
11-08 05:59:23.027: I/GeofencerStateMachine(26556): removeGeofences: removeRequest=RemoveGeofencingRequest[REMOVE_BY_PENDING_INTENT pendingIntent=PendingIntent[creatorPackage=com.google.android.gms], packageName=com.google.android.gms]
11-08 05:59:23.051: I/zygote64(26574): Deoptimizing boolean xl.containsKey(java.lang.Object) due to JIT inline cache
11-08 05:59:23.051: I/zygote64(26574): Deoptimizing java.lang.Object xl.put(java.lang.Object, java.lang.Object) due to JIT inline cache
11-08 05:59:23.064: I/ChromeSync(26574): [Persistence,AffiliationManager] Failed to get password domain for package: com.vzw.apnlib
11-08 05:59:23.081: W/Settings(26556): Setting airplane_mode_on has moved from android.provider.Settings.System to android.provider.Settings.Global, returning read-only value.
11-08 05:59:23.100: I/GmscoreIpa(26574): Using regular flags by method 2
11-08 05:59:23.141: I/FA-SVC(26574): App measurement is starting up, version: 19420
11-08 05:59:23.204: I/zygote64(26574): Compiler allocated 4MB to compile void bxnu.a(java.lang.Object, bxqf)
11-08 05:59:23.204: I/NearbyDiscovery(26556): Show notifications: 0 total, no changes since last shown, no-op. [CONTEXT service_id=49 ]
11-08 05:59:23.207: I/ChromeSync(26574): [Persistence,AffiliationManager] Fetching affiliations from the server.
11-08 05:59:23.208: I/Icing(26574): IndexChimeraService.getServiceInterface callingPackage=com.google.android.gms componentName=null serviceId=30
11-08 05:59:23.212: I/NearbyDiscovery(26556): Show notifications: 0 total, no changes since last shown, no-op. [CONTEXT service_id=49 ]
11-08 05:59:23.219: I/zygote64(26574): Deoptimizing void bxnu.b(java.lang.Object, bxqf) due to class hierarchy analysis
11-08 05:59:23.221: I/zygote64(26574): Deoptimizing void bxnu.b(java.lang.Object, bxqf) due to class hierarchy analysis
11-08 05:59:23.240: W/Settings(26556): Setting airplane_mode_on has moved from android.provider.Settings.System to android.provider.Settings.Global, returning read-only value.
11-08 05:59:23.265: W/Icing(26574): No valid account for uploading user actions: admc: Not signed in
11-08 05:59:23.299: W/ChimeraUtils(26556): Non Chimera context
11-08 05:59:23.299: W/ChimeraUtils(26556): Non Chimera context
11-08 05:59:23.301: W/ContextHubService(1136): Sending msg of type 0 len 18 to app 476f6f676c00100b on hub 0
11-08 05:59:23.301: V/ContextHubHal(720): sendMessageToHub
11-08 05:59:23.306: D/CHRE(753): @ 14034.513: Parsed nanoapp message from host: app ID 0x476f6f676c00100b, endpoint 0xb940, msgType 0, payload size 18
11-08 05:59:23.306: I/CHRE(753): @ 14034.514: [AR_CHRE] request.config, request->has_config=1, model=4, enableDebugLog=0
11-08 05:59:23.320: I/NearbyDiscovery(26556): Show notifications: 0 total, no changes since last shown, no-op. [CONTEXT service_id=49 ]
11-08 05:59:23.331: I/zygote64(26556): Deoptimizing byte[][] com.google.android.gms.phenotype.ExperimentTokens.a(java.util.List, anuo) due to JIT inline cache
11-08 05:59:23.333: I/VSC(753): @ 14034.541: [VSC SLPI] handling enable request for 65553 sensor
11-08 05:59:23.333: I/VSC(753): @ 14034.542: [SMD] SMD instance already active
11-08 05:59:23.333: I/VSC(753): @ 14034.542: [VSC] Stopping sensor events for sensor 131074
11-08 05:59:23.334: I/VSC(753): @ 14034.542: [VSC] Request sensor 65537, sample_duration 14 ms, report_duration c80 ms
11-08 05:59:23.337: W/ContextHubService(1136): Sending msg of type 0 len 16 to app 476f6f676c00100b on hub 0
11-08 05:59:23.337: V/ContextHubHal(720): sendMessageToHub
11-08 05:59:23.337: D/CHRE(753): @ 14034.546: Parsed nanoapp message from host: app ID 0x476f6f676c00100b, endpoint 0xb940, msgType 0, payload size 16
11-08 05:59:23.340: D/CHRE(753): @ 14034.549: +: id 0, prev 0 curr 1, mode 3, chre 2
11-08 05:59:23.341: I/CHRE(753): @ 14034.549: [AR_CHRE] request.enable latency=2147483647, numTrans=0
11-08 05:59:23.341: D/ContextHubService(1136): Sending message 1025 version 0 from hubHandle 0, appInstance 1, callBackCount 1
11-08 05:59:23.342: I/CHRE(753): @ 14034.550: [AR_CHRE] send response=0
11-08 05:59:23.342: I/CHRE(753): @ 14034.550: [AR_CHRE] OFF => ON
11-08 05:59:23.345: W/Conscrypt(26574): Could not set socket write timeout: java.net.SocketException: Socket closed
11-08 05:59:23.345: W/Conscrypt(26574): 	at com.google.android.gms.org.conscrypt.Platform.setSocketWriteTimeout(:com.google.android.gms@19420019@19.4.20 (040400-271418971):2)
11-08 05:59:23.345: W/Conscrypt(26574): 	at com.google.android.gms.org.conscrypt.ConscryptFileDescriptorSocket.setSoWriteTimeout(:com.google.android.gms@19420019@19.4.20 (040400-271418971):2)
11-08 05:59:23.351: W/Conscrypt(26574): Could not set socket write timeout: java.net.SocketException: Socket closed
11-08 05:59:23.351: W/Conscrypt(26574): 	at com.google.android.gms.org.conscrypt.Platform.setSocketWriteTimeout(:com.google.android.gms@19420019@19.4.20 (040400-271418971):2)
11-08 05:59:23.351: W/Conscrypt(26574): 	at com.google.android.gms.org.conscrypt.ConscryptFileDescriptorSocket.setSoWriteTimeout(:com.google.android.gms@19420019@19.4.20 (040400-271418971):2)
11-08 05:59:23.359: D/AndroidRuntime(26845): >>>>>> START com.android.internal.os.RuntimeInit uid 2000 <<<<<<
11-08 05:59:23.366: W/ChimeraUtils(26556): Non Chimera context
11-08 05:59:23.366: W/ChimeraUtils(26556): Non Chimera context
11-08 05:59:23.369: I/GCoreUlr(26556): WorldUpdater received intent Intent { act=com.google.android.location.reporting.ACTION_UPDATE_WORLD cmp=com.google.android.gms/com.google.android.location.reporting.service.DispatchingService (has extras) } with receiverAction com.google.android.location.internal.server.ACTION_RESTARTED
11-08 05:59:23.379: E/GmsRequestQueue(26556): Tried to stop global GMSCore RequestQueue. This is likely unintended, so ignoring.
11-08 05:59:23.381: I/GCoreUlr(26556): WorldUpdater:com.google.android.location.internal.server.ACTION_RESTARTED: Ensuring that reporting is stopped because of reasons: (no Google accounts)
11-08 05:59:23.381: I/Icing(26574): Usage reports ok 2, Failed Usage reports 0, indexed 1, rejected 0
11-08 05:59:23.387: I/GCoreUlr(26556): Unbound from all signal providers.
11-08 05:59:23.389: I/GCoreUlr(26556): Successfully accounts update
11-08 05:59:23.396: W/Icing(26574): No valid account for uploading user actions: admc: Not signed in
11-08 05:59:23.398: I/GCoreUlr(26556): DispatchingService ignoring Intent { act=android.net.wifi.WIFI_STATE_CHANGED flg=0x4000010 (has extras) } because ULR inactive
11-08 05:59:23.402: I/GCoreUlr(26556): Unbound from all signal providers.
11-08 05:59:23.402: I/GCoreUlr(26556): Successfully accounts update
11-08 05:59:23.402: I/GCoreUlr(26556): Stopping handler for UlrDispSvcFast
11-08 05:59:23.413: I/Icing(26574): Usage reports ok 0, Failed Usage reports 0, indexed 0, rejected 0
11-08 05:59:23.414: E/Auth(26556): [GoogleAccountDataServiceImpl] getToken() -> BAD_AUTHENTICATION. Account: <ELLIDED:-818113082>, App: com.google.android.gms, Service: ^^_account_id_^^
11-08 05:59:23.414: E/Auth(26556): rzg: Long live credential not available.
11-08 05:59:23.414: E/Auth(26556): 	at hcg.a(:com.google.android.gms@19420019@19.4.20 (040400-271418971):131)
11-08 05:59:23.414: E/Auth(26556): 	at jak.a(:com.google.android.gms@19420019@19.4.20 (040400-271418971):126)
11-08 05:59:23.414: E/Auth(26556): 	at izn.a(:com.google.android.gms@19420019@19.4.20 (040400-271418971):2)
11-08 05:59:23.414: E/Auth(26556): 	at izl.a(:com.google.android.gms@19420019@19.4.20 (040400-271418971):17)
11-08 05:59:23.414: E/Auth(26556): 	at izl.a(:com.google.android.gms@19420019@19.4.20 (040400-271418971):11)
11-08 05:59:23.414: E/Auth(26556): 	at gyp.a(:com.google.android.gms@19420019@19.4.20 (040400-271418971):44)
11-08 05:59:23.414: E/Auth(26556): 	at gyp.a(:com.google.android.gms@19420019@19.4.20 (040400-271418971):175)
11-08 05:59:23.414: E/Auth(26556): 	at gyy.a(:com.google.android.gms@19420019@19.4.20 (040400-271418971):3)
11-08 05:59:23.414: E/Auth(26556): 	at gyz.a(:com.google.android.gms@19420019@19.4.20 (040400-271418971):3)
11-08 05:59:23.414: E/Auth(26556): 	at gyz.c(:com.google.android.gms@19420019@19.4.20 (040400-271418971):6)
11-08 05:59:23.414: E/Auth(26556): 	at gyz.b(:com.google.android.gms@19420019@19.4.20 (040400-271418971):1)
11-08 05:59:23.414: E/Auth(26556): 	at gyz.b(:com.google.android.gms@19420019@19.4.20 (040400-271418971):3)
11-08 05:59:23.414: E/Auth(26556): 	at gyz.f(Unknown Source:20)
11-08 05:59:23.414: E/Auth(26556): 	at awfj.call(Unknown Source:4)
11-08 05:59:23.414: E/Auth(26556): 	at java.util.concurrent.FutureTask.run(FutureTask.java:266)
11-08 05:59:23.414: E/Auth(26556): 	at sxo.b(:com.google.android.gms@19420019@19.4.20 (040400-271418971):33)
11-08 05:59:23.414: E/Auth(26556): 	at sxo.run(:com.google.android.gms@19420019@19.4.20 (040400-271418971):21)
11-08 05:59:23.414: E/Auth(26556): 	at java.util.concurrent.ThreadPoolExecutor.runWorker(ThreadPoolExecutor.java:1162)
11-08 05:59:23.414: E/Auth(26556): 	at java.util.concurrent.ThreadPoolExecutor$Worker.run(ThreadPoolExecutor.java:636)
11-08 05:59:23.414: E/Auth(26556): 	at tdm.run(Unknown Source:7)
11-08 05:59:23.414: E/Auth(26556): 	at java.lang.Thread.run(Thread.java:764)
11-08 05:59:23.417: W/Auth(26556): [GetToken] Failed to get account ID
11-08 05:59:23.422: W/Auth(26556): [GoogleAuthUtil] GoogleAuthUtil
11-08 05:59:23.423: E/awfa(26556): Exception occurred while getting SettingsStore instance.
11-08 05:59:23.423: E/awfa(26556): java.util.concurrent.ExecutionException: com.google.android.gms.auth.UserRecoverableAuthException: BadAuthentication
11-08 05:59:23.423: E/awfa(26556): 	at java.util.concurrent.FutureTask.report(FutureTask.java:123)
11-08 05:59:23.423: E/awfa(26556): 	at java.util.concurrent.FutureTask.get(FutureTask.java:207)
11-08 05:59:23.423: E/awfa(26556): 	at awfa.b(:com.google.android.gms@19420019@19.4.20 (040400-271418971):2)
11-08 05:59:23.423: E/awfa(26556): 	at awfa.a(:com.google.android.gms@19420019@19.4.20 (040400-271418971):7)
11-08 05:59:23.423: E/awfa(26556): 	at awbj.a(:com.google.android.gms@19420019@19.4.20 (040400-271418971):15)
11-08 05:59:23.423: E/awfa(26556): 	at awbj.a(:com.google.android.gms@19420019@19.4.20 (040400-271418971):60)
11-08 05:59:23.423: E/awfa(26556): 	at aama.run(:com.google.android.gms@19420019@19.4.20 (040400-271418971):17)
11-08 05:59:23.423: E/awfa(26556): 	at blbc.run(:com.google.android.gms@19420019@19.4.20 (040400-271418971):2)
11-08 05:59:23.423: E/awfa(26556): 	at sxo.b(:com.google.android.gms@19420019@19.4.20 (040400-271418971):33)
11-08 05:59:23.423: E/awfa(26556): 	at sxo.run(:com.google.android.gms@19420019@19.4.20 (040400-271418971):21)
11-08 05:59:23.423: E/awfa(26556): 	at java.util.concurrent.ThreadPoolExecutor.runWorker(ThreadPoolExecutor.java:1162)
11-08 05:59:23.423: E/awfa(26556): 	at java.util.concurrent.ThreadPoolExecutor$Worker.run(ThreadPoolExecutor.java:636)
11-08 05:59:23.423: E/awfa(26556): 	at tdm.run(Unknown Source:7)
11-08 05:59:23.423: E/awfa(26556): 	at java.lang.Thread.run(Thread.java:764)
11-08 05:59:23.423: E/awfa(26556): Caused by: com.google.android.gms.auth.UserRecoverableAuthException: BadAuthentication
11-08 05:59:23.423: E/awfa(26556): 	at gyy.a(:com.google.android.gms@19420019@19.4.20 (040400-271418971):13)
11-08 05:59:23.423: E/awfa(26556): 	at gyz.a(:com.google.android.gms@19420019@19.4.20 (040400-271418971):3)
11-08 05:59:23.423: E/awfa(26556): 	at gyz.c(:com.google.android.gms@19420019@19.4.20 (040400-271418971):6)
11-08 05:59:23.423: E/awfa(26556): 	at gyz.b(:com.google.android.gms@19420019@19.4.20 (040400-271418971):1)
11-08 05:59:23.423: E/awfa(26556): 	at gyz.b(:com.google.android.gms@19420019@19.4.20 (040400-271418971):3)
11-08 05:59:23.423: E/awfa(26556): 	at gyz.f(Unknown Source:20)
11-08 05:59:23.423: E/awfa(26556): 	at awfj.call(Unknown Source:4)
11-08 05:59:23.423: E/awfa(26556): 	at java.util.concurrent.FutureTask.run(FutureTask.java:266)
11-08 05:59:23.423: E/awfa(26556): 	... 6 more
11-08 05:59:23.426: W/Icing(26574): No valid account for uploading user actions: admc: Not signed in
11-08 05:59:23.435: I/Icing(26574): Usage reports ok 0, Failed Usage reports 0, indexed 0, rejected 0
11-08 05:59:23.441: W/Icing(26574): No valid account for uploading user actions: admc: Not signed in
11-08 05:59:23.448: I/Icing(26574): Usage reports ok 0, Failed Usage reports 0, indexed 0, rejected 0
11-08 05:59:23.451: D/AndroidRuntime(26845): Calling main entry com.android.commands.am.Am
11-08 05:59:23.451: I/Icing(26574): Indexing done com.google.android.gms-internal.3p:MobileApplication
11-08 05:59:23.453: I/Icing(26574): Indexing com.google.android.gms-internal.3p:MobileApplication from com.google.android.gms using seqno 46
11-08 05:59:23.455: I/ActivityManager(1136): Force stopping com.google.android.apps.mtaas.tools appid=10121 user=0: start instr
11-08 05:59:23.466: I/ActivityManager(1136): Start proc 26868:com.google.android.apps.mtaas.tools/u0a121 for added application com.google.android.apps.mtaas.tools
11-08 05:59:23.482: I/Icing(26574): Indexing done. Processed 1 requests in 30 ms
11-08 05:59:23.489: I/zygote64(26556): Compiler allocated 10MB to compile void rjf.a(android.content.Context)
11-08 05:59:23.509: D/DumpStaticPerfEnv(26868): Instrumentation completed successfully
11-08 05:59:23.509: I/ActivityManager(1136): Force stopping com.google.android.apps.mtaas.tools appid=10121 user=0: finished inst
11-08 05:59:23.509: W/Binder(1136): Outgoing transactions from this process must be FLAG_ONEWAY
11-08 05:59:23.509: W/Binder(1136): java.lang.Throwable
11-08 05:59:23.509: W/Binder(1136): 	at android.os.BinderProxy.transact(Binder.java:736)
11-08 05:59:23.509: W/Binder(1136): 	at android.app.IInstrumentationWatcher$Stub$Proxy.instrumentationFinished(IInstrumentationWatcher.java:160)
11-08 05:59:23.509: W/Binder(1136): 	at com.android.server.am.InstrumentationReporter$MyThread.run(InstrumentationReporter.java:86)
11-08 05:59:23.509: I/ActivityManager(1136): Killing 26868:com.google.android.apps.mtaas.tools/u0a121 (adj 0): stop com.google.android.apps.mtaas.tools
11-08 05:59:23.510: W/zygote64(1136): kill(-26868, 9) failed: No such process
11-08 05:59:23.512: I/zygote64(26556): Compiler allocated 4MB to compile void bxnu.a(java.lang.Object, bxqf)
11-08 05:59:23.512: D/AndroidRuntime(26845): Shutting down VM
11-08 05:59:23.529: I/ActivityManager(1136): Failure reporting to instrumentation watcher: comp=ComponentInfo{com.google.android.apps.mtaas.tools/com.google.android.apps.mtaas.tools.instrumentations.DumpStaticPerfEnv} results=Bundle[mParcelledData.dataSize=864]
11-08 05:59:23.534: W/zygote64(1136): kill(-26868, 9) failed: No such process
11-08 05:59:23.534: I/zygote64(1136): Successfully killed process cgroup uid 10121 pid 26868 in 23ms
11-08 05:59:23.568: I/zygote64(26574): Do full code cache collection, code=246KB, data=138KB
11-08 05:59:23.568: I/zygote64(26574): After code cache collection, code=202KB, data=105KB
11-08 05:59:23.568: I/zygote64(26574): Compiler allocated 4MB to compile void bxnu.a(java.lang.Object, bxqf)
11-08 05:59:23.675: I/Auth(26574): [SupervisedAccountIntentOperation] onHandleIntent(): android.intent.action.PACKAGE_ADDED
11-08 05:59:23.675: I/ChromeSync(26574): [Sync,SyncIntentOperation] Handling the intent: Intent { act=android.intent.action.PACKAGE_ADDED dat=package:com.example.concurrencyeval.test flg=0x4000010 cmp=com.google.android.gms/.chimera.GmsIntentOperationService (has extras) }.
11-08 05:59:23.684: I/FontsPackageChangeOp(26574): Package com.example.concurrencyeval.test has no metadata
11-08 05:59:23.713: I/Icing(26574): Indexing done. Processed 0 requests in 0 ms
11-08 05:59:23.750: D/AndroidRuntime(26894): >>>>>> START com.android.internal.os.RuntimeInit uid 2000 <<<<<<
11-08 05:59:23.829: D/AndroidRuntime(26894): Calling main entry com.android.commands.am.Am
11-08 05:59:23.832: I/ActivityManager(1136): Force stopping com.google.android.apps.mtaas.tools appid=10121 user=0: start instr
11-08 05:59:23.843: I/ActivityManager(1136): Start proc 26907:com.google.android.apps.mtaas.tools/u0a121 for added application com.google.android.apps.mtaas.tools
11-08 05:59:23.860: D/GetPackageUid(26907): Instrumentation completed successfully
11-08 05:59:23.861: I/ActivityManager(1136): Force stopping com.google.android.apps.mtaas.tools appid=10121 user=0: finished inst
11-08 05:59:23.861: I/ActivityManager(1136): Killing 26907:com.google.android.apps.mtaas.tools/u0a121 (adj 0): stop com.google.android.apps.mtaas.tools
11-08 05:59:23.861: W/Binder(1136): Outgoing transactions from this process must be FLAG_ONEWAY
11-08 05:59:23.861: W/Binder(1136): java.lang.Throwable
11-08 05:59:23.861: W/Binder(1136): 	at android.os.BinderProxy.transact(Binder.java:736)
11-08 05:59:23.861: W/Binder(1136): 	at android.app.IInstrumentationWatcher$Stub$Proxy.instrumentationFinished(IInstrumentationWatcher.java:160)
11-08 05:59:23.861: W/Binder(1136): 	at com.android.server.am.InstrumentationReporter$MyThread.run(InstrumentationReporter.java:86)
11-08 05:59:23.861: W/zygote64(1136): kill(-26907, 9) failed: No such process
11-08 05:59:23.864: D/AndroidRuntime(26894): Shutting down VM
11-08 05:59:23.867: W/zygote64(1136): kill(-26907, 9) failed: No such process
11-08 05:59:23.883: W/zygote64(1136): kill(-26907, 9) failed: No such process
11-08 05:59:23.883: I/zygote64(1136): Successfully killed process cgroup uid 10121 pid 26907 in 21ms
11-08 05:59:24.014: I/zygote64(26051): Waiting for a blocking GC ProfileSaver
11-08 05:59:24.055: I/zygote64(26051): WaitForGcToComplete blocked ProfileSaver on HeapTrim for 40.781ms
11-08 05:59:24.283: I/zygote64(26132): Waiting for a blocking GC ProfileSaver
11-08 05:59:24.337: I/zygote64(26132): WaitForGcToComplete blocked ProfileSaver on HeapTrim for 53.711ms
11-08 05:59:24.459: I/Icing(26574): Indexing com.google.android.gms-apps from com.google.android.gms
11-08 05:59:24.461: I/GAV2(26155): Thread[GAThread,5,main]: No campaign data found.
11-08 05:59:24.466: I/zygote64(26182): Waiting for a blocking GC ProfileSaver
11-08 05:59:24.476: I/GAv4-SVC(26574): Google Analytics 19.4.20 is starting up.
11-08 05:59:24.476: I/zygote64(26182): WaitForGcToComplete blocked ProfileSaver on HeapTrim for 10.102ms
11-08 05:59:24.559: I/Icing(26574): Indexing done com.google.android.gms-apps
11-08 05:59:24.684: I/zygote64(26230): Waiting for a blocking GC ProfileSaver
11-08 05:59:24.714: I/Icing(26574): Indexing com.google.android.gms-apps from com.google.android.gms
11-08 05:59:24.719: I/Icing(26574): Indexing done com.google.android.gms-apps
11-08 05:59:24.753: I/zygote64(26230): Waiting for a blocking GC ProfileSaver
11-08 05:59:24.754: I/zygote64(26230): WaitForGcToComplete blocked ProfileSaver on HeapTrim for 69.329ms
11-08 05:59:24.779: I/zygote64(26230): WaitForGcToComplete blocked HeapTrim on ProfileSaver for 25.191ms
11-08 05:59:24.867: I/zygote64(26307): Waiting for a blocking GC ProfileSaver
11-08 05:59:25.127: I/WifiConfigManager(1136): No scan detail and linked configs associated with networkId 0
11-08 05:59:25.139: I/zygote64(26372): Waiting for a blocking GC ProfileSaver
11-08 05:59:25.163: I/EventLogSendingHelper(2212): Sending log events.
11-08 05:59:25.168: I/zygote64(26372): WaitForGcToComplete blocked ProfileSaver on HeapTrim for 29.180ms
11-08 05:59:25.168: V/MediaPlayer(26372): resetDrmState:  mDrmInfo=null mDrmProvisioningThread=null mPrepareDrmInProgress=false mActiveDrmScheme=false
11-08 05:59:25.168: V/MediaPlayer(26372): cleanDrmObj: mDrmObj=null mDrmSessionId=null
11-08 05:59:25.168: W/AdaptiveDiscoveryWorker(26574): Exiting Adaptive Discovery. Current NetworkInfo is NULL.
11-08 05:59:25.168: D/NuPlayerDriver(836): reset(0xf00a7230) at state 4
11-08 05:59:25.168: D/NuPlayerDriver(836): notifyListener_l(0xf00a7230), (8, 0, 0, -1), loop setting(1, 0)
11-08 05:59:25.170: D/NuPlayerDriver(836): notifyResetComplete(0xf00a7230)
11-08 05:59:25.170: D/MediaAnalyticsService(835): MediaAnalyticsService::newSummarizerSet
11-08 05:59:25.211: I/zygote64(26394): Waiting for a blocking GC ProfileSaver
11-08 05:59:25.235: I/zygote64(26556): Deoptimizing void rjf.a(android.content.Context) due to JIT inline cache
11-08 05:59:25.244: W/atrace(27000): type=1400 audit(0.0:43): avc: denied { write } for name="enable" dev="tracefs" ino=14755 scontext=u:r:shell:s0 tcontext=u:object_r:debugfs_tracing:s0 tclass=file permissive=0
11-08 05:59:25.331: I/zygote64(26556): Compiler allocated 10MB to compile void rjf.a(android.content.Context)
11-08 05:59:25.476: I/zygote64(26449): Waiting for a blocking GC ProfileSaver
11-08 05:59:25.547: I/zygote64(26449): WaitForGcToComplete blocked ProfileSaver on HeapTrim for 70.889ms
11-08 05:59:25.997: E/GooglePlayServicesUtil(25720): The Google Play services resources were not found. Check your project configuration to ensure that the resources are included.
11-08 05:59:26.047: I/Icing(26574): IndexChimeraService.getServiceInterface callingPackage=com.google.android.inputmethod.latin componentName=null serviceId=66
11-08 05:59:26.054: W/DynamiteModule(26574): Local module descriptor class for com.google.android.gms.googlecertificates not found.
11-08 05:59:26.056: I/DynamiteModule(26574): Considering local module com.google.android.gms.googlecertificates:0 and remote module com.google.android.gms.googlecertificates:4
11-08 05:59:26.056: I/DynamiteModule(26574): Selected remote version of com.google.android.gms.googlecertificates, version >= 4
11-08 05:59:26.056: W/Icing(26574): No valid account for uploading user actions: admc: Not signed in
11-08 05:59:26.059: I/ChmraDebugLogger(26574): [71] Googlecertificates
11-08 05:59:26.064: W/zygote64(26574): Skipping duplicate class check due to unrecognized classloader
11-08 05:59:26.072: I/Icing(26574): Usage reports ok 0, Failed Usage reports 0, indexed 0, rejected 0
11-08 05:59:26.122: I/TestSupport(26574): Activated: 1573200000000@1573221555633
11-08 05:59:26.122: I/TestSupport(26574): Boot time: 1573207542459
11-08 05:59:26.124: I/TestSupport(26574): Passing package and signature checks: com.google.android.gmscore.testing.testsupport
11-08 05:59:26.180: D/WificondControl(1136): Scan result ready event
11-08 05:59:26.214: D/WificondScannerImpl(1136): Filtering out 6 scan results.
11-08 05:59:26.256: W/DatabaseProcessor(26574): processLocalDevices: failed to get the network info with non-null bssid.
11-08 05:59:26.575: I/zygote64(26556): Deoptimizing int buaj.c() due to JIT inline cache
11-08 05:59:26.626: I/zygote64(26556): Compiler allocated 7MB to compile bflo bgal.a(bflv, bflb)
11-08 05:59:26.668: E/SensorNotificationService(1136): Invalid local geomagnetic field, ignore.
11-08 05:59:26.680: I/Places(26556): Converted 66 out of 66 WiFi scans
11-08 05:59:26.687: I/Places(26556): ?: Couldn't find platform key file.
11-08 05:59:26.693: I/Places(26556): ?: Couldn't find platform key file.
11-08 05:59:26.699: I/PlaceInferenceEngine(26556): [anon] Changed inference mode: 1
11-08 05:59:26.699: I/Places(26556): ?: Couldn't find platform key file.
11-08 05:59:26.714: I/PlaceInferenceEngine(26556): Too few candidate results: percentageOfMissingArea 100
11-08 05:59:26.719: I/Places(26556): ?: Couldn't find platform key file.
11-08 05:59:26.720: I/Places(26556): ?: Couldn't find platform key file.
11-08 05:59:26.769: W/Conscrypt(26556): Could not set socket write timeout: java.net.SocketException: Socket closed
11-08 05:59:26.769: W/Conscrypt(26556): 	at com.google.android.gms.org.conscrypt.Platform.setSocketWriteTimeout(:com.google.android.gms@19420019@19.4.20 (040400-271418971):2)
11-08 05:59:26.769: W/Conscrypt(26556): 	at com.google.android.gms.org.conscrypt.ConscryptFileDescriptorSocket.setSoWriteTimeout(:com.google.android.gms@19420019@19.4.20 (040400-271418971):2)
11-08 05:59:26.773: W/Conscrypt(26556): Could not set socket write timeout: java.net.SocketException: Socket closed
11-08 05:59:26.773: W/Conscrypt(26556): 	at com.google.android.gms.org.conscrypt.Platform.setSocketWriteTimeout(:com.google.android.gms@19420019@19.4.20 (040400-271418971):2)
11-08 05:59:26.774: W/Conscrypt(26556): 	at com.google.android.gms.org.conscrypt.ConscryptFileDescriptorSocket.setSoWriteTimeout(:com.google.android.gms@19420019@19.4.20 (040400-271418971):2)
11-08 05:59:26.858: I/Places(26556): ?: Couldn't find platform key file.
11-08 05:59:26.898: I/Places(26556): ?: Couldn't find platform key file.
11-08 05:59:26.901: I/PlaceInferenceEngine(26556): No beacon scan available - ignoring candidates.
11-08 05:59:26.949: I/zygote64(26556): Do full code cache collection, code=504KB, data=314KB
11-08 05:59:26.950: I/zygote64(26556): After code cache collection, code=430KB, data=246KB
11-08 05:59:26.988: I/Places(26556): ?: Couldn't find platform key file.
11-08 05:59:27.003: I/zygote64(26574): Deoptimizing void bxjj.a(java.lang.Iterable, java.util.List) due to JIT inline cache
11-08 05:59:27.442: E/Backup(26556): [BackupTransportMigratorChimeraService] Could not migrate transport!
11-08 05:59:27.574: I/ActivityManager(1136): Start proc 27025:com.google.android.configupdater/u0a27 for service com.google.android.configupdater/.MainJobService
11-08 05:59:27.643: I/ActivityManager(1136): Killing 8044:com.verizon.mips.services/u0a45 (adj 906): empty #17
11-08 05:59:27.643: W/zygote64(1136): kill(-8044, 9) failed: No such process
11-08 05:59:27.667: W/zygote64(1136): kill(-8044, 9) failed: No such process
11-08 05:59:27.668: I/zygote64(1136): Successfully killed process cgroup uid 10045 pid 8044 in 24ms
11-08 05:59:28.355: I/OMXClient(27075): Treble IOmx obtained
11-08 05:59:28.357: I/OMXMaster(841): makeComponentInstance(OMX.qcom.video.encoder.avc) in omx@1.0-service process
11-08 05:59:28.359: I/OMX-VENC(841): Video encode perflock acquired,handle=7
11-08 05:59:28.376: I/OMX-VENC(841): Component_init : OMX.qcom.video.encoder.avc : return = 0x0
11-08 05:59:28.382: E/OMXNodeInstance(841): setParameter(0xe9a774c4:qcom.encoder.avc, OMX.google.android.index.allocateNativeHandle(0x7f00005d): Output:1 en=0) ERROR: UnsupportedSetting(0x80001019)
11-08 05:59:28.382: W/OMXNodeInstance(841): [0xe9a774c4:qcom.encoder.avc] component does not support metadata mode; using fallback
11-08 05:59:28.382: W/OMXUtils(27075): do not know color format 0x7fa30c06 = 2141391878
11-08 05:59:28.383: W/OMXUtils(27075): do not know color format 0x7fa30c04 = 2141391876
11-08 05:59:28.383: W/OMXUtils(27075): do not know color format 0x7fa30c08 = 2141391880
11-08 05:59:28.384: W/OMXUtils(27075): do not know color format 0x7fa30c07 = 2141391879
11-08 05:59:28.384: W/OMXUtils(27075): do not know color format 0x7f000789 = 2130708361
11-08 05:59:28.414: I/ACodec(27075): setupAVCEncoderParameters with [profile: Baseline] [level: Level31]
11-08 05:59:28.416: I/ACodec(27075): [OMX.qcom.video.encoder.avc] cannot encode HDR static metadata. Ignoring.
11-08 05:59:28.416: I/ACodec(27075): setupVideoEncoder succeeded
11-08 05:59:28.417: W/OMXUtils(27075): do not know color format 0x7f000789 = 2130708361
11-08 05:59:28.417: E/OMXNodeInstance(841): getConfig(0xe9a774c4:qcom.encoder.avc, ConfigLatency(0x6f800005)) ERROR: UnsupportedIndex(0x8000101a)
11-08 05:59:28.432: E/OMXNodeInstance(841): getConfig(0xe9a774c4:qcom.encoder.avc, ??(0x7f000062)) ERROR: UnsupportedSetting(0x80001019)
11-08 05:59:28.434: E/OMXNodeInstance(841): getParameter(0xe9a774c4:qcom.encoder.avc, ParamConsumerUsageBits(0x6f800004)) ERROR: UnsupportedIndex(0x8000101a)
11-08 05:59:28.435: D/GraphicBufferSource(841): setting dataspace: 0x104, acquired=0
11-08 05:59:28.435: E/OMXNodeInstance(841): getParameter(0xe9a774c4:qcom.encoder.avc, ParamConsumerUsageBits(0x6f800004)) ERROR: UnsupportedIndex(0x8000101a)
11-08 05:59:28.435: D/GraphicBufferSource(841): requesting color aspects (R:2(Limited), P:1(BT709_5), M:1(BT709_5), T:3(SMPTE170M))
11-08 05:59:28.440: W//system/bin/hw/android.hidl.allocator@1.0-service(712): ashmem_create_region(8) returning hidl_memory(0x782262c360, 8)
11-08 05:59:28.454: I/chatty(712): uid=1000(system) allocator@1.0-s identical 7 lines
11-08 05:59:28.455: W//system/bin/hw/android.hidl.allocator@1.0-service(712): ashmem_create_region(8) returning hidl_memory(0x782262c360, 8)
11-08 05:59:28.458: W//system/bin/hw/android.hidl.allocator@1.0-service(712): ashmem_create_region(2764800) returning hidl_memory(0x782262c360, 2764800)
11-08 05:59:28.460: I/chatty(712): uid=1000(system) allocator@1.0-s identical 2 lines
11-08 05:59:28.461: W//system/bin/hw/android.hidl.allocator@1.0-service(712): ashmem_create_region(2764800) returning hidl_memory(0x782262c360, 2764800)
11-08 05:59:28.463: D/PermissionCache(606): checking android.permission.ACCESS_SURFACE_FLINGER for uid=2000 => granted (428 us)
11-08 05:59:28.461: W/Binder:606_5(606): type=1400 audit(0.0:44): avc: denied { call } for scontext=u:r:surfaceflinger:s0 tcontext=u:r:mediacodec:s0 tclass=binder permissive=0
11-08 05:59:28.461: W/Binder:606_5(606): [ 11-08 05:59:28.467   606: 2538 E/         ]
11-08 05:59:28.461: W/Binder:606_5(606): HpInterface: Wrong interface type.
11-08 05:59:28.474: I/SurfaceFlinger(606): EGL information:
11-08 05:59:28.474: I/SurfaceFlinger(606): vendor    : Android
11-08 05:59:28.474: I/SurfaceFlinger(606): version   : 1.4 Android META-EGL
11-08 05:59:28.474: I/SurfaceFlinger(606): extensions: EGL_KHR_get_all_proc_addresses EGL_ANDROID_presentation_time EGL_KHR_swap_buffers_with_damage EGL_ANDROID_get_native_client_buffer EGL_ANDROID_front_buffer_auto_refresh EGL_ANDROID_get_frame_timestamps EGL_EXT_gl_colorspace_scrgb EGL_EXT_gl_colorspace_scrgb_linear EGL_EXT_gl_colorspace_display_p3_linear EGL_EXT_gl_colorspace_display_p3 EGL_KHR_image EGL_KHR_image_base EGL_KHR_lock_surface EGL_KHR_gl_colorspace EGL_KHR_gl_texture_2D_image EGL_KHR_gl_texture_3D_image EGL_KHR_gl_texture_cubemap_image EGL_KHR_gl_renderbuffer_image EGL_KHR_reusable_sync EGL_KHR_fence_sync EGL_KHR_create_context EGL_KHR_surfaceless_context EGL_EXT_create_context_robustness EGL_ANDROID_image_native_buffer EGL_KHR_wait_sync EGL_ANDROID_recordable EGL_KHR_partial_update EGL_EXT_pixel_format_float EGL_KHR_create_context_no_error EGL_KHR_mutable_render_buffer EGL_EXT_yuv_surface EGL_EXT_protected_content EGL_IMG_context_priority EGL_KHR_no_config_context 
11-08 05:59:28.474: I/SurfaceFlinger(606): Client API: OpenGL_ES
11-08 05:59:28.474: I/SurfaceFlinger(606): EGLSurface: 8-8-8-8, config=0x74af9bee00
11-08 05:59:28.474: E/FrameEvents(606): Source mDeltas not empty.
11-08 05:59:28.474: E/FrameEvents(606): Source mDeltas not empty.
11-08 05:59:28.475: W/GraphicBufferSource(841): releasing an unpopulated slot: 0
11-08 05:59:28.475: W/GraphicBufferSource(841): releasing an unpopulated slot: 1
11-08 05:59:28.475: W/GraphicBufferSource(841): releasing an unpopulated slot: 2
11-08 05:59:28.475: W/GraphicBufferSource(841): releasing an unpopulated slot: 3
11-08 05:59:28.475: W/GraphicBufferSource(841): releasing an unpopulated slot: 4
11-08 05:59:28.475: W/GraphicBufferSource(841): releasing an unpopulated slot: 5
11-08 05:59:28.475: W/GraphicBufferSource(841): releasing an unpopulated slot: 6
11-08 05:59:28.475: W/GraphicBufferSource(841): releasing an unpopulated slot: 7
11-08 05:59:28.475: W/GraphicBufferSource(841): releasing an unpopulated slot: 8
11-08 05:59:28.475: W/GraphicBufferSource(841): releasing an unpopulated slot: 9
11-08 05:59:28.475: W/GraphicBufferSource(841): releasing an unpopulated slot: 10
11-08 05:59:28.475: W/GraphicBufferSource(841): releasing an unpopulated slot: 11
11-08 05:59:28.475: W/GraphicBufferSource(841): releasing an unpopulated slot: 12
11-08 05:59:28.475: W/GraphicBufferSource(841): releasing an unpopulated slot: 13
11-08 05:59:28.475: W/GraphicBufferSource(841): releasing an unpopulated slot: 14
11-08 05:59:28.475: W/GraphicBufferSource(841): releasing an unpopulated slot: 15
11-08 05:59:28.475: W/GraphicBufferSource(841): releasing an unpopulated slot: 16
11-08 05:59:28.475: W/GraphicBufferSource(841): releasing an unpopulated slot: 17
11-08 05:59:28.475: W/GraphicBufferSource(841): releasing an unpopulated slot: 18
11-08 05:59:28.475: W/GraphicBufferSource(841): releasing an unpopulated slot: 19
11-08 05:59:28.475: W/GraphicBufferSource(841): releasing an unpopulated slot: 20
11-08 05:59:28.475: W/GraphicBufferSource(841): releasing an unpopulated slot: 21
11-08 05:59:28.475: W/GraphicBufferSource(841): releasing an unpopulated slot: 22
11-08 05:59:28.475: W/GraphicBufferSource(841): releasing an unpopulated slot: 23
11-08 05:59:28.475: W/GraphicBufferSource(841): releasing an unpopulated slot: 24
11-08 05:59:28.475: W/GraphicBufferSource(841): releasing an unpopulated slot: 25
11-08 05:59:28.475: W/GraphicBufferSource(841): releasing an unpopulated slot: 26
11-08 05:59:28.475: W/GraphicBufferSource(841): releasing an unpopulated slot: 27
11-08 05:59:28.475: W/GraphicBufferSource(841): releasing an unpopulated slot: 28
11-08 05:59:28.475: W/GraphicBufferSource(841): releasing an unpopulated slot: 29
11-08 05:59:28.475: W/GraphicBufferSource(841): releasing an unpopulated slot: 30
11-08 05:59:28.475: W/GraphicBufferSource(841): releasing an unpopulated slot: 31
11-08 05:59:28.475: W/GraphicBufferSource(841): releasing an unpopulated slot: 32
11-08 05:59:28.475: W/GraphicBufferSource(841): releasing an unpopulated slot: 33
11-08 05:59:28.475: W/GraphicBufferSource(841): releasing an unpopulated slot: 34
11-08 05:59:28.475: W/GraphicBufferSource(841): releasing an unpopulated slot: 35
11-08 05:59:28.475: W/GraphicBufferSource(841): releasing an unpopulated slot: 36
11-08 05:59:28.475: W/GraphicBufferSource(841): releasing an unpopulated slot: 37
11-08 05:59:28.475: W/GraphicBufferSource(841): releasing an unpopulated slot: 38
11-08 05:59:28.475: W/GraphicBufferSource(841): releasing an unpopulated slot: 39
11-08 05:59:28.475: W/GraphicBufferSource(841): releasing an unpopulated slot: 40
11-08 05:59:28.475: W/GraphicBufferSource(841): releasing an unpopulated slot: 41
11-08 05:59:28.475: W/GraphicBufferSource(841): releasing an unpopulated slot: 42
11-08 05:59:28.475: W/GraphicBufferSource(841): releasing an unpopulated slot: 43
11-08 05:59:28.475: W/GraphicBufferSource(841): releasing an unpopulated slot: 44
11-08 05:59:28.475: W/GraphicBufferSource(841): releasing an unpopulated slot: 45
11-08 05:59:28.475: W/GraphicBufferSource(841): releasing an unpopulated slot: 46
11-08 05:59:28.475: W/GraphicBufferSource(841): releasing an unpopulated slot: 47
11-08 05:59:28.475: W/GraphicBufferSource(841): releasing an unpopulated slot: 48
11-08 05:59:28.475: W/GraphicBufferSource(841): releasing an unpopulated slot: 49
11-08 05:59:28.475: W/GraphicBufferSource(841): releasing an unpopulated slot: 50
11-08 05:59:28.475: W/GraphicBufferSource(841): releasing an unpopulated slot: 51
11-08 05:59:28.475: W/GraphicBufferSource(841): releasing an unpopulated slot: 52
11-08 05:59:28.475: W/GraphicBufferSource(841): releasing an unpopulated slot: 53
11-08 05:59:28.475: W/GraphicBufferSource(841): releasing an unpopulated slot: 54
11-08 05:59:28.475: W/GraphicBufferSource(841): releasing an unpopulated slot: 55
11-08 05:59:28.475: W/GraphicBufferSource(841): releasing an unpopulated slot: 56
11-08 05:59:28.475: W/GraphicBufferSource(841): releasing an unpopulated slot: 57
11-08 05:59:28.475: W/GraphicBufferSource(841): releasing an unpopulated slot: 58
11-08 05:59:28.475: W/GraphicBufferSource(841): releasing an unpopulated slot: 59
11-08 05:59:28.475: W/GraphicBufferSource(841): releasing an unpopulated slot: 60
11-08 05:59:28.475: W/GraphicBufferSource(841): releasing an unpopulated slot: 61
11-08 05:59:28.475: W/GraphicBufferSource(841): releasing an unpopulated slot: 62
11-08 05:59:28.475: W/GraphicBufferSource(841): releasing an unpopulated slot: 63
11-08 05:59:28.476: I/videocat(27075): Encoding 720x1280 video/avc at 1048576 bits per second
11-08 05:59:28.481: I/vndksupport(841): sphal namespace is not configured for this process. Loading /vendor/lib/hw/android.hardware.graphics.mapper@2.0-impl.so from the current namespace instead.
11-08 05:59:28.482: I/vndksupport(841): sphal namespace is not configured for this process. Loading /vendor/lib/hw/gralloc.msm8998.so from the current namespace instead.
11-08 05:59:28.488: I/vndksupport(27075): sphal namespace is not configured for this process. Loading /vendor/lib/hw/android.hardware.graphics.mapper@2.0-impl.so from the current namespace instead.
11-08 05:59:28.488: I/vndksupport(27075): sphal namespace is not configured for this process. Loading /vendor/lib/hw/gralloc.msm8998.so from the current namespace instead.
11-08 05:59:28.498: D/GraphicBufferSource(841): got buffer with new dataSpace #104
11-08 05:59:28.498: D/OMXNodeInstance(841): Codec resolved it to (R:2(??), P:3(??), M:3(??), T:3(??)) err=0(NO_ERROR)
11-08 05:59:28.498: I/OMX-VENC(841): open Color conv forW: 720, H: 1280
11-08 05:59:28.499: E/OMXNodeInstance(841): setConfig(0xe9a774c4:qcom.encoder.avc, ??(0x7f000062)) ERROR: UnsupportedSetting(0x80001019)
11-08 05:59:28.499: D/ACodec(27075): dataspace changed to 0x10c10000 (R:2(Limited), P:3(BT601_6_625), M:3(BT601_6), T:3(SMPTE170M)) (R:2(Limited), S:1(BT709), T:3(SMPTE_170M))
11-08 05:59:29.163: D/AndroidRuntime(27125): >>>>>> START com.android.internal.os.RuntimeInit uid 2000 <<<<<<
11-08 05:59:29.225: I/ActivityManager(1136): Start proc 27132:com.google.android.contacts/u0a42 for service com.google.android.contacts/com.android.contacts.ContactsJobService
11-08 05:59:29.243: D/AndroidRuntime(27125): Calling main entry com.android.commands.am.Am
11-08 05:59:29.248: I/ActivityManager(1136): Force stopping com.example.concurrencyeval appid=10136 user=0: start instr
11-08 05:59:29.257: I/zygote64(27157): Late-enabling -Xcheck:jni
11-08 05:59:29.259: I/ActivityManager(1136): Start proc 27157:com.example.concurrencyeval/u0a136 for added application com.example.concurrencyeval
11-08 05:59:29.261: I/GoogleContactsApp(27132): GoogleContactsApplication.onCreate
11-08 05:59:29.263: W/zygote64(27132): Class com.google.android.gms.analytics.a failed lock verification and will run slower.
11-08 05:59:29.263: W/zygote64(27132): Common causes for lock verification issues are non-optimized dex code
11-08 05:59:29.263: W/zygote64(27132): and incorrect proguard optimizations.
11-08 05:59:29.263: W/zygote64(27132): Class com.google.android.gms.analytics.internal.b failed lock verification and will run slower.
11-08 05:59:29.264: W/zygote64(27132): Class com.google.android.gms.analytics.internal.g failed lock verification and will run slower.
11-08 05:59:29.267: I/GAv4(27132): Google Analytics 10.0.84 is starting up. To enable debug logging on a device run:
11-08 05:59:29.267: I/GAv4(27132):   adb shell setprop log.tag.GAv4 DEBUG
11-08 05:59:29.267: I/GAv4(27132):   adb logcat -s GAv4
11-08 05:59:29.270: W/Binder(1136): Outgoing transactions from this process must be FLAG_ONEWAY
11-08 05:59:29.270: W/Binder(1136): java.lang.Throwable
11-08 05:59:29.270: W/Binder(1136): 	at android.os.BinderProxy.transact(Binder.java:736)
11-08 05:59:29.270: W/Binder(1136): 	at android.content.ContentProviderProxy.getType(ContentProviderNative.java:451)
11-08 05:59:29.270: W/Binder(1136): 	at com.android.server.am.ActivityManagerService.getProviderMimeType(ActivityManagerService.java:12171)
11-08 05:59:29.270: W/Binder(1136): 	at android.app.IActivityManager$Stub.onTransact(IActivityManager.java:1799)
11-08 05:59:29.270: W/Binder(1136): 	at com.android.server.am.ActivityManagerService.onTransact(ActivityManagerService.java:2919)
11-08 05:59:29.270: W/Binder(1136): 	at android.os.Binder.execTransact(Binder.java:674)
11-08 05:59:29.273: W/zygote64(27132): Class com.google.android.gms.analytics.internal.E failed lock verification and will run slower.
11-08 05:59:29.274: W/zygote64(27132): Class com.google.android.gms.analytics.k failed lock verification and will run slower.
11-08 05:59:29.277: W/GAv4(27132): AnalyticsReceiver is not registered or is disabled. Register the receiver for reliable dispatching on non-Google Play devices. See http://goo.gl/8Rd3yj for instructions.
11-08 05:59:29.278: W/GAv4(27132): CampaignTrackingReceiver is not registered, not exported or is disabled. Installation campaign tracking is not possible. See http://goo.gl/8Rd3yj for instructions.
11-08 05:59:29.279: W/zygote64(27132): Class android.support.v4.a.b failed lock verification and will run slower.
11-08 05:59:29.279: W/GAv4(27132): AnalyticsService not registered in the app manifest. Hits might not be delivered reliably. See http://goo.gl/8Rd3yj for instructions.
11-08 05:59:29.283: W/zygote64(27132): Class com.google.android.gms.internal.bU failed lock verification and will run slower.
11-08 05:59:29.288: W/zygote64(27132): Class com.google.android.gms.common.p failed lock verification and will run slower.
11-08 05:59:29.312: W/System(27157): ClassLoader referenced unknown path: 
11-08 05:59:29.329: I/ActivityManager(1136): Killing 25720:com.google.android.gmscore.testing.testsupport/u0a135 (adj 906): empty #17
11-08 05:59:29.329: W/zygote64(1136): kill(-25720, 9) failed: No such process
11-08 05:59:29.340: W/zygote64(1136): kill(-25720, 9) failed: No such process
11-08 05:59:29.340: I/zygote64(1136): Successfully killed process cgroup uid 10135 pid 25720 in 10ms
11-08 05:59:29.349: I/FirebaseInitProvider(27157): FirebaseApp initialization successful
11-08 05:59:29.356: I/MonitoringInstr(27157): Instrumentation started!
