11-08 05:59:17.128: W/ProviderInstaller(6296): Failed to load providerinstaller module: No acceptable module found. Local version is 0 and remote version is 0.
11-08 05:59:17.134: I/GCoreUlr(6277): DispatchingService ignoring Intent { act=android.net.wifi.WIFI_STATE_CHANGED flg=0x4000010 (has extras) } because ULR inactive
11-08 05:59:17.140: I/GCoreUlr(6277): Unbound from all signal providers.
11-08 05:59:17.140: I/GCoreUlr(6277): Successfully accounts update
11-08 05:59:17.140: I/GCoreUlr(6277): Stopping handler for UlrDispSvcFast
11-08 05:59:17.141: I/GeofencerStateMachine(6277): sendQueryLocationOptIn
11-08 05:59:17.146: I/GeofencerStateMachine(6277): sendQueryLocationOptIn
11-08 05:59:17.152: I/GmsModuleFndr(6296): Beginning GMS chimera module scan
11-08 05:59:17.156: I/ModuleSetMgr(6296): Computing pending module set with APKs: {file:///data/app/com.google.android.gms-3hGyZVR86tBHkeMbPPV7Uw%3D%3D/base.apk}
11-08 05:59:17.157: I/GeofencerStateMachine(6277): sendQueryLocationOptIn
11-08 05:59:17.170: I/ModuleSetUtils(6296): Assembling ModuleSetRecord for container:19420: []
11-08 05:59:17.171: I/ModuleSetMgr(6296): Pending container Zapp APKs: []
11-08 05:59:17.171: I/ModuleSetMgr(6296): Pending non-container Zapp APKs: []
11-08 05:59:17.182: I/native(2347): fingerprint_matcher.cc:90 Read index from: /system/etc/ambient/matcher.leveldb
11-08 05:59:17.182: I/native(2347): brute_force_matcher_visitor.cc:465 Using asymmetric binary lookup
11-08 05:59:17.182: I/native(2347): brute_force_matcher_visitor.cc:526 Using asymmetric binary rescore
11-08 05:59:17.192: W/System.err(2347): java.io.FileNotFoundException: nnfp_initial_data_pack/matcher.leveldb
11-08 05:59:17.192: W/System.err(2347): 	at android.content.res.AssetManager.openAsset(Native Method)
11-08 05:59:17.192: W/System.err(2347): 	at android.content.res.AssetManager.open(AssetManager.java:374)
11-08 05:59:17.192: W/System.err(2347): 	at android.content.res.AssetManager.open(AssetManager.java:348)
11-08 05:59:17.192: W/System.err(2347): 	at blc.a(PG:175)
11-08 05:59:17.192: W/System.err(2347): 	at blc.a(PG:153)
11-08 05:59:17.192: W/System.err(2347): 	at bkd.call(Unknown Source:10)
11-08 05:59:17.192: W/System.err(2347): 	at bjt.b(PG:5)
11-08 05:59:17.192: W/System.err(2347): 	at bjc.run(PG:4)
11-08 05:59:17.192: W/System.err(2347): 	at bjs.run(PG:8)
11-08 05:59:17.192: W/System.err(2347): 	at java.util.concurrent.ThreadPoolExecutor.runWorker(ThreadPoolExecutor.java:1162)
11-08 05:59:17.192: W/System.err(2347): 	at java.util.concurrent.ThreadPoolExecutor$Worker.run(ThreadPoolExecutor.java:636)
11-08 05:59:17.192: W/System.err(2347): 	at java.lang.Thread.run(Thread.java:764)
11-08 05:59:17.195: I/native(2347): fingerprint_matcher.cc:90 Read index from: /system/etc/ambient/matcher.leveldb
11-08 05:59:17.195: I/native(2347): brute_force_matcher_visitor.cc:465 Using asymmetric binary lookup
11-08 05:59:17.195: I/native(2347): brute_force_matcher_visitor.cc:526 Using asymmetric binary rescore
11-08 05:59:17.197: I/native(2347): fingerprint_matcher.cc:90 Read index from: /system/etc/ambient/matcher.leveldb
11-08 05:59:17.197: I/native(2347): brute_force_matcher_visitor.cc:465 Using asymmetric binary lookup
11-08 05:59:17.197: I/native(2347): brute_force_matcher_visitor.cc:526 Using asymmetric binary rescore
11-08 05:59:17.204: I/GmsModuleFndr(6296): Beginning GMS chimera module scan
11-08 05:59:17.209: I/ModuleSetMgr(6296): Computing pending module set with APKs: {file:///data/app/com.google.android.gms-3hGyZVR86tBHkeMbPPV7Uw%3D%3D/base.apk}
11-08 05:59:17.215: I/ModuleSetUtils(6296): Assembling ModuleSetRecord for container:19420: []
11-08 05:59:17.215: I/ModuleSetMgr(6296): Pending container Zapp APKs: []
11-08 05:59:17.215: I/ModuleSetMgr(6296): Pending non-container Zapp APKs: []
11-08 05:59:17.232: W/ChimeraUtils(6296): Non Chimera context
11-08 05:59:17.232: W/ChimeraUtils(6296): Non Chimera context
11-08 05:59:17.235: I/CAR.SETUP(6296): update Car DrivingMode components to false [CONTEXT service_id=13 ]
11-08 05:59:17.238: I/ChromeSync(6296): [Sync,SyncIntentOperation] Handling the intent: Intent { act=com.google.gservices.intent.action.GSERVICES_CHANGED flg=0x1000010 cmp=com.google.android.gms/.chimera.GmsIntentOperationService$PersistentInternalReceiver }.
11-08 05:59:17.239: W/DynamiteModule(6296): Local module descriptor class for providerinstaller not found.
11-08 05:59:17.239: I/DynamiteModule(6296): Considering local module providerinstaller:0 and remote module providerinstaller:0
11-08 05:59:17.239: W/ProviderInstaller(6296): Failed to load providerinstaller module: No acceptable module found. Local version is 0 and remote version is 0.
11-08 05:59:17.246: I/GservicesProvider(2317): override update completed
11-08 05:59:17.248: W/DynamiteModule(6296): Local module descriptor class for providerinstaller not found.
11-08 05:59:17.251: I/TestSupport(6296): Broadcast sent: finsky.daily_hygiene_schedule_unauthenticated
11-08 05:59:17.253: I/TestSupport(6296): GServices override confirmed: finsky.daily_hygiene_schedule_unauthenticated=false
11-08 05:59:17.253: I/TSDRIVER(25720): Handled command: PACKAGE
11-08 05:59:17.254: I/DynamiteModule(6296): Considering local module providerinstaller:0 and remote module providerinstaller:0
11-08 05:59:17.254: W/ProviderInstaller(6296): Failed to load providerinstaller module: No acceptable module found. Local version is 0 and remote version is 0.
11-08 05:59:17.255: W/Bugle(9732): Factory.getPhoneUtils: invalid subId = -1
11-08 05:59:17.255: I/ActivityManager(1136): Killing 7215:com.google.android.configupdater/u0a27 (adj 906): empty for 13817s
11-08 05:59:17.256: W/zygote64(1136): kill(-7215, 9) failed: No such process
11-08 05:59:17.260: W/DynamiteModule(6296): Local module descriptor class for providerinstaller not found.
11-08 05:59:17.260: I/DynamiteModule(6296): Considering local module providerinstaller:0 and remote module providerinstaller:0
11-08 05:59:17.260: W/ProviderInstaller(6296): Failed to load providerinstaller module: No acceptable module found. Local version is 0 and remote version is 0.
11-08 05:59:17.275: W/DynamiteModule(6296): Local module descriptor class for providerinstaller not found.
11-08 05:59:17.275: I/MobileDataHub(6296): Scheduling periodic tasks
11-08 05:59:17.276: I/DynamiteModule(6296): Considering local module providerinstaller:0 and remote module providerinstaller:0
11-08 05:59:17.277: W/ProviderInstaller(6296): Failed to load providerinstaller module: No acceptable module found. Local version is 0 and remote version is 0.
11-08 05:59:17.278: E/GooglePlayServicesUtil(25745): The Google Play services resources were not found. Check your project configuration to ensure that the resources are included.
11-08 05:59:17.283: I/Vision(6296): Requesting optional module download of ocr.
11-08 05:59:17.287: I/Vision(6296): Checking for download completion for 14074828 -- ocr
11-08 05:59:17.292: D/ConnMetrics:App(25745): IsOptedIn = false
11-08 05:59:17.293: W/DynamiteModule(6296): Local module descriptor class for providerinstaller not found.
11-08 05:59:17.293: I/DynamiteModule(6296): Considering local module providerinstaller:0 and remote module providerinstaller:0
11-08 05:59:17.293: W/ProviderInstaller(6296): Failed to load providerinstaller module: No acceptable module found. Local version is 0 and remote version is 0.
11-08 05:59:17.296: I/Backup(6296): [GmsBackupStatusChangeReceiver] Going to enable gms backup transport.
11-08 05:59:17.301: W/zygote64(1136): kill(-7215, 9) failed: No such process
11-08 05:59:17.301: I/zygote64(1136): Successfully killed process cgroup uid 10027 pid 7215 in 45ms
11-08 05:59:17.302: W/DynamiteModule(6296): Local module descriptor class for providerinstaller not found.
11-08 05:59:17.302: I/DynamiteModule(6296): Considering local module providerinstaller:0 and remote module providerinstaller:0
11-08 05:59:17.303: W/ProviderInstaller(6296): Failed to load providerinstaller module: No acceptable module found. Local version is 0 and remote version is 0.
11-08 05:59:17.310: I/Herrevad(6277): [656] acas.a: updateListenState
11-08 05:59:17.310: W/DynamiteModule(6296): Local module descriptor class for providerinstaller not found.
11-08 05:59:17.310: I/DynamiteModule(6296): Considering local module providerinstaller:0 and remote module providerinstaller:0
11-08 05:59:17.310: W/ProviderInstaller(6296): Failed to load providerinstaller module: No acceptable module found. Local version is 0 and remote version is 0.
11-08 05:59:17.311: I/NetRec(6277): [660] akrh.a: onConfigChanged()
11-08 05:59:17.313: I/TSDRIVER(25720): CommandService onHandleIntent()
11-08 05:59:17.314: I/TSDRIVER(25720): Got command: PACKAGE
11-08 05:59:17.314: I/TSDRIVER(25720): flag package: Eitjb20uZ29vZ2xlLmFuZHJvaWQuZ21zLmF1dGguYXBpLmNyZWRlbnRpYWxzGh4KGlNhdmVTdHJhdGVneV9fZW5hYmxlU2F2aW5nGAA
11-08 05:59:17.314: I/TSDRIVER(25720): flag package: com.google.android.gms.auth.api.credentials
11-08 05:59:17.317: I/NetRec(6277): [660] akrh.a: Cancelling all NetRec GCM tasks
11-08 05:59:17.319: W/DynamiteModule(6296): Local module descriptor class for providerinstaller not found.
11-08 05:59:17.319: I/TestSupport(6296): SetOverrideOperation: gms:phenotype:phenotype_flag:debug_bypass_phenotype = false
11-08 05:59:17.319: I/DynamiteModule(6296): Considering local module providerinstaller:0 and remote module providerinstaller:0
11-08 05:59:17.319: W/ProviderInstaller(6296): Failed to load providerinstaller module: No acceptable module found. Local version is 0 and remote version is 0.
11-08 05:59:17.321: I/MS_RegisterService(6296): Tachyon host: instantmessaging-pa.googleapis.com, Tachyon port: 443
11-08 05:59:17.322: I/NetRec(6277): [654] ClearDatabaseService.onHandleIntent: Clearing score cache
11-08 05:59:17.340: D/CarrierServices(9747): log_saver already enabled
11-08 05:59:17.341: I/MS_RegisterService(6296): RegisterService intent:Intent { act=com.google.android.gms.matchstick.register_intent_action cat=[targeted_intent_op_prefix:com.google.android.libraries.matchstick.net.SilentRegisterIntentOperation] cmp=com.google.android.gms/.chimera.GmsIntentOperationService } isPeriodic:false
11-08 05:59:17.353: D/CarrierServices(9732): log_saver already enabled
11-08 05:59:17.357: I/MS_Utils(6296): version of com.google.android.apps.maps = 956702234
11-08 05:59:17.367: I/GCoreUlr(6277): WorldUpdater received intent Intent { act=com.google.android.location.reporting.ACTION_UPDATE_WORLD cmp=com.google.android.gms/com.google.android.location.reporting.service.DispatchingService (has extras) } with receiverAction com.google.gservices.intent.action.GSERVICES_CHANGED
11-08 05:59:17.370: I/GmsModuleFndr(6296): Beginning GMS chimera module scan
11-08 05:59:17.379: I/GeofencerStateMachine(6277): sendQueryLocationOptIn
11-08 05:59:17.381: I/GCoreUlr(6277): Successfully sent flags updated to controllers.
11-08 05:59:17.383: W/MS_RegisterService(6296): Not eligible for registration.
11-08 05:59:17.385: I/ModuleSetMgr(6296): Computing pending module set with APKs: {file:///data/app/com.google.android.gms-3hGyZVR86tBHkeMbPPV7Uw%3D%3D/base.apk}
11-08 05:59:17.390: I/GeofencerStateMachine(6277): sendQueryLocationOptIn
11-08 05:59:17.403: I/GeofencerStateMachine(6277): sendQueryLocationOptIn
11-08 05:59:17.403: I/ModuleSetUtils(6296): Assembling ModuleSetRecord for container:19420: []
11-08 05:59:17.403: I/ModuleSetMgr(6296): Pending container Zapp APKs: []
11-08 05:59:17.403: I/ModuleSetMgr(6296): Pending non-container Zapp APKs: []
11-08 05:59:17.412: I/GCoreUlr(6277): WorldUpdater:com.google.gservices.intent.action.GSERVICES_CHANGED: Ensuring that reporting is stopped because of reasons: (no Google accounts)
11-08 05:59:17.419: I/OcrModelUpStIntentOp(6296): Updating ocr activity enabled=true (phenotypeFlag=true, lowRamDevice=false, prereqCheck=true)
11-08 05:59:17.419: I/OcrModelUpStIntentOp(6296): Downloading text recognizer
11-08 05:59:17.424: I/GeofencerStateMachine(6277): sendQueryLocationOptIn
11-08 05:59:17.425: I/zygote64(6296): Background concurrent copying GC freed 34248(2MB) AllocSpace objects, 10(584KB) LOS objects, 50% free, 9MB/18MB, paused 38us total 107.064ms
11-08 05:59:17.429: I/SystemUpdate(6296): [Installation,ReceiverIntentOperation] Received intent: Intent { act=com.google.gservices.intent.action.GSERVICES_CHANGED flg=0x1000010 cmp=com.google.android.gms/.chimera.GmsIntentOperationService$PersistentInternalReceiver }.
11-08 05:59:17.433: I/GCoreUlr(6277): Successfully accounts update
11-08 05:59:17.434: I/GCoreUlr(6277): Unbound from all signal providers.
11-08 05:59:17.440: I/GeofencerStateMachine(6277): sendQueryLocationOptIn
11-08 05:59:17.441: I/zygote64(6277): Background concurrent copying GC freed 35954(2010KB) AllocSpace objects, 2(36KB) LOS objects, 49% free, 7MB/15MB, paused 51us total 101.470ms
11-08 05:59:17.458: I/GCoreUlr(6277): Unbound from all signal providers.
11-08 05:59:17.458: I/GCoreUlr(6277): Successfully accounts update
11-08 05:59:17.458: I/GCoreUlr(6277): Stopping handler for UlrDispSvcFast
11-08 05:59:17.458: I/GeofencerStateMachine(6277): sendQueryLocationOptIn
11-08 05:59:17.464: I/GeofencerStateMachine(6277): sendQueryLocationOptIn
11-08 05:59:17.468: W/DynamiteModule(6296): Local module descriptor class for providerinstaller not found.
11-08 05:59:17.468: I/DynamiteModule(6296): Considering local module providerinstaller:0 and remote module providerinstaller:0
11-08 05:59:17.468: W/ProviderInstaller(6296): Failed to load providerinstaller module: No acceptable module found. Local version is 0 and remote version is 0.
11-08 05:59:17.473: I/GCoreUlr(6277): DispatchingService ignoring Intent { act=android.net.wifi.WIFI_STATE_CHANGED flg=0x4000010 (has extras) } because ULR inactive
11-08 05:59:17.478: W/DynamiteModule(6296): Local module descriptor class for providerinstaller not found.
11-08 05:59:17.478: I/DynamiteModule(6296): Considering local module providerinstaller:0 and remote module providerinstaller:0
11-08 05:59:17.478: W/ProviderInstaller(6296): Failed to load providerinstaller module: No acceptable module found. Local version is 0 and remote version is 0.
11-08 05:59:17.482: W/DynamiteModule(6296): Local module descriptor class for providerinstaller not found.
11-08 05:59:17.482: I/DynamiteModule(6296): Considering local module providerinstaller:0 and remote module providerinstaller:0
11-08 05:59:17.482: W/ProviderInstaller(6296): Failed to load providerinstaller module: No acceptable module found. Local version is 0 and remote version is 0.
11-08 05:59:17.484: I/zygote64(1136): Background concurrent copying GC freed 21722(1295KB) AllocSpace objects, 2(40KB) LOS objects, 42% free, 14MB/24MB, paused 56us total 140.020ms
11-08 05:59:17.488: W/DynamiteModule(6296): Local module descriptor class for providerinstaller not found.
11-08 05:59:17.488: I/DynamiteModule(6296): Considering local module providerinstaller:0 and remote module providerinstaller:0
11-08 05:59:17.488: W/ProviderInstaller(6296): Failed to load providerinstaller module: No acceptable module found. Local version is 0 and remote version is 0.
11-08 05:59:17.494: W/DynamiteModule(6296): Local module descriptor class for providerinstaller not found.
11-08 05:59:17.494: I/DynamiteModule(6296): Considering local module providerinstaller:0 and remote module providerinstaller:0
11-08 05:59:17.494: W/ProviderInstaller(6296): Failed to load providerinstaller module: No acceptable module found. Local version is 0 and remote version is 0.
11-08 05:59:17.497: W/System.err(2347): java.io.FileNotFoundException: nnfp_initial_data_pack/matcher.leveldb
11-08 05:59:17.497: W/System.err(2347): 	at android.content.res.AssetManager.openAsset(Native Method)
11-08 05:59:17.497: W/System.err(2347): 	at android.content.res.AssetManager.open(AssetManager.java:374)
11-08 05:59:17.497: W/System.err(2347): 	at android.content.res.AssetManager.open(AssetManager.java:348)
11-08 05:59:17.497: W/System.err(2347): 	at blc.a(PG:175)
11-08 05:59:17.497: W/System.err(2347): 	at blc.a(PG:153)
11-08 05:59:17.497: W/System.err(2347): 	at bkd.call(Unknown Source:10)
11-08 05:59:17.497: W/System.err(2347): 	at bjt.b(PG:5)
11-08 05:59:17.497: W/System.err(2347): 	at bjc.run(PG:4)
11-08 05:59:17.497: W/System.err(2347): 	at bjs.run(PG:8)
11-08 05:59:17.497: W/System.err(2347): 	at java.util.concurrent.ThreadPoolExecutor.runWorker(ThreadPoolExecutor.java:1162)
11-08 05:59:17.497: W/System.err(2347): 	at java.util.concurrent.ThreadPoolExecutor$Worker.run(ThreadPoolExecutor.java:636)
11-08 05:59:17.497: W/System.err(2347): 	at java.lang.Thread.run(Thread.java:764)
11-08 05:59:17.498: I/native(2347): fingerprint_matcher.cc:90 Read index from: /system/etc/ambient/matcher.leveldb
11-08 05:59:17.498: I/native(2347): brute_force_matcher_visitor.cc:465 Using asymmetric binary lookup
11-08 05:59:17.498: I/native(2347): brute_force_matcher_visitor.cc:526 Using asymmetric binary rescore
11-08 05:59:17.501: W/DynamiteModule(6296): Local module descriptor class for providerinstaller not found.
11-08 05:59:17.502: I/DynamiteModule(6296): Considering local module providerinstaller:0 and remote module providerinstaller:0
11-08 05:59:17.502: W/ProviderInstaller(6296): Failed to load providerinstaller module: No acceptable module found. Local version is 0 and remote version is 0.
11-08 05:59:17.504: I/native(2347): fingerprint_matcher.cc:90 Read index from: /system/etc/ambient/matcher.leveldb
11-08 05:59:17.504: I/native(2347): brute_force_matcher_visitor.cc:465 Using asymmetric binary lookup
11-08 05:59:17.504: I/native(2347): brute_force_matcher_visitor.cc:526 Using asymmetric binary rescore
11-08 05:59:17.504: I/native(2347): fingerprint_matcher.cc:90 Read index from: /system/etc/ambient/matcher.leveldb
11-08 05:59:17.504: I/native(2347): brute_force_matcher_visitor.cc:465 Using asymmetric binary lookup
11-08 05:59:17.504: I/native(2347): brute_force_matcher_visitor.cc:526 Using asymmetric binary rescore
11-08 05:59:17.507: I/native(2347): fingerprint_matcher.cc:90 Read index from: /system/etc/ambient/matcher.leveldb
11-08 05:59:17.507: I/native(2347): brute_force_matcher_visitor.cc:465 Using asymmetric binary lookup
11-08 05:59:17.507: I/native(2347): brute_force_matcher_visitor.cc:526 Using asymmetric binary rescore
11-08 05:59:17.507: W/DynamiteModule(6296): Local module descriptor class for providerinstaller not found.
11-08 05:59:17.507: I/DynamiteModule(6296): Considering local module providerinstaller:0 and remote module providerinstaller:0
11-08 05:59:17.507: W/ProviderInstaller(6296): Failed to load providerinstaller module: No acceptable module found. Local version is 0 and remote version is 0.
11-08 05:59:17.512: W/DynamiteModule(6296): Local module descriptor class for providerinstaller not found.
11-08 05:59:17.512: I/DynamiteModule(6296): Considering local module providerinstaller:0 and remote module providerinstaller:0
11-08 05:59:17.512: W/ProviderInstaller(6296): Failed to load providerinstaller module: No acceptable module found. Local version is 0 and remote version is 0.
11-08 05:59:17.525: I/GmsModuleFndr(6296): Beginning GMS chimera module scan
11-08 05:59:17.529: I/ModuleSetMgr(6296): Computing pending module set with APKs: {file:///data/app/com.google.android.gms-3hGyZVR86tBHkeMbPPV7Uw%3D%3D/base.apk}
11-08 05:59:17.531: I/ModuleSetUtils(6296): Assembling ModuleSetRecord for container:19420: []
11-08 05:59:17.531: I/ModuleSetMgr(6296): Pending container Zapp APKs: []
11-08 05:59:17.531: I/ModuleSetMgr(6296): Pending non-container Zapp APKs: []
11-08 05:59:17.541: I/GservicesProvider(2317): override update completed
11-08 05:59:17.556: W/Bugle(9732): Factory.getPhoneUtils: invalid subId = -1
11-08 05:59:17.557: I/TestSupport(6296): Broadcast sent: gms:phenotype:phenotype_flag:debug_bypass_phenotype
11-08 05:59:17.557: I/TestSupport(6296): GServices override confirmed: gms:phenotype:phenotype_flag:debug_bypass_phenotype=false
11-08 05:59:17.560: I/TestSupport(6296): SetFlagOverridesOperation: com.google.android.gms.auth.api.credentials, '', [Flag(SaveStrategy__enableSaving, false, 2, 0)]
11-08 05:59:17.570: I/GmsModuleFndr(6296): Beginning GMS chimera module scan
11-08 05:59:17.571: E/GooglePlayServicesUtil(25745): The Google Play services resources were not found. Check your project configuration to ensure that the resources are included.
11-08 05:59:17.574: I/Vision(6296): Requesting optional module download of ocr.
11-08 05:59:17.575: I/ModuleSetMgr(6296): Computing pending module set with APKs: {file:///data/app/com.google.android.gms-3hGyZVR86tBHkeMbPPV7Uw%3D%3D/base.apk}
11-08 05:59:17.582: I/Vision(6296): Checking for download completion for 14075123 -- ocr
11-08 05:59:17.585: I/Backup(6296): [GmsBackupStatusChangeReceiver] Going to enable gms backup transport.
11-08 05:59:17.587: D/ConnMetrics:App(25745): IsOptedIn = false
11-08 05:59:17.596: I/ModuleSetUtils(6296): Assembling ModuleSetRecord for container:19420: []
11-08 05:59:17.596: I/ModuleSetMgr(6296): Pending container Zapp APKs: []
11-08 05:59:17.596: I/ModuleSetMgr(6296): Pending non-container Zapp APKs: []
11-08 05:59:17.599: I/Herrevad(6277): [654] acas.a: updateListenState
11-08 05:59:17.599: I/NetRec(6277): [656] akrh.a: onConfigChanged()
11-08 05:59:17.603: I/NetRec(6277): [656] akrh.a: Cancelling all NetRec GCM tasks
11-08 05:59:17.603: I/NetRec(6277): [661] ClearDatabaseService.onHandleIntent: Clearing score cache
11-08 05:59:17.615: D/CarrierServices(9747): log_saver already enabled
11-08 05:59:17.626: W/ChimeraUtils(6296): Non Chimera context
11-08 05:59:17.626: W/ChimeraUtils(6296): Non Chimera context
11-08 05:59:17.630: D/CarrierServices(9732): log_saver already enabled
11-08 05:59:17.632: I/zygote64(6277): Deoptimizing cadg anwu.a(android.content.Context, java.lang.String, java.lang.String, int, boolean) due to JIT inline cache
11-08 05:59:17.633: W/DynamiteModule(6296): Local module descriptor class for providerinstaller not found.
11-08 05:59:17.633: I/DynamiteModule(6296): Considering local module providerinstaller:0 and remote module providerinstaller:0
11-08 05:59:17.633: W/ProviderInstaller(6296): Failed to load providerinstaller module: No acceptable module found. Local version is 0 and remote version is 0.
11-08 05:59:17.634: I/ChromeSync(6296): [Sync,SyncIntentOperation] Handling the intent: Intent { act=com.google.gservices.intent.action.GSERVICES_CHANGED flg=0x1000010 cmp=com.google.android.gms/.chimera.GmsIntentOperationService$PersistentInternalReceiver }.
11-08 05:59:17.637: I/CAR.SETUP(6296): update Car DrivingMode components to false [CONTEXT service_id=13 ]
11-08 05:59:17.638: W/DynamiteModule(6296): Local module descriptor class for providerinstaller not found.
11-08 05:59:17.639: I/DynamiteModule(6296): Considering local module providerinstaller:0 and remote module providerinstaller:0
11-08 05:59:17.639: W/ProviderInstaller(6296): Failed to load providerinstaller module: No acceptable module found. Local version is 0 and remote version is 0.
11-08 05:59:17.644: I/GeofencerStateMachine(6277): sendQueryLocationOptIn
11-08 05:59:17.646: I/GCoreUlr(6277): WorldUpdater received intent Intent { act=com.google.android.location.reporting.ACTION_UPDATE_WORLD cmp=com.google.android.gms/com.google.android.location.reporting.service.DispatchingService (has extras) } with receiverAction com.google.gservices.intent.action.GSERVICES_CHANGED
11-08 05:59:17.648: W/DynamiteModule(6296): Local module descriptor class for providerinstaller not found.
11-08 05:59:17.648: I/DynamiteModule(6296): Considering local module providerinstaller:0 and remote module providerinstaller:0
11-08 05:59:17.648: W/ProviderInstaller(6296): Failed to load providerinstaller module: No acceptable module found. Local version is 0 and remote version is 0.
11-08 05:59:17.650: I/TestSupport(6296): AwaitCommitOperation: SaveStrategy__enableSaving
11-08 05:59:17.651: I/GCoreUlr(6277): Successfully sent flags updated to controllers.
11-08 05:59:17.653: W/DynamiteModule(6296): Local module descriptor class for providerinstaller not found.
11-08 05:59:17.653: I/DynamiteModule(6296): Considering local module providerinstaller:0 and remote module providerinstaller:0
11-08 05:59:17.653: W/ProviderInstaller(6296): Failed to load providerinstaller module: No acceptable module found. Local version is 0 and remote version is 0.
11-08 05:59:17.655: I/GeofencerStateMachine(6277): sendQueryLocationOptIn
11-08 05:59:17.656: I/TestSupport(6296): AwaitCommitOperation: uncommitted: FlagOverride(com.google.android.gms.auth.api.credentials, , Flag(SaveStrategy__enableSaving, false, 2, 0), false)
11-08 05:59:17.656: I/TestSupport(6296): AwaitCommitOperation:  sleeping for 10 msec.
11-08 05:59:17.665: I/GeofencerStateMachine(6277): sendQueryLocationOptIn
11-08 05:59:17.669: I/MobileDataHub(6296): Scheduling periodic tasks
11-08 05:59:17.671: W/DynamiteModule(6296): Local module descriptor class for providerinstaller not found.
11-08 05:59:17.672: I/DynamiteModule(6296): Considering local module providerinstaller:0 and remote module providerinstaller:0
11-08 05:59:17.672: W/ProviderInstaller(6296): Failed to load providerinstaller module: No acceptable module found. Local version is 0 and remote version is 0.
11-08 05:59:17.673: I/TestSupport(6296): AwaitCommitOperation: uncommitted: FlagOverride(com.google.android.gms.auth.api.credentials, , Flag(SaveStrategy__enableSaving, false, 2, 0), false)
11-08 05:59:17.673: I/TestSupport(6296): AwaitCommitOperation:  sleeping for 20 msec.
11-08 05:59:17.675: I/GCoreUlr(6277): WorldUpdater:com.google.gservices.intent.action.GSERVICES_CHANGED: Ensuring that reporting is stopped because of reasons: (no Google accounts)
11-08 05:59:17.676: I/GeofencerStateMachine(6277): sendQueryLocationOptIn
11-08 05:59:17.679: W/DynamiteModule(6296): Local module descriptor class for providerinstaller not found.
11-08 05:59:17.680: I/DynamiteModule(6296): Considering local module providerinstaller:0 and remote module providerinstaller:0
11-08 05:59:17.680: W/ProviderInstaller(6296): Failed to load providerinstaller module: No acceptable module found. Local version is 0 and remote version is 0.
11-08 05:59:17.681: I/GCoreUlr(6277): Unbound from all signal providers.
11-08 05:59:17.681: I/GCoreUlr(6277): Successfully accounts update
11-08 05:59:17.688: W/DynamiteModule(6296): Local module descriptor class for providerinstaller not found.
11-08 05:59:17.688: I/DynamiteModule(6296): Considering local module providerinstaller:0 and remote module providerinstaller:0
11-08 05:59:17.688: W/ProviderInstaller(6296): Failed to load providerinstaller module: No acceptable module found. Local version is 0 and remote version is 0.
11-08 05:59:17.691: I/GCoreUlr(6277): DispatchingService ignoring Intent { act=android.net.wifi.WIFI_STATE_CHANGED flg=0x4000010 (has extras) } because ULR inactive
11-08 05:59:17.695: I/GCoreUlr(6277): Unbound from all signal providers.
11-08 05:59:17.696: W/DynamiteModule(6296): Local module descriptor class for providerinstaller not found.
11-08 05:59:17.696: I/GCoreUlr(6277): Stopping handler for UlrDispSvcFast
11-08 05:59:17.696: I/DynamiteModule(6296): Considering local module providerinstaller:0 and remote module providerinstaller:0
11-08 05:59:17.696: W/ProviderInstaller(6296): Failed to load providerinstaller module: No acceptable module found. Local version is 0 and remote version is 0.
11-08 05:59:17.696: I/GeofencerStateMachine(6277): sendQueryLocationOptIn
11-08 05:59:17.697: I/GCoreUlr(6277): Successfully accounts update
11-08 05:59:17.699: I/MS_RegisterService(6296): Tachyon host: instantmessaging-pa.googleapis.com, Tachyon port: 443
11-08 05:59:17.702: I/GeofencerStateMachine(6277): sendQueryLocationOptIn
11-08 05:59:17.715: I/GeofencerStateMachine(6277): sendQueryLocationOptIn
11-08 05:59:17.718: I/MS_RegisterService(6296): RegisterService intent:Intent { act=com.google.android.gms.matchstick.register_intent_action cat=[targeted_intent_op_prefix:com.google.android.libraries.matchstick.net.SilentRegisterIntentOperation] cmp=com.google.android.gms/.chimera.GmsIntentOperationService } isPeriodic:false
11-08 05:59:17.721: I/MS_Utils(6296): version of com.google.android.apps.maps = 956702234
11-08 05:59:17.734: I/TestSupport(6296): AwaitCommitOperation: uncommitted: FlagOverride(com.google.android.gms.auth.api.credentials, , Flag(SaveStrategy__enableSaving, false, 2, 0), false)
11-08 05:59:17.734: I/TestSupport(6296): AwaitCommitOperation:  sleeping for 40 msec.
11-08 05:59:17.736: I/GmsModuleFndr(6296): Beginning GMS chimera module scan
11-08 05:59:17.743: I/ModuleSetMgr(6296): Computing pending module set with APKs: {file:///data/app/com.google.android.gms-3hGyZVR86tBHkeMbPPV7Uw%3D%3D/base.apk}
11-08 05:59:17.747: W/MS_RegisterService(6296): Not eligible for registration.
11-08 05:59:17.751: I/ModuleSetUtils(6296): Assembling ModuleSetRecord for container:19420: []
11-08 05:59:17.751: I/ModuleSetMgr(6296): Pending container Zapp APKs: []
11-08 05:59:17.751: I/ModuleSetMgr(6296): Pending non-container Zapp APKs: []
11-08 05:59:17.761: I/native(2347): fingerprint_matcher.cc:90 Read index from: /system/etc/ambient/matcher.leveldb
11-08 05:59:17.761: I/native(2347): brute_force_matcher_visitor.cc:465 Using asymmetric binary lookup
11-08 05:59:17.761: I/native(2347): brute_force_matcher_visitor.cc:526 Using asymmetric binary rescore
11-08 05:59:17.763: I/native(2347): fingerprint_matcher.cc:90 Read index from: /system/etc/ambient/matcher.leveldb
11-08 05:59:17.763: I/native(2347): brute_force_matcher_visitor.cc:465 Using asymmetric binary lookup
11-08 05:59:17.763: I/native(2347): brute_force_matcher_visitor.cc:526 Using asymmetric binary rescore
11-08 05:59:17.764: I/native(2347): fingerprint_matcher.cc:90 Read index from: /system/etc/ambient/matcher.leveldb
11-08 05:59:17.764: I/native(2347): brute_force_matcher_visitor.cc:465 Using asymmetric binary lookup
11-08 05:59:17.764: I/native(2347): brute_force_matcher_visitor.cc:526 Using asymmetric binary rescore
11-08 05:59:17.766: W/System.err(2347): java.io.FileNotFoundException: nnfp_initial_data_pack/matcher.leveldb
11-08 05:59:17.766: W/System.err(2347): 	at android.content.res.AssetManager.openAsset(Native Method)
11-08 05:59:17.767: W/System.err(2347): 	at android.content.res.AssetManager.open(AssetManager.java:374)
11-08 05:59:17.767: W/System.err(2347): 	at android.content.res.AssetManager.open(AssetManager.java:348)
11-08 05:59:17.767: W/System.err(2347): 	at blc.a(PG:175)
11-08 05:59:17.767: W/System.err(2347): 	at blc.a(PG:153)
11-08 05:59:17.767: W/System.err(2347): 	at bkd.call(Unknown Source:10)
11-08 05:59:17.767: W/System.err(2347): 	at bjt.b(PG:5)
11-08 05:59:17.767: W/System.err(2347): 	at bjc.run(PG:4)
11-08 05:59:17.767: W/System.err(2347): 	at bjs.run(PG:8)
11-08 05:59:17.767: W/System.err(2347): 	at java.util.concurrent.ThreadPoolExecutor.runWorker(ThreadPoolExecutor.java:1162)
11-08 05:59:17.767: W/System.err(2347): 	at java.util.concurrent.ThreadPoolExecutor$Worker.run(ThreadPoolExecutor.java:636)
11-08 05:59:17.767: W/System.err(2347): 	at java.lang.Thread.run(Thread.java:764)
11-08 05:59:17.770: I/native(2347): fingerprint_matcher.cc:90 Read index from: /system/etc/ambient/matcher.leveldb
11-08 05:59:17.770: I/native(2347): brute_force_matcher_visitor.cc:465 Using asymmetric binary lookup
11-08 05:59:17.770: I/native(2347): brute_force_matcher_visitor.cc:526 Using asymmetric binary rescore
11-08 05:59:17.771: W/AudioManager(2347): attempt to call unregisterAudioPlaybackCallback() on a callback already unregistered or never registered
11-08 05:59:17.771: I/SoundTriggerService(1136): deleteSoundModel(): id = 9f6ad62a-1f0b-11e7-87c5-40a8f03d3f15
11-08 05:59:17.772: D/sound_trigger_hw(716): stdev_stop_recognition:[1] Enter
11-08 05:59:17.772: D/sound_trigger_hw(716): active_state_fn:[1] handle event id 7
11-08 05:59:17.772: D/sound_trigger_hw(716): active_state_fn:[1] unhandled event
11-08 05:59:17.772: D/sound_trigger_hw(716): active_state_fn:[1] handle event id 4
11-08 05:59:17.772: D/sound_trigger_hw(716): stop:[1] calling gcs_disable with handle 1
11-08 05:59:17.772: D/sound_trigger_hw(716): [ 11-08 05:59:17.772   716: 1197 E/         ]
11-08 05:59:17.772: D/sound_trigger_hw(716): gcs_disable: Invalid command GCS_CMD_DISABLE for state GCS_GRAPH_SETUP
11-08 05:59:17.772: E/sound_trigger_hw(716): stop: gcs_disable failed with status -22
11-08 05:59:17.772: E/sound_trigger_hw(716): stop_hw_session:[1] failed to stop err -22
11-08 05:59:17.772: E/sound_trigger_hw(716): set_device: Invalid sound trigger device name
11-08 05:59:17.772: E/sound_trigger_hw(716): stop_hw_session:[1] failed to set_device err -22
11-08 05:59:17.772: D/sound_trigger_hw(716): session[1]: active_state_fn ---> loaded_state_fn (paused)
11-08 05:59:17.772: D/sound_trigger_hw(716): dereg_hal_event_session: ST_EVENT_SESSION_DEREGISTER capture_handle 70 p_ses 0xe7693d00
11-08 05:59:17.772: D/sound_trigger_hw(716): stdev_stop_recognition:[1] Exit status 0
11-08 05:59:17.772: D/sound_trigger_hw(716): stdev_unload_sound_model: Enter sound model 1
11-08 05:59:17.772: D/sound_trigger_hw(716): loaded_state_fn:[1] handle event id 1
11-08 05:59:17.772: D/sound_trigger_hw(716): dereg_sm:[1] calling gcs_unload_data with handle 1, loaded data handle 1
11-08 05:59:17.778: D/sound_trigger_hw(716): dereg_sm:[1] calling gcs_close on handle 1
11-08 05:59:17.780: I/zygote64(6296): Background concurrent copying GC freed 59132(3MB) AllocSpace objects, 22(1056KB) LOS objects, 49% free, 9MB/19MB, paused 30us total 123.301ms
11-08 05:59:17.782: I/TestSupport(6296): AwaitCommitOperation: uncommitted: FlagOverride(com.google.android.gms.auth.api.credentials, , Flag(SaveStrategy__enableSaving, false, 2, 0), false)
11-08 05:59:17.782: I/TestSupport(6296): AwaitCommitOperation:  sleeping for 80 msec.
11-08 05:59:17.783: I/ActivityManager(1136): Start proc 25838:com.google.android.gms.ui/u0a6 for service com.google.android.gms/.chimera.UiIntentOperationService
11-08 05:59:17.784: I/zygote64(6277): Deoptimizing int eek.a(brxo, eel, java.lang.Comparable) due to JIT inline cache
11-08 05:59:17.785: D/sound_trigger_hw(716): session[1]: loaded_state_fn ---> idle_state_fn (paused)
11-08 05:59:17.785: D/sound_trigger_hw(716): stdev_unload_sound_model: Exit status 0
11-08 05:59:17.809: I/SystemUpdate(6296): [Installation,ReceiverIntentOperation] Received intent: Intent { act=com.google.gservices.intent.action.GSERVICES_CHANGED flg=0x1000010 cmp=com.google.android.gms/.chimera.GmsIntentOperationService$PersistentInternalReceiver }.
11-08 05:59:17.813: W/DynamiteModule(6296): Local module descriptor class for providerinstaller not found.
11-08 05:59:17.813: I/DynamiteModule(6296): Considering local module providerinstaller:0 and remote module providerinstaller:0
11-08 05:59:17.813: W/ProviderInstaller(6296): Failed to load providerinstaller module: No acceptable module found. Local version is 0 and remote version is 0.
11-08 05:59:17.820: I/OcrModelUpStIntentOp(6296): Updating ocr activity enabled=true (phenotypeFlag=true, lowRamDevice=false, prereqCheck=true)
11-08 05:59:17.821: I/OcrModelUpStIntentOp(6296): Downloading text recognizer
11-08 05:59:17.823: W/DynamiteModule(6296): Local module descriptor class for providerinstaller not found.
11-08 05:59:17.823: I/DynamiteModule(6296): Considering local module providerinstaller:0 and remote module providerinstaller:0
11-08 05:59:17.823: W/ProviderInstaller(6296): Failed to load providerinstaller module: No acceptable module found. Local version is 0 and remote version is 0.
11-08 05:59:17.832: I/Vision(6296): Requesting optional module download of ocr.
11-08 05:59:17.832: I/Vision(6296): Checking for download completion for 14075373 -- ocr
11-08 05:59:17.836: W/DynamiteModule(6296): Local module descriptor class for providerinstaller not found.
11-08 05:59:17.836: I/DynamiteModule(6296): Considering local module providerinstaller:0 and remote module providerinstaller:0
11-08 05:59:17.836: W/ProviderInstaller(6296): Failed to load providerinstaller module: No acceptable module found. Local version is 0 and remote version is 0.
11-08 05:59:17.837: I/PTCommittedOperation(6277): Receive new configuration for com.google.android.gms.auth.api.credentials
11-08 05:59:17.841: W/ModuleInitIntentOp(6296): Dropping unexpected action com.google.android.gms.phenotype.COMMITTED
11-08 05:59:17.846: W/DynamiteModule(6296): Local module descriptor class for providerinstaller not found.
11-08 05:59:17.846: I/DynamiteModule(6296): Considering local module providerinstaller:0 and remote module providerinstaller:0
11-08 05:59:17.846: W/ProviderInstaller(6296): Failed to load providerinstaller module: No acceptable module found. Local version is 0 and remote version is 0.
11-08 05:59:17.854: W/DynamiteModule(6296): Local module descriptor class for providerinstaller not found.
11-08 05:59:17.854: I/DynamiteModule(6296): Considering local module providerinstaller:0 and remote module providerinstaller:0
11-08 05:59:17.854: W/ProviderInstaller(6296): Failed to load providerinstaller module: No acceptable module found. Local version is 0 and remote version is 0.
11-08 05:59:17.866: W/DynamiteModule(6296): Local module descriptor class for providerinstaller not found.
11-08 05:59:17.867: I/DynamiteModule(6296): Considering local module providerinstaller:0 and remote module providerinstaller:0
11-08 05:59:17.867: W/ProviderInstaller(6296): Failed to load providerinstaller module: No acceptable module found. Local version is 0 and remote version is 0.
11-08 05:59:17.872: W/DynamiteModule(6296): Local module descriptor class for providerinstaller not found.
11-08 05:59:17.872: I/DynamiteModule(6296): Considering local module providerinstaller:0 and remote module providerinstaller:0
11-08 05:59:17.872: W/ProviderInstaller(6296): Failed to load providerinstaller module: No acceptable module found. Local version is 0 and remote version is 0.
11-08 05:59:17.872: I/TestSupport(6296): AwaitCommitOperation: FlagOverride(com.google.android.gms.auth.api.credentials, , Flag(SaveStrategy__enableSaving, false, 2, 0), true) committed
11-08 05:59:17.872: I/TestSupport(6296): AwaitCommitOperation: no more uncommitted overrides
11-08 05:59:17.878: W/DynamiteModule(6296): Local module descriptor class for providerinstaller not found.
11-08 05:59:17.878: I/DynamiteModule(6296): Considering local module providerinstaller:0 and remote module providerinstaller:0
11-08 05:59:17.879: W/ProviderInstaller(6296): Failed to load providerinstaller module: No acceptable module found. Local version is 0 and remote version is 0.
11-08 05:59:17.887: W/DynamiteModule(25838): Local module descriptor class for providerinstaller not found.
11-08 05:59:17.896: W/ProviderHelper(25838): Unknown dynamite feature providerinstaller
11-08 05:59:17.898: I/GmsModuleFndr(6296): Beginning GMS chimera module scan
11-08 05:59:17.900: I/DynamiteModule(25838): Considering local module providerinstaller:0 and remote module providerinstaller:0
11-08 05:59:17.900: W/ProviderInstaller(25838): Failed to load providerinstaller module: No acceptable module found. Local version is 0 and remote version is 0.
11-08 05:59:17.903: V/NativeCrypto(25838): Registering com/google/android/gms/org/conscrypt/NativeCrypto's 284 native methods...
11-08 05:59:17.904: I/ModuleSetMgr(6296): Computing pending module set with APKs: {file:///data/app/com.google.android.gms-3hGyZVR86tBHkeMbPPV7Uw%3D%3D/base.apk}
11-08 05:59:17.908: I/ModuleSetUtils(6296): Assembling ModuleSetRecord for container:19420: []
11-08 05:59:17.908: I/ModuleSetMgr(6296): Pending container Zapp APKs: []
11-08 05:59:17.908: I/ModuleSetMgr(6296): Pending non-container Zapp APKs: []
11-08 05:59:17.913: D/NetworkSecurityConfig(25838): Using Network Security Config from resource network_security_config debugBuild: false
11-08 05:59:17.915: I/ProviderInstaller(25838): Installed default security provider GmsCore_OpenSSL
11-08 05:59:17.928: I/aobm(6277): updateFromConfigurations using legacy put method [CONTEXT service_id=204 ]
11-08 05:59:17.929: I/Safeboot(25838): Checking safeboot...
11-08 05:59:17.930: I/Safeboot(25838): Not entering safeboot; wrong process.
11-08 05:59:17.946: I/GmsModuleFndr(6296): Beginning GMS chimera module scan
11-08 05:59:17.954: I/TestSupport(6296): AwaitCommitOperation: *
11-08 05:59:17.957: I/ModuleSetMgr(6296): Computing pending module set with APKs: {file:///data/app/com.google.android.gms-3hGyZVR86tBHkeMbPPV7Uw%3D%3D/base.apk}
11-08 05:59:17.961: I/TestSupport(6296): AwaitCommitOperation: FlagOverride(com.google.android.gms.auth.api.credentials, , Flag(SaveStrategy__enableSaving, false, 2, 0), true) committed
11-08 05:59:17.961: I/TestSupport(6296): AwaitCommitOperation: no more uncommitted overrides
11-08 05:59:17.962: I/ModuleSetUtils(6296): Assembling ModuleSetRecord for container:19420: []
11-08 05:59:17.963: I/ModuleSetMgr(6296): Pending container Zapp APKs: []
11-08 05:59:17.963: I/ModuleSetMgr(6296): Pending non-container Zapp APKs: []
11-08 05:59:17.981: W/Primes(25838): Primes not initialized, returning default (no-op) Primes instance which will ignore all calls. Please call Primes.initialize(...) before using any Primes API.
11-08 05:59:17.985: I/aobm(6277): updateFromConfigurations using legacy put method [CONTEXT service_id=204 ]
11-08 05:59:17.994: W/ChimeraUtils(6296): Non Chimera context
11-08 05:59:17.994: W/ChimeraUtils(6296): Non Chimera context
11-08 05:59:17.997: I/CAR.SETUP(6296): update Car DrivingMode components to false [CONTEXT service_id=13 ]
11-08 05:59:17.998: I/ChromeSync(6296): [Sync,SyncIntentOperation] Handling the intent: Intent { act=com.google.gservices.intent.action.GSERVICES_CHANGED flg=0x1000010 cmp=com.google.android.gms/.chimera.GmsIntentOperationService$PersistentInternalReceiver }.
11-08 05:59:18.001: W/DynamiteModule(6296): Local module descriptor class for providerinstaller not found.
11-08 05:59:18.001: I/DynamiteModule(6296): Considering local module providerinstaller:0 and remote module providerinstaller:0
11-08 05:59:18.001: W/ProviderInstaller(6296): Failed to load providerinstaller module: No acceptable module found. Local version is 0 and remote version is 0.
11-08 05:59:18.002: I/zygote64(1136): Background concurrent copying GC freed 29317(1511KB) AllocSpace objects, 5(92KB) LOS objects, 42% free, 13MB/23MB, paused 38us total 117.225ms
11-08 05:59:18.005: I/MobileDataHub(6296): Scheduling periodic tasks
11-08 05:59:18.007: I/OcrModelUpStIntentOp(6296): Updating ocr activity enabled=true (phenotypeFlag=true, lowRamDevice=false, prereqCheck=true)
11-08 05:59:18.008: I/OcrModelUpStIntentOp(6296): Downloading text recognizer
11-08 05:59:18.013: I/SystemUpdate(6296): [Installation,ReceiverIntentOperation] Received intent: Intent { act=com.google.gservices.intent.action.GSERVICES_CHANGED flg=0x1000010 cmp=com.google.android.gms/.chimera.GmsIntentOperationService$PersistentInternalReceiver }.
11-08 05:59:18.014: W/DynamiteModule(6296): Local module descriptor class for providerinstaller not found.
11-08 05:59:18.014: I/DynamiteModule(6296): Considering local module providerinstaller:0 and remote module providerinstaller:0
11-08 05:59:18.014: W/ProviderInstaller(6296): Failed to load providerinstaller module: No acceptable module found. Local version is 0 and remote version is 0.
11-08 05:59:18.018: I/Vision(6296): Requesting optional module download of ocr.
11-08 05:59:18.018: I/Vision(6296): Checking for download completion for 14075559 -- ocr
11-08 05:59:18.020: W/DynamiteModule(6296): Local module descriptor class for providerinstaller not found.
11-08 05:59:18.020: I/DynamiteModule(6296): Considering local module providerinstaller:0 and remote module providerinstaller:0
11-08 05:59:18.021: W/ProviderInstaller(6296): Failed to load providerinstaller module: No acceptable module found. Local version is 0 and remote version is 0.
11-08 05:59:18.021: I/MS_Utils(6296): version of com.google.android.apps.maps = 956702234
11-08 05:59:18.024: I/MS_RegisterService(6296): Tachyon host: instantmessaging-pa.googleapis.com, Tachyon port: 443
11-08 05:59:18.034: I/MS_RegisterService(6296): RegisterService intent:Intent { act=com.google.android.gms.matchstick.register_intent_action cat=[targeted_intent_op_prefix:com.google.android.libraries.matchstick.net.SilentRegisterIntentOperation] cmp=com.google.android.gms/.chimera.GmsIntentOperationService } isPeriodic:false
11-08 05:59:18.038: I/TSDRIVER(25720): Handled command: PACKAGE
11-08 05:59:18.038: W/DynamiteModule(6296): Local module descriptor class for providerinstaller not found.
11-08 05:59:18.038: I/DynamiteModule(6296): Considering local module providerinstaller:0 and remote module providerinstaller:0
11-08 05:59:18.038: I/TSDRIVER(25720): CommandService onHandleIntent()
11-08 05:59:18.038: W/ProviderInstaller(6296): Failed to load providerinstaller module: No acceptable module found. Local version is 0 and remote version is 0.
11-08 05:59:18.038: I/TSDRIVER(25720): Got command: PACKAGE
11-08 05:59:18.038: I/TSDRIVER(25720): flag package: Eh9jb20uZ29vZ2xlLmFuZHJvaWQuZ21zLmF1dG9maWxsGhQKEGF1dG9maWxsX2VuYWJsZWQYAA
11-08 05:59:18.039: I/TSDRIVER(25720): flag package: com.google.android.gms.autofill
11-08 05:59:18.042: I/TestSupport(6296): SetFlagOverridesOperation: com.google.android.gms.autofill, '', [Flag(autofill_enabled, false, 2, 0)]
11-08 05:59:18.051: W/DynamiteModule(6296): Local module descriptor class for providerinstaller not found.
11-08 05:59:18.051: I/DynamiteModule(6296): Considering local module providerinstaller:0 and remote module providerinstaller:0
11-08 05:59:18.051: W/ProviderInstaller(6296): Failed to load providerinstaller module: No acceptable module found. Local version is 0 and remote version is 0.
11-08 05:59:18.058: W/MS_RegisterService(6296): Not eligible for registration.
11-08 05:59:18.062: W/DynamiteModule(6296): Local module descriptor class for providerinstaller not found.
11-08 05:59:18.062: I/DynamiteModule(6296): Considering local module providerinstaller:0 and remote module providerinstaller:0
11-08 05:59:18.062: W/ProviderInstaller(6296): Failed to load providerinstaller module: No acceptable module found. Local version is 0 and remote version is 0.
11-08 05:59:18.067: I/TestSupport(6296): AwaitCommitOperation: autofill_enabled
11-08 05:59:18.068: W/DynamiteModule(6296): Local module descriptor class for providerinstaller not found.
11-08 05:59:18.068: I/DynamiteModule(6296): Considering local module providerinstaller:0 and remote module providerinstaller:0
11-08 05:59:18.068: W/ProviderInstaller(6296): Failed to load providerinstaller module: No acceptable module found. Local version is 0 and remote version is 0.
11-08 05:59:18.070: I/zygote64(25838): Compiler allocated 4MB to compile void tbv.d(android.content.Context)
11-08 05:59:18.072: I/TestSupport(6296): AwaitCommitOperation: uncommitted: FlagOverride(com.google.android.gms.autofill, , Flag(autofill_enabled, false, 2, 0), false)
11-08 05:59:18.073: I/TestSupport(6296): AwaitCommitOperation:  sleeping for 10 msec.
11-08 05:59:18.081: W/DynamiteModule(6296): Local module descriptor class for providerinstaller not found.
11-08 05:59:18.082: I/DynamiteModule(6296): Considering local module providerinstaller:0 and remote module providerinstaller:0
11-08 05:59:18.082: W/ProviderInstaller(6296): Failed to load providerinstaller module: No acceptable module found. Local version is 0 and remote version is 0.
11-08 05:59:18.097: I/GmsModuleFndr(6296): Beginning GMS chimera module scan
11-08 05:59:18.102: I/ModuleSetMgr(6296): Computing pending module set with APKs: {file:///data/app/com.google.android.gms-3hGyZVR86tBHkeMbPPV7Uw%3D%3D/base.apk}
11-08 05:59:18.105: I/ModuleSetUtils(6296): Assembling ModuleSetRecord for container:19420: []
11-08 05:59:18.105: I/ModuleSetMgr(6296): Pending container Zapp APKs: []
11-08 05:59:18.105: I/ModuleSetMgr(6296): Pending non-container Zapp APKs: []
11-08 05:59:18.138: W/DynamiteModule(6296): Local module descriptor class for providerinstaller not found.
11-08 05:59:18.138: I/DynamiteModule(6296): Considering local module providerinstaller:0 and remote module providerinstaller:0
11-08 05:59:18.138: W/ProviderInstaller(6296): Failed to load providerinstaller module: No acceptable module found. Local version is 0 and remote version is 0.
11-08 05:59:18.139: I/TestSupport(6296): AwaitCommitOperation: FlagOverride(com.google.android.gms.autofill, , Flag(autofill_enabled, false, 2, 0), true) committed
11-08 05:59:18.139: I/TestSupport(6296): AwaitCommitOperation: no more uncommitted overrides
11-08 05:59:18.143: I/PTCommittedOperation(6277): Receive new configuration for com.google.android.gms.autofill
11-08 05:59:18.147: W/DynamiteModule(6296): Local module descriptor class for providerinstaller not found.
11-08 05:59:18.147: I/DynamiteModule(6296): Considering local module providerinstaller:0 and remote module providerinstaller:0
11-08 05:59:18.147: W/ProviderInstaller(6296): Failed to load providerinstaller module: No acceptable module found. Local version is 0 and remote version is 0.
11-08 05:59:18.148: W/ModuleInitIntentOp(6296): Dropping unexpected action com.google.android.gms.phenotype.COMMITTED
11-08 05:59:18.160: I/zygote64(6277): Do full code cache collection, code=1526KB, data=982KB
11-08 05:59:18.163: W/DynamiteModule(6296): Local module descriptor class for providerinstaller not found.
11-08 05:59:18.163: I/DynamiteModule(6296): Considering local module providerinstaller:0 and remote module providerinstaller:0
11-08 05:59:18.163: W/ProviderInstaller(6296): Failed to load providerinstaller module: No acceptable module found. Local version is 0 and remote version is 0.
11-08 05:59:18.166: D/AndroidRuntime(25900): >>>>>> START com.android.internal.os.RuntimeInit uid 2000 <<<<<<
