11-08 05:59:18.167: I/aobm(6277): updateFromConfigurations using legacy put method [CONTEXT service_id=204 ]
11-08 05:59:18.171: W/DynamiteModule(6296): Local module descriptor class for providerinstaller not found.
11-08 05:59:18.171: I/DynamiteModule(6296): Considering local module providerinstaller:0 and remote module providerinstaller:0
11-08 05:59:18.172: W/ProviderInstaller(6296): Failed to load providerinstaller module: No acceptable module found. Local version is 0 and remote version is 0.
11-08 05:59:18.176: W/DynamiteModule(6296): Local module descriptor class for providerinstaller not found.
11-08 05:59:18.176: I/DynamiteModule(6296): Considering local module providerinstaller:0 and remote module providerinstaller:0
11-08 05:59:18.176: W/ProviderInstaller(6296): Failed to load providerinstaller module: No acceptable module found. Local version is 0 and remote version is 0.
11-08 05:59:18.181: W/DynamiteModule(6296): Local module descriptor class for providerinstaller not found.
11-08 05:59:18.182: I/DynamiteModule(6296): Considering local module providerinstaller:0 and remote module providerinstaller:0
11-08 05:59:18.182: I/zygote64(6277): After code cache collection, code=1375KB, data=809KB
11-08 05:59:18.182: W/ProviderInstaller(6296): Failed to load providerinstaller module: No acceptable module found. Local version is 0 and remote version is 0.
11-08 05:59:18.187: W/DynamiteModule(6296): Local module descriptor class for providerinstaller not found.
11-08 05:59:18.188: I/DynamiteModule(6296): Considering local module providerinstaller:0 and remote module providerinstaller:0
11-08 05:59:18.188: W/ProviderInstaller(6296): Failed to load providerinstaller module: No acceptable module found. Local version is 0 and remote version is 0.
11-08 05:59:18.193: W/DynamiteModule(6296): Local module descriptor class for providerinstaller not found.
11-08 05:59:18.194: I/DynamiteModule(6296): Considering local module providerinstaller:0 and remote module providerinstaller:0
11-08 05:59:18.194: W/ProviderInstaller(6296): Failed to load providerinstaller module: No acceptable module found. Local version is 0 and remote version is 0.
11-08 05:59:18.199: I/aobm(6277): updateFromConfigurations using legacy put method [CONTEXT service_id=204 ]
11-08 05:59:18.206: I/GmsModuleFndr(6296): Beginning GMS chimera module scan
11-08 05:59:18.210: I/ModuleSetMgr(6296): Computing pending module set with APKs: {file:///data/app/com.google.android.gms-3hGyZVR86tBHkeMbPPV7Uw%3D%3D/base.apk}
11-08 05:59:18.213: I/ModuleSetUtils(6296): Assembling ModuleSetRecord for container:19420: []
11-08 05:59:18.213: I/ModuleSetMgr(6296): Pending container Zapp APKs: []
11-08 05:59:18.213: I/ModuleSetMgr(6296): Pending non-container Zapp APKs: []
11-08 05:59:18.224: I/TestSupport(6296): AwaitCommitOperation: *
11-08 05:59:18.229: I/TestSupport(6296): AwaitCommitOperation: FlagOverride(com.google.android.gms.autofill, , Flag(autofill_enabled, false, 2, 0), true) committed
11-08 05:59:18.229: I/TestSupport(6296): AwaitCommitOperation: no more uncommitted overrides
11-08 05:59:18.242: I/zygote64(25838): Do partial code cache collection, code=20KB, data=24KB
11-08 05:59:18.243: I/zygote64(25838): After code cache collection, code=20KB, data=24KB
11-08 05:59:18.243: I/zygote64(25838): Increasing code cache capacity to 128KB
11-08 05:59:18.256: D/AndroidRuntime(25900): Calling main entry com.android.commands.pm.Pm
11-08 05:59:18.259: I/app_process(25900): System.exit called, status: 0
11-08 05:59:18.259: I/AndroidRuntime(25900): VM exiting with result code 0.
11-08 05:59:18.298: I/anzs(6277): Removed 0 invalid users [CONTEXT service_id=51 ]
11-08 05:59:18.305: I/TSDRIVER(25720): Handled command: PACKAGE
11-08 05:59:18.305: I/TSDRIVER(25720): CommandService onHandleIntent()
11-08 05:59:18.305: I/TSDRIVER(25720): Got command: PACKAGE
11-08 05:59:18.306: I/TSDRIVER(25720): flag package: EiNjb20uZ29vZ2xlLmFuZHJvaWQuZ21zLmF1dGhfYWNjb3VudBodChlhdXRoX3NpZ19vdmVycmlkZV9lbmFibGVkGAA
11-08 05:59:18.306: I/TSDRIVER(25720): flag package: com.google.android.gms.auth_account
11-08 05:59:18.310: I/TestSupport(6296): SetFlagOverridesOperation: com.google.android.gms.auth_account, '', [Flag(auth_sig_override_enabled, false, 2, 0)]
11-08 05:59:18.370: I/zygote64(6277): Compiler allocated 4MB to compile brcl anzs.a(java.util.List, int, java.lang.String, boolean, java.util.LinkedHashMap, boolean, cadn)
11-08 05:59:18.402: I/TestSupport(6296): AwaitCommitOperation: auth_sig_override_enabled
11-08 05:59:18.410: I/TestSupport(6296): AwaitCommitOperation: uncommitted: FlagOverride(com.google.android.gms.auth_account, , Flag(auth_sig_override_enabled, false, 2, 0), false)
11-08 05:59:18.410: I/TestSupport(6296): AwaitCommitOperation:  sleeping for 10 msec.
11-08 05:59:18.418: W/Conscrypt(6277): Could not set socket write timeout: java.net.SocketException: Socket closed
11-08 05:59:18.419: W/Conscrypt(6277): 	at com.google.android.gms.org.conscrypt.Platform.setSocketWriteTimeout(:com.google.android.gms@19420019@19.4.20 (040400-271418971):2)
11-08 05:59:18.419: W/Conscrypt(6277): 	at com.google.android.gms.org.conscrypt.ConscryptFileDescriptorSocket.setSoWriteTimeout(:com.google.android.gms@19420019@19.4.20 (040400-271418971):2)
11-08 05:59:18.419: I/PTCommittedOperation(6277): Receive new configuration for com.google.android.gms.auth_account
11-08 05:59:18.420: W/ModuleInitIntentOp(6296): Dropping unexpected action com.google.android.gms.phenotype.COMMITTED
11-08 05:59:18.423: W/Conscrypt(6277): Could not set socket write timeout: java.net.SocketException: Socket closed
11-08 05:59:18.423: W/Conscrypt(6277): 	at com.google.android.gms.org.conscrypt.Platform.setSocketWriteTimeout(:com.google.android.gms@19420019@19.4.20 (040400-271418971):2)
11-08 05:59:18.423: W/Conscrypt(6277): 	at com.google.android.gms.org.conscrypt.ConscryptFileDescriptorSocket.setSoWriteTimeout(:com.google.android.gms@19420019@19.4.20 (040400-271418971):2)
11-08 05:59:18.427: I/TestSupport(6296): AwaitCommitOperation: FlagOverride(com.google.android.gms.auth_account, , Flag(auth_sig_override_enabled, false, 2, 0), true) committed
11-08 05:59:18.428: I/TestSupport(6296): AwaitCommitOperation: no more uncommitted overrides
11-08 05:59:18.433: I/aobm(6277): updateFromConfigurations using legacy put method [CONTEXT service_id=204 ]
11-08 05:59:18.443: I/aobm(6277): updateFromConfigurations using legacy put method [CONTEXT service_id=204 ]
11-08 05:59:18.500: D/AndroidRuntime(25931): >>>>>> START com.android.internal.os.RuntimeInit uid 2000 <<<<<<
11-08 05:59:18.510: I/TestSupport(6296): AwaitCommitOperation: *
11-08 05:59:18.517: I/TestSupport(6296): AwaitCommitOperation: FlagOverride(com.google.android.gms.auth_account, , Flag(auth_sig_override_enabled, false, 2, 0), true) committed
11-08 05:59:18.517: I/TestSupport(6296): AwaitCommitOperation: no more uncommitted overrides
11-08 05:59:18.576: D/AndroidRuntime(25931): Calling main entry com.android.commands.am.Am
11-08 05:59:18.586: I/ActivityManager(1136): Force stopping com.google.android.apps.mtaas.tools appid=10121 user=0: start instr
11-08 05:59:18.596: I/TSDRIVER(25720): Handled command: PACKAGE
11-08 05:59:18.597: I/ActivityManager(1136): Start proc 25942:com.google.android.apps.mtaas.tools/u0a121 for added application com.google.android.apps.mtaas.tools
11-08 05:59:18.621: I/ActivityManager(1136): Config changes=2004 {1.0 ?mcc?mnc [pt] ldltr sw411dp w411dp h746dp 560dpi nrml long widecg port finger -keyb/v/h -nav/h appBounds=Rect(0, 0 - 1440, 2712) s.7}
11-08 05:59:18.621: D/ActivityManager(1136): Storing locale pt for decryption UI
11-08 05:59:18.621: D/CryptdConnector(1136): SND -> {4 cryptfs setfield SystemLocale pt}
11-08 05:59:18.631: I/ActivityManager(1136): Override config changes=2004 {1.0 ?mcc?mnc [pt] ldltr sw411dp w411dp h746dp 560dpi nrml long widecg port finger -keyb/v/h -nav/h appBounds=Rect(0, 0 - 1440, 2712) s.7} for displayId=0
11-08 05:59:18.650: D/PermissionCache(606): checking android.permission.READ_FRAME_BUFFER for uid=1000 => granted (1572 us)
11-08 05:59:18.656: I/zygote64(6296): Deoptimizing void qsh.a(java.lang.Throwable, blas) due to JIT inline cache
11-08 05:59:18.665: D/CryptdConnector(1136): RCV <- {200 4 0}
11-08 05:59:18.670: D/ChangeLocale(25942): Instrumentation completed successfully
11-08 05:59:18.670: I/ActivityManager(1136): Force stopping com.google.android.apps.mtaas.tools appid=10121 user=0: finished inst
11-08 05:59:18.670: I/ActivityManager(1136): Killing 25942:com.google.android.apps.mtaas.tools/u0a121 (adj 0): stop com.google.android.apps.mtaas.tools
11-08 05:59:18.670: W/Binder(1136): Outgoing transactions from this process must be FLAG_ONEWAY
11-08 05:59:18.670: W/Binder(1136): java.lang.Throwable
11-08 05:59:18.670: W/Binder(1136): 	at android.os.BinderProxy.transact(Binder.java:736)
11-08 05:59:18.670: W/Binder(1136): 	at android.app.IInstrumentationWatcher$Stub$Proxy.instrumentationFinished(IInstrumentationWatcher.java:160)
11-08 05:59:18.670: W/Binder(1136): 	at com.android.server.am.InstrumentationReporter$MyThread.run(InstrumentationReporter.java:86)
11-08 05:59:18.670: W/zygote64(1136): kill(-25942, 9) failed: No such process
11-08 05:59:18.671: D/AndroidRuntime(25931): Shutting down VM
11-08 05:59:18.672: I/InputReader(1136): Reconfiguring input devices.  changes=0x00000004
11-08 05:59:18.683: I/zygote64(1476): Deoptimizing java.lang.String bfg.c(android.content.Context, int) due to JIT inline cache
11-08 05:59:18.703: I/ActivityManager(1136): Start proc 25957:com.android.carrierdefaultapp/u0a109 for broadcast com.android.carrierdefaultapp/.CarrierDefaultBroadcastReceiver
11-08 05:59:18.704: W/ActivityManager(1136): Error shutting down UiAutomationConnection
11-08 05:59:18.707: I/QCNEJ(1645): |CORE| phoneCount: 1
11-08 05:59:18.710: I/TelecomFramework(1696): PstnIncomingCallNotifier: Unregistering: Handler (com.android.internal.telephony.GsmCdmaPhone) {4c44fd3}
11-08 05:59:18.711: E/PhoneInterfaceManager(1696): [PhoneIntfMgr] getIccId: No UICC
11-08 05:59:18.714: W/zygote64(1136): kill(-25942, 9) failed: No such process
11-08 05:59:18.716: I/Telecom(1136): PhoneAccountRegistrar: Modify account: [ComponentInfo{com.android.phone/com.android.services.telephony.TelephonyConnectionService}, [****], UserHandle{0}(lbl: Chamadas de emergncia -> Emergency calls)(desc: Somente chamadas de emergncia -> Emergency calling only)]: TSI.rPA@AHI
11-08 05:59:18.720: I/TelecomFramework(1696): AccountEntry: Registered phoneAccount: [[ ] PhoneAccount: ComponentInfo{com.android.phone/com.android.services.telephony.TelephonyConnectionService}, [****], UserHandle{0} Capabilities: CallProvider MultiUser PlaceEmerg SimSub  Audio Routes: BESW Schemes: tel voicemail  Extras: Bundle[{android.telecom.extra.SUPPORTS_VIDEO_CALLING_FALLBACK=true}] GroupId: [****]] with handle: ComponentInfo{com.android.phone/com.android.services.telephony.TelephonyConnectionService}, [****], UserHandle{0}
11-08 05:59:18.720: I/TelecomFramework(1696): PstnIncomingCallNotifier: Registering: Handler (com.android.internal.telephony.GsmCdmaPhone) {4c44fd3}
11-08 05:59:18.724: I/ImsExternalCallTracker(1696): handleVideoCapabilitiesChanged : isVideoCapable = false
11-08 05:59:18.724: D/ImsExternalCallTracker(1696): refreshCallPullState
11-08 05:59:18.724: I/TelecomFramework(1696): PstnPhoneCapabilitiesNotifier: handleVideoCapabilitesChanged. Video capability - false
11-08 05:59:18.725: D/UsbDeviceManager(1136): Clear notification
11-08 05:59:18.727: E/PhoneInterfaceManager(1696): [PhoneIntfMgr] getIccId: No UICC
11-08 05:59:18.729: D/UsbDeviceManager(1136): push notification:USB carregando este dispositivo
11-08 05:59:18.739: I/Telecom(1136): PhoneAccountRegistrar: Modify account: [ComponentInfo{com.android.phone/com.android.services.telephony.TelephonyConnectionService}, [****], UserHandle{0}]: TSI.rPA@AHc
11-08 05:59:18.758: W/InputMethodManagerService(1136): Illegal subtype state: old subtype = null, new subtype = android.view.inputmethod.InputMethodSubtype@cafff4a6
11-08 05:59:18.759: I/Telecom(1136): : Locale change; recreating channels.
11-08 05:59:18.759: D/ProtoStore(2305): no cached data
11-08 05:59:18.759: D/ProtoStore(2305): no cached data
11-08 05:59:18.760: I/GnssLocationProvider(1136): WakeLock acquired by sendMessage(SUBSCRIPTION_OR_SIM_CHANGED, 0, null)
11-08 05:59:18.760: W/zygote64(1136): kill(-25942, 9) failed: No such process
11-08 05:59:18.760: I/zygote64(1136): Successfully killed process cgroup uid 10121 pid 25942 in 89ms
11-08 05:59:18.761: D/CarrierDefaultBroadcastReceiver(25957): onReceive intent: android.intent.action.LOCALE_CHANGED
11-08 05:59:18.770: I/GnssLocationProvider(1136): WakeLock released by handleMessage(SUBSCRIPTION_OR_SIM_CHANGED, 0, null)
11-08 05:59:18.781: I/ActivityManager(1136): Start proc 25987:com.android.cellbroadcastreceiver/u0a50 for broadcast com.android.cellbroadcastreceiver/.PrivilegedCellBroadcastReceiver
11-08 05:59:18.782: I/ActivityManager(1136): Killing 4014:com.android.printspooler/u0a95 (adj 906): empty for 13804s
11-08 05:59:18.783: W/zygote64(1136): kill(-4014, 9) failed: No such process
11-08 05:59:18.785: D/LoaderTask(2305): loadWorkspace: loading default favorites
11-08 05:59:18.815: I/MicroDetector(2212): Keeping mic open: false
11-08 05:59:18.816: I/zygote64(1476): Deoptimizing boolean dpm.hasNext() due to JIT inline cache
11-08 05:59:18.817: I/DeviceStateChecker(2212): DeviceStateChecker cancelled
11-08 05:59:18.817: I/AudioController(2212): internalShutdown
11-08 05:59:18.817: I/MicrophoneInputStream(2212): mic_close com.google.android.apps.gsa.speech.audio.af@84ff1b3
11-08 05:59:18.822: D/UsbDeviceManager(1136): applyOemOverride usbfunctions=adb bootmode=unknown
11-08 05:59:18.823: I/MicroRecognitionRunner(2212): Stopping hotword detection.
11-08 05:59:18.826: D/CellBroadcastReceiver(25987): onReceive Intent { act=android.intent.action.LOCALE_CHANGED flg=0x11200010 cmp=com.android.cellbroadcastreceiver/.PrivilegedCellBroadcastReceiver }
11-08 05:59:18.827: W/zygote64(1136): kill(-4014, 9) failed: No such process
11-08 05:59:18.827: I/zygote64(1136): Successfully killed process cgroup uid 10095 pid 4014 in 44ms
11-08 05:59:18.833: W/SearchService(2212): Abort, client detached.
11-08 05:59:18.834: W/View(2305): requestLayout() improperly called by com.android.launcher3.graphics.GradientView{bd65d40 V.ED..... ......I. 0,0-0,0 #7f0e0048 app:id/gradient_bg} during layout: running second layout pass
11-08 05:59:18.841: D/audio_hw_primary(716): disable_audio_route: usecase(9) reset and update mixer path: audio-record
11-08 05:59:18.841: D/audio_hw_primary(716): disable_snd_device: snd_device(75: voice-rec-mic)
11-08 05:59:18.842: I/PBSessionCacheImpl(2212): Deleted sessionId[428048935945] from persistence.
11-08 05:59:18.844: D/sound_trigger_platform(716): platform_stdev_check_and_update_concurrency: concurrency active 1, tx 0, rx 0, concurrency session_allowed 1
11-08 05:59:18.852: I/ActivityManager(1136): Start proc 26016:android.process.acore/u0a25 for broadcast com.android.providers.contacts/.LocaleChangeReceiver
11-08 05:59:18.854: I/ActivityManager(1136): Killing 9552:android.process.media/u0a9 (adj 906): empty for 10405s
11-08 05:59:18.854: I/MicroRecognitionRunner(2212): Detection finished
11-08 05:59:18.854: E/LegacyNowServiceClient(2212): skipping logEndstates, service is null
11-08 05:59:18.855: W/zygote64(1136): kill(-9552, 9) failed: No such process
11-08 05:59:18.872: E/WindowManager(1136): Performed 6 layouts in a row. Skipping
11-08 05:59:18.877: I/InputReader(1136): Reconfiguring input devices.  changes=0x00000004
11-08 05:59:18.897: W/zygote64(1136): kill(-9552, 9) failed: No such process
11-08 05:59:18.897: I/zygote64(1136): Successfully killed process cgroup uid 10009 pid 9552 in 42ms
11-08 05:59:18.916: E/ContentStoreEUAS(2212): Failed to commit the deferred actions
11-08 05:59:18.927: I/ContactsPerf(26016): VoicemailContentProvider.onCreate start
11-08 05:59:18.932: I/ContactsPerf(26016): VoicemailContentProvider.onCreate finish
11-08 05:59:18.942: I/zygote64(1476): Deoptimizing void com.google.android.apps.inputmethod.libs.framework.core.KeyData.<init>(int, com.google.android.apps.inputmethod.libs.framework.core.KeyData$a, java.lang.Object) due to JIT inline cache
11-08 05:59:18.956: D/SurfaceFlinger(606): duplicate layer name: changing com.google.android.apps.nexuslauncher/com.google.android.apps.nexuslauncher.NexusLauncherActivity to com.google.android.apps.nexuslauncher/com.google.android.apps.nexuslauncher.NexusLauncherActivity#1
11-08 05:59:18.962: D/ContactsDatabaseHelper(26016): WAL enabled for contacts2.db: true
11-08 05:59:18.964: I/zygote64(1476): Deoptimizing boolean com.google.android.apps.inputmethod.libs.framework.core.metadata.AbstractTemplateBuilder.a(android.content.Context, android.util.AttributeSet, java.lang.String, int, com.google.common.base.Splitter) due to JIT inline cache
11-08 05:59:18.971: I/ActivityManager(1136): Start proc 26051:com.android.sdm.plugins.sprintdm/1001 for broadcast com.android.sdm.plugins.sprintdm/.SprintDMReceiver
11-08 05:59:18.972: I/ActivityManager(1136): Killing 14280:com.google.android.apps.maps/u0a78 (adj 906): empty for 8596s
11-08 05:59:18.973: W/zygote64(1136): kill(-14280, 9) failed: No such process
11-08 05:59:19.010: I/zygote64(6277): Compiler allocated 11MB to compile void anzs.a(java.util.Set, java.util.List, java.lang.String, int, java.lang.String, boolean, cadn, anzz, java.util.LinkedHashMap, boolean)
11-08 05:59:19.017: W/StatusBar/NavBarView(1500): *** Invalid layout in navigation bar (sizeChanged this=1440x168 cur=1384x168)
11-08 05:59:19.018: W/zygote64(1136): kill(-14280, 9) failed: No such process
11-08 05:59:19.018: I/zygote64(1136): Successfully killed process cgroup uid 10078 pid 14280 in 45ms
11-08 05:59:19.020: D/SprintDMReceiver(26051): Received intent: android.intent.action.LOCALE_CHANGED
11-08 05:59:19.022: D/SprintDMHelper(26051): simOperator: 
11-08 05:59:19.023: D/SprintDMHelper(26051): Not Sprint UICC, don't do anything.
11-08 05:59:19.023: I/zygote64(2212): Deoptimizing void com.google.android.apps.gsa.search.core.service.worker.a.a.a(com.google.android.apps.gsa.search.core.state.qi) due to JIT inline cache
11-08 05:59:19.027: I/Finsky(4326): [2] com.google.android.finsky.receivers.ClearCacheReceiver.onReceive(6): Received android.intent.action.LOCALE_CHANGED. Clearing cache and exiting.
11-08 05:59:19.029: I/ContactLocale(26016): AddressBook Labels [[pt]]: [, A, B, C, D, E, F, G, H, I, J, K, L, M, N, O, P, Q, R, S, T, U, V, W, X, Y, Z, , , , , , , , , , , , , , , , , , , , , , , , , , , , , , , , , , , , , , , , , , , , , , , , , , , , , , , , , , , , , , , , , , , , , , , , , , , , , , , , , , , , , , , , , , , , , , , , , , , , , , , , , , , , , , , , , , , , , , , , , , , , , , , , , , , , , , , , , , , , , , , , , , , , , , , , , , , , , , , , , , , , , , , , , , , , , , , , , , , , , , , , , , , #, ]
11-08 05:59:19.031: W/SessionLifecycleManager(2212): Handover failed. Creating new session controller.
11-08 05:59:19.036: I/OptInState(2212): There is a new client and it does not support opt-in. Dropping request.
11-08 05:59:19.037: W/Finsky(4326): [2] com.google.android.finsky.application.FinskyAppImpl.bx(1166): No account configured on this device.
11-08 05:59:19.038: W/Finsky(4326): [2] com.google.android.finsky.application.FinskyAppImpl.bx(1166): No account configured on this device.
11-08 05:59:19.039: D/Volley(4326): [331] a.b: Cache cleared.
11-08 05:59:19.039: D/Volley(4326): [339] a.b: Cache cleared.
11-08 05:59:19.048: W/Finsky(4326): [2] com.google.android.finsky.application.FinskyAppImpl.bx(1166): No account configured on this device.
11-08 05:59:19.048: D/Volley(4326): [2] a.b: Cache cleared.
11-08 05:59:19.063: D/ContactsDatabaseHelper(26016): WAL enabled for profile.db: true
11-08 05:59:19.067: I/zygote64(2212): Deoptimizing void com.google.android.apps.gsa.shared.searchbox.components.e.f(int, java.lang.Object) due to JIT inline cache
11-08 05:59:19.067: I/zygote64(2212): Deoptimizing void com.google.android.apps.gsa.shared.searchbox.components.a.am(java.lang.Object) due to JIT inline cache
11-08 05:59:19.069: I/WindowManager(1136): Screen frozen for +424ms due to Window{810a6ce u0 RoundedOverlay}
11-08 05:59:19.072: W/LocationOracle(2212): No location history returned by ContextManager
11-08 05:59:19.073: I/MicroDetectionWorker(2212): #updateMicroDetector [detectionMode: [mDetectionMode: [1]]]
11-08 05:59:19.073: I/MicroDetectionWorker(2212): #startMicroDetector [speakerMode: 0]
11-08 05:59:19.076: I/zygote64(2212): Deoptimizing void com.google.protobuf.at.a(com.google.protobuf.bf, com.google.protobuf.at) due to JIT inline cache
11-08 05:59:19.083: I/MicroRecognitionRunner(2212): Starting detection.
11-08 05:59:19.084: I/MicrophoneInputStream(2212): mic_starting com.google.android.apps.gsa.speech.audio.af@73cbaa1
11-08 05:59:19.084: W/DeviceHAL(716): Device 0xe662c000 open_input_stream: Invalid argument
11-08 05:59:19.086: I/MicroDetectionWorker(2212): onReady
11-08 05:59:19.087: I/AudioFlinger(828): AudioFlinger's thread 0xf27835c0 tid=26088 ready to run
11-08 05:59:19.089: I/zygote64(4326): System.exit called, status: 0
11-08 05:59:19.089: I/AndroidRuntime(4326): VM exiting with result code 0, cleanup skipped.
11-08 05:59:19.090: I/MicrophoneInputStream(2212): mic_started com.google.android.apps.gsa.speech.audio.af@73cbaa1
11-08 05:59:19.093: E/ANDR-PERF-RESOURCEQS(2338): Failed to apply optimization [2, 0]
11-08 05:59:19.093: D/sound_trigger_platform(716): platform_stdev_check_and_update_concurrency: concurrency active 1, tx 1, rx 0, concurrency session_allowed 0
11-08 05:59:19.093: D/audio_hw_primary(716): enable_snd_device: snd_device(75: voice-rec-mic)
11-08 05:59:19.094: D/audio_route(716): Apply path: voice-rec-mic
11-08 05:59:19.099: D/ACDB-LOADER(716): ACDB -> send_audio_cal, acdb_id = 62, path = 1, app id = 0x11132, sample rate = 48000
11-08 05:59:19.099: D/ACDB-LOADER(716): ACDB -> ACDB_CMD_GET_AUDPROC_GAIN_DEP_STEP_TABLE, vol index 0
11-08 05:59:19.099: D/ACDB-LOADER(716): [ 11-08 05:59:19.099   716:26093 D/         ]
11-08 05:59:19.099: D/ACDB-LOADER(716): Failed to fetch the lookup information of the device 0000003E 
11-08 05:59:19.099: E/ACDB-LOADER(716): Error: ACDB AudProc vol returned = -19
11-08 05:59:19.099: D/ACDB-LOADER(716): ACDB -> GET_AFE_TOPOLOGY_ID for adcd_id 62, Topology Id 112fb
11-08 05:59:19.099: D/ACDB-LOADER(716): [ 11-08 05:59:19.099   716:26093 D/         ]
11-08 05:59:19.099: D/ACDB-LOADER(716): Failed to fetch the lookup information of the device 0000003E 
11-08 05:59:19.099: E/ACDB-LOADER(716): Error: ACDB AFE returned = -19
11-08 05:59:19.099: D/audio_hw_primary(716): enable_audio_route: usecase(9) apply and update mixer path: audio-record
11-08 05:59:19.099: D/audio_route(716): Apply path: audio-record
11-08 05:59:19.100: I/ActivityManager(1136): Start proc 26094:com.android.vending:instant_app_installer/u0a12 for broadcast com.android.vending/com.google.android.finsky.instantapps.InstantAppsConfigChangeListener
11-08 05:59:19.102: E/lowmemorykiller(767): Error writing /proc/4326/oom_score_adj; errno=22
11-08 05:59:19.113: I/zygote64(1476): Do full code cache collection, code=124KB, data=81KB
11-08 05:59:19.117: I/ContactsProvider(26016): Locale has changed from [en_US] to [pt]
11-08 05:59:19.118: I/ContactsDatabaseHelper(26016): Switching to locale [pt] (ICU v58.2)
11-08 05:59:19.124: I/zygote64(1476): After code cache collection, code=93KB, data=56KB
11-08 05:59:19.129: I/ActivityManager(1136): Process com.android.vending (pid 4326) has died: cch  CEM 
11-08 05:59:19.130: W/zygote64(1136): kill(-4326, 9) failed: No such process
11-08 05:59:19.130: I/zygote64(1136): Successfully killed process cgroup uid 10012 pid 4326 in 0ms
11-08 05:59:19.142: I/ContactsDatabaseHelper(26016): Locale change completed in 23ms
11-08 05:59:19.143: I/ContactsDatabaseHelper(26016): Switching to locale [pt] (ICU v58.2)
11-08 05:59:19.151: W/GCoreFlp(6277): No location to return for getLastLocation()
11-08 05:59:19.160: I/ContactsDatabaseHelper(26016): Locale change completed in 17ms
11-08 05:59:19.165: I/MicroDetectionWorker(2212): onReady
11-08 05:59:19.175: I/zygote64(6277): Deoptimizing com.google.android.gms.contextmanager.internal.ContextManagerClientInfo com.google.android.gms.contextmanager.internal.ContextManagerClientInfo.a(android.content.Context, java.lang.String, lnv) due to JIT inline cache
11-08 05:59:19.180: I/ContactsFTS(26016): Rebuild contact search index in 16ms, 0 contacts
11-08 05:59:19.210: I/zygote64(1476): Deoptimizing boolean dpm.hasNext() due to JIT inline cache
11-08 05:59:19.230: I/zygote64(1136): Background concurrent copying GC freed 76177(3MB) AllocSpace objects, 19(408KB) LOS objects, 42% free, 14MB/24MB, paused 79us total 146.495ms
11-08 05:59:19.245: I/ActivityManager(1136): Start proc 26132:com.google.android.apps.docs/u0a116 for broadcast com.google.android.apps.docs/.app.NotificationChannelReceiver
11-08 05:59:19.288: I/zygote64(2212): Do full code cache collection, code=505KB, data=406KB
11-08 05:59:19.288: I/zygote64(2212): After code cache collection, code=474KB, data=287KB
11-08 05:59:19.290: I/Places(6277): ?: Couldn't find platform key file.
11-08 05:59:19.311: I/ActivityManager(1136): Start proc 26155:com.google.android.calendar/u0a72 for broadcast com.google.android.calendar/com.google.android.apps.calendar.config.phenotypesupport.PhenotypeBroadcastReceiver
11-08 05:59:19.322: I/zygote64(6277): Background concurrent copying GC freed 90940(4MB) AllocSpace objects, 7(188KB) LOS objects, 49% free, 9MB/18MB, paused 126us total 121.276ms
11-08 05:59:19.322: I/Places(6277): ?: Couldn't find platform key file.
11-08 05:59:19.361: I/anzn(6277): Scheduling adaptive one off task with window [14400, 604800] in seconds [CONTEXT service_id=51 ]
11-08 05:59:19.384: I/GAv4(26132): Google Analytics 10.2.98 is starting up. To enable debug logging on a device run:
11-08 05:59:19.384: I/GAv4(26132):   adb shell setprop log.tag.GAv4 DEBUG
11-08 05:59:19.384: I/GAv4(26132):   adb logcat -s GAv4
11-08 05:59:19.389: I/zygote64(1476): Do partial code cache collection, code=110KB, data=66KB
11-08 05:59:19.396: I/zygote64(1476): After code cache collection, code=108KB, data=66KB
11-08 05:59:19.396: I/zygote64(1476): Increasing code cache capacity to 512KB
11-08 05:59:19.417: W/GAv4(26132): AnalyticsReceiver is not registered or is disabled. Register the receiver for reliable dispatching on non-Google Play devices. See http://goo.gl/8Rd3yj for instructions.
11-08 05:59:19.418: I/PerformanceMetricCollec(26155): Logging experiments memory-false, lantency-false
11-08 05:59:19.419: I/ActivityManager(1136): Start proc 26182:com.android.providers.calendar/u0a63 for content provider com.android.providers.calendar/.CalendarProvider2
11-08 05:59:19.422: W/FieldDefinition(26132): Ignoring isIndexed constraint as field also has uniqueness constraint (on just this field, and therefore SQLite will have to create an index on that. For field: com.google.android.apps.docs.database.common.FieldDefinition$a@98acc26
11-08 05:59:19.428: I/GeofencerStateMachine(6277): removeGeofences: removeRequest=RemoveGeofencingRequest[REMOVE_BY_PENDING_INTENT pendingIntent=PendingIntent[creatorPackage=com.google.android.gms], packageName=com.google.android.gms]
11-08 05:59:19.429: I/GeofencerStateMachine(6277): removeGeofences: removeRequest=RemoveGeofencingRequest[REMOVE_BY_PENDING_INTENT pendingIntent=PendingIntent[creatorPackage=com.google.android.gms], packageName=com.google.android.gms]
11-08 05:59:19.438: W/GCoreFlp(6277): No location to return for getLastLocation()
11-08 05:59:19.439: I/Places(6277): ?: Couldn't find platform key file.
11-08 05:59:19.447: I/zygote64(26132): Deoptimizing kot kot.a(int, java.lang.Object[]) due to JIT inline cache
11-08 05:59:19.449: I/PlaceInferenceEngine(6277): [anon] Changed inference mode: 0
11-08 05:59:19.450: I/Places(6277): ?: Couldn't find platform key file.
11-08 05:59:19.468: W/GAv4(26132): CampaignTrackingReceiver is not registered, not exported or is disabled. Installation campaign tracking is not possible. See http://goo.gl/8Rd3yj for instructions.
11-08 05:59:19.472: I/Places(6277): ?: PlacesBleScanner start() with priority 2
11-08 05:59:19.475: W/GAv4(26132): AnalyticsService not registered in the app manifest. Hits might not be delivered reliably. See http://goo.gl/8Rd3yj for instructions.
11-08 05:59:19.475: I/PlaceInferenceEngine(6277): [anon] Changed inference mode: 1
11-08 05:59:19.479: W/GCoreFlp(6277): No location to return for getLastLocation()
11-08 05:59:19.482: D/AndroidRuntime(26154): >>>>>> START com.android.internal.os.RuntimeInit uid 2000 <<<<<<
11-08 05:59:19.490: D/PhenotypeJobService(26155): Job scheduled successfully
11-08 05:59:19.495: I/BeaconBle(6277): Using BLE 'L' hardware layer
11-08 05:59:19.496: E/PrefServiceImpl(26155): Primary account is null
11-08 05:59:19.497: I/PerformanceMetricCollec(26155): Logging experiments memory-false, lantency-false
11-08 05:59:19.499: I/CalendarProvider2(26182): Created com.android.providers.calendar.CalendarAlarmManager@42eb5dd(com.android.providers.calendar.CalendarProvider2@93af552)
11-08 05:59:19.511: I/zygote64(26132): Deoptimizing kot kot.a(int, java.lang.Object[]) due to JIT inline cache
11-08 05:59:19.518: I/zygote64(2305): Deoptimizing void com.android.launcher3.allapps.AllAppsContainerView.updateIconBadges(java.util.Set) due to JIT inline cache
11-08 05:59:19.533: W/DatabaseHelper(26132): Creating a new database at version 210 for /data/user/0/com.google.android.apps.docs/databases/DocList.db
11-08 05:59:19.536: I/BeaconBle(6277): Client requested scan, settings=BleSettings [scanMode=ZERO_POWER, callbackType=ALL_MATCHES, reportDelayMillis=0, 1 filters, 0 clients, callingClientName=Places]
11-08 05:59:19.543: E/BeaconBle(6277): Scan couldn't start for Places
11-08 05:59:19.544: W/Places(6277): BLE failure while scanning - code 5
11-08 05:59:19.547: D/PhenotypeJobService(26155): Job scheduled successfully
11-08 05:59:19.554: I/zygote64(6277): Deoptimizing void bxoo.h(int, java.util.List, bxqf, boolean) due to JIT inline cache
11-08 05:59:19.555: I/Places(6277): ?: Couldn't find platform key file.
11-08 05:59:19.562: I/Places(6277): ?: Couldn't find platform key file.
11-08 05:59:19.579: W/ModuleInitIntentOp(6296): Dropping unexpected action com.google.android.gms.phenotype.COMMITTED
11-08 05:59:19.581: I/PTCommittedOperation(6277): Receive new configuration for com.google.android.gms.fitness
11-08 05:59:19.583: D/AndroidRuntime(26154): Calling main entry com.android.commands.input.Input
11-08 05:59:19.584: I/Input(26154): injectKeyEvent: KeyEvent { action=ACTION_DOWN, keyCode=KEYCODE_HOME, scanCode=0, metaState=0, flags=0x0, repeatCount=0, eventTime=14017125, downTime=14017125, deviceId=-1, source=0x101 }
11-08 05:59:19.586: I/Input(26154): injectKeyEvent: KeyEvent { action=ACTION_UP, keyCode=KEYCODE_HOME, scanCode=0, metaState=0, flags=0x0, repeatCount=0, eventTime=14017125, downTime=14017125, deviceId=-1, source=0x101 }
11-08 05:59:19.587: I/Places(6277): ?: Couldn't find platform key file.
11-08 05:59:19.589: I/ActivityManager(1136): START u0 {act=android.intent.action.MAIN cat=[android.intent.category.HOME] flg=0x10200000 cmp=com.google.android.apps.nexuslauncher/.NexusLauncherActivity (has extras)} from uid 1000
11-08 05:59:19.598: D/AndroidRuntime(26154): Shutting down VM
11-08 05:59:19.622: D/PhenotypeManager(26155): Registered: Status{statusCode=SUCCESS, resolution=null}
11-08 05:59:19.625: I/zygote64(26132): Do partial code cache collection, code=29KB, data=19KB
11-08 05:59:19.625: I/zygote64(26132): After code cache collection, code=22KB, data=16KB
11-08 05:59:19.626: I/zygote64(26132): Increasing code cache capacity to 128KB
11-08 05:59:19.652: I/ActivityManager(1136): Start proc 26230:com.google.android.apps.maps/u0a78 for broadcast com.google.android.apps.maps/com.google.android.apps.gmm.notification.channels.NotificationChannelBroadcastReceiver
11-08 05:59:19.675: I/PhenotypeFlagCommitter(26155): Experiment Configs successfully retrieved for com.google.android.calendar
11-08 05:59:19.685: W/Conscrypt(6277): Could not set socket write timeout: java.net.SocketException: Socket closed
11-08 05:59:19.686: W/Conscrypt(6277): 	at com.google.android.gms.org.conscrypt.Platform.setSocketWriteTimeout(:com.google.android.gms@19420019@19.4.20 (040400-271418971):2)
11-08 05:59:19.686: W/Conscrypt(6277): 	at com.google.android.gms.org.conscrypt.ConscryptFileDescriptorSocket.setSoWriteTimeout(:com.google.android.gms@19420019@19.4.20 (040400-271418971):2)
11-08 05:59:19.705: W/Conscrypt(6277): Could not set socket write timeout: java.net.SocketException: Socket closed
11-08 05:59:19.705: W/Conscrypt(6277): 	at com.google.android.gms.org.conscrypt.Platform.setSocketWriteTimeout(:com.google.android.gms@19420019@19.4.20 (040400-271418971):2)
11-08 05:59:19.705: W/Conscrypt(6277): 	at com.google.android.gms.org.conscrypt.ConscryptFileDescriptorSocket.setSoWriteTimeout(:com.google.android.gms@19420019@19.4.20 (040400-271418971):2)
11-08 05:59:19.709: I/ActivityManager(1136): START u0 {flg=0x10000000 cmp=com.google.android.apps.mtaas.backdrop/.BackdropActivity} from uid 2000
11-08 05:59:19.712: D/QCOM PowerHAL(735): LAUNCH HINT: ON
11-08 05:59:19.713: D/QCOM PowerHAL(735): Activity launch hint handled
11-08 05:59:19.717: W/System(1136): ClassLoader referenced unknown path: 
11-08 05:59:19.727: I/ActivityManager(1136): Start proc 26261:com.google.android.apps.mtaas.backdrop/u0a123 for activity com.google.android.apps.mtaas.backdrop/.BackdropActivity
11-08 05:59:19.750: I/MultiDex(26261): VM with version 2.1.0 has multidex support
11-08 05:59:19.750: I/MultiDex(26261): install
11-08 05:59:19.750: I/MultiDex(26261): VM has multidex support, MultiDex support library is disabled.
11-08 05:59:19.752: D/libEGL(26261): loaded /vendor/lib64/egl/libEGL_adreno.so
11-08 05:59:19.757: D/libEGL(26261): loaded /vendor/lib64/egl/libGLESv1_CM_adreno.so
11-08 05:59:19.760: I/ActivityManager(1136): Start proc 26280:android.process.media/u0a9 for content provider com.android.providers.downloads/.DownloadProvider
11-08 05:59:19.774: D/libEGL(26261): loaded /vendor/lib64/egl/libGLESv2_adreno.so
11-08 05:59:19.776: I/BackdropActivity(26261): onCreate()
11-08 05:59:19.782: I/ActivityManager(1136): Activity requesting to dismiss Keyguard: ActivityRecord{57da3d u0 com.google.android.apps.mtaas.backdrop/.BackdropActivity t3}
11-08 05:59:19.797: I/zygote64(26230): Deoptimizing aotc aotc.a(int, java.lang.Object[]) due to JIT inline cache
11-08 05:59:19.799: I/zygote64(26261): Rejecting re-init on previously-failed class java.lang.Class<android.support.v4.view.ViewCompat$2>: java.lang.NoClassDefFoundError: Failed resolution of: Landroid/view/View$OnUnhandledKeyEventListener;
11-08 05:59:19.799: I/zygote64(26261):   at void android.support.v4.view.ViewCompat.setBackground(android.view.View, android.graphics.drawable.Drawable) (ViewCompat.java:2609)
11-08 05:59:19.799: I/zygote64(26261):   at void android.support.v7.widget.ActionBarContainer.<init>(android.content.Context, android.util.AttributeSet) (ActionBarContainer.java:63)
11-08 05:59:19.799: I/zygote64(26261):   at java.lang.Object java.lang.reflect.Constructor.newInstance0(java.lang.Object[]) (Constructor.java:-2)
11-08 05:59:19.799: I/zygote64(26261):   at java.lang.Object java.lang.reflect.Constructor.newInstance(java.lang.Object[]) (Constructor.java:334)
11-08 05:59:19.799: I/zygote64(26261):   at android.view.View android.view.LayoutInflater.createView(java.lang.String, java.lang.String, android.util.AttributeSet) (LayoutInflater.java:647)
11-08 05:59:19.799: I/zygote64(26261):   at android.view.View android.view.LayoutInflater.createViewFromTag(android.view.View, java.lang.String, android.content.Context, android.util.AttributeSet, boolean) (LayoutInflater.java:790)
11-08 05:59:19.799: I/zygote64(26261):   at android.view.View android.view.LayoutInflater.createViewFromTag(android.view.View, java.lang.String, android.content.Context, android.util.AttributeSet) (LayoutInflater.java:730)
11-08 05:59:19.799: I/zygote64(26261):   at void android.view.LayoutInflater.rInflate(org.xmlpull.v1.XmlPullParser, android.view.View, android.content.Context, android.util.AttributeSet, boolean) (LayoutInflater.java:863)
11-08 05:59:19.799: I/zygote64(26261):   at void android.view.LayoutInflater.rInflateChildren(org.xmlpull.v1.XmlPullParser, android.view.View, android.util.AttributeSet, boolean) (LayoutInflater.java:824)
11-08 05:59:19.799: I/zygote64(26261):   at android.view.View android.view.LayoutInflater.inflate(org.xmlpull.v1.XmlPullParser, android.view.ViewGroup, boolean) (LayoutInflater.java:515)
11-08 05:59:19.799: I/zygote64(26261):   at android.view.View android.view.LayoutInflater.inflate(int, android.view.ViewGroup, boolean) (LayoutInflater.java:423)
11-08 05:59:19.799: I/zygote64(26261):   at android.view.View android.view.LayoutInflater.inflate(int, android.view.ViewGroup) (LayoutInflater.java:374)
11-08 05:59:19.799: I/zygote64(26261):   at android.view.ViewGroup android.support.v7.app.AppCompatDelegateImpl.createSubDecor() (AppCompatDelegateImpl.java:739)
11-08 05:59:19.799: I/zygote64(26261):   at void android.support.v7.app.AppCompatDelegateImpl.ensureSubDecor() (AppCompatDelegateImpl.java:649)
11-08 05:59:19.799: I/zygote64(26261):   at void android.support.v7.app.AppCompatDelegateImpl.setContentView(int) (AppCompatDelegateImpl.java:542)
11-08 05:59:19.799: I/zygote64(26261):   at void android.support.v7.app.AppCompatActivity.setContentView(int) (AppCompatActivity.java:161)
11-08 05:59:19.799: I/zygote64(26261):   at void com.google.android.apps.mtaas.backdrop.BackdropActivity.showTestBackdrop() (BackdropActivity.java:139)
11-08 05:59:19.799: I/zygote64(26261):   at void com.google.android.apps.mtaas.backdrop.BackdropActivity.onCreate(android.os.Bundle) (BackdropActivity.java:68)
11-08 05:59:19.799: I/zygote64(26261):   at void android.app.Activity.performCreate(android.os.Bundle) (Activity.java:6975)
11-08 05:59:19.799: I/zygote64(26261):   at void android.app.Instrumentation.callActivityOnCreate(android.app.Activity, android.os.Bundle) (Instrumentation.java:1213)
11-08 05:59:19.799: I/zygote64(26261):   at android.app.Activity android.app.ActivityThread.performLaunchActivity(android.app.ActivityThread$ActivityClientRecord, android.content.Intent) (ActivityThread.java:2779)
11-08 05:59:19.799: I/zygote64(26261):   at void android.app.ActivityThread.handleLaunchActivity(android.app.ActivityThread$ActivityClientRecord, android.content.Intent, java.lang.String) (ActivityThread.java:2904)
11-08 05:59:19.799: I/zygote64(26261):   at void android.app.ActivityThread.-wrap11(android.app.ActivityThread, android.app.ActivityThread$ActivityClientRecord, android.content.Intent, java.lang.String) (ActivityThread.java:-1)
11-08 05:59:19.799: I/zygote64(26261):   at void android.app.ActivityThread$H.handleMessage(android.os.Message) (ActivityThread.java:1596)
11-08 05:59:19.799: I/zygote64(26261):   at void android.os.Handler.dispatchMessage(android.os.Message) (Handler.java:105)
11-08 05:59:19.799: I/zygote64(26261):   at void android.os.Looper.loop() (Looper.java:164)
11-08 05:59:19.799: I/zygote64(26261):   at void android.app.ActivityThread.main(java.lang.String[]) (ActivityThread.java:6600)
11-08 05:59:19.799: I/zygote64(26261):   at java.lang.Object java.lang.reflect.Method.invoke(java.lang.Object, java.lang.Object[]) (Method.java:-2)
11-08 05:59:19.799: I/zygote64(26261):   at void com.android.internal.os.Zygote$MethodAndArgsCaller.run() (Zygote.java:240)
11-08 05:59:19.799: I/zygote64(26261):   at void com.android.internal.os.ZygoteInit.main(java.lang.String[]) (ZygoteInit.java:772)
11-08 05:59:19.799: I/zygote64(26261): Caused by: java.lang.ClassNotFoundException: Didn't find class "android.view.View$OnUnhandledKeyEventListener" on path: DexPathList[[zip file "/data/app/com.google.android.apps.mtaas.backdrop-Z0hE2Byt1Ia5eV-gDjlVQg==/base.apk"],nativeLibraryDirectories=[/data/app/com.google.android.apps.mtaas.backdrop-Z0hE2Byt1Ia5eV-gDjlVQg==/lib/arm64, /system/lib64, /vendor/lib64]]
11-08 05:59:19.799: I/zygote64(26261):   at java.lang.Class dalvik.system.BaseDexClassLoader.findClass(java.lang.String) (BaseDexClassLoader.java:93)
11-08 05:59:19.799: I/zygote64(26261):   at java.lang.Class java.lang.ClassLoader.loadClass(java.lang.String, boolean) (ClassLoader.java:379)
11-08 05:59:19.799: I/zygote64(26261):   at java.lang.Class java.lang.ClassLoader.loadClass(java.lang.String) (ClassLoader.java:312)
11-08 05:59:19.799: I/zygote64(26261):   at void android.support.v4.view.ViewCompat.setBackground(android.view.View, android.graphics.drawable.Drawable) (ViewCompat.java:2609)
11-08 05:59:19.799: I/zygote64(26261):   at void android.support.v7.widget.ActionBarContainer.<init>(android.content.Context, android.util.AttributeSet) (ActionBarContainer.java:63)
11-08 05:59:19.799: I/zygote64(26261):   at java.lang.Object java.lang.reflect.Constructor.newInstance0(java.lang.Object[]) (Constructor.java:-2)
11-08 05:59:19.799: I/zygote64(26261):   at java.lang.Object java.lang.reflect.Constructor.newInstance(java.lang.Object[]) (Constructor.java:334)
11-08 05:59:19.799: I/zygote64(26261):   at android.view.View android.view.LayoutInflater.createView(java.lang.String, java.lang.String, android.util.AttributeSet) (LayoutInflater.java:647)
11-08 05:59:19.799: I/zygote64(26261):   at android.view.View android.view.LayoutInflater.createViewFromTag(android.view.View, java.lang.String, android.content.Context, android.util.AttributeSet, boolean) (LayoutInflater.java:790)
11-08 05:59:19.799: I/zygote64(26261):   at android.view.View android.view.LayoutInflater.createViewFromTag(android.view.View, java.lang.String, android.content.Context, android.util.AttributeSet) (LayoutInflater.java:730)
11-08 05:59:19.799: I/zygote64(26261):   at void android.view.LayoutInflater.rInflate(org.xmlpull.v1.XmlPullParser, android.view.View, android.content.Context, android.util.AttributeSet, boolean) (LayoutInflater.java:863)
11-08 05:59:19.799: I/zygote64(26261):   at void android.view.LayoutInflater.rInflateChildren(org.xmlpull.v1.XmlPullParser, android.view.View, android.util.AttributeSet, boolean) (LayoutInflater.java:824)
11-08 05:59:19.799: I/zygote64(26261):   at android.view.View android.view.LayoutInflater.inflate(org.xmlpull.v1.XmlPullParser, android.view.ViewGroup, boolean) (LayoutInflater.java:515)
11-08 05:59:19.799: I/zygote64(26261):   at android.view.View android.view.LayoutInflater.inflate(int, android.view.ViewGroup, boolean) (LayoutInflater.java:423)
11-08 05:59:19.799: I/zygote64(26261):   at android.view.View android.view.LayoutInflater.inflate(int, android.view.ViewGroup) (LayoutInflater.java:374)
11-08 05:59:19.799: I/zygote64(26261):   at android.view.ViewGroup android.support.v7.app.AppCompatDelegateImpl.createSubDecor() (AppCompatDelegateImpl.java:739)
11-08 05:59:19.799: I/zygote64(26261):   at void android.support.v7.app.AppCompatDelegateImpl.ensureSubDecor() (AppCompatDelegateImpl.java:649)
11-08 05:59:19.799: I/zygote64(26261):   at void android.support.v7.app.AppCompatDelegateImpl.setContentView(int) (AppCompatDelegateImpl.java:542)
11-08 05:59:19.799: I/zygote64(26261):   at void android.support.v7.app.AppCompatActivity.setContentView(int) (AppCompatActivity.java:161)
11-08 05:59:19.799: I/zygote64(26261):   at void com.google.android.apps.mtaas.backdrop.BackdropActivity.showTestBackdrop() (BackdropActivity.java:139)
11-08 05:59:19.799: I/zygote64(26261):   at void com.google.android.apps.mtaas.backdrop.BackdropActivity.onCreate(android.os.Bundle) (BackdropActivity.java:68)
11-08 05:59:19.799: I/zygote64(26261):   at void android.app.Activity.performCreate(android.os.Bundle) (Activity.java:6975)
11-08 05:59:19.799: I/zygote64(26261):   at void android.app.Instrumentation.callActivityOnCreate(android.app.Activity, android.os.Bundle) (Instrumentation.java:1213)
11-08 05:59:19.799: I/zygote64(26261):   at android.app.Activity android.app.ActivityThread.performLaunchActivity(android.app.ActivityThread$ActivityClientRecord, android.content.Intent) (ActivityThread.java:2779)
11-08 05:59:19.799: I/zygote64(26261):   at void android.app.ActivityThread.handleLaunchActivity(android.app.ActivityThread$ActivityClientRecord, android.content.Intent, java.lang.String) (ActivityThread.java:2904)
11-08 05:59:19.799: I/zygote64(26261):   at void android.app.ActivityThread.-wrap11(android.app.ActivityThread, android.app.ActivityThread$ActivityClientRecord, android.content.Intent, java.lang.String) (ActivityThread.java:-1)
11-08 05:59:19.799: I/zygote64(26261):   at void android.app.ActivityThread$H.handleMessage(android.os.Message) (ActivityThread.java:1596)
11-08 05:59:19.799: I/zygote64(26261):   at void android.os.Handler.dispatchMessage(android.os.Message) (Handler.java:105)
11-08 05:59:19.799: I/zygote64(26261):   at void android.os.Looper.loop() (Looper.java:164)
11-08 05:59:19.799: I/zygote64(26261):   at void android.app.ActivityThread.main(java.lang.String[]) (ActivityThread.java:6600)
11-08 05:59:19.799: I/zygote64(26261):   at java.lang.Object java.lang.reflect.Method.invoke(java.lang.Object, java.lang.Object[]) (Method.java:-2)
11-08 05:59:19.799: I/zygote64(26261):   at void com.android.internal.os.Zygote$MethodAndArgsCaller.run() (Zygote.java:240)
11-08 05:59:19.799: I/zygote64(26261):   at void com.android.internal.os.ZygoteInit.main(java.lang.String[]) (ZygoteInit.java:772)
11-08 05:59:19.799: I/zygote64(26261): Rejecting re-init on previously-failed class java.lang.Class<android.support.v4.view.ViewCompat$2>: java.lang.NoClassDefFoundError: Failed resolution of: Landroid/view/View$OnUnhandledKeyEventListener;
11-08 05:59:19.799: I/zygote64(26261):   at void android.support.v4.view.ViewCompat.setBackground(android.view.View, android.graphics.drawable.Drawable) (ViewCompat.java:2609)
11-08 05:59:19.799: I/zygote64(26261):   at void android.support.v7.widget.ActionBarContainer.<init>(android.content.Context, android.util.AttributeSet) (ActionBarContainer.java:63)
11-08 05:59:19.799: I/zygote64(26261):   at java.lang.Object java.lang.reflect.Constructor.newInstance0(java.lang.Object[]) (Constructor.java:-2)
11-08 05:59:19.799: I/zygote64(26261):   at java.lang.Object java.lang.reflect.Constructor.newInstance(java.lang.Object[]) (Constructor.java:334)
11-08 05:59:19.799: I/zygote64(26261):   at android.view.View android.view.LayoutInflater.createView(java.lang.String, java.lang.String, android.util.AttributeSet) (LayoutInflater.java:647)
11-08 05:59:19.799: I/zygote64(26261):   at android.view.View android.view.LayoutInflater.createViewFromTag(android.view.View, java.lang.String, android.content.Context, android.util.AttributeSet, boolean) (LayoutInflater.java:790)
11-08 05:59:19.799: I/zygote64(26261):   at android.view.View android.view.LayoutInflater.createViewFromTag(android.view.View, java.lang.String, android.content.Context, android.util.AttributeSet) (LayoutInflater.java:730)
11-08 05:59:19.799: I/zygote64(26261):   at void android.view.LayoutInflater.rInflate(org.xmlpull.v1.XmlPullParser, android.view.View, android.content.Context, android.util.AttributeSet, boolean) (LayoutInflater.java:863)
11-08 05:59:19.799: I/zygote64(26261):   at void android.view.LayoutInflater.rInflateChildren(org.xmlpull.v1.XmlPullParser, android.view.View, android.util.AttributeSet, boolean) (LayoutInflater.java:824)
11-08 05:59:19.799: I/zygote64(26261):   at android.view.View android.view.LayoutInflater.inflate(org.xmlpull.v1.XmlPullParser, android.view.ViewGroup, boolean) (LayoutInflater.java:515)
11-08 05:59:19.799: I/zygote64(26261):   at android.view.View android.view.LayoutInflater.inflate(int, android.view.ViewGroup, boolean) (LayoutInflater.java:423)
11-08 05:59:19.799: I/zygote64(26261):   at android.view.View android.view.LayoutInflater.inflate(int, android.view.ViewGroup) (LayoutInflater.java:374)
11-08 05:59:19.799: I/zygote64(26261):   at android.view.ViewGroup android.support.v7.app.AppCompatDelegateImpl.createSubDecor() (AppCompatDelegateImpl.java:739)
11-08 05:59:19.799: I/zygote64(26261):   at void android.support.v7.app.AppCompatDelegateImpl.ensureSubDecor() (AppCompatDelegateImpl.java:649)
11-08 05:59:19.799: I/zygote64(26261):   at void android.support.v7.app.AppCompatDelegateImpl.setContentView(int) (AppCompatDelegateImpl.java:542)
11-08 05:59:19.799: I/zygote64(26261):   at void android.support.v7.app.AppCompatActivity.setContentView(int) (AppCompatActivity.java:161)
11-08 05:59:19.799: I/zygote64(26261):   at void com.google.android.apps.mtaas.backdrop.BackdropActivity.showTestBackdrop() (BackdropActivity.java:139)
11-08 05:59:19.799: I/zygote64(26261):   at void com.google.android.apps.mtaas.backdrop.BackdropActivity.onCreate(android.os.Bundle) (BackdropActivity.java:68)
11-08 05:59:19.799: I/zygote64(26261):   at void android.app.Activity.performCreate(android.os.Bundle) (Activity.java:6975)
11-08 05:59:19.799: I/zygote64(26261):   at void android.app.Instrumentation.callActivityOnCreate(android.app.Activity, android.os.Bundle) (Instrumentation.java:1213)
11-08 05:59:19.799: I/zygote64(26261):   at android.app.Activity android.app.ActivityThread.performLaunchActivity(android.app.ActivityThread$ActivityClientRecord, android.content.Intent) (ActivityThread.java:2779)
11-08 05:59:19.799: I/zygote64(26261):   at void android.app.ActivityThread.handleLaunchActivity(android.app.ActivityThread$ActivityClientRecord, android.content.Intent, java.lang.String) (ActivityThread.java:2904)
