11-10 06:03:55.765: I/ThermalEngine(385): ACTION: CPU - Setting CPU[3] to 2649600
11-10 06:03:55.831: I/ThermalEngine(385): ACTION: CPU - Setting CPU[0] to 2572800
11-10 06:03:55.831: I/ThermalEngine(385): ACTION: CPU - Setting CPU[1] to 2572800
11-10 06:03:55.831: I/ThermalEngine(385): ACTION: CPU - Setting CPU[2] to 2572800
11-10 06:03:55.831: I/ThermalEngine(385): ACTION: CPU - Setting CPU[3] to 2572800
11-10 06:03:55.896: I/ThermalEngine(385): ACTION: CPU - Setting CPU[0] to 2496000
11-10 06:03:55.896: I/ThermalEngine(385): ACTION: CPU - Setting CPU[1] to 2496000
11-10 06:03:55.896: I/ThermalEngine(385): ACTION: CPU - Setting CPU[2] to 2496000
11-10 06:03:55.896: I/ThermalEngine(385): ACTION: CPU - Setting CPU[3] to 2496000
11-10 06:03:55.940: I/art(7112): Background partial concurrent mark sweep GC freed 185037(18MB) AllocSpace objects, 0(0B) LOS objects, 35% free, 28MB/44MB, paused 11.207ms total 185.435ms
11-10 06:03:55.962: I/ThermalEngine(385): ACTION: CPU - Setting CPU[0] to 2572800
11-10 06:03:55.962: I/ThermalEngine(385): ACTION: CPU - Setting CPU[1] to 2572800
11-10 06:03:55.962: I/ThermalEngine(385): ACTION: CPU - Setting CPU[2] to 2572800
11-10 06:03:55.962: I/ThermalEngine(385): ACTION: CPU - Setting CPU[3] to 2572800
11-10 06:03:56.027: I/ThermalEngine(385): ACTION: CPU - Setting CPU[0] to 2649600
11-10 06:03:56.027: I/ThermalEngine(385): ACTION: CPU - Setting CPU[1] to 2649600
11-10 06:03:56.028: I/ThermalEngine(385): ACTION: CPU - Setting CPU[2] to 2649600
11-10 06:03:56.028: I/ThermalEngine(385): ACTION: CPU - Setting CPU[3] to 2649600
11-10 06:03:56.093: I/ThermalEngine(385): ACTION: CPU - Setting CPU[0] to 2572800
11-10 06:03:56.093: I/ThermalEngine(385): ACTION: CPU - Setting CPU[1] to 2572800
11-10 06:03:56.093: I/ThermalEngine(385): ACTION: CPU - Setting CPU[2] to 2572800
11-10 06:03:56.093: I/ThermalEngine(385): ACTION: CPU - Setting CPU[3] to 2572800
11-10 06:03:56.158: I/ThermalEngine(385): ACTION: CPU - Setting CPU[0] to 2496000
11-10 06:03:56.158: I/ThermalEngine(385): ACTION: CPU - Setting CPU[1] to 2496000
11-10 06:03:56.159: I/ThermalEngine(385): ACTION: CPU - Setting CPU[2] to 2496000
11-10 06:03:56.159: I/ThermalEngine(385): ACTION: CPU - Setting CPU[3] to 2496000
11-10 06:03:56.224: I/ThermalEngine(385): ACTION: CPU - Setting CPU[0] to 2457600
11-10 06:03:56.224: I/ThermalEngine(385): ACTION: CPU - Setting CPU[1] to 2457600
11-10 06:03:56.225: I/ThermalEngine(385): ACTION: CPU - Setting CPU[2] to 2457600
11-10 06:03:56.225: I/ThermalEngine(385): ACTION: CPU - Setting CPU[3] to 2457600
11-10 06:03:56.290: I/ThermalEngine(385): ACTION: CPU - Setting CPU[0] to 2265600
11-10 06:03:56.290: I/ThermalEngine(385): ACTION: CPU - Setting CPU[1] to 2265600
11-10 06:03:56.290: I/ThermalEngine(385): ACTION: CPU - Setting CPU[2] to 2265600
11-10 06:03:56.290: I/ThermalEngine(385): ACTION: CPU - Setting CPU[3] to 2265600
11-10 06:03:56.355: I/ThermalEngine(385): ACTION: CPU - Setting CPU[0] to 2457600
11-10 06:03:56.355: I/ThermalEngine(385): ACTION: CPU - Setting CPU[1] to 2457600
11-10 06:03:56.356: I/ThermalEngine(385): ACTION: CPU - Setting CPU[2] to 2457600
11-10 06:03:56.356: I/ThermalEngine(385): ACTION: CPU - Setting CPU[3] to 2457600
11-10 06:03:56.421: I/ThermalEngine(385): ACTION: CPU - Setting CPU[0] to 2496000
11-10 06:03:56.422: I/ThermalEngine(385): ACTION: CPU - Setting CPU[1] to 2496000
11-10 06:03:56.422: I/ThermalEngine(385): ACTION: CPU - Setting CPU[2] to 2496000
11-10 06:03:56.422: I/ThermalEngine(385): ACTION: CPU - Setting CPU[3] to 2496000
11-10 06:03:56.487: I/ThermalEngine(385): ACTION: CPU - Setting CPU[0] to 2572800
11-10 06:03:56.487: I/ThermalEngine(385): ACTION: CPU - Setting CPU[1] to 2572800
11-10 06:03:56.487: I/ThermalEngine(385): ACTION: CPU - Setting CPU[2] to 2572800
11-10 06:03:56.487: I/ThermalEngine(385): ACTION: CPU - Setting CPU[3] to 2572800
11-10 06:03:56.582: I/art(7112): Background sticky concurrent mark sweep GC freed 163231(16MB) AllocSpace objects, 0(0B) LOS objects, 19% free, 35MB/44MB, paused 12.031ms total 233.797ms
11-10 06:03:56.618: I/ThermalEngine(385): ACTION: CPU - Setting CPU[0] to 2496000
11-10 06:03:56.618: I/ThermalEngine(385): ACTION: CPU - Setting CPU[1] to 2496000
11-10 06:03:56.618: I/ThermalEngine(385): ACTION: CPU - Setting CPU[2] to 2496000
11-10 06:03:56.618: I/ThermalEngine(385): ACTION: CPU - Setting CPU[3] to 2496000
11-10 06:03:56.683: I/ThermalEngine(385): ACTION: CPU - Setting CPU[0] to 2457600
11-10 06:03:56.683: I/ThermalEngine(385): ACTION: CPU - Setting CPU[1] to 2457600
11-10 06:03:56.683: I/ThermalEngine(385): ACTION: CPU - Setting CPU[2] to 2457600
11-10 06:03:56.683: I/ThermalEngine(385): ACTION: CPU - Setting CPU[3] to 2457600
11-10 06:03:56.749: I/ThermalEngine(385): ACTION: CPU - Setting CPU[0] to 2496000
11-10 06:03:56.749: I/ThermalEngine(385): ACTION: CPU - Setting CPU[1] to 2496000
11-10 06:03:56.750: I/ThermalEngine(385): ACTION: CPU - Setting CPU[2] to 2496000
11-10 06:03:56.750: I/ThermalEngine(385): ACTION: CPU - Setting CPU[3] to 2496000
11-10 06:03:56.815: I/ThermalEngine(385): ACTION: CPU - Setting CPU[0] to 2572800
11-10 06:03:56.815: I/ThermalEngine(385): ACTION: CPU - Setting CPU[1] to 2572800
11-10 06:03:56.815: I/ThermalEngine(385): ACTION: CPU - Setting CPU[2] to 2572800
11-10 06:03:56.815: I/ThermalEngine(385): ACTION: CPU - Setting CPU[3] to 2572800
11-10 06:03:56.881: I/ThermalEngine(385): ACTION: CPU - Setting CPU[0] to 2496000
11-10 06:03:56.881: I/ThermalEngine(385): ACTION: CPU - Setting CPU[1] to 2496000
11-10 06:03:56.881: I/ThermalEngine(385): ACTION: CPU - Setting CPU[2] to 2496000
11-10 06:03:56.881: I/ThermalEngine(385): ACTION: CPU - Setting CPU[3] to 2496000
11-10 06:03:56.946: I/ThermalEngine(385): ACTION: CPU - Setting CPU[0] to 2457600
11-10 06:03:56.947: I/ThermalEngine(385): ACTION: CPU - Setting CPU[1] to 2457600
11-10 06:03:56.947: I/ThermalEngine(385): ACTION: CPU - Setting CPU[2] to 2457600
11-10 06:03:56.947: I/ThermalEngine(385): ACTION: CPU - Setting CPU[3] to 2457600
11-10 06:03:57.012: I/ThermalEngine(385): ACTION: CPU - Setting CPU[0] to 2496000
11-10 06:03:57.012: I/ThermalEngine(385): ACTION: CPU - Setting CPU[1] to 2496000
11-10 06:03:57.012: I/ThermalEngine(385): ACTION: CPU - Setting CPU[2] to 2496000
11-10 06:03:57.012: I/ThermalEngine(385): ACTION: CPU - Setting CPU[3] to 2496000
11-10 06:03:57.064: I/art(7112): Background partial concurrent mark sweep GC freed 229488(23MB) AllocSpace objects, 0(0B) LOS objects, 35% free, 29MB/45MB, paused 10.130ms total 219.833ms
11-10 06:03:57.078: I/ThermalEngine(385): ACTION: CPU - Setting CPU[0] to 2457600
11-10 06:03:57.078: I/ThermalEngine(385): ACTION: CPU - Setting CPU[1] to 2457600
11-10 06:03:57.078: I/ThermalEngine(385): ACTION: CPU - Setting CPU[2] to 2457600
11-10 06:03:57.078: I/ThermalEngine(385): ACTION: CPU - Setting CPU[3] to 2457600
11-10 06:03:57.143: I/ThermalEngine(385): ACTION: CPU - Setting CPU[0] to 2496000
11-10 06:03:57.143: I/ThermalEngine(385): ACTION: CPU - Setting CPU[1] to 2496000
11-10 06:03:57.143: I/ThermalEngine(385): ACTION: CPU - Setting CPU[2] to 2496000
11-10 06:03:57.143: I/ThermalEngine(385): ACTION: CPU - Setting CPU[3] to 2496000
11-10 06:03:57.209: I/ThermalEngine(385): ACTION: CPU - Setting CPU[0] to 2572800
11-10 06:03:57.209: I/ThermalEngine(385): ACTION: CPU - Setting CPU[1] to 2572800
11-10 06:03:57.209: I/ThermalEngine(385): ACTION: CPU - Setting CPU[2] to 2572800
11-10 06:03:57.209: I/ThermalEngine(385): ACTION: CPU - Setting CPU[3] to 2572800
11-10 06:03:57.274: I/ThermalEngine(385): ACTION: CPU - Setting CPU[0] to 2649600
11-10 06:03:57.275: I/ThermalEngine(385): ACTION: CPU - Setting CPU[1] to 2649600
11-10 06:03:57.275: I/ThermalEngine(385): ACTION: CPU - Setting CPU[2] to 2649600
11-10 06:03:57.275: I/ThermalEngine(385): ACTION: CPU - Setting CPU[3] to 2649600
11-10 06:03:57.340: I/ThermalEngine(385): ACTION: CPU - Setting CPU[0] to 2572800
11-10 06:03:57.341: I/ThermalEngine(385): ACTION: CPU - Setting CPU[1] to 2572800
11-10 06:03:57.341: I/ThermalEngine(385): ACTION: CPU - Setting CPU[2] to 2572800
11-10 06:03:57.341: I/ThermalEngine(385): ACTION: CPU - Setting CPU[3] to 2572800
11-10 06:03:57.406: I/ThermalEngine(385): ACTION: CPU - Setting CPU[0] to 2496000
11-10 06:03:57.406: I/ThermalEngine(385): ACTION: CPU - Setting CPU[1] to 2496000
11-10 06:03:57.406: I/ThermalEngine(385): ACTION: CPU - Setting CPU[2] to 2496000
11-10 06:03:57.406: I/ThermalEngine(385): ACTION: CPU - Setting CPU[3] to 2496000
11-10 06:03:57.472: I/ThermalEngine(385): ACTION: CPU - Setting CPU[0] to 2457600
11-10 06:03:57.472: I/ThermalEngine(385): ACTION: CPU - Setting CPU[1] to 2457600
11-10 06:03:57.472: I/ThermalEngine(385): ACTION: CPU - Setting CPU[2] to 2457600
11-10 06:03:57.472: I/ThermalEngine(385): ACTION: CPU - Setting CPU[3] to 2457600
11-10 06:03:57.537: I/ThermalEngine(385): ACTION: CPU - Setting CPU[0] to 2265600
11-10 06:03:57.537: I/ThermalEngine(385): ACTION: CPU - Setting CPU[1] to 2265600
11-10 06:03:57.537: I/ThermalEngine(385): ACTION: CPU - Setting CPU[2] to 2265600
11-10 06:03:57.537: I/ThermalEngine(385): ACTION: CPU - Setting CPU[3] to 2265600
11-10 06:03:57.602: I/ThermalEngine(385): ACTION: CPU - Setting CPU[0] to 2457600
11-10 06:03:57.603: I/ThermalEngine(385): ACTION: CPU - Setting CPU[1] to 2457600
11-10 06:03:57.603: I/ThermalEngine(385): ACTION: CPU - Setting CPU[2] to 2457600
11-10 06:03:57.603: I/ThermalEngine(385): ACTION: CPU - Setting CPU[3] to 2457600
11-10 06:03:57.668: I/ThermalEngine(385): ACTION: CPU - Setting CPU[0] to 2496000
11-10 06:03:57.668: I/ThermalEngine(385): ACTION: CPU - Setting CPU[1] to 2496000
11-10 06:03:57.668: I/ThermalEngine(385): ACTION: CPU - Setting CPU[2] to 2496000
11-10 06:03:57.668: I/ThermalEngine(385): ACTION: CPU - Setting CPU[3] to 2496000
11-10 06:03:57.701: I/art(7112): Background sticky concurrent mark sweep GC freed 170017(17MB) AllocSpace objects, 0(0B) LOS objects, 20% free, 35MB/45MB, paused 16.793ms total 251.594ms
11-10 06:03:57.733: I/ThermalEngine(385): ACTION: CPU - Setting CPU[0] to 2572800
11-10 06:03:57.734: I/ThermalEngine(385): ACTION: CPU - Setting CPU[1] to 2572800
11-10 06:03:57.734: I/ThermalEngine(385): ACTION: CPU - Setting CPU[2] to 2572800
11-10 06:03:57.734: I/ThermalEngine(385): ACTION: CPU - Setting CPU[3] to 2572800
11-10 06:03:57.799: I/ThermalEngine(385): ACTION: CPU - Setting CPU[0] to 2496000
11-10 06:03:57.799: I/ThermalEngine(385): ACTION: CPU - Setting CPU[1] to 2496000
11-10 06:03:57.799: I/ThermalEngine(385): ACTION: CPU - Setting CPU[2] to 2496000
11-10 06:03:57.799: I/ThermalEngine(385): ACTION: CPU - Setting CPU[3] to 2496000
11-10 06:03:57.865: I/ThermalEngine(385): ACTION: CPU - Setting CPU[0] to 2457600
11-10 06:03:57.865: I/ThermalEngine(385): ACTION: CPU - Setting CPU[1] to 2457600
11-10 06:03:57.865: I/ThermalEngine(385): ACTION: CPU - Setting CPU[2] to 2457600
11-10 06:03:57.865: I/ThermalEngine(385): ACTION: CPU - Setting CPU[3] to 2457600
11-10 06:03:57.930: I/ThermalEngine(385): ACTION: CPU - Setting CPU[0] to 2265600
11-10 06:03:57.930: I/ThermalEngine(385): ACTION: CPU - Setting CPU[1] to 2265600
11-10 06:03:57.930: I/ThermalEngine(385): ACTION: CPU - Setting CPU[2] to 2265600
11-10 06:03:57.930: I/ThermalEngine(385): ACTION: CPU - Setting CPU[3] to 2265600
11-10 06:03:57.996: I/ThermalEngine(385): ACTION: CPU - Setting CPU[0] to 2457600
11-10 06:03:57.996: I/ThermalEngine(385): ACTION: CPU - Setting CPU[1] to 2457600
11-10 06:03:57.996: I/ThermalEngine(385): ACTION: CPU - Setting CPU[2] to 2457600
11-10 06:03:57.996: I/ThermalEngine(385): ACTION: CPU - Setting CPU[3] to 2457600
11-10 06:03:58.033: I/art(7112): Background partial concurrent mark sweep GC freed 220268(22MB) AllocSpace objects, 0(0B) LOS objects, 39% free, 24MB/40MB, paused 9.292ms total 116.122ms
11-10 06:03:58.061: I/ThermalEngine(385): ACTION: CPU - Setting CPU[0] to 2496000
11-10 06:03:58.061: I/ThermalEngine(385): ACTION: CPU - Setting CPU[1] to 2496000
11-10 06:03:58.061: I/ThermalEngine(385): ACTION: CPU - Setting CPU[2] to 2496000
11-10 06:03:58.061: I/ThermalEngine(385): ACTION: CPU - Setting CPU[3] to 2496000
11-10 06:03:58.127: I/ThermalEngine(385): ACTION: CPU - Setting CPU[0] to 2572800
11-10 06:03:58.127: I/ThermalEngine(385): ACTION: CPU - Setting CPU[1] to 2572800
11-10 06:03:58.127: I/ThermalEngine(385): ACTION: CPU - Setting CPU[2] to 2572800
11-10 06:03:58.128: I/ThermalEngine(385): ACTION: CPU - Setting CPU[3] to 2572800
11-10 06:03:58.193: I/ThermalEngine(385): ACTION: CPU - Setting CPU[0] to 2649600
11-10 06:03:58.194: I/ThermalEngine(385): ACTION: CPU - Setting CPU[1] to 2649600
11-10 06:03:58.194: I/ThermalEngine(385): ACTION: CPU - Setting CPU[2] to 2649600
11-10 06:03:58.194: I/ThermalEngine(385): ACTION: CPU - Setting CPU[3] to 2649600
11-10 06:03:58.212: D/audio_hw_primary(375): disable_audio_route: reset and update mixer path: low-latency-playback
11-10 06:03:58.213: D/audio_hw_primary(375): disable_snd_device: snd_device(6: line)
11-10 06:03:58.274: I/ViewInteraction(7112): Performing 'single click' action on view with id: com.example.concurrencyeval:id/ph_run_button
11-10 06:03:58.321: D/audio_hw_primary(375): out_set_parameters: enter: usecase(1: low-latency-playback) kvpairs: routing=131072
11-10 06:03:58.333: D/audio_hw_primary(375): select_devices: out_snd_device(6: line) in_snd_device(0: none)
11-10 06:03:58.334: D/msm8974_platform(375): platform_send_audio_calibration: sending audio calibration for snd_device(6) acdb_id(77)
11-10 06:03:58.334: D/audio_hw_primary(375): enable_snd_device: snd_device(6: line)
11-10 06:03:58.349: D/audio_hw_primary(375): enable_audio_route: apply and update mixer path: low-latency-playback
11-10 06:03:58.429: D/AudioFlinger(375): mixer(0xb3d80000) throttle end: throttle time(12)
11-10 06:03:58.712: I/ThermalEngine(385): ACTION: CPU - Setting CPU[0] to 2572800
11-10 06:03:58.712: I/ThermalEngine(385): ACTION: CPU - Setting CPU[1] to 2572800
11-10 06:03:58.712: I/ThermalEngine(385): ACTION: CPU - Setting CPU[2] to 2572800
11-10 06:03:58.712: I/ThermalEngine(385): ACTION: CPU - Setting CPU[3] to 2572800
11-10 06:03:58.778: I/ThermalEngine(385): ACTION: CPU - Setting CPU[0] to 2496000
11-10 06:03:58.778: I/ThermalEngine(385): ACTION: CPU - Setting CPU[1] to 2496000
11-10 06:03:58.778: I/ThermalEngine(385): ACTION: CPU - Setting CPU[2] to 2496000
11-10 06:03:58.778: I/ThermalEngine(385): ACTION: CPU - Setting CPU[3] to 2496000
11-10 06:03:58.843: I/ThermalEngine(385): ACTION: CPU - Setting CPU[0] to 2572800
11-10 06:03:58.843: I/ThermalEngine(385): ACTION: CPU - Setting CPU[1] to 2572800
11-10 06:03:58.844: I/ThermalEngine(385): ACTION: CPU - Setting CPU[2] to 2572800
11-10 06:03:58.844: I/ThermalEngine(385): ACTION: CPU - Setting CPU[3] to 2572800
11-10 06:03:58.909: I/ThermalEngine(385): ACTION: CPU - Setting CPU[0] to 2649600
11-10 06:03:58.909: I/ThermalEngine(385): ACTION: CPU - Setting CPU[1] to 2649600
11-10 06:03:58.909: I/ThermalEngine(385): ACTION: CPU - Setting CPU[2] to 2649600
11-10 06:03:58.909: I/ThermalEngine(385): ACTION: CPU - Setting CPU[3] to 2649600
11-10 06:03:58.910: I/ThermalEngine(385): ACTION: CPU - Setting CPU[0] to 2572800
11-10 06:03:58.910: I/ThermalEngine(385): ACTION: CPU - Setting CPU[1] to 2572800
11-10 06:03:58.910: I/ThermalEngine(385): ACTION: CPU - Setting CPU[2] to 2572800
11-10 06:03:58.910: I/ThermalEngine(385): ACTION: CPU - Setting CPU[3] to 2572800
11-10 06:03:58.973: I/art(7112): Background sticky concurrent mark sweep GC freed 144351(14MB) AllocSpace objects, 0(0B) LOS objects, 17% free, 33MB/40MB, paused 26.074ms total 242.421ms
11-10 06:03:58.975: I/ThermalEngine(385): ACTION: CPU - Setting CPU[0] to 2496000
11-10 06:03:58.975: I/ThermalEngine(385): ACTION: CPU - Setting CPU[1] to 2496000
11-10 06:03:58.976: I/ThermalEngine(385): ACTION: CPU - Setting CPU[2] to 2496000
11-10 06:03:58.976: I/ThermalEngine(385): ACTION: CPU - Setting CPU[3] to 2496000
11-10 06:03:59.041: I/ThermalEngine(385): ACTION: CPU - Setting CPU[0] to 2572800
11-10 06:03:59.041: I/ThermalEngine(385): ACTION: CPU - Setting CPU[1] to 2572800
11-10 06:03:59.041: I/ThermalEngine(385): ACTION: CPU - Setting CPU[2] to 2572800
11-10 06:03:59.041: I/ThermalEngine(385): ACTION: CPU - Setting CPU[3] to 2572800
11-10 06:03:59.107: I/ThermalEngine(385): ACTION: CPU - Setting CPU[0] to 2649600
11-10 06:03:59.107: I/ThermalEngine(385): ACTION: CPU - Setting CPU[1] to 2649600
11-10 06:03:59.107: I/ThermalEngine(385): ACTION: CPU - Setting CPU[2] to 2649600
11-10 06:03:59.107: I/ThermalEngine(385): ACTION: CPU - Setting CPU[3] to 2649600
11-10 06:03:59.172: I/ThermalEngine(385): ACTION: CPU - Setting CPU[0] to 2572800
11-10 06:03:59.172: I/ThermalEngine(385): ACTION: CPU - Setting CPU[1] to 2572800
11-10 06:03:59.172: I/ThermalEngine(385): ACTION: CPU - Setting CPU[2] to 2572800
11-10 06:03:59.173: I/ThermalEngine(385): ACTION: CPU - Setting CPU[3] to 2572800
11-10 06:03:59.238: I/ThermalEngine(385): ACTION: CPU - Setting CPU[0] to 2496000
11-10 06:03:59.238: I/ThermalEngine(385): ACTION: CPU - Setting CPU[1] to 2496000
11-10 06:03:59.238: I/ThermalEngine(385): ACTION: CPU - Setting CPU[2] to 2496000
11-10 06:03:59.238: I/ThermalEngine(385): ACTION: CPU - Setting CPU[3] to 2496000
11-10 06:03:59.303: I/ThermalEngine(385): ACTION: CPU - Setting CPU[0] to 2457600
11-10 06:03:59.303: I/ThermalEngine(385): ACTION: CPU - Setting CPU[1] to 2457600
11-10 06:03:59.304: I/ThermalEngine(385): ACTION: CPU - Setting CPU[2] to 2457600
11-10 06:03:59.304: I/ThermalEngine(385): ACTION: CPU - Setting CPU[3] to 2457600
11-10 06:03:59.315: I/art(7112): Background partial concurrent mark sweep GC freed 170786(17MB) AllocSpace objects, 0(0B) LOS objects, 35% free, 28MB/44MB, paused 9.691ms total 184.603ms
11-10 06:03:59.369: I/ThermalEngine(385): ACTION: CPU - Setting CPU[0] to 2265600
11-10 06:03:59.369: I/ThermalEngine(385): ACTION: CPU - Setting CPU[1] to 2265600
11-10 06:03:59.369: I/ThermalEngine(385): ACTION: CPU - Setting CPU[2] to 2265600
11-10 06:03:59.369: I/ThermalEngine(385): ACTION: CPU - Setting CPU[3] to 2265600
11-10 06:03:59.435: I/ThermalEngine(385): ACTION: CPU - Setting CPU[0] to 2457600
11-10 06:03:59.435: I/ThermalEngine(385): ACTION: CPU - Setting CPU[1] to 2457600
11-10 06:03:59.435: I/ThermalEngine(385): ACTION: CPU - Setting CPU[2] to 2457600
11-10 06:03:59.435: I/ThermalEngine(385): ACTION: CPU - Setting CPU[3] to 2457600
11-10 06:03:59.501: I/ThermalEngine(385): ACTION: CPU - Setting CPU[0] to 2496000
11-10 06:03:59.501: I/ThermalEngine(385): ACTION: CPU - Setting CPU[1] to 2496000
11-10 06:03:59.501: I/ThermalEngine(385): ACTION: CPU - Setting CPU[2] to 2496000
11-10 06:03:59.501: I/ThermalEngine(385): ACTION: CPU - Setting CPU[3] to 2496000
11-10 06:03:59.566: I/ThermalEngine(385): ACTION: CPU - Setting CPU[0] to 2572800
11-10 06:03:59.566: I/ThermalEngine(385): ACTION: CPU - Setting CPU[1] to 2572800
11-10 06:03:59.566: I/ThermalEngine(385): ACTION: CPU - Setting CPU[2] to 2572800
11-10 06:03:59.566: I/ThermalEngine(385): ACTION: CPU - Setting CPU[3] to 2572800
11-10 06:03:59.697: I/ThermalEngine(385): ACTION: CPU - Setting CPU[0] to 2496000
11-10 06:03:59.698: I/ThermalEngine(385): ACTION: CPU - Setting CPU[1] to 2496000
11-10 06:03:59.698: I/ThermalEngine(385): ACTION: CPU - Setting CPU[2] to 2496000
11-10 06:03:59.698: I/ThermalEngine(385): ACTION: CPU - Setting CPU[3] to 2496000
11-10 06:03:59.763: I/ThermalEngine(385): ACTION: CPU - Setting CPU[0] to 2572800
11-10 06:03:59.763: I/ThermalEngine(385): ACTION: CPU - Setting CPU[1] to 2572800
11-10 06:03:59.763: I/ThermalEngine(385): ACTION: CPU - Setting CPU[2] to 2572800
11-10 06:03:59.764: I/ThermalEngine(385): ACTION: CPU - Setting CPU[3] to 2572800
11-10 06:03:59.764: I/ThermalEngine(385): ACTION: CPU - Setting CPU[0] to 2496000
11-10 06:03:59.764: I/ThermalEngine(385): ACTION: CPU - Setting CPU[1] to 2496000
11-10 06:03:59.764: I/ThermalEngine(385): ACTION: CPU - Setting CPU[2] to 2496000
11-10 06:03:59.764: I/ThermalEngine(385): ACTION: CPU - Setting CPU[3] to 2496000
11-10 06:03:59.830: I/ThermalEngine(385): ACTION: CPU - Setting CPU[0] to 2457600
11-10 06:03:59.830: I/ThermalEngine(385): ACTION: CPU - Setting CPU[1] to 2457600
11-10 06:03:59.830: I/ThermalEngine(385): ACTION: CPU - Setting CPU[2] to 2457600
11-10 06:03:59.831: I/ThermalEngine(385): ACTION: CPU - Setting CPU[3] to 2457600
11-10 06:03:59.896: I/ThermalEngine(385): ACTION: CPU - Setting CPU[0] to 2265600
11-10 06:03:59.896: I/ThermalEngine(385): ACTION: CPU - Setting CPU[1] to 2265600
11-10 06:03:59.896: I/ThermalEngine(385): ACTION: CPU - Setting CPU[2] to 2265600
11-10 06:03:59.896: I/ThermalEngine(385): ACTION: CPU - Setting CPU[3] to 2265600
11-10 06:03:59.962: I/ThermalEngine(385): ACTION: CPU - Setting CPU[0] to 2457600
11-10 06:03:59.962: I/ThermalEngine(385): ACTION: CPU - Setting CPU[1] to 2457600
11-10 06:03:59.962: I/ThermalEngine(385): ACTION: CPU - Setting CPU[2] to 2457600
11-10 06:03:59.962: I/ThermalEngine(385): ACTION: CPU - Setting CPU[3] to 2457600
11-10 06:03:59.973: I/art(7112): Background sticky concurrent mark sweep GC freed 160417(16MB) AllocSpace objects, 0(0B) LOS objects, 19% free, 35MB/44MB, paused 14.260ms total 241.430ms
11-10 06:04:00.028: I/ThermalEngine(385): ACTION: CPU - Setting CPU[0] to 2496000
11-10 06:04:00.028: I/ThermalEngine(385): ACTION: CPU - Setting CPU[1] to 2496000
11-10 06:04:00.028: I/ThermalEngine(385): ACTION: CPU - Setting CPU[2] to 2496000
11-10 06:04:00.028: I/ThermalEngine(385): ACTION: CPU - Setting CPU[3] to 2496000
11-10 06:04:00.093: I/ThermalEngine(385): ACTION: CPU - Setting CPU[0] to 2572800
11-10 06:04:00.093: I/ThermalEngine(385): ACTION: CPU - Setting CPU[1] to 2572800
11-10 06:04:00.093: I/ThermalEngine(385): ACTION: CPU - Setting CPU[2] to 2572800
11-10 06:04:00.093: I/ThermalEngine(385): ACTION: CPU - Setting CPU[3] to 2572800
11-10 06:04:00.159: I/ThermalEngine(385): ACTION: CPU - Setting CPU[0] to 2649600
11-10 06:04:00.159: I/ThermalEngine(385): ACTION: CPU - Setting CPU[1] to 2649600
11-10 06:04:00.159: I/ThermalEngine(385): ACTION: CPU - Setting CPU[2] to 2649600
11-10 06:04:00.159: I/ThermalEngine(385): ACTION: CPU - Setting CPU[3] to 2649600
11-10 06:04:00.224: I/ThermalEngine(385): ACTION: CPU - Setting CPU[0] to 2572800
11-10 06:04:00.225: I/ThermalEngine(385): ACTION: CPU - Setting CPU[1] to 2572800
11-10 06:04:00.225: I/ThermalEngine(385): ACTION: CPU - Setting CPU[2] to 2572800
11-10 06:04:00.225: I/ThermalEngine(385): ACTION: CPU - Setting CPU[3] to 2572800
11-10 06:04:00.290: I/ThermalEngine(385): ACTION: CPU - Setting CPU[0] to 2496000
11-10 06:04:00.290: I/ThermalEngine(385): ACTION: CPU - Setting CPU[1] to 2496000
11-10 06:04:00.290: I/ThermalEngine(385): ACTION: CPU - Setting CPU[2] to 2496000
11-10 06:04:00.290: I/ThermalEngine(385): ACTION: CPU - Setting CPU[3] to 2496000
11-10 06:04:00.356: I/ThermalEngine(385): ACTION: CPU - Setting CPU[0] to 2457600
11-10 06:04:00.356: I/ThermalEngine(385): ACTION: CPU - Setting CPU[1] to 2457600
11-10 06:04:00.356: I/ThermalEngine(385): ACTION: CPU - Setting CPU[2] to 2457600
11-10 06:04:00.356: I/ThermalEngine(385): ACTION: CPU - Setting CPU[3] to 2457600
11-10 06:04:00.382: I/art(7112): Background partial concurrent mark sweep GC freed 213653(21MB) AllocSpace objects, 0(0B) LOS objects, 35% free, 29MB/45MB, paused 4.476ms total 175.827ms
11-10 06:04:00.421: I/ThermalEngine(385): ACTION: CPU - Setting CPU[0] to 2265600
11-10 06:04:00.421: I/ThermalEngine(385): ACTION: CPU - Setting CPU[1] to 2265600
11-10 06:04:00.421: I/ThermalEngine(385): ACTION: CPU - Setting CPU[2] to 2265600
11-10 06:04:00.421: I/ThermalEngine(385): ACTION: CPU - Setting CPU[3] to 2265600
11-10 06:04:00.487: I/ThermalEngine(385): ACTION: CPU - Setting CPU[0] to 2457600
11-10 06:04:00.487: I/ThermalEngine(385): ACTION: CPU - Setting CPU[1] to 2457600
11-10 06:04:00.487: I/ThermalEngine(385): ACTION: CPU - Setting CPU[2] to 2457600
11-10 06:04:00.487: I/ThermalEngine(385): ACTION: CPU - Setting CPU[3] to 2457600
11-10 06:04:00.552: I/ThermalEngine(385): ACTION: CPU - Setting CPU[0] to 2496000
11-10 06:04:00.553: I/ThermalEngine(385): ACTION: CPU - Setting CPU[1] to 2496000
11-10 06:04:00.553: I/ThermalEngine(385): ACTION: CPU - Setting CPU[2] to 2496000
11-10 06:04:00.553: I/ThermalEngine(385): ACTION: CPU - Setting CPU[3] to 2496000
11-10 06:04:00.618: I/ThermalEngine(385): ACTION: CPU - Setting CPU[0] to 2572800
11-10 06:04:00.618: I/ThermalEngine(385): ACTION: CPU - Setting CPU[1] to 2572800
11-10 06:04:00.619: I/ThermalEngine(385): ACTION: CPU - Setting CPU[2] to 2572800
11-10 06:04:00.619: I/ThermalEngine(385): ACTION: CPU - Setting CPU[3] to 2572800
11-10 06:04:00.684: I/ThermalEngine(385): ACTION: CPU - Setting CPU[0] to 2649600
11-10 06:04:00.684: I/ThermalEngine(385): ACTION: CPU - Setting CPU[1] to 2649600
11-10 06:04:00.684: I/ThermalEngine(385): ACTION: CPU - Setting CPU[2] to 2649600
11-10 06:04:00.684: I/ThermalEngine(385): ACTION: CPU - Setting CPU[3] to 2649600
11-10 06:04:00.750: I/ThermalEngine(385): ACTION: CPU - Setting CPU[0] to 2572800
11-10 06:04:00.750: I/ThermalEngine(385): ACTION: CPU - Setting CPU[1] to 2572800
11-10 06:04:00.750: I/ThermalEngine(385): ACTION: CPU - Setting CPU[2] to 2572800
11-10 06:04:00.750: I/ThermalEngine(385): ACTION: CPU - Setting CPU[3] to 2572800
11-10 06:04:00.816: I/ThermalEngine(385): ACTION: CPU - Setting CPU[0] to 2496000
11-10 06:04:00.816: I/ThermalEngine(385): ACTION: CPU - Setting CPU[1] to 2496000
11-10 06:04:00.816: I/ThermalEngine(385): ACTION: CPU - Setting CPU[2] to 2496000
11-10 06:04:00.816: I/ThermalEngine(385): ACTION: CPU - Setting CPU[3] to 2496000
11-10 06:04:00.881: I/ThermalEngine(385): ACTION: CPU - Setting CPU[0] to 2457600
11-10 06:04:00.881: I/ThermalEngine(385): ACTION: CPU - Setting CPU[1] to 2457600
11-10 06:04:00.881: I/ThermalEngine(385): ACTION: CPU - Setting CPU[2] to 2457600
11-10 06:04:00.881: I/ThermalEngine(385): ACTION: CPU - Setting CPU[3] to 2457600
11-10 06:04:00.947: I/ThermalEngine(385): ACTION: CPU - Setting CPU[0] to 2265600
11-10 06:04:00.947: I/ThermalEngine(385): ACTION: CPU - Setting CPU[1] to 2265600
11-10 06:04:00.947: I/ThermalEngine(385): ACTION: CPU - Setting CPU[2] to 2265600
11-10 06:04:00.947: I/ThermalEngine(385): ACTION: CPU - Setting CPU[3] to 2265600
11-10 06:04:01.012: I/ThermalEngine(385): ACTION: CPU - Setting CPU[0] to 2457600
11-10 06:04:01.012: I/ThermalEngine(385): ACTION: CPU - Setting CPU[1] to 2457600
11-10 06:04:01.012: I/ThermalEngine(385): ACTION: CPU - Setting CPU[2] to 2457600
11-10 06:04:01.012: I/ThermalEngine(385): ACTION: CPU - Setting CPU[3] to 2457600
11-10 06:04:01.014: I/art(7112): Background sticky concurrent mark sweep GC freed 179486(18MB) AllocSpace objects, 0(0B) LOS objects, 25% free, 33MB/45MB, paused 15.068ms total 214.010ms
11-10 06:04:01.078: I/ThermalEngine(385): ACTION: CPU - Setting CPU[0] to 2496000
11-10 06:04:01.078: I/ThermalEngine(385): ACTION: CPU - Setting CPU[1] to 2496000
11-10 06:04:01.078: I/ThermalEngine(385): ACTION: CPU - Setting CPU[2] to 2496000
11-10 06:04:01.078: I/ThermalEngine(385): ACTION: CPU - Setting CPU[3] to 2496000
11-10 06:04:01.143: I/ThermalEngine(385): ACTION: CPU - Setting CPU[0] to 2572800
11-10 06:04:01.143: I/ThermalEngine(385): ACTION: CPU - Setting CPU[1] to 2572800
11-10 06:04:01.143: I/ThermalEngine(385): ACTION: CPU - Setting CPU[2] to 2572800
11-10 06:04:01.143: I/ThermalEngine(385): ACTION: CPU - Setting CPU[3] to 2572800
11-10 06:04:01.209: I/ThermalEngine(385): ACTION: CPU - Setting CPU[0] to 2649600
11-10 06:04:01.209: I/ThermalEngine(385): ACTION: CPU - Setting CPU[1] to 2649600
11-10 06:04:01.209: I/ThermalEngine(385): ACTION: CPU - Setting CPU[2] to 2649600
11-10 06:04:01.210: I/ThermalEngine(385): ACTION: CPU - Setting CPU[3] to 2649600
11-10 06:04:01.275: I/ThermalEngine(385): ACTION: CPU - Setting CPU[0] to 2572800
11-10 06:04:01.275: I/ThermalEngine(385): ACTION: CPU - Setting CPU[1] to 2572800
11-10 06:04:01.275: I/ThermalEngine(385): ACTION: CPU - Setting CPU[2] to 2572800
11-10 06:04:01.275: I/ThermalEngine(385): ACTION: CPU - Setting CPU[3] to 2572800
11-10 06:04:01.340: I/ThermalEngine(385): ACTION: CPU - Setting CPU[0] to 2496000
11-10 06:04:01.341: I/ThermalEngine(385): ACTION: CPU - Setting CPU[1] to 2496000
11-10 06:04:01.341: I/ThermalEngine(385): ACTION: CPU - Setting CPU[2] to 2496000
11-10 06:04:01.341: I/ThermalEngine(385): ACTION: CPU - Setting CPU[3] to 2496000
11-10 06:04:01.406: I/ThermalEngine(385): ACTION: CPU - Setting CPU[0] to 2457600
11-10 06:04:01.406: I/ThermalEngine(385): ACTION: CPU - Setting CPU[1] to 2457600
11-10 06:04:01.406: I/ThermalEngine(385): ACTION: CPU - Setting CPU[2] to 2457600
11-10 06:04:01.406: I/ThermalEngine(385): ACTION: CPU - Setting CPU[3] to 2457600
11-10 06:04:01.471: I/ThermalEngine(385): ACTION: CPU - Setting CPU[0] to 2265600
11-10 06:04:01.471: I/ThermalEngine(385): ACTION: CPU - Setting CPU[1] to 2265600
11-10 06:04:01.472: I/ThermalEngine(385): ACTION: CPU - Setting CPU[2] to 2265600
11-10 06:04:01.472: I/ThermalEngine(385): ACTION: CPU - Setting CPU[3] to 2265600
11-10 06:04:01.537: I/ThermalEngine(385): ACTION: CPU - Setting CPU[0] to 2457600
11-10 06:04:01.538: I/ThermalEngine(385): ACTION: CPU - Setting CPU[1] to 2457600
11-10 06:04:01.538: I/ThermalEngine(385): ACTION: CPU - Setting CPU[2] to 2457600
11-10 06:04:01.538: I/ThermalEngine(385): ACTION: CPU - Setting CPU[3] to 2457600
11-10 06:04:01.566: D/WifiStateMachine(885): starting scan for "wl-ftl-mt79-1-5"WPA_PSK with 5825,5200
11-10 06:04:01.599: D/audio_hw_primary(375): disable_audio_route: reset and update mixer path: low-latency-playback
11-10 06:04:01.601: D/audio_hw_primary(375): disable_snd_device: snd_device(6: line)
11-10 06:04:01.604: I/ThermalEngine(385): ACTION: CPU - Setting CPU[0] to 2496000
11-10 06:04:01.604: I/ThermalEngine(385): ACTION: CPU - Setting CPU[1] to 2496000
11-10 06:04:01.604: I/ThermalEngine(385): ACTION: CPU - Setting CPU[2] to 2496000
11-10 06:04:01.605: I/ThermalEngine(385): ACTION: CPU - Setting CPU[3] to 2496000
11-10 06:04:01.643: I/ViewInteraction(7112): Performing 'single click' action on view with id: com.example.concurrencyeval:id/ph_run_button
11-10 06:04:01.670: I/ThermalEngine(385): ACTION: CPU - Setting CPU[0] to 2572800
11-10 06:04:01.670: I/ThermalEngine(385): ACTION: CPU - Setting CPU[1] to 2572800
11-10 06:04:01.670: I/ThermalEngine(385): ACTION: CPU - Setting CPU[2] to 2572800
11-10 06:04:01.670: I/ThermalEngine(385): ACTION: CPU - Setting CPU[3] to 2572800
11-10 06:04:01.689: D/audio_hw_primary(375): out_set_parameters: enter: usecase(1: low-latency-playback) kvpairs: routing=131072
11-10 06:04:01.701: D/audio_hw_primary(375): select_devices: out_snd_device(6: line) in_snd_device(0: none)
11-10 06:04:01.701: D/msm8974_platform(375): platform_send_audio_calibration: sending audio calibration for snd_device(6) acdb_id(77)
11-10 06:04:01.702: D/audio_hw_primary(375): enable_snd_device: snd_device(6: line)
11-10 06:04:01.714: D/audio_hw_primary(375): enable_audio_route: apply and update mixer path: low-latency-playback
11-10 06:04:01.735: I/ThermalEngine(385): ACTION: CPU - Setting CPU[0] to 2649600
11-10 06:04:01.736: I/ThermalEngine(385): ACTION: CPU - Setting CPU[1] to 2649600
11-10 06:04:01.736: I/ThermalEngine(385): ACTION: CPU - Setting CPU[2] to 2649600
11-10 06:04:01.736: I/ThermalEngine(385): ACTION: CPU - Setting CPU[3] to 2649600
11-10 06:04:01.825: D/AudioFlinger(375): mixer(0xb3d80000) throttle end: throttle time(12)
11-10 06:04:02.052: I/ThermalEngine(385): ACTION: CPU - Setting CPU[0] to 2572800
11-10 06:04:02.052: I/ThermalEngine(385): ACTION: CPU - Setting CPU[1] to 2572800
11-10 06:04:02.052: I/ThermalEngine(385): ACTION: CPU - Setting CPU[2] to 2572800
11-10 06:04:02.053: I/ThermalEngine(385): ACTION: CPU - Setting CPU[3] to 2572800
11-10 06:04:02.118: I/ThermalEngine(385): ACTION: CPU - Setting CPU[0] to 2496000
11-10 06:04:02.118: I/ThermalEngine(385): ACTION: CPU - Setting CPU[1] to 2496000
11-10 06:04:02.118: I/ThermalEngine(385): ACTION: CPU - Setting CPU[2] to 2496000
11-10 06:04:02.118: I/ThermalEngine(385): ACTION: CPU - Setting CPU[3] to 2496000
11-10 06:04:02.248: I/ThermalEngine(385): ACTION: CPU - Setting CPU[0] to 2572800
11-10 06:04:02.249: I/ThermalEngine(385): ACTION: CPU - Setting CPU[1] to 2572800
11-10 06:04:02.249: I/ThermalEngine(385): ACTION: CPU - Setting CPU[2] to 2572800
11-10 06:04:02.249: I/ThermalEngine(385): ACTION: CPU - Setting CPU[3] to 2572800
11-10 06:04:02.262: I/art(7112): Background sticky concurrent mark sweep GC freed 136385(13MB) AllocSpace objects, 0(0B) LOS objects, 19% free, 31MB/38MB, paused 9.969ms total 185.197ms
11-10 06:04:02.314: I/ThermalEngine(385): ACTION: CPU - Setting CPU[0] to 2496000
11-10 06:04:02.314: I/ThermalEngine(385): ACTION: CPU - Setting CPU[1] to 2496000
11-10 06:04:02.315: I/ThermalEngine(385): ACTION: CPU - Setting CPU[2] to 2496000
11-10 06:04:02.315: I/ThermalEngine(385): ACTION: CPU - Setting CPU[3] to 2496000
11-10 06:04:02.380: I/ThermalEngine(385): ACTION: CPU - Setting CPU[0] to 2572800
11-10 06:04:02.380: I/ThermalEngine(385): ACTION: CPU - Setting CPU[1] to 2572800
11-10 06:04:02.380: I/ThermalEngine(385): ACTION: CPU - Setting CPU[2] to 2572800
11-10 06:04:02.380: I/ThermalEngine(385): ACTION: CPU - Setting CPU[3] to 2572800
11-10 06:04:02.446: I/ThermalEngine(385): ACTION: CPU - Setting CPU[0] to 2496000
11-10 06:04:02.446: I/ThermalEngine(385): ACTION: CPU - Setting CPU[1] to 2496000
11-10 06:04:02.446: I/ThermalEngine(385): ACTION: CPU - Setting CPU[2] to 2496000
11-10 06:04:02.446: I/ThermalEngine(385): ACTION: CPU - Setting CPU[3] to 2496000
11-10 06:04:02.512: I/ThermalEngine(385): ACTION: CPU - Setting CPU[0] to 2457600
11-10 06:04:02.512: I/ThermalEngine(385): ACTION: CPU - Setting CPU[1] to 2457600
11-10 06:04:02.512: I/ThermalEngine(385): ACTION: CPU - Setting CPU[2] to 2457600
11-10 06:04:02.512: I/ThermalEngine(385): ACTION: CPU - Setting CPU[3] to 2457600
11-10 06:04:02.578: I/ThermalEngine(385): ACTION: CPU - Setting CPU[0] to 2496000
11-10 06:04:02.578: I/ThermalEngine(385): ACTION: CPU - Setting CPU[1] to 2496000
11-10 06:04:02.578: I/ThermalEngine(385): ACTION: CPU - Setting CPU[2] to 2496000
11-10 06:04:02.578: I/ThermalEngine(385): ACTION: CPU - Setting CPU[3] to 2496000
11-10 06:04:02.578: I/ThermalEngine(385): ACTION: CPU - Setting CPU[0] to 2457600
11-10 06:04:02.578: I/ThermalEngine(385): ACTION: CPU - Setting CPU[1] to 2457600
11-10 06:04:02.578: I/ThermalEngine(385): ACTION: CPU - Setting CPU[2] to 2457600
11-10 06:04:02.578: I/ThermalEngine(385): ACTION: CPU - Setting CPU[3] to 2457600
11-10 06:04:02.625: I/art(7112): Background partial concurrent mark sweep GC freed 155509(15MB) AllocSpace objects, 0(0B) LOS objects, 35% free, 28MB/44MB, paused 13.004ms total 175.643ms
11-10 06:04:02.643: I/ThermalEngine(385): ACTION: CPU - Setting CPU[0] to 2496000
11-10 06:04:02.643: I/ThermalEngine(385): ACTION: CPU - Setting CPU[1] to 2496000
11-10 06:04:02.643: I/ThermalEngine(385): ACTION: CPU - Setting CPU[2] to 2496000
11-10 06:04:02.643: I/ThermalEngine(385): ACTION: CPU - Setting CPU[3] to 2496000
11-10 06:04:02.774: I/ThermalEngine(385): ACTION: CPU - Setting CPU[0] to 2457600
11-10 06:04:02.774: I/ThermalEngine(385): ACTION: CPU - Setting CPU[1] to 2457600
11-10 06:04:02.775: I/ThermalEngine(385): ACTION: CPU - Setting CPU[2] to 2457600
11-10 06:04:02.775: I/ThermalEngine(385): ACTION: CPU - Setting CPU[3] to 2457600
11-10 06:04:02.840: I/ThermalEngine(385): ACTION: CPU - Setting CPU[0] to 2265600
11-10 06:04:02.840: I/ThermalEngine(385): ACTION: CPU - Setting CPU[1] to 2265600
11-10 06:04:02.840: I/ThermalEngine(385): ACTION: CPU - Setting CPU[2] to 2265600
11-10 06:04:02.840: I/ThermalEngine(385): ACTION: CPU - Setting CPU[3] to 2265600
11-10 06:04:02.905: I/ThermalEngine(385): ACTION: CPU - Setting CPU[0] to 2457600
11-10 06:04:02.906: I/ThermalEngine(385): ACTION: CPU - Setting CPU[1] to 2457600
11-10 06:04:02.906: I/ThermalEngine(385): ACTION: CPU - Setting CPU[2] to 2457600
11-10 06:04:02.906: I/ThermalEngine(385): ACTION: CPU - Setting CPU[3] to 2457600
11-10 06:04:02.971: I/ThermalEngine(385): ACTION: CPU - Setting CPU[0] to 2496000
11-10 06:04:02.972: I/ThermalEngine(385): ACTION: CPU - Setting CPU[1] to 2496000
11-10 06:04:02.972: I/ThermalEngine(385): ACTION: CPU - Setting CPU[2] to 2496000
11-10 06:04:02.972: I/ThermalEngine(385): ACTION: CPU - Setting CPU[3] to 2496000
11-10 06:04:03.037: I/ThermalEngine(385): ACTION: CPU - Setting CPU[0] to 2572800
11-10 06:04:03.038: I/ThermalEngine(385): ACTION: CPU - Setting CPU[1] to 2572800
11-10 06:04:03.038: I/ThermalEngine(385): ACTION: CPU - Setting CPU[2] to 2572800
11-10 06:04:03.038: I/ThermalEngine(385): ACTION: CPU - Setting CPU[3] to 2572800
11-10 06:04:03.104: I/ThermalEngine(385): ACTION: CPU - Setting CPU[0] to 2496000
11-10 06:04:03.104: I/ThermalEngine(385): ACTION: CPU - Setting CPU[1] to 2496000
11-10 06:04:03.104: I/ThermalEngine(385): ACTION: CPU - Setting CPU[2] to 2496000
11-10 06:04:03.104: I/ThermalEngine(385): ACTION: CPU - Setting CPU[3] to 2496000
11-10 06:04:03.169: I/ThermalEngine(385): ACTION: CPU - Setting CPU[0] to 2572800
11-10 06:04:03.169: I/ThermalEngine(385): ACTION: CPU - Setting CPU[1] to 2572800
11-10 06:04:03.169: I/ThermalEngine(385): ACTION: CPU - Setting CPU[2] to 2572800
11-10 06:04:03.170: I/ThermalEngine(385): ACTION: CPU - Setting CPU[3] to 2572800
11-10 06:04:03.235: I/ThermalEngine(385): ACTION: CPU - Setting CPU[0] to 2496000
11-10 06:04:03.236: I/ThermalEngine(385): ACTION: CPU - Setting CPU[1] to 2496000
11-10 06:04:03.236: I/ThermalEngine(385): ACTION: CPU - Setting CPU[2] to 2496000
11-10 06:04:03.236: I/ThermalEngine(385): ACTION: CPU - Setting CPU[3] to 2496000
11-10 06:04:03.301: I/ThermalEngine(385): ACTION: CPU - Setting CPU[0] to 2457600
11-10 06:04:03.302: I/ThermalEngine(385): ACTION: CPU - Setting CPU[1] to 2457600
11-10 06:04:03.302: I/ThermalEngine(385): ACTION: CPU - Setting CPU[2] to 2457600
11-10 06:04:03.302: I/ThermalEngine(385): ACTION: CPU - Setting CPU[3] to 2457600
11-10 06:04:03.308: I/art(7112): Background sticky concurrent mark sweep GC freed 164796(16MB) AllocSpace objects, 0(0B) LOS objects, 18% free, 36MB/44MB, paused 13.417ms total 253.445ms
11-10 06:04:03.368: I/ThermalEngine(385): ACTION: CPU - Setting CPU[0] to 2265600
11-10 06:04:03.368: I/ThermalEngine(385): ACTION: CPU - Setting CPU[1] to 2265600
11-10 06:04:03.368: I/ThermalEngine(385): ACTION: CPU - Setting CPU[2] to 2265600
11-10 06:04:03.368: I/ThermalEngine(385): ACTION: CPU - Setting CPU[3] to 2265600
11-10 06:04:03.433: I/ThermalEngine(385): ACTION: CPU - Setting CPU[0] to 2457600
11-10 06:04:03.434: I/ThermalEngine(385): ACTION: CPU - Setting CPU[1] to 2457600
11-10 06:04:03.434: I/ThermalEngine(385): ACTION: CPU - Setting CPU[2] to 2457600
11-10 06:04:03.434: I/ThermalEngine(385): ACTION: CPU - Setting CPU[3] to 2457600
11-10 06:04:03.500: I/ThermalEngine(385): ACTION: CPU - Setting CPU[0] to 2496000
11-10 06:04:03.500: I/ThermalEngine(385): ACTION: CPU - Setting CPU[1] to 2496000
11-10 06:04:03.500: I/ThermalEngine(385): ACTION: CPU - Setting CPU[2] to 2496000
11-10 06:04:03.500: I/ThermalEngine(385): ACTION: CPU - Setting CPU[3] to 2496000
11-10 06:04:03.565: I/ThermalEngine(385): ACTION: CPU - Setting CPU[0] to 2572800
11-10 06:04:03.565: I/ThermalEngine(385): ACTION: CPU - Setting CPU[1] to 2572800
11-10 06:04:03.565: I/ThermalEngine(385): ACTION: CPU - Setting CPU[2] to 2572800
11-10 06:04:03.565: I/ThermalEngine(385): ACTION: CPU - Setting CPU[3] to 2572800
11-10 06:04:03.630: I/ThermalEngine(385): ACTION: CPU - Setting CPU[0] to 2496000
11-10 06:04:03.631: I/ThermalEngine(385): ACTION: CPU - Setting CPU[1] to 2496000
11-10 06:04:03.631: I/ThermalEngine(385): ACTION: CPU - Setting CPU[2] to 2496000
11-10 06:04:03.631: I/ThermalEngine(385): ACTION: CPU - Setting CPU[3] to 2496000
11-10 06:04:03.696: I/ThermalEngine(385): ACTION: CPU - Setting CPU[0] to 2457600
11-10 06:04:03.696: I/ThermalEngine(385): ACTION: CPU - Setting CPU[1] to 2457600
11-10 06:04:03.696: I/ThermalEngine(385): ACTION: CPU - Setting CPU[2] to 2457600
11-10 06:04:03.696: I/ThermalEngine(385): ACTION: CPU - Setting CPU[3] to 2457600
11-10 06:04:03.761: I/art(7112): Background partial concurrent mark sweep GC freed 221645(22MB) AllocSpace objects, 0(0B) LOS objects, 34% free, 29MB/45MB, paused 8.103ms total 225.994ms
11-10 06:04:03.762: I/ThermalEngine(385): ACTION: CPU - Setting CPU[0] to 2265600
11-10 06:04:03.762: I/ThermalEngine(385): ACTION: CPU - Setting CPU[1] to 2265600
11-10 06:04:03.762: I/ThermalEngine(385): ACTION: CPU - Setting CPU[2] to 2265600
11-10 06:04:03.762: I/ThermalEngine(385): ACTION: CPU - Setting CPU[3] to 2265600
11-10 06:04:03.828: I/ThermalEngine(385): ACTION: CPU - Setting CPU[0] to 2457600
11-10 06:04:03.828: I/ThermalEngine(385): ACTION: CPU - Setting CPU[1] to 2457600
11-10 06:04:03.828: I/ThermalEngine(385): ACTION: CPU - Setting CPU[2] to 2457600
11-10 06:04:03.828: I/ThermalEngine(385): ACTION: CPU - Setting CPU[3] to 2457600
11-10 06:04:03.893: I/ThermalEngine(385): ACTION: CPU - Setting CPU[0] to 2496000
11-10 06:04:03.893: I/ThermalEngine(385): ACTION: CPU - Setting CPU[1] to 2496000
11-10 06:04:03.893: I/ThermalEngine(385): ACTION: CPU - Setting CPU[2] to 2496000
11-10 06:04:03.893: I/ThermalEngine(385): ACTION: CPU - Setting CPU[3] to 2496000
11-10 06:04:03.959: I/ThermalEngine(385): ACTION: CPU - Setting CPU[0] to 2572800
11-10 06:04:03.959: I/ThermalEngine(385): ACTION: CPU - Setting CPU[1] to 2572800
11-10 06:04:03.959: I/ThermalEngine(385): ACTION: CPU - Setting CPU[2] to 2572800
11-10 06:04:03.959: I/ThermalEngine(385): ACTION: CPU - Setting CPU[3] to 2572800
11-10 06:04:04.025: I/ThermalEngine(385): ACTION: CPU - Setting CPU[0] to 2496000
11-10 06:04:04.025: I/ThermalEngine(385): ACTION: CPU - Setting CPU[1] to 2496000
11-10 06:04:04.025: I/ThermalEngine(385): ACTION: CPU - Setting CPU[2] to 2496000
11-10 06:04:04.025: I/ThermalEngine(385): ACTION: CPU - Setting CPU[3] to 2496000
11-10 06:04:04.090: I/ThermalEngine(385): ACTION: CPU - Setting CPU[0] to 2457600
11-10 06:04:04.092: I/ThermalEngine(385): ACTION: CPU - Setting CPU[1] to 2457600
11-10 06:04:04.092: I/ThermalEngine(385): ACTION: CPU - Setting CPU[2] to 2457600
11-10 06:04:04.092: I/ThermalEngine(385): ACTION: CPU - Setting CPU[3] to 2457600
11-10 06:04:04.158: I/ThermalEngine(385): ACTION: CPU - Setting CPU[0] to 2265600
11-10 06:04:04.158: I/ThermalEngine(385): ACTION: CPU - Setting CPU[1] to 2265600
11-10 06:04:04.158: I/ThermalEngine(385): ACTION: CPU - Setting CPU[2] to 2265600
11-10 06:04:04.158: I/ThermalEngine(385): ACTION: CPU - Setting CPU[3] to 2265600
11-10 06:04:04.223: I/ThermalEngine(385): ACTION: CPU - Setting CPU[0] to 2457600
11-10 06:04:04.223: I/ThermalEngine(385): ACTION: CPU - Setting CPU[1] to 2457600
11-10 06:04:04.223: I/ThermalEngine(385): ACTION: CPU - Setting CPU[2] to 2457600
11-10 06:04:04.223: I/ThermalEngine(385): ACTION: CPU - Setting CPU[3] to 2457600
11-10 06:04:04.289: I/ThermalEngine(385): ACTION: CPU - Setting CPU[0] to 2496000
11-10 06:04:04.290: I/ThermalEngine(385): ACTION: CPU - Setting CPU[1] to 2496000
11-10 06:04:04.290: I/ThermalEngine(385): ACTION: CPU - Setting CPU[2] to 2496000
11-10 06:04:04.290: I/ThermalEngine(385): ACTION: CPU - Setting CPU[3] to 2496000
11-10 06:04:04.355: I/ThermalEngine(385): ACTION: CPU - Setting CPU[0] to 2572800
11-10 06:04:04.355: I/ThermalEngine(385): ACTION: CPU - Setting CPU[1] to 2572800
11-10 06:04:04.355: I/ThermalEngine(385): ACTION: CPU - Setting CPU[2] to 2572800
11-10 06:04:04.355: I/ThermalEngine(385): ACTION: CPU - Setting CPU[3] to 2572800
11-10 06:04:04.400: I/art(7112): Background sticky concurrent mark sweep GC freed 174094(17MB) AllocSpace objects, 0(0B) LOS objects, 22% free, 35MB/45MB, paused 10.509ms total 217.417ms
11-10 06:04:04.420: I/ThermalEngine(385): ACTION: CPU - Setting CPU[0] to 2649600
11-10 06:04:04.420: I/ThermalEngine(385): ACTION: CPU - Setting CPU[1] to 2649600
11-10 06:04:04.421: I/ThermalEngine(385): ACTION: CPU - Setting CPU[2] to 2649600
11-10 06:04:04.421: I/ThermalEngine(385): ACTION: CPU - Setting CPU[3] to 2649600
11-10 06:04:04.486: I/ThermalEngine(385): ACTION: CPU - Setting CPU[0] to 2572800
11-10 06:04:04.487: I/ThermalEngine(385): ACTION: CPU - Setting CPU[1] to 2572800
11-10 06:04:04.487: I/ThermalEngine(385): ACTION: CPU - Setting CPU[2] to 2572800
11-10 06:04:04.487: I/ThermalEngine(385): ACTION: CPU - Setting CPU[3] to 2572800
11-10 06:04:04.552: I/ThermalEngine(385): ACTION: CPU - Setting CPU[0] to 2496000
11-10 06:04:04.552: I/ThermalEngine(385): ACTION: CPU - Setting CPU[1] to 2496000
11-10 06:04:04.552: I/ThermalEngine(385): ACTION: CPU - Setting CPU[2] to 2496000
11-10 06:04:04.552: I/ThermalEngine(385): ACTION: CPU - Setting CPU[3] to 2496000
11-10 06:04:04.617: I/ThermalEngine(385): ACTION: CPU - Setting CPU[0] to 2457600
11-10 06:04:04.618: I/ThermalEngine(385): ACTION: CPU - Setting CPU[1] to 2457600
11-10 06:04:04.618: I/ThermalEngine(385): ACTION: CPU - Setting CPU[2] to 2457600
11-10 06:04:04.618: I/ThermalEngine(385): ACTION: CPU - Setting CPU[3] to 2457600
11-10 06:04:04.683: I/ThermalEngine(385): ACTION: CPU - Setting CPU[0] to 2265600
11-10 06:04:04.683: I/ThermalEngine(385): ACTION: CPU - Setting CPU[1] to 2265600
11-10 06:04:04.683: I/ThermalEngine(385): ACTION: CPU - Setting CPU[2] to 2265600
11-10 06:04:04.683: I/ThermalEngine(385): ACTION: CPU - Setting CPU[3] to 2265600
11-10 06:04:04.749: I/ThermalEngine(385): ACTION: CPU - Setting CPU[0] to 2457600
11-10 06:04:04.749: I/ThermalEngine(385): ACTION: CPU - Setting CPU[1] to 2457600
11-10 06:04:04.749: I/ThermalEngine(385): ACTION: CPU - Setting CPU[2] to 2457600
11-10 06:04:04.749: I/ThermalEngine(385): ACTION: CPU - Setting CPU[3] to 2457600
11-10 06:04:04.785: I/art(7112): Background partial concurrent mark sweep GC freed 226624(23MB) AllocSpace objects, 0(0B) LOS objects, 39% free, 24MB/40MB, paused 3.881ms total 121.207ms
11-10 06:04:04.815: I/ThermalEngine(385): ACTION: CPU - Setting CPU[0] to 2496000
11-10 06:04:04.815: I/ThermalEngine(385): ACTION: CPU - Setting CPU[1] to 2496000
11-10 06:04:04.815: I/ThermalEngine(385): ACTION: CPU - Setting CPU[2] to 2496000
11-10 06:04:04.815: I/ThermalEngine(385): ACTION: CPU - Setting CPU[3] to 2496000
11-10 06:04:04.881: I/ThermalEngine(385): ACTION: CPU - Setting CPU[0] to 2572800
11-10 06:04:04.881: I/ThermalEngine(385): ACTION: CPU - Setting CPU[1] to 2572800
11-10 06:04:04.881: I/ThermalEngine(385): ACTION: CPU - Setting CPU[2] to 2572800
11-10 06:04:04.881: I/ThermalEngine(385): ACTION: CPU - Setting CPU[3] to 2572800
11-10 06:04:04.947: I/ThermalEngine(385): ACTION: CPU - Setting CPU[0] to 2649600
11-10 06:04:04.948: I/ThermalEngine(385): ACTION: CPU - Setting CPU[1] to 2649600
11-10 06:04:04.948: I/ThermalEngine(385): ACTION: CPU - Setting CPU[2] to 2649600
11-10 06:04:04.948: I/ThermalEngine(385): ACTION: CPU - Setting CPU[3] to 2649600
11-10 06:04:04.985: D/audio_hw_primary(375): disable_audio_route: reset and update mixer path: low-latency-playback
11-10 06:04:04.988: D/audio_hw_primary(375): disable_snd_device: snd_device(6: line)
11-10 06:04:05.012: I/ViewInteraction(7112): Performing 'single click' action on view with id: com.example.concurrencyeval:id/ph_run_button
11-10 06:04:05.059: D/audio_hw_primary(375): out_set_parameters: enter: usecase(1: low-latency-playback) kvpairs: routing=131072
11-10 06:04:05.072: D/audio_hw_primary(375): select_devices: out_snd_device(6: line) in_snd_device(0: none)
11-10 06:04:05.072: D/msm8974_platform(375): platform_send_audio_calibration: sending audio calibration for snd_device(6) acdb_id(77)
11-10 06:04:05.072: D/audio_hw_primary(375): enable_snd_device: snd_device(6: line)
11-10 06:04:05.085: D/audio_hw_primary(375): enable_audio_route: apply and update mixer path: low-latency-playback
11-10 06:04:05.175: D/AudioFlinger(375): mixer(0xb3d80000) throttle end: throttle time(12)
11-10 06:04:05.393: I/ThermalEngine(385): ACTION: CPU - Setting CPU[0] to 2572800
11-10 06:04:05.393: I/ThermalEngine(385): ACTION: CPU - Setting CPU[1] to 2572800
11-10 06:04:05.393: I/ThermalEngine(385): ACTION: CPU - Setting CPU[2] to 2572800
11-10 06:04:05.393: I/ThermalEngine(385): ACTION: CPU - Setting CPU[3] to 2572800
11-10 06:04:05.458: I/ThermalEngine(385): ACTION: CPU - Setting CPU[0] to 2649600
11-10 06:04:05.459: I/ThermalEngine(385): ACTION: CPU - Setting CPU[1] to 2649600
11-10 06:04:05.459: I/ThermalEngine(385): ACTION: CPU - Setting CPU[2] to 2649600
11-10 06:04:05.459: I/ThermalEngine(385): ACTION: CPU - Setting CPU[3] to 2649600
11-10 06:04:05.524: I/ThermalEngine(385): ACTION: CPU - Setting CPU[0] to 2572800
11-10 06:04:05.524: I/ThermalEngine(385): ACTION: CPU - Setting CPU[1] to 2572800
11-10 06:04:05.524: I/ThermalEngine(385): ACTION: CPU - Setting CPU[2] to 2572800
11-10 06:04:05.524: I/ThermalEngine(385): ACTION: CPU - Setting CPU[3] to 2572800
11-10 06:04:05.590: I/ThermalEngine(385): ACTION: CPU - Setting CPU[0] to 2496000
11-10 06:04:05.590: I/ThermalEngine(385): ACTION: CPU - Setting CPU[1] to 2496000
11-10 06:04:05.590: I/ThermalEngine(385): ACTION: CPU - Setting CPU[2] to 2496000
11-10 06:04:05.590: I/ThermalEngine(385): ACTION: CPU - Setting CPU[3] to 2496000
11-10 06:04:05.651: I/art(7112): Background sticky concurrent mark sweep GC freed 148540(14MB) AllocSpace objects, 0(0B) LOS objects, 22% free, 31MB/40MB, paused 9.104ms total 164.191ms
11-10 06:04:05.655: I/ThermalEngine(385): ACTION: CPU - Setting CPU[0] to 2457600
11-10 06:04:05.655: I/ThermalEngine(385): ACTION: CPU - Setting CPU[1] to 2457600
11-10 06:04:05.655: I/ThermalEngine(385): ACTION: CPU - Setting CPU[2] to 2457600
11-10 06:04:05.655: I/ThermalEngine(385): ACTION: CPU - Setting CPU[3] to 2457600
