11-10 06:04:28.906: I/ThermalEngine(385): ACTION: CPU - Setting CPU[3] to 2572800
11-10 06:04:28.971: I/ThermalEngine(385): ACTION: CPU - Setting CPU[0] to 2496000
11-10 06:04:28.971: I/ThermalEngine(385): ACTION: CPU - Setting CPU[1] to 2496000
11-10 06:04:28.971: I/ThermalEngine(385): ACTION: CPU - Setting CPU[2] to 2496000
11-10 06:04:28.971: I/ThermalEngine(385): ACTION: CPU - Setting CPU[3] to 2496000
11-10 06:04:29.037: I/ThermalEngine(385): ACTION: CPU - Setting CPU[0] to 2572800
11-10 06:04:29.037: I/ThermalEngine(385): ACTION: CPU - Setting CPU[1] to 2572800
11-10 06:04:29.037: I/ThermalEngine(385): ACTION: CPU - Setting CPU[2] to 2572800
11-10 06:04:29.037: I/ThermalEngine(385): ACTION: CPU - Setting CPU[3] to 2572800
11-10 06:04:29.104: I/ThermalEngine(385): ACTION: CPU - Setting CPU[0] to 2496000
11-10 06:04:29.104: I/ThermalEngine(385): ACTION: CPU - Setting CPU[1] to 2496000
11-10 06:04:29.104: I/ThermalEngine(385): ACTION: CPU - Setting CPU[2] to 2496000
11-10 06:04:29.104: I/ThermalEngine(385): ACTION: CPU - Setting CPU[3] to 2496000
11-10 06:04:29.170: I/ThermalEngine(385): ACTION: CPU - Setting CPU[0] to 2572800
11-10 06:04:29.170: I/ThermalEngine(385): ACTION: CPU - Setting CPU[1] to 2572800
11-10 06:04:29.170: I/ThermalEngine(385): ACTION: CPU - Setting CPU[2] to 2572800
11-10 06:04:29.170: I/ThermalEngine(385): ACTION: CPU - Setting CPU[3] to 2572800
11-10 06:04:29.181: I/art(7112): Background partial concurrent mark sweep GC freed 266082(26MB) AllocSpace objects, 0(0B) LOS objects, 21% free, 59MB/75MB, paused 21.887ms total 940.334ms
11-10 06:04:29.236: I/ThermalEngine(385): ACTION: CPU - Setting CPU[0] to 2649600
11-10 06:04:29.236: I/ThermalEngine(385): ACTION: CPU - Setting CPU[1] to 2649600
11-10 06:04:29.236: I/ThermalEngine(385): ACTION: CPU - Setting CPU[2] to 2649600
11-10 06:04:29.236: I/ThermalEngine(385): ACTION: CPU - Setting CPU[3] to 2649600
11-10 06:04:29.236: I/ThermalEngine(385): ACTION: CPU - Setting CPU[0] to 2572800
11-10 06:04:29.236: I/ThermalEngine(385): ACTION: CPU - Setting CPU[1] to 2572800
11-10 06:04:29.236: I/ThermalEngine(385): ACTION: CPU - Setting CPU[2] to 2572800
11-10 06:04:29.236: I/ThermalEngine(385): ACTION: CPU - Setting CPU[3] to 2572800
11-10 06:04:29.302: I/ThermalEngine(385): ACTION: CPU - Setting CPU[0] to 2496000
11-10 06:04:29.302: I/ThermalEngine(385): ACTION: CPU - Setting CPU[1] to 2496000
11-10 06:04:29.302: I/ThermalEngine(385): ACTION: CPU - Setting CPU[2] to 2496000
11-10 06:04:29.302: I/ThermalEngine(385): ACTION: CPU - Setting CPU[3] to 2496000
11-10 06:04:29.367: I/ThermalEngine(385): ACTION: CPU - Setting CPU[0] to 2572800
11-10 06:04:29.368: I/ThermalEngine(385): ACTION: CPU - Setting CPU[1] to 2572800
11-10 06:04:29.368: I/ThermalEngine(385): ACTION: CPU - Setting CPU[2] to 2572800
11-10 06:04:29.368: I/ThermalEngine(385): ACTION: CPU - Setting CPU[3] to 2572800
11-10 06:04:29.433: I/ThermalEngine(385): ACTION: CPU - Setting CPU[0] to 2649600
11-10 06:04:29.433: I/ThermalEngine(385): ACTION: CPU - Setting CPU[1] to 2649600
11-10 06:04:29.433: I/ThermalEngine(385): ACTION: CPU - Setting CPU[2] to 2649600
11-10 06:04:29.433: I/ThermalEngine(385): ACTION: CPU - Setting CPU[3] to 2649600
11-10 06:04:29.499: I/ThermalEngine(385): ACTION: CPU - Setting CPU[0] to 2572800
11-10 06:04:29.499: I/ThermalEngine(385): ACTION: CPU - Setting CPU[1] to 2572800
11-10 06:04:29.499: I/ThermalEngine(385): ACTION: CPU - Setting CPU[2] to 2572800
11-10 06:04:29.499: I/ThermalEngine(385): ACTION: CPU - Setting CPU[3] to 2572800
11-10 06:04:29.564: I/ThermalEngine(385): ACTION: CPU - Setting CPU[0] to 2496000
11-10 06:04:29.564: I/ThermalEngine(385): ACTION: CPU - Setting CPU[1] to 2496000
11-10 06:04:29.564: I/ThermalEngine(385): ACTION: CPU - Setting CPU[2] to 2496000
11-10 06:04:29.564: I/ThermalEngine(385): ACTION: CPU - Setting CPU[3] to 2496000
11-10 06:04:29.630: I/ThermalEngine(385): ACTION: CPU - Setting CPU[0] to 2572800
11-10 06:04:29.630: I/ThermalEngine(385): ACTION: CPU - Setting CPU[1] to 2572800
11-10 06:04:29.630: I/ThermalEngine(385): ACTION: CPU - Setting CPU[2] to 2572800
11-10 06:04:29.630: I/ThermalEngine(385): ACTION: CPU - Setting CPU[3] to 2572800
11-10 06:04:29.695: I/ThermalEngine(385): ACTION: CPU - Setting CPU[0] to 2496000
11-10 06:04:29.695: I/ThermalEngine(385): ACTION: CPU - Setting CPU[1] to 2496000
11-10 06:04:29.695: I/ThermalEngine(385): ACTION: CPU - Setting CPU[2] to 2496000
11-10 06:04:29.695: I/ThermalEngine(385): ACTION: CPU - Setting CPU[3] to 2496000
11-10 06:04:29.760: I/ThermalEngine(385): ACTION: CPU - Setting CPU[0] to 2457600
11-10 06:04:29.761: I/ThermalEngine(385): ACTION: CPU - Setting CPU[1] to 2457600
11-10 06:04:29.761: I/ThermalEngine(385): ACTION: CPU - Setting CPU[2] to 2457600
11-10 06:04:29.761: I/ThermalEngine(385): ACTION: CPU - Setting CPU[3] to 2457600
11-10 06:04:29.826: I/ThermalEngine(385): ACTION: CPU - Setting CPU[0] to 2265600
11-10 06:04:29.826: I/ThermalEngine(385): ACTION: CPU - Setting CPU[1] to 2265600
11-10 06:04:29.826: I/ThermalEngine(385): ACTION: CPU - Setting CPU[2] to 2265600
11-10 06:04:29.826: I/ThermalEngine(385): ACTION: CPU - Setting CPU[3] to 2265600
11-10 06:04:29.892: I/ThermalEngine(385): ACTION: CPU - Setting CPU[0] to 2457600
11-10 06:04:29.892: I/ThermalEngine(385): ACTION: CPU - Setting CPU[1] to 2457600
11-10 06:04:29.892: I/ThermalEngine(385): ACTION: CPU - Setting CPU[2] to 2457600
11-10 06:04:29.892: I/ThermalEngine(385): ACTION: CPU - Setting CPU[3] to 2457600
11-10 06:04:29.957: I/ThermalEngine(385): ACTION: CPU - Setting CPU[0] to 2496000
11-10 06:04:29.957: I/ThermalEngine(385): ACTION: CPU - Setting CPU[1] to 2496000
11-10 06:04:29.957: I/ThermalEngine(385): ACTION: CPU - Setting CPU[2] to 2496000
11-10 06:04:29.957: I/ThermalEngine(385): ACTION: CPU - Setting CPU[3] to 2496000
11-10 06:04:30.023: I/ThermalEngine(385): ACTION: CPU - Setting CPU[0] to 2572800
11-10 06:04:30.023: I/ThermalEngine(385): ACTION: CPU - Setting CPU[1] to 2572800
11-10 06:04:30.023: I/ThermalEngine(385): ACTION: CPU - Setting CPU[2] to 2572800
11-10 06:04:30.023: I/ThermalEngine(385): ACTION: CPU - Setting CPU[3] to 2572800
11-10 06:04:30.088: I/ThermalEngine(385): ACTION: CPU - Setting CPU[0] to 2496000
11-10 06:04:30.088: I/ThermalEngine(385): ACTION: CPU - Setting CPU[1] to 2496000
11-10 06:04:30.088: I/ThermalEngine(385): ACTION: CPU - Setting CPU[2] to 2496000
11-10 06:04:30.088: I/ThermalEngine(385): ACTION: CPU - Setting CPU[3] to 2496000
11-10 06:04:30.154: I/ThermalEngine(385): ACTION: CPU - Setting CPU[0] to 2457600
11-10 06:04:30.154: I/ThermalEngine(385): ACTION: CPU - Setting CPU[1] to 2457600
11-10 06:04:30.154: I/ThermalEngine(385): ACTION: CPU - Setting CPU[2] to 2457600
11-10 06:04:30.154: I/ThermalEngine(385): ACTION: CPU - Setting CPU[3] to 2457600
11-10 06:04:30.219: I/ThermalEngine(385): ACTION: CPU - Setting CPU[0] to 2265600
11-10 06:04:30.219: I/ThermalEngine(385): ACTION: CPU - Setting CPU[1] to 2265600
11-10 06:04:30.220: I/ThermalEngine(385): ACTION: CPU - Setting CPU[2] to 2265600
11-10 06:04:30.220: I/ThermalEngine(385): ACTION: CPU - Setting CPU[3] to 2265600
11-10 06:04:30.285: I/ThermalEngine(385): ACTION: CPU - Setting CPU[0] to 2457600
11-10 06:04:30.285: I/ThermalEngine(385): ACTION: CPU - Setting CPU[1] to 2457600
11-10 06:04:30.285: I/ThermalEngine(385): ACTION: CPU - Setting CPU[2] to 2457600
11-10 06:04:30.285: I/ThermalEngine(385): ACTION: CPU - Setting CPU[3] to 2457600
11-10 06:04:30.350: I/ThermalEngine(385): ACTION: CPU - Setting CPU[0] to 2496000
11-10 06:04:30.351: I/ThermalEngine(385): ACTION: CPU - Setting CPU[1] to 2496000
11-10 06:04:30.351: I/ThermalEngine(385): ACTION: CPU - Setting CPU[2] to 2496000
11-10 06:04:30.351: I/ThermalEngine(385): ACTION: CPU - Setting CPU[3] to 2496000
11-10 06:04:30.416: I/ThermalEngine(385): ACTION: CPU - Setting CPU[0] to 2572800
11-10 06:04:30.416: I/ThermalEngine(385): ACTION: CPU - Setting CPU[1] to 2572800
11-10 06:04:30.416: I/ThermalEngine(385): ACTION: CPU - Setting CPU[2] to 2572800
11-10 06:04:30.416: I/ThermalEngine(385): ACTION: CPU - Setting CPU[3] to 2572800
11-10 06:04:30.481: I/ThermalEngine(385): ACTION: CPU - Setting CPU[0] to 2496000
11-10 06:04:30.482: I/ThermalEngine(385): ACTION: CPU - Setting CPU[1] to 2496000
11-10 06:04:30.482: I/ThermalEngine(385): ACTION: CPU - Setting CPU[2] to 2496000
11-10 06:04:30.482: I/ThermalEngine(385): ACTION: CPU - Setting CPU[3] to 2496000
11-10 06:04:30.547: I/ThermalEngine(385): ACTION: CPU - Setting CPU[0] to 2572800
11-10 06:04:30.547: I/ThermalEngine(385): ACTION: CPU - Setting CPU[1] to 2572800
11-10 06:04:30.547: I/ThermalEngine(385): ACTION: CPU - Setting CPU[2] to 2572800
11-10 06:04:30.547: I/ThermalEngine(385): ACTION: CPU - Setting CPU[3] to 2572800
11-10 06:04:30.613: I/ThermalEngine(385): ACTION: CPU - Setting CPU[0] to 2496000
11-10 06:04:30.613: I/ThermalEngine(385): ACTION: CPU - Setting CPU[1] to 2496000
11-10 06:04:30.613: I/ThermalEngine(385): ACTION: CPU - Setting CPU[2] to 2496000
11-10 06:04:30.613: I/ThermalEngine(385): ACTION: CPU - Setting CPU[3] to 2496000
11-10 06:04:30.678: I/ThermalEngine(385): ACTION: CPU - Setting CPU[0] to 2457600
11-10 06:04:30.679: I/ThermalEngine(385): ACTION: CPU - Setting CPU[1] to 2457600
11-10 06:04:30.679: I/ThermalEngine(385): ACTION: CPU - Setting CPU[2] to 2457600
11-10 06:04:30.679: I/ThermalEngine(385): ACTION: CPU - Setting CPU[3] to 2457600
11-10 06:04:30.744: I/ThermalEngine(385): ACTION: CPU - Setting CPU[0] to 2265600
11-10 06:04:30.744: I/ThermalEngine(385): ACTION: CPU - Setting CPU[1] to 2265600
11-10 06:04:30.744: I/ThermalEngine(385): ACTION: CPU - Setting CPU[2] to 2265600
11-10 06:04:30.744: I/ThermalEngine(385): ACTION: CPU - Setting CPU[3] to 2265600
11-10 06:04:30.810: I/ThermalEngine(385): ACTION: CPU - Setting CPU[0] to 2457600
11-10 06:04:30.810: I/ThermalEngine(385): ACTION: CPU - Setting CPU[1] to 2457600
11-10 06:04:30.810: I/ThermalEngine(385): ACTION: CPU - Setting CPU[2] to 2457600
11-10 06:04:30.810: I/ThermalEngine(385): ACTION: CPU - Setting CPU[3] to 2457600
11-10 06:04:30.875: I/ThermalEngine(385): ACTION: CPU - Setting CPU[0] to 2496000
11-10 06:04:30.875: I/ThermalEngine(385): ACTION: CPU - Setting CPU[1] to 2496000
11-10 06:04:30.875: I/ThermalEngine(385): ACTION: CPU - Setting CPU[2] to 2496000
11-10 06:04:30.875: I/ThermalEngine(385): ACTION: CPU - Setting CPU[3] to 2496000
11-10 06:04:30.941: I/ThermalEngine(385): ACTION: CPU - Setting CPU[0] to 2457600
11-10 06:04:30.941: I/ThermalEngine(385): ACTION: CPU - Setting CPU[1] to 2457600
11-10 06:04:30.941: I/ThermalEngine(385): ACTION: CPU - Setting CPU[2] to 2457600
11-10 06:04:30.941: I/ThermalEngine(385): ACTION: CPU - Setting CPU[3] to 2457600
11-10 06:04:31.006: I/ThermalEngine(385): ACTION: CPU - Setting CPU[0] to 2265600
11-10 06:04:31.006: I/ThermalEngine(385): ACTION: CPU - Setting CPU[1] to 2265600
11-10 06:04:31.006: I/ThermalEngine(385): ACTION: CPU - Setting CPU[2] to 2265600
11-10 06:04:31.006: I/ThermalEngine(385): ACTION: CPU - Setting CPU[3] to 2265600
11-10 06:04:31.045: I/art(7112): Background sticky concurrent mark sweep GC freed 627903(62MB) AllocSpace objects, 0(0B) LOS objects, 18% free, 61MB/75MB, paused 27.162ms total 1.447s
11-10 06:04:31.071: I/ThermalEngine(385): ACTION: CPU - Setting CPU[0] to 2457600
11-10 06:04:31.072: I/ThermalEngine(385): ACTION: CPU - Setting CPU[1] to 2457600
11-10 06:04:31.072: I/ThermalEngine(385): ACTION: CPU - Setting CPU[2] to 2457600
11-10 06:04:31.072: I/ThermalEngine(385): ACTION: CPU - Setting CPU[3] to 2457600
11-10 06:04:31.106: D/ConnectivityService(885): updateNetworkScore for NetworkAgentInfo [WIFI () - 100] to 55
11-10 06:04:31.137: I/ThermalEngine(385): ACTION: CPU - Setting CPU[0] to 2496000
11-10 06:04:31.137: I/ThermalEngine(385): ACTION: CPU - Setting CPU[1] to 2496000
11-10 06:04:31.138: I/ThermalEngine(385): ACTION: CPU - Setting CPU[2] to 2496000
11-10 06:04:31.138: I/ThermalEngine(385): ACTION: CPU - Setting CPU[3] to 2496000
11-10 06:04:31.203: I/ThermalEngine(385): ACTION: CPU - Setting CPU[0] to 2572800
11-10 06:04:31.203: I/ThermalEngine(385): ACTION: CPU - Setting CPU[1] to 2572800
11-10 06:04:31.203: I/ThermalEngine(385): ACTION: CPU - Setting CPU[2] to 2572800
11-10 06:04:31.203: I/ThermalEngine(385): ACTION: CPU - Setting CPU[3] to 2572800
11-10 06:04:31.258: D/audio_hw_primary(375): disable_audio_route: reset and update mixer path: low-latency-playback
11-10 06:04:31.259: D/audio_hw_primary(375): disable_snd_device: snd_device(6: line)
11-10 06:04:31.269: I/ThermalEngine(385): ACTION: CPU - Setting CPU[0] to 2649600
11-10 06:04:31.269: I/ThermalEngine(385): ACTION: CPU - Setting CPU[1] to 2649600
11-10 06:04:31.269: I/ThermalEngine(385): ACTION: CPU - Setting CPU[2] to 2649600
11-10 06:04:31.269: I/ThermalEngine(385): ACTION: CPU - Setting CPU[3] to 2649600
11-10 06:04:31.334: I/ThermalEngine(385): ACTION: CPU - Setting CPU[0] to 2572800
11-10 06:04:31.335: I/ThermalEngine(385): ACTION: CPU - Setting CPU[1] to 2572800
11-10 06:04:31.335: I/ThermalEngine(385): ACTION: CPU - Setting CPU[2] to 2572800
11-10 06:04:31.335: I/ThermalEngine(385): ACTION: CPU - Setting CPU[3] to 2572800
11-10 06:04:31.400: I/ThermalEngine(385): ACTION: CPU - Setting CPU[0] to 2496000
11-10 06:04:31.400: I/ThermalEngine(385): ACTION: CPU - Setting CPU[1] to 2496000
11-10 06:04:31.400: I/ThermalEngine(385): ACTION: CPU - Setting CPU[2] to 2496000
11-10 06:04:31.400: I/ThermalEngine(385): ACTION: CPU - Setting CPU[3] to 2496000
11-10 06:04:31.465: I/ThermalEngine(385): ACTION: CPU - Setting CPU[0] to 2572800
11-10 06:04:31.466: I/ThermalEngine(385): ACTION: CPU - Setting CPU[1] to 2572800
11-10 06:04:31.466: I/ThermalEngine(385): ACTION: CPU - Setting CPU[2] to 2572800
11-10 06:04:31.466: I/ThermalEngine(385): ACTION: CPU - Setting CPU[3] to 2572800
11-10 06:04:31.533: I/ThermalEngine(385): ACTION: CPU - Setting CPU[0] to 2649600
11-10 06:04:31.533: I/ThermalEngine(385): ACTION: CPU - Setting CPU[1] to 2649600
11-10 06:04:31.533: I/ThermalEngine(385): ACTION: CPU - Setting CPU[2] to 2649600
11-10 06:04:31.534: I/ThermalEngine(385): ACTION: CPU - Setting CPU[3] to 2649600
11-10 06:04:31.599: I/ViewInteraction(7112): Performing 'single click' action on view with id: com.example.concurrencyeval:id/ph_run_button
11-10 06:04:31.644: D/audio_hw_primary(375): out_set_parameters: enter: usecase(1: low-latency-playback) kvpairs: routing=131072
11-10 06:04:31.657: D/audio_hw_primary(375): select_devices: out_snd_device(6: line) in_snd_device(0: none)
11-10 06:04:31.657: D/msm8974_platform(375): platform_send_audio_calibration: sending audio calibration for snd_device(6) acdb_id(77)
11-10 06:04:31.657: D/audio_hw_primary(375): enable_snd_device: snd_device(6: line)
11-10 06:04:31.671: D/audio_hw_primary(375): enable_audio_route: apply and update mixer path: low-latency-playback
11-10 06:04:31.744: D/AudioFlinger(375): mixer(0xb3d80000) throttle end: throttle time(12)
11-10 06:04:31.988: I/ThermalEngine(385): ACTION: CPU - Setting CPU[0] to 2572800
11-10 06:04:31.989: I/ThermalEngine(385): ACTION: CPU - Setting CPU[1] to 2572800
11-10 06:04:31.989: I/ThermalEngine(385): ACTION: CPU - Setting CPU[2] to 2572800
11-10 06:04:31.989: I/ThermalEngine(385): ACTION: CPU - Setting CPU[3] to 2572800
11-10 06:04:32.054: I/ThermalEngine(385): ACTION: CPU - Setting CPU[0] to 2496000
11-10 06:04:32.054: I/ThermalEngine(385): ACTION: CPU - Setting CPU[1] to 2496000
11-10 06:04:32.054: I/ThermalEngine(385): ACTION: CPU - Setting CPU[2] to 2496000
11-10 06:04:32.054: I/ThermalEngine(385): ACTION: CPU - Setting CPU[3] to 2496000
11-10 06:04:32.120: I/ThermalEngine(385): ACTION: CPU - Setting CPU[0] to 2457600
11-10 06:04:32.120: I/ThermalEngine(385): ACTION: CPU - Setting CPU[1] to 2457600
11-10 06:04:32.120: I/ThermalEngine(385): ACTION: CPU - Setting CPU[2] to 2457600
11-10 06:04:32.120: I/ThermalEngine(385): ACTION: CPU - Setting CPU[3] to 2457600
11-10 06:04:32.185: I/ThermalEngine(385): ACTION: CPU - Setting CPU[0] to 2496000
11-10 06:04:32.185: I/ThermalEngine(385): ACTION: CPU - Setting CPU[1] to 2496000
11-10 06:04:32.185: I/ThermalEngine(385): ACTION: CPU - Setting CPU[2] to 2496000
11-10 06:04:32.186: I/ThermalEngine(385): ACTION: CPU - Setting CPU[3] to 2496000
11-10 06:04:32.251: I/ThermalEngine(385): ACTION: CPU - Setting CPU[0] to 2572800
11-10 06:04:32.251: I/ThermalEngine(385): ACTION: CPU - Setting CPU[1] to 2572800
11-10 06:04:32.251: I/ThermalEngine(385): ACTION: CPU - Setting CPU[2] to 2572800
11-10 06:04:32.251: I/ThermalEngine(385): ACTION: CPU - Setting CPU[3] to 2572800
11-10 06:04:32.316: I/ThermalEngine(385): ACTION: CPU - Setting CPU[0] to 2496000
11-10 06:04:32.316: I/ThermalEngine(385): ACTION: CPU - Setting CPU[1] to 2496000
11-10 06:04:32.316: I/ThermalEngine(385): ACTION: CPU - Setting CPU[2] to 2496000
11-10 06:04:32.316: I/ThermalEngine(385): ACTION: CPU - Setting CPU[3] to 2496000
11-10 06:04:32.382: I/ThermalEngine(385): ACTION: CPU - Setting CPU[0] to 2457600
11-10 06:04:32.382: I/ThermalEngine(385): ACTION: CPU - Setting CPU[1] to 2457600
11-10 06:04:32.382: I/ThermalEngine(385): ACTION: CPU - Setting CPU[2] to 2457600
11-10 06:04:32.382: I/ThermalEngine(385): ACTION: CPU - Setting CPU[3] to 2457600
11-10 06:04:32.447: I/ThermalEngine(385): ACTION: CPU - Setting CPU[0] to 2496000
11-10 06:04:32.448: I/ThermalEngine(385): ACTION: CPU - Setting CPU[1] to 2496000
11-10 06:04:32.448: I/ThermalEngine(385): ACTION: CPU - Setting CPU[2] to 2496000
11-10 06:04:32.450: I/ThermalEngine(385): ACTION: CPU - Setting CPU[3] to 2496000
11-10 06:04:32.516: I/ThermalEngine(385): ACTION: CPU - Setting CPU[0] to 2572800
11-10 06:04:32.516: I/ThermalEngine(385): ACTION: CPU - Setting CPU[1] to 2572800
11-10 06:04:32.516: I/ThermalEngine(385): ACTION: CPU - Setting CPU[2] to 2572800
11-10 06:04:32.516: I/ThermalEngine(385): ACTION: CPU - Setting CPU[3] to 2572800
11-10 06:04:32.581: I/ThermalEngine(385): ACTION: CPU - Setting CPU[0] to 2649600
11-10 06:04:32.581: I/ThermalEngine(385): ACTION: CPU - Setting CPU[1] to 2649600
11-10 06:04:32.581: I/ThermalEngine(385): ACTION: CPU - Setting CPU[2] to 2649600
11-10 06:04:32.582: I/ThermalEngine(385): ACTION: CPU - Setting CPU[3] to 2649600
11-10 06:04:32.647: I/ThermalEngine(385): ACTION: CPU - Setting CPU[0] to 2572800
11-10 06:04:32.647: I/ThermalEngine(385): ACTION: CPU - Setting CPU[1] to 2572800
11-10 06:04:32.647: I/ThermalEngine(385): ACTION: CPU - Setting CPU[2] to 2572800
11-10 06:04:32.647: I/ThermalEngine(385): ACTION: CPU - Setting CPU[3] to 2572800
11-10 06:04:32.658: W/art(7112): Suspending all threads took: 15.298ms
11-10 06:04:32.712: I/ThermalEngine(385): ACTION: CPU - Setting CPU[0] to 2496000
11-10 06:04:32.713: I/ThermalEngine(385): ACTION: CPU - Setting CPU[1] to 2496000
11-10 06:04:32.713: I/ThermalEngine(385): ACTION: CPU - Setting CPU[2] to 2496000
11-10 06:04:32.713: I/ThermalEngine(385): ACTION: CPU - Setting CPU[3] to 2496000
11-10 06:04:32.778: I/ThermalEngine(385): ACTION: CPU - Setting CPU[0] to 2457600
11-10 06:04:32.778: I/ThermalEngine(385): ACTION: CPU - Setting CPU[1] to 2457600
11-10 06:04:32.778: I/ThermalEngine(385): ACTION: CPU - Setting CPU[2] to 2457600
11-10 06:04:32.778: I/ThermalEngine(385): ACTION: CPU - Setting CPU[3] to 2457600
11-10 06:04:32.843: I/ThermalEngine(385): ACTION: CPU - Setting CPU[0] to 2265600
11-10 06:04:32.843: I/ThermalEngine(385): ACTION: CPU - Setting CPU[1] to 2265600
11-10 06:04:32.843: I/ThermalEngine(385): ACTION: CPU - Setting CPU[2] to 2265600
11-10 06:04:32.843: I/ThermalEngine(385): ACTION: CPU - Setting CPU[3] to 2265600
11-10 06:04:32.909: I/ThermalEngine(385): ACTION: CPU - Setting CPU[0] to 2457600
11-10 06:04:32.909: I/ThermalEngine(385): ACTION: CPU - Setting CPU[1] to 2457600
11-10 06:04:32.909: I/ThermalEngine(385): ACTION: CPU - Setting CPU[2] to 2457600
11-10 06:04:32.909: I/ThermalEngine(385): ACTION: CPU - Setting CPU[3] to 2457600
11-10 06:04:32.974: I/ThermalEngine(385): ACTION: CPU - Setting CPU[0] to 2265600
11-10 06:04:32.975: I/ThermalEngine(385): ACTION: CPU - Setting CPU[1] to 2265600
11-10 06:04:32.975: I/ThermalEngine(385): ACTION: CPU - Setting CPU[2] to 2265600
11-10 06:04:32.975: I/ThermalEngine(385): ACTION: CPU - Setting CPU[3] to 2265600
11-10 06:04:33.040: I/ThermalEngine(385): ACTION: CPU - Setting CPU[0] to 2457600
11-10 06:04:33.040: I/ThermalEngine(385): ACTION: CPU - Setting CPU[1] to 2457600
11-10 06:04:33.040: I/ThermalEngine(385): ACTION: CPU - Setting CPU[2] to 2457600
11-10 06:04:33.040: I/ThermalEngine(385): ACTION: CPU - Setting CPU[3] to 2457600
11-10 06:04:33.105: I/ThermalEngine(385): ACTION: CPU - Setting CPU[0] to 2265600
11-10 06:04:33.106: I/ThermalEngine(385): ACTION: CPU - Setting CPU[1] to 2265600
11-10 06:04:33.106: I/ThermalEngine(385): ACTION: CPU - Setting CPU[2] to 2265600
11-10 06:04:33.106: I/ThermalEngine(385): ACTION: CPU - Setting CPU[3] to 2265600
11-10 06:04:33.171: I/ThermalEngine(385): ACTION: CPU - Setting CPU[0] to 2457600
11-10 06:04:33.171: I/ThermalEngine(385): ACTION: CPU - Setting CPU[1] to 2457600
11-10 06:04:33.171: I/ThermalEngine(385): ACTION: CPU - Setting CPU[2] to 2457600
11-10 06:04:33.171: I/ThermalEngine(385): ACTION: CPU - Setting CPU[3] to 2457600
11-10 06:04:33.236: I/ThermalEngine(385): ACTION: CPU - Setting CPU[0] to 2265600
11-10 06:04:33.236: I/ThermalEngine(385): ACTION: CPU - Setting CPU[1] to 2265600
11-10 06:04:33.236: I/ThermalEngine(385): ACTION: CPU - Setting CPU[2] to 2265600
11-10 06:04:33.237: I/ThermalEngine(385): ACTION: CPU - Setting CPU[3] to 2265600
11-10 06:04:33.302: I/ThermalEngine(385): ACTION: CPU - Setting CPU[0] to 2457600
11-10 06:04:33.302: I/ThermalEngine(385): ACTION: CPU - Setting CPU[1] to 2457600
11-10 06:04:33.302: I/ThermalEngine(385): ACTION: CPU - Setting CPU[2] to 2457600
11-10 06:04:33.302: I/ThermalEngine(385): ACTION: CPU - Setting CPU[3] to 2457600
11-10 06:04:33.367: I/ThermalEngine(385): ACTION: CPU - Setting CPU[0] to 2496000
11-10 06:04:33.368: I/ThermalEngine(385): ACTION: CPU - Setting CPU[1] to 2496000
11-10 06:04:33.368: I/ThermalEngine(385): ACTION: CPU - Setting CPU[2] to 2496000
11-10 06:04:33.368: I/ThermalEngine(385): ACTION: CPU - Setting CPU[3] to 2496000
11-10 06:04:33.433: I/ThermalEngine(385): ACTION: CPU - Setting CPU[0] to 2457600
11-10 06:04:33.433: I/ThermalEngine(385): ACTION: CPU - Setting CPU[1] to 2457600
11-10 06:04:33.433: I/ThermalEngine(385): ACTION: CPU - Setting CPU[2] to 2457600
11-10 06:04:33.434: I/ThermalEngine(385): ACTION: CPU - Setting CPU[3] to 2457600
11-10 06:04:33.499: I/ThermalEngine(385): ACTION: CPU - Setting CPU[0] to 2265600
11-10 06:04:33.499: I/ThermalEngine(385): ACTION: CPU - Setting CPU[1] to 2265600
11-10 06:04:33.499: I/ThermalEngine(385): ACTION: CPU - Setting CPU[2] to 2265600
11-10 06:04:33.499: I/ThermalEngine(385): ACTION: CPU - Setting CPU[3] to 2265600
11-10 06:04:33.564: I/ThermalEngine(385): ACTION: CPU - Setting CPU[0] to 2457600
11-10 06:04:33.565: I/ThermalEngine(385): ACTION: CPU - Setting CPU[1] to 2457600
11-10 06:04:33.565: I/ThermalEngine(385): ACTION: CPU - Setting CPU[2] to 2457600
11-10 06:04:33.565: I/ThermalEngine(385): ACTION: CPU - Setting CPU[3] to 2457600
11-10 06:04:33.630: I/ThermalEngine(385): ACTION: CPU - Setting CPU[0] to 2496000
11-10 06:04:33.630: I/ThermalEngine(385): ACTION: CPU - Setting CPU[1] to 2496000
11-10 06:04:33.630: I/ThermalEngine(385): ACTION: CPU - Setting CPU[2] to 2496000
11-10 06:04:33.630: I/ThermalEngine(385): ACTION: CPU - Setting CPU[3] to 2496000
11-10 06:04:33.696: I/ThermalEngine(385): ACTION: CPU - Setting CPU[0] to 2457600
11-10 06:04:33.696: I/ThermalEngine(385): ACTION: CPU - Setting CPU[1] to 2457600
11-10 06:04:33.696: I/ThermalEngine(385): ACTION: CPU - Setting CPU[2] to 2457600
11-10 06:04:33.696: I/ThermalEngine(385): ACTION: CPU - Setting CPU[3] to 2457600
11-10 06:04:33.761: I/ThermalEngine(385): ACTION: CPU - Setting CPU[0] to 2265600
11-10 06:04:33.762: I/ThermalEngine(385): ACTION: CPU - Setting CPU[1] to 2265600
11-10 06:04:33.762: I/ThermalEngine(385): ACTION: CPU - Setting CPU[2] to 2265600
11-10 06:04:33.762: I/ThermalEngine(385): ACTION: CPU - Setting CPU[3] to 2265600
11-10 06:04:33.827: I/ThermalEngine(385): ACTION: CPU - Setting CPU[0] to 2457600
11-10 06:04:33.827: I/ThermalEngine(385): ACTION: CPU - Setting CPU[1] to 2457600
11-10 06:04:33.827: I/ThermalEngine(385): ACTION: CPU - Setting CPU[2] to 2457600
11-10 06:04:33.827: I/ThermalEngine(385): ACTION: CPU - Setting CPU[3] to 2457600
11-10 06:04:33.893: I/ThermalEngine(385): ACTION: CPU - Setting CPU[0] to 2496000
11-10 06:04:33.893: I/ThermalEngine(385): ACTION: CPU - Setting CPU[1] to 2496000
11-10 06:04:33.893: I/ThermalEngine(385): ACTION: CPU - Setting CPU[2] to 2496000
11-10 06:04:33.893: I/ThermalEngine(385): ACTION: CPU - Setting CPU[3] to 2496000
11-10 06:04:33.959: I/ThermalEngine(385): ACTION: CPU - Setting CPU[0] to 2457600
11-10 06:04:33.959: I/ThermalEngine(385): ACTION: CPU - Setting CPU[1] to 2457600
11-10 06:04:33.959: I/ThermalEngine(385): ACTION: CPU - Setting CPU[2] to 2457600
11-10 06:04:33.959: I/ThermalEngine(385): ACTION: CPU - Setting CPU[3] to 2457600
11-10 06:04:34.025: I/ThermalEngine(385): ACTION: CPU - Setting CPU[0] to 2265600
11-10 06:04:34.025: I/ThermalEngine(385): ACTION: CPU - Setting CPU[1] to 2265600
11-10 06:04:34.025: I/ThermalEngine(385): ACTION: CPU - Setting CPU[2] to 2265600
11-10 06:04:34.025: I/ThermalEngine(385): ACTION: CPU - Setting CPU[3] to 2265600
11-10 06:04:34.032: I/art(7112): Background partial concurrent mark sweep GC freed 656648(66MB) AllocSpace objects, 0(0B) LOS objects, 14% free, 94MB/110MB, paused 70.082ms total 2.236s
11-10 06:04:34.090: I/ThermalEngine(385): ACTION: CPU - Setting CPU[0] to 2457600
11-10 06:04:34.090: I/ThermalEngine(385): ACTION: CPU - Setting CPU[1] to 2457600
11-10 06:04:34.090: I/ThermalEngine(385): ACTION: CPU - Setting CPU[2] to 2457600
11-10 06:04:34.090: I/ThermalEngine(385): ACTION: CPU - Setting CPU[3] to 2457600
11-10 06:04:34.156: I/ThermalEngine(385): ACTION: CPU - Setting CPU[0] to 2496000
11-10 06:04:34.156: I/ThermalEngine(385): ACTION: CPU - Setting CPU[1] to 2496000
11-10 06:04:34.156: I/ThermalEngine(385): ACTION: CPU - Setting CPU[2] to 2496000
11-10 06:04:34.156: I/ThermalEngine(385): ACTION: CPU - Setting CPU[3] to 2496000
11-10 06:04:34.222: I/ThermalEngine(385): ACTION: CPU - Setting CPU[0] to 2457600
11-10 06:04:34.222: I/ThermalEngine(385): ACTION: CPU - Setting CPU[1] to 2457600
11-10 06:04:34.222: I/ThermalEngine(385): ACTION: CPU - Setting CPU[2] to 2457600
11-10 06:04:34.222: I/ThermalEngine(385): ACTION: CPU - Setting CPU[3] to 2457600
11-10 06:04:34.287: I/ThermalEngine(385): ACTION: CPU - Setting CPU[0] to 2265600
11-10 06:04:34.287: I/ThermalEngine(385): ACTION: CPU - Setting CPU[1] to 2265600
11-10 06:04:34.287: I/ThermalEngine(385): ACTION: CPU - Setting CPU[2] to 2265600
11-10 06:04:34.287: I/ThermalEngine(385): ACTION: CPU - Setting CPU[3] to 2265600
11-10 06:04:34.353: I/ThermalEngine(385): ACTION: CPU - Setting CPU[0] to 1958400
11-10 06:04:34.353: I/ThermalEngine(385): ACTION: CPU - Setting CPU[1] to 1958400
11-10 06:04:34.354: I/ThermalEngine(385): ACTION: CPU - Setting CPU[2] to 1958400
11-10 06:04:34.354: I/ThermalEngine(385): ACTION: CPU - Setting CPU[3] to 1958400
11-10 06:04:34.419: I/ThermalEngine(385): ACTION: CPU - Setting CPU[0] to 2265600
11-10 06:04:34.419: I/ThermalEngine(385): ACTION: CPU - Setting CPU[1] to 2265600
11-10 06:04:34.419: I/ThermalEngine(385): ACTION: CPU - Setting CPU[2] to 2265600
11-10 06:04:34.419: I/ThermalEngine(385): ACTION: CPU - Setting CPU[3] to 2265600
11-10 06:04:34.484: I/ThermalEngine(385): ACTION: CPU - Setting CPU[0] to 2457600
11-10 06:04:34.485: I/ThermalEngine(385): ACTION: CPU - Setting CPU[1] to 2457600
11-10 06:04:34.485: I/ThermalEngine(385): ACTION: CPU - Setting CPU[2] to 2457600
11-10 06:04:34.485: I/ThermalEngine(385): ACTION: CPU - Setting CPU[3] to 2457600
11-10 06:04:34.550: I/ThermalEngine(385): ACTION: CPU - Setting CPU[0] to 2496000
11-10 06:04:34.551: I/ThermalEngine(385): ACTION: CPU - Setting CPU[1] to 2496000
11-10 06:04:34.551: I/ThermalEngine(385): ACTION: CPU - Setting CPU[2] to 2496000
11-10 06:04:34.551: I/ThermalEngine(385): ACTION: CPU - Setting CPU[3] to 2496000
11-10 06:04:34.616: I/ThermalEngine(385): ACTION: CPU - Setting CPU[0] to 2572800
11-10 06:04:34.616: I/ThermalEngine(385): ACTION: CPU - Setting CPU[1] to 2572800
11-10 06:04:34.616: I/ThermalEngine(385): ACTION: CPU - Setting CPU[2] to 2572800
11-10 06:04:34.616: I/ThermalEngine(385): ACTION: CPU - Setting CPU[3] to 2572800
11-10 06:04:34.682: I/ThermalEngine(385): ACTION: CPU - Setting CPU[0] to 2649600
11-10 06:04:34.683: I/ThermalEngine(385): ACTION: CPU - Setting CPU[1] to 2649600
11-10 06:04:34.683: I/ThermalEngine(385): ACTION: CPU - Setting CPU[2] to 2649600
11-10 06:04:34.683: I/ThermalEngine(385): ACTION: CPU - Setting CPU[3] to 2649600
11-10 06:04:34.795: I/ViewInteraction(7112): Performing 'single click' action on view with id: com.example.concurrencyeval:id/ph_run_button
11-10 06:04:34.844: D/audio_hw_primary(375): out_set_parameters: enter: usecase(1: low-latency-playback) kvpairs: routing=131072
11-10 06:04:34.902: D/audio_hw_primary(375): disable_audio_route: reset and update mixer path: low-latency-playback
11-10 06:04:34.904: D/audio_hw_primary(375): disable_snd_device: snd_device(6: line)
11-10 06:04:34.926: D/audio_hw_primary(375): select_devices: out_snd_device(6: line) in_snd_device(0: none)
11-10 06:04:34.926: D/msm8974_platform(375): platform_send_audio_calibration: sending audio calibration for snd_device(6) acdb_id(77)
11-10 06:04:34.926: D/audio_hw_primary(375): enable_snd_device: snd_device(6: line)
11-10 06:04:34.943: D/audio_hw_primary(375): enable_audio_route: apply and update mixer path: low-latency-playback
11-10 06:04:35.037: D/AudioFlinger(375): mixer(0xb3d80000) throttle end: throttle time(12)
11-10 06:04:35.137: I/ThermalEngine(385): ACTION: CPU - Setting CPU[0] to 2572800
11-10 06:04:35.137: I/ThermalEngine(385): ACTION: CPU - Setting CPU[1] to 2572800
11-10 06:04:35.137: I/ThermalEngine(385): ACTION: CPU - Setting CPU[2] to 2572800
11-10 06:04:35.137: I/ThermalEngine(385): ACTION: CPU - Setting CPU[3] to 2572800
11-10 06:04:35.202: I/ThermalEngine(385): ACTION: CPU - Setting CPU[0] to 2496000
11-10 06:04:35.203: I/ThermalEngine(385): ACTION: CPU - Setting CPU[1] to 2496000
11-10 06:04:35.203: I/ThermalEngine(385): ACTION: CPU - Setting CPU[2] to 2496000
11-10 06:04:35.203: I/ThermalEngine(385): ACTION: CPU - Setting CPU[3] to 2496000
11-10 06:04:35.268: I/ThermalEngine(385): ACTION: CPU - Setting CPU[0] to 2572800
11-10 06:04:35.268: I/ThermalEngine(385): ACTION: CPU - Setting CPU[1] to 2572800
11-10 06:04:35.268: I/ThermalEngine(385): ACTION: CPU - Setting CPU[2] to 2572800
11-10 06:04:35.268: I/ThermalEngine(385): ACTION: CPU - Setting CPU[3] to 2572800
11-10 06:04:35.333: I/ThermalEngine(385): ACTION: CPU - Setting CPU[0] to 2496000
11-10 06:04:35.333: I/ThermalEngine(385): ACTION: CPU - Setting CPU[1] to 2496000
11-10 06:04:35.333: I/ThermalEngine(385): ACTION: CPU - Setting CPU[2] to 2496000
11-10 06:04:35.333: I/ThermalEngine(385): ACTION: CPU - Setting CPU[3] to 2496000
11-10 06:04:35.399: I/ThermalEngine(385): ACTION: CPU - Setting CPU[0] to 2457600
11-10 06:04:35.399: I/ThermalEngine(385): ACTION: CPU - Setting CPU[1] to 2457600
11-10 06:04:35.399: I/ThermalEngine(385): ACTION: CPU - Setting CPU[2] to 2457600
11-10 06:04:35.399: I/ThermalEngine(385): ACTION: CPU - Setting CPU[3] to 2457600
11-10 06:04:35.464: I/ThermalEngine(385): ACTION: CPU - Setting CPU[0] to 2496000
11-10 06:04:35.464: I/ThermalEngine(385): ACTION: CPU - Setting CPU[1] to 2496000
11-10 06:04:35.464: I/ThermalEngine(385): ACTION: CPU - Setting CPU[2] to 2496000
11-10 06:04:35.464: I/ThermalEngine(385): ACTION: CPU - Setting CPU[3] to 2496000
11-10 06:04:35.530: I/ThermalEngine(385): ACTION: CPU - Setting CPU[0] to 2457600
11-10 06:04:35.530: I/ThermalEngine(385): ACTION: CPU - Setting CPU[1] to 2457600
11-10 06:04:35.530: I/ThermalEngine(385): ACTION: CPU - Setting CPU[2] to 2457600
11-10 06:04:35.530: I/ThermalEngine(385): ACTION: CPU - Setting CPU[3] to 2457600
11-10 06:04:35.595: I/ThermalEngine(385): ACTION: CPU - Setting CPU[0] to 2265600
11-10 06:04:35.596: I/ThermalEngine(385): ACTION: CPU - Setting CPU[1] to 2265600
11-10 06:04:35.596: I/ThermalEngine(385): ACTION: CPU - Setting CPU[2] to 2265600
11-10 06:04:35.596: I/ThermalEngine(385): ACTION: CPU - Setting CPU[3] to 2265600
11-10 06:04:35.661: I/ThermalEngine(385): ACTION: CPU - Setting CPU[0] to 2457600
11-10 06:04:35.662: I/ThermalEngine(385): ACTION: CPU - Setting CPU[1] to 2457600
11-10 06:04:35.662: I/ThermalEngine(385): ACTION: CPU - Setting CPU[2] to 2457600
11-10 06:04:35.662: I/ThermalEngine(385): ACTION: CPU - Setting CPU[3] to 2457600
11-10 06:04:35.727: I/ThermalEngine(385): ACTION: CPU - Setting CPU[0] to 2496000
11-10 06:04:35.727: I/ThermalEngine(385): ACTION: CPU - Setting CPU[1] to 2496000
11-10 06:04:35.727: I/ThermalEngine(385): ACTION: CPU - Setting CPU[2] to 2496000
11-10 06:04:35.727: I/ThermalEngine(385): ACTION: CPU - Setting CPU[3] to 2496000
11-10 06:04:35.793: I/ThermalEngine(385): ACTION: CPU - Setting CPU[0] to 2457600
11-10 06:04:35.793: I/ThermalEngine(385): ACTION: CPU - Setting CPU[1] to 2457600
11-10 06:04:35.793: I/ThermalEngine(385): ACTION: CPU - Setting CPU[2] to 2457600
11-10 06:04:35.793: I/ThermalEngine(385): ACTION: CPU - Setting CPU[3] to 2457600
11-10 06:04:35.858: I/ThermalEngine(385): ACTION: CPU - Setting CPU[0] to 2265600
11-10 06:04:35.858: I/ThermalEngine(385): ACTION: CPU - Setting CPU[1] to 2265600
11-10 06:04:35.858: I/ThermalEngine(385): ACTION: CPU - Setting CPU[2] to 2265600
11-10 06:04:35.858: I/ThermalEngine(385): ACTION: CPU - Setting CPU[3] to 2265600
11-10 06:04:35.924: I/ThermalEngine(385): ACTION: CPU - Setting CPU[0] to 2457600
11-10 06:04:35.924: I/ThermalEngine(385): ACTION: CPU - Setting CPU[1] to 2457600
11-10 06:04:35.924: I/ThermalEngine(385): ACTION: CPU - Setting CPU[2] to 2457600
11-10 06:04:35.924: I/ThermalEngine(385): ACTION: CPU - Setting CPU[3] to 2457600
11-10 06:04:35.990: I/ThermalEngine(385): ACTION: CPU - Setting CPU[0] to 2496000
11-10 06:04:35.990: I/ThermalEngine(385): ACTION: CPU - Setting CPU[1] to 2496000
11-10 06:04:35.990: I/ThermalEngine(385): ACTION: CPU - Setting CPU[2] to 2496000
11-10 06:04:35.990: I/ThermalEngine(385): ACTION: CPU - Setting CPU[3] to 2496000
11-10 06:04:36.055: I/ThermalEngine(385): ACTION: CPU - Setting CPU[0] to 2457600
11-10 06:04:36.055: I/ThermalEngine(385): ACTION: CPU - Setting CPU[1] to 2457600
11-10 06:04:36.055: I/ThermalEngine(385): ACTION: CPU - Setting CPU[2] to 2457600
11-10 06:04:36.056: I/ThermalEngine(385): ACTION: CPU - Setting CPU[3] to 2457600
11-10 06:04:36.121: I/ThermalEngine(385): ACTION: CPU - Setting CPU[0] to 2265600
11-10 06:04:36.122: I/ThermalEngine(385): ACTION: CPU - Setting CPU[1] to 2265600
11-10 06:04:36.122: I/ThermalEngine(385): ACTION: CPU - Setting CPU[2] to 2265600
11-10 06:04:36.122: I/ThermalEngine(385): ACTION: CPU - Setting CPU[3] to 2265600
11-10 06:04:36.154: I/art(7112): Background sticky concurrent mark sweep GC freed 655228(66MB) AllocSpace objects, 0(0B) LOS objects, 14% free, 92MB/108MB, paused 25.602ms total 1.151s
11-10 06:04:36.187: I/ThermalEngine(385): ACTION: CPU - Setting CPU[0] to 2457600
11-10 06:04:36.187: I/ThermalEngine(385): ACTION: CPU - Setting CPU[1] to 2457600
11-10 06:04:36.187: I/ThermalEngine(385): ACTION: CPU - Setting CPU[2] to 2457600
11-10 06:04:36.187: I/ThermalEngine(385): ACTION: CPU - Setting CPU[3] to 2457600
11-10 06:04:36.253: I/ThermalEngine(385): ACTION: CPU - Setting CPU[0] to 2496000
11-10 06:04:36.253: I/ThermalEngine(385): ACTION: CPU - Setting CPU[1] to 2496000
11-10 06:04:36.253: I/ThermalEngine(385): ACTION: CPU - Setting CPU[2] to 2496000
11-10 06:04:36.253: I/ThermalEngine(385): ACTION: CPU - Setting CPU[3] to 2496000
11-10 06:04:36.324: I/ThermalEngine(385): ACTION: CPU - Setting CPU[0] to 2572800
11-10 06:04:36.324: I/ThermalEngine(385): ACTION: CPU - Setting CPU[1] to 2572800
11-10 06:04:36.324: I/ThermalEngine(385): ACTION: CPU - Setting CPU[2] to 2572800
11-10 06:04:36.324: I/ThermalEngine(385): ACTION: CPU - Setting CPU[3] to 2572800
11-10 06:04:36.390: I/ThermalEngine(385): ACTION: CPU - Setting CPU[0] to 2496000
11-10 06:04:36.390: I/ThermalEngine(385): ACTION: CPU - Setting CPU[1] to 2496000
11-10 06:04:36.390: I/ThermalEngine(385): ACTION: CPU - Setting CPU[2] to 2496000
11-10 06:04:36.390: I/ThermalEngine(385): ACTION: CPU - Setting CPU[3] to 2496000
11-10 06:04:36.456: I/ThermalEngine(385): ACTION: CPU - Setting CPU[0] to 2457600
11-10 06:04:36.456: I/ThermalEngine(385): ACTION: CPU - Setting CPU[1] to 2457600
11-10 06:04:36.456: I/ThermalEngine(385): ACTION: CPU - Setting CPU[2] to 2457600
11-10 06:04:36.456: I/ThermalEngine(385): ACTION: CPU - Setting CPU[3] to 2457600
11-10 06:04:36.521: I/ThermalEngine(385): ACTION: CPU - Setting CPU[0] to 2265600
11-10 06:04:36.522: I/ThermalEngine(385): ACTION: CPU - Setting CPU[1] to 2265600
11-10 06:04:36.522: I/ThermalEngine(385): ACTION: CPU - Setting CPU[2] to 2265600
11-10 06:04:36.522: I/ThermalEngine(385): ACTION: CPU - Setting CPU[3] to 2265600
11-10 06:04:36.587: I/ThermalEngine(385): ACTION: CPU - Setting CPU[0] to 1958400
11-10 06:04:36.587: I/ThermalEngine(385): ACTION: CPU - Setting CPU[1] to 1958400
11-10 06:04:36.587: I/ThermalEngine(385): ACTION: CPU - Setting CPU[2] to 1958400
11-10 06:04:36.587: I/ThermalEngine(385): ACTION: CPU - Setting CPU[3] to 1958400
11-10 06:04:36.652: I/ThermalEngine(385): ACTION: CPU - Setting CPU[0] to 2265600
11-10 06:04:36.652: I/ThermalEngine(385): ACTION: CPU - Setting CPU[1] to 2265600
11-10 06:04:36.653: I/ThermalEngine(385): ACTION: CPU - Setting CPU[2] to 2265600
11-10 06:04:36.653: I/ThermalEngine(385): ACTION: CPU - Setting CPU[3] to 2265600
11-10 06:04:36.718: I/ThermalEngine(385): ACTION: CPU - Setting CPU[0] to 2457600
11-10 06:04:36.718: I/ThermalEngine(385): ACTION: CPU - Setting CPU[1] to 2457600
11-10 06:04:36.718: I/ThermalEngine(385): ACTION: CPU - Setting CPU[2] to 2457600
11-10 06:04:36.718: I/ThermalEngine(385): ACTION: CPU - Setting CPU[3] to 2457600
11-10 06:04:36.784: I/ThermalEngine(385): ACTION: CPU - Setting CPU[0] to 2496000
11-10 06:04:36.784: I/ThermalEngine(385): ACTION: CPU - Setting CPU[1] to 2496000
11-10 06:04:36.784: I/ThermalEngine(385): ACTION: CPU - Setting CPU[2] to 2496000
11-10 06:04:36.784: I/ThermalEngine(385): ACTION: CPU - Setting CPU[3] to 2496000
11-10 06:04:36.849: I/ThermalEngine(385): ACTION: CPU - Setting CPU[0] to 2572800
11-10 06:04:36.849: I/ThermalEngine(385): ACTION: CPU - Setting CPU[1] to 2572800
11-10 06:04:36.849: I/ThermalEngine(385): ACTION: CPU - Setting CPU[2] to 2572800
11-10 06:04:36.849: I/ThermalEngine(385): ACTION: CPU - Setting CPU[3] to 2572800
11-10 06:04:36.915: I/ThermalEngine(385): ACTION: CPU - Setting CPU[0] to 2496000
11-10 06:04:36.915: I/ThermalEngine(385): ACTION: CPU - Setting CPU[1] to 2496000
11-10 06:04:36.915: I/ThermalEngine(385): ACTION: CPU - Setting CPU[2] to 2496000
11-10 06:04:36.915: I/ThermalEngine(385): ACTION: CPU - Setting CPU[3] to 2496000
11-10 06:04:36.980: I/ThermalEngine(385): ACTION: CPU - Setting CPU[0] to 2457600
11-10 06:04:36.981: I/ThermalEngine(385): ACTION: CPU - Setting CPU[1] to 2457600
11-10 06:04:36.981: I/ThermalEngine(385): ACTION: CPU - Setting CPU[2] to 2457600
11-10 06:04:36.981: I/ThermalEngine(385): ACTION: CPU - Setting CPU[3] to 2457600
11-10 06:04:37.046: I/ThermalEngine(385): ACTION: CPU - Setting CPU[0] to 2265600
11-10 06:04:37.047: I/ThermalEngine(385): ACTION: CPU - Setting CPU[1] to 2265600
11-10 06:04:37.047: I/ThermalEngine(385): ACTION: CPU - Setting CPU[2] to 2265600
11-10 06:04:37.047: I/ThermalEngine(385): ACTION: CPU - Setting CPU[3] to 2265600
11-10 06:04:37.112: I/ThermalEngine(385): ACTION: CPU - Setting CPU[0] to 2457600
11-10 06:04:37.113: I/ThermalEngine(385): ACTION: CPU - Setting CPU[1] to 2457600
11-10 06:04:37.113: I/ThermalEngine(385): ACTION: CPU - Setting CPU[2] to 2457600
11-10 06:04:37.114: I/ThermalEngine(385): ACTION: CPU - Setting CPU[3] to 2457600
11-10 06:04:37.179: I/ThermalEngine(385): ACTION: CPU - Setting CPU[0] to 2496000
11-10 06:04:37.179: I/ThermalEngine(385): ACTION: CPU - Setting CPU[1] to 2496000
11-10 06:04:37.179: I/ThermalEngine(385): ACTION: CPU - Setting CPU[2] to 2496000
11-10 06:04:37.179: I/ThermalEngine(385): ACTION: CPU - Setting CPU[3] to 2496000
11-10 06:04:37.244: I/ThermalEngine(385): ACTION: CPU - Setting CPU[0] to 2457600
11-10 06:04:37.244: I/ThermalEngine(385): ACTION: CPU - Setting CPU[1] to 2457600
11-10 06:04:37.244: I/ThermalEngine(385): ACTION: CPU - Setting CPU[2] to 2457600
11-10 06:04:37.244: I/ThermalEngine(385): ACTION: CPU - Setting CPU[3] to 2457600
11-10 06:04:37.314: I/ThermalEngine(385): ACTION: CPU - Setting CPU[0] to 2265600
11-10 06:04:37.314: I/ThermalEngine(385): ACTION: CPU - Setting CPU[1] to 2265600
11-10 06:04:37.314: I/ThermalEngine(385): ACTION: CPU - Setting CPU[2] to 2265600
11-10 06:04:37.314: I/ThermalEngine(385): ACTION: CPU - Setting CPU[3] to 2265600
11-10 06:04:37.380: I/ThermalEngine(385): ACTION: CPU - Setting CPU[0] to 1958400
11-10 06:04:37.380: I/ThermalEngine(385): ACTION: CPU - Setting CPU[1] to 1958400
11-10 06:04:37.380: I/ThermalEngine(385): ACTION: CPU - Setting CPU[2] to 1958400
11-10 06:04:37.380: I/ThermalEngine(385): ACTION: CPU - Setting CPU[3] to 1958400
11-10 06:04:37.446: I/ThermalEngine(385): ACTION: CPU - Setting CPU[0] to 2265600
11-10 06:04:37.446: I/ThermalEngine(385): ACTION: CPU - Setting CPU[1] to 2265600
11-10 06:04:37.446: I/ThermalEngine(385): ACTION: CPU - Setting CPU[2] to 2265600
11-10 06:04:37.446: I/ThermalEngine(385): ACTION: CPU - Setting CPU[3] to 2265600
11-10 06:04:37.511: I/ThermalEngine(385): ACTION: CPU - Setting CPU[0] to 2457600
11-10 06:04:37.512: I/ThermalEngine(385): ACTION: CPU - Setting CPU[1] to 2457600
11-10 06:04:37.512: I/ThermalEngine(385): ACTION: CPU - Setting CPU[2] to 2457600
11-10 06:04:37.512: I/ThermalEngine(385): ACTION: CPU - Setting CPU[3] to 2457600
11-10 06:04:37.577: I/ThermalEngine(385): ACTION: CPU - Setting CPU[0] to 2496000
11-10 06:04:37.578: I/ThermalEngine(385): ACTION: CPU - Setting CPU[1] to 2496000
11-10 06:04:37.578: I/ThermalEngine(385): ACTION: CPU - Setting CPU[2] to 2496000
11-10 06:04:37.578: I/ThermalEngine(385): ACTION: CPU - Setting CPU[3] to 2496000
11-10 06:04:37.643: I/ThermalEngine(385): ACTION: CPU - Setting CPU[0] to 2572800
11-10 06:04:37.643: I/ThermalEngine(385): ACTION: CPU - Setting CPU[1] to 2572800
11-10 06:04:37.644: I/ThermalEngine(385): ACTION: CPU - Setting CPU[2] to 2572800
11-10 06:04:37.644: I/ThermalEngine(385): ACTION: CPU - Setting CPU[3] to 2572800
11-10 06:04:37.709: I/ThermalEngine(385): ACTION: CPU - Setting CPU[0] to 2496000
11-10 06:04:37.709: I/ThermalEngine(385): ACTION: CPU - Setting CPU[1] to 2496000
11-10 06:04:37.709: I/ThermalEngine(385): ACTION: CPU - Setting CPU[2] to 2496000
11-10 06:04:37.709: I/ThermalEngine(385): ACTION: CPU - Setting CPU[3] to 2496000
11-10 06:04:37.774: I/ThermalEngine(385): ACTION: CPU - Setting CPU[0] to 2457600
11-10 06:04:37.775: I/ThermalEngine(385): ACTION: CPU - Setting CPU[1] to 2457600
11-10 06:04:37.775: I/ThermalEngine(385): ACTION: CPU - Setting CPU[2] to 2457600
11-10 06:04:37.775: I/ThermalEngine(385): ACTION: CPU - Setting CPU[3] to 2457600
11-10 06:04:37.841: I/ThermalEngine(385): ACTION: CPU - Setting CPU[0] to 2265600
11-10 06:04:37.841: I/ThermalEngine(385): ACTION: CPU - Setting CPU[1] to 2265600
11-10 06:04:37.841: I/ThermalEngine(385): ACTION: CPU - Setting CPU[2] to 2265600
11-10 06:04:37.841: I/ThermalEngine(385): ACTION: CPU - Setting CPU[3] to 2265600
11-10 06:04:37.900: I/art(7112): Background partial concurrent mark sweep GC freed 954901(95MB) AllocSpace objects, 0(0B) LOS objects, 21% free, 56MB/72MB, paused 22.531ms total 1.392s
11-10 06:04:37.906: I/ThermalEngine(385): ACTION: CPU - Setting CPU[0] to 2457600
11-10 06:04:37.906: I/ThermalEngine(385): ACTION: CPU - Setting CPU[1] to 2457600
11-10 06:04:37.906: I/ThermalEngine(385): ACTION: CPU - Setting CPU[2] to 2457600
11-10 06:04:37.906: I/ThermalEngine(385): ACTION: CPU - Setting CPU[3] to 2457600
11-10 06:04:37.972: I/ThermalEngine(385): ACTION: CPU - Setting CPU[0] to 2265600
11-10 06:04:37.972: I/ThermalEngine(385): ACTION: CPU - Setting CPU[1] to 2265600
11-10 06:04:37.972: I/ThermalEngine(385): ACTION: CPU - Setting CPU[2] to 2265600
11-10 06:04:37.972: I/ThermalEngine(385): ACTION: CPU - Setting CPU[3] to 2265600
11-10 06:04:38.037: I/ThermalEngine(385): ACTION: CPU - Setting CPU[0] to 2457600
11-10 06:04:38.038: I/ThermalEngine(385): ACTION: CPU - Setting CPU[1] to 2457600
11-10 06:04:38.038: I/ThermalEngine(385): ACTION: CPU - Setting CPU[2] to 2457600
11-10 06:04:38.038: I/ThermalEngine(385): ACTION: CPU - Setting CPU[3] to 2457600
11-10 06:04:38.104: I/ThermalEngine(385): ACTION: CPU - Setting CPU[0] to 2496000
11-10 06:04:38.104: I/ThermalEngine(385): ACTION: CPU - Setting CPU[1] to 2496000
11-10 06:04:38.104: I/ThermalEngine(385): ACTION: CPU - Setting CPU[2] to 2496000
11-10 06:04:38.104: I/ThermalEngine(385): ACTION: CPU - Setting CPU[3] to 2496000
11-10 06:04:38.170: I/ThermalEngine(385): ACTION: CPU - Setting CPU[0] to 2457600
11-10 06:04:38.170: I/ThermalEngine(385): ACTION: CPU - Setting CPU[1] to 2457600
11-10 06:04:38.170: I/ThermalEngine(385): ACTION: CPU - Setting CPU[2] to 2457600
11-10 06:04:38.170: I/ThermalEngine(385): ACTION: CPU - Setting CPU[3] to 2457600
11-10 06:04:38.194: D/audio_hw_primary(375): disable_audio_route: reset and update mixer path: low-latency-playback
11-10 06:04:38.195: D/audio_hw_primary(375): disable_snd_device: snd_device(6: line)
11-10 06:04:38.235: I/ThermalEngine(385): ACTION: CPU - Setting CPU[0] to 2496000
11-10 06:04:38.235: I/ThermalEngine(385): ACTION: CPU - Setting CPU[1] to 2496000
11-10 06:04:38.235: I/ThermalEngine(385): ACTION: CPU - Setting CPU[2] to 2496000
11-10 06:04:38.235: I/ThermalEngine(385): ACTION: CPU - Setting CPU[3] to 2496000
11-10 06:04:38.301: I/ThermalEngine(385): ACTION: CPU - Setting CPU[0] to 2572800
11-10 06:04:38.301: I/ThermalEngine(385): ACTION: CPU - Setting CPU[1] to 2572800
11-10 06:04:38.301: I/ThermalEngine(385): ACTION: CPU - Setting CPU[2] to 2572800
11-10 06:04:38.301: I/ThermalEngine(385): ACTION: CPU - Setting CPU[3] to 2572800
11-10 06:04:38.367: I/ThermalEngine(385): ACTION: CPU - Setting CPU[0] to 2649600
11-10 06:04:38.367: I/ThermalEngine(385): ACTION: CPU - Setting CPU[1] to 2649600
11-10 06:04:38.367: I/ThermalEngine(385): ACTION: CPU - Setting CPU[2] to 2649600
11-10 06:04:38.367: I/ThermalEngine(385): ACTION: CPU - Setting CPU[3] to 2649600
11-10 06:04:38.499: I/ViewInteraction(7112): Performing 'single click' action on view with id: com.example.concurrencyeval:id/ph_run_button
11-10 06:04:38.545: D/audio_hw_primary(375): out_set_parameters: enter: usecase(1: low-latency-playback) kvpairs: routing=131072
11-10 06:04:38.557: D/audio_hw_primary(375): select_devices: out_snd_device(6: line) in_snd_device(0: none)
11-10 06:04:38.557: D/msm8974_platform(375): platform_send_audio_calibration: sending audio calibration for snd_device(6) acdb_id(77)
11-10 06:04:38.557: D/audio_hw_primary(375): enable_snd_device: snd_device(6: line)
11-10 06:04:38.574: D/audio_hw_primary(375): enable_audio_route: apply and update mixer path: low-latency-playback
11-10 06:04:38.658: D/AudioFlinger(375): mixer(0xb3d80000) throttle end: throttle time(12)
11-10 06:04:38.928: I/ThermalEngine(385): ACTION: CPU - Setting CPU[0] to 2572800
11-10 06:04:38.929: I/ThermalEngine(385): ACTION: CPU - Setting CPU[1] to 2572800
11-10 06:04:38.929: I/ThermalEngine(385): ACTION: CPU - Setting CPU[2] to 2572800
11-10 06:04:38.929: I/ThermalEngine(385): ACTION: CPU - Setting CPU[3] to 2572800
11-10 06:04:38.994: I/ThermalEngine(385): ACTION: CPU - Setting CPU[0] to 2496000
11-10 06:04:38.994: I/ThermalEngine(385): ACTION: CPU - Setting CPU[1] to 2496000
11-10 06:04:38.994: I/ThermalEngine(385): ACTION: CPU - Setting CPU[2] to 2496000
11-10 06:04:38.994: I/ThermalEngine(385): ACTION: CPU - Setting CPU[3] to 2496000
11-10 06:04:39.060: I/ThermalEngine(385): ACTION: CPU - Setting CPU[0] to 2457600
11-10 06:04:39.060: I/ThermalEngine(385): ACTION: CPU - Setting CPU[1] to 2457600
11-10 06:04:39.060: I/ThermalEngine(385): ACTION: CPU - Setting CPU[2] to 2457600
11-10 06:04:39.060: I/ThermalEngine(385): ACTION: CPU - Setting CPU[3] to 2457600
11-10 06:04:39.125: I/ThermalEngine(385): ACTION: CPU - Setting CPU[0] to 2265600
11-10 06:04:39.126: I/ThermalEngine(385): ACTION: CPU - Setting CPU[1] to 2265600
11-10 06:04:39.126: I/ThermalEngine(385): ACTION: CPU - Setting CPU[2] to 2265600
11-10 06:04:39.126: I/ThermalEngine(385): ACTION: CPU - Setting CPU[3] to 2265600
11-10 06:04:39.191: I/ThermalEngine(385): ACTION: CPU - Setting CPU[0] to 2457600
11-10 06:04:39.191: I/ThermalEngine(385): ACTION: CPU - Setting CPU[1] to 2457600
11-10 06:04:39.191: I/ThermalEngine(385): ACTION: CPU - Setting CPU[2] to 2457600
11-10 06:04:39.191: I/ThermalEngine(385): ACTION: CPU - Setting CPU[3] to 2457600
11-10 06:04:39.259: I/ThermalEngine(385): ACTION: CPU - Setting CPU[0] to 2496000
11-10 06:04:39.259: I/ThermalEngine(385): ACTION: CPU - Setting CPU[1] to 2496000
11-10 06:04:39.259: I/ThermalEngine(385): ACTION: CPU - Setting CPU[2] to 2496000
11-10 06:04:39.259: I/ThermalEngine(385): ACTION: CPU - Setting CPU[3] to 2496000
11-10 06:04:39.324: I/ThermalEngine(385): ACTION: CPU - Setting CPU[0] to 2572800
11-10 06:04:39.325: I/ThermalEngine(385): ACTION: CPU - Setting CPU[1] to 2572800
