11-10 06:02:11.540: D/ICU(6205): No timezone override file found: /data/misc/zoneinfo/current/icu/icu_tzdata.dat
11-10 06:02:11.591: I/Radio-JNI(6205): register_android_hardware_Radio DONE
11-10 06:02:11.614: D/AndroidRuntime(6205): Calling main entry com.android.commands.am.Am
11-10 06:02:11.620: I/ActivityManager(885): Force stopping com.google.android.apps.mtaas.tools appid=10092 user=0: start instr
11-10 06:02:11.656: I/ActivityManager(885): Start proc 6213:com.google.android.apps.mtaas.tools/u0a92 for added application com.google.android.apps.mtaas.tools
11-10 06:02:11.730: W/System(6213): ClassLoader referenced unknown path: /data/app/com.google.android.apps.mtaas.tools-1/lib/arm
11-10 06:02:11.730: W/System(6213): ClassLoader referenced unknown path: /data/app/com.google.android.apps.mtaas.tools-1/lib/arm
11-10 06:02:11.746: I/ActivityManager(885): Config changes=2004 {1.0 310mcc?mnc pt ldltr sw411dp w411dp h659dp 560dpi nrml port finger -keyb/v/h -nav/h s.6}
11-10 06:02:11.807: W/SearchServiceClient(1751): Attempt to handover from detached client
11-10 06:02:11.808: D/ChangeLocale(6213): Instrumentation completed successfully
11-10 06:02:11.809: D/ImsConfigImpl(1736): onConfigurationChange
11-10 06:02:11.812: D/AndroidRuntime(6205): Shutting down VM
11-10 06:02:11.812: I/ActivityManager(885): Force stopping com.google.android.apps.mtaas.tools appid=10092 user=0: finished inst
11-10 06:02:11.812: I/ActivityManager(885): Killing 6213:com.google.android.apps.mtaas.tools/u0a92 (adj 0): stop com.google.android.apps.mtaas.tools
11-10 06:02:11.839: I/ContactLocale(5758): AddressBook Labels [pt]: [, A, B, C, D, E, F, G, H, I, J, K, L, M, N, O, P, Q, R, S, T, U, V, W, X, Y, Z, Α, Β, Γ, Δ, Ε, Ζ, Η, Θ, Ι, Κ, Λ, Μ, Ν, Ξ, Ο, Π, Ρ, Σ, Τ, Υ, Φ, Χ, Ψ, Ω, , А, Б, В, Г, Д, Ђ, Е, Є, Ж, З, И, І, Й, Ј, К, Л, Љ, М, Н, Њ, О, П, Р, С, Т, Ћ, У, Ф, Х, Ц, Ч, Џ, Ш, Щ, Ю, Я, , א, ב, ג, ד, ה, ו, ז, ח, ט, י, כ, ל, מ, נ, ס, ע, פ, צ, ק, ר, ש, ת, , ا, ب, ت, ث, ج, ح, خ, د, ذ, ر, ز, س, ش, ص, ض, ط, ظ, ع, غ, ف, ق, ك, ل, م, ن, ه, و, ي, , ก, ข, ฃ, ค, ฅ, ฆ, ง, จ, ฉ, ช, ซ, ฌ, ญ, ฎ, ฏ, ฐ, ฑ, ฒ, ณ, ด, ต, ถ, ท, ธ, น, บ, ป, ผ, ฝ, พ, ฟ, ภ, ม, ย, ร, ฤ, ล, ฦ, ว, ศ, ษ, ส, ห, ฬ, อ, ฮ, , ㄱ, ㄴ, ㄷ, ㄹ, ㅁ, ㅂ, ㅅ, ㅇ, ㅈ, ㅊ, ㅋ, ㅌ, ㅍ, ㅎ, , あ, か, さ, た, な, は, ま, や, ら, わ, #, ]
11-10 06:02:11.858: W/ActivityManager(885): Spurious death for ProcessRecord{b6959fb 0:com.google.android.apps.mtaas.tools/u0a92}, curProc for 6213: null
11-10 06:02:11.859: D/Finsky(5802): [1] ClearCacheReceiver.onReceive: Received android.intent.action.LOCALE_CHANGED. Clearing cache and exiting.
11-10 06:02:11.862: D/Volley(5802): [578] DiskBasedCache.clear: Cache cleared.
11-10 06:02:11.862: D/Volley(5802): [571] DiskBasedCache.clear: Cache cleared.
11-10 06:02:11.863: I/art(5802): System.exit called, status: 0
11-10 06:02:11.865: I/AndroidRuntime(5802): VM exiting with result code 0, cleanup skipped.
11-10 06:02:11.884: I/UpdateIcingCorporaServi(32113): Updating corpora: APPS=FORCE_ALL, CONTACTS=FORCE_ALL
11-10 06:02:11.896: I/ActivityManager(885): Start proc 6231:com.google.android.calendar/u0a41 for broadcast com.google.android.calendar/com.android.calendar.alerts.AlertReceiver
11-10 06:02:11.902: W/Launcher(1751): setApplicationContext called twice! old=com.google.android.velvet.VelvetApplication@e67ea5b new=com.google.android.velvet.VelvetApplication@e67ea5b
11-10 06:02:11.909: W/SoundModelDBHelper(885): No SoundModel available for the given keyphrase
11-10 06:02:11.926: I/ActivityManager(885): Process com.android.vending (pid 5802) has died
11-10 06:02:11.940: I/ContactsProvider(5758): Locale has changed from en-US to pt
11-10 06:02:11.940: W/System(6231): ClassLoader referenced unknown path: /system/app/CalendarGooglePrebuilt/lib/arm
11-10 06:02:11.943: I/ContactsDatabaseHelper(5758): Switching to locale pt (ICU v55.1)
11-10 06:02:11.991: I/GEL(1751): handleIntent(Intent { act=android.intent.action.MAIN cat=[android.intent.category.HOME] flg=0x10000000 cmp=com.google.android.googlequicksearchbox/com.google.android.launcher.GEL })
11-10 06:02:12.020: I/InputMethodManagerService(885): Selected default: com.google.android.inputmethod.latin/com.android.inputmethod.latin.LatinIME
11-10 06:02:12.021: W/InputMethodManagerService(885): Illegal subtype state: old subtype = null, new subtype = android.view.inputmethod.InputMethodSubtype@cafff4a6
11-10 06:02:12.030: I/ActivityManager(885): Start proc 6249:com.android.providers.calendar/u0a3 for content provider com.android.providers.calendar/.CalendarProvider2
11-10 06:02:12.072: W/ActivityManager(885): Unable to start service Intent { act=com.google.android.gms.playlog.service.START pkg=com.google.android.gms } U=0: not found
11-10 06:02:12.072: W/ActivityManager(885): Unbind failed: could not find connection for android.os.BinderProxy@8011b8c
11-10 06:02:12.073: E/GmsClient(6231): unable to connect to service: com.google.android.gms.playlog.service.START
11-10 06:02:12.082: W/System(6249): ClassLoader referenced unknown path: /system/priv-app/CalendarProvider/lib/arm
11-10 06:02:12.083: E/TimelyPrefService(6231): Primary account is null
11-10 06:02:12.087: I/Keyboard.Facilitator(1656): onFinishInput()
11-10 06:02:12.109: I/WindowManager(885): Screen frozen for +341ms due to Window{461a8d1 u0 NavigationBar}
11-10 06:02:12.115: W/AnalyticsLogBase(6231): PlayLogger.onLoggerFailedConnection
11-10 06:02:12.116: I/CalendarProvider2(6249): Created com.android.providers.calendar.CalendarAlarmManager@fb5c7e0(com.android.providers.calendar.CalendarProvider2@a8c8a99)
11-10 06:02:12.129: I/SystemBroadcastReceiver(1656): System locale changed
11-10 06:02:12.147: I/ActivityManager(885): Start proc 6273:com.google.android.apps.magazines/u0a71 for broadcast com.google.android.apps.magazines/com.google.apps.dots.android.newsstand.receivers.LocaleReceiver
11-10 06:02:12.183: W/System(6273): ClassLoader referenced unknown path: /system/app/Newsstand/lib/arm
11-10 06:02:12.224: I/GAv4(6273): Google Analytics 7.5.71 is starting up. To enable debug logging on a device run:
11-10 06:02:12.224: I/GAv4(6273):   adb shell setprop log.tag.GAv4 DEBUG
11-10 06:02:12.224: I/GAv4(6273):   adb logcat -s GAv4
11-10 06:02:12.248: W/GAv4(6273): AnalyticsReceiver is not registered or is disabled. Register the receiver for reliable dispatching on non-Google Play devices. See http://goo.gl/8Rd3yj for instructions.
11-10 06:02:12.251: W/GAv4(6273): CampaignTrackingReceiver is not registered, not exported or is disabled. Installation campaign tracking is not possible. See http://goo.gl/8Rd3yj for instructions.
11-10 06:02:12.259: W/GAv4(6273): AnalyticsService not registered in the app manifest. Hits might not be delivered reliably. See http://goo.gl/8Rd3yj for instructions.
11-10 06:02:12.348: I/WebViewFactory(6273): Loading com.google.android.webview version 44.0.2403.117 (code 246011700)
11-10 06:02:12.372: W/System(6273): ClassLoader referenced unknown path: /system/app/WebViewGoogle/lib/arm
11-10 06:02:12.381: I/LibraryLoader(6273): Time to load native libraries: 6 ms (timestamps 5195-5201)
11-10 06:02:12.381: I/LibraryLoader(6273): Expected native library version number "",actual native library version number ""
11-10 06:02:12.391: V/WebViewChromiumFactoryProvider(6273): Binding Chromium to main looper Looper (main, tid 1) {a72c432}
11-10 06:02:12.391: I/LibraryLoader(6273): Expected native library version number "",actual native library version number ""
11-10 06:02:12.391: I/chromium(6273): [INFO:library_loader_hooks.cc(120)] Chromium logging enabled: level = 0, default verbosity = 0
11-10 06:02:12.397: I/BrowserStartupController(6273): Initializing chromium process, singleProcess=true
11-10 06:02:12.398: E/SysUtils(6273): ApplicationContext is null in ApplicationStatus
11-10 06:02:12.409: W/chromium(6273): [WARNING:resource_bundle.cc(285)] locale_file_path.empty()
11-10 06:02:12.422: E/libEGL(6273): validate_display:255 error 3008 (EGL_BAD_DISPLAY)
11-10 06:02:12.422: E/libEGL(6273): validate_display:255 error 3008 (EGL_BAD_DISPLAY)
11-10 06:02:12.423: I/Adreno(6273): QUALCOMM build                   : 52af4d2, I8366cd0437
11-10 06:02:12.423: I/Adreno(6273): Build Date                       : 10/20/15
11-10 06:02:12.423: I/Adreno(6273): OpenGL ES Shader Compiler Version: XE031.05.13.02
11-10 06:02:12.423: I/Adreno(6273): Local Branch                     : M14
11-10 06:02:12.423: I/Adreno(6273): Remote Branch                    : 
11-10 06:02:12.423: I/Adreno(6273): Remote Branch                    : 
11-10 06:02:12.423: I/Adreno(6273): Reconstruct Branch               : 
11-10 06:02:12.438: I/ContactsDatabaseHelper(5758): Locale change completed in 495ms
11-10 06:02:12.439: I/ContactsDatabaseHelper(5758): Switching to locale pt (ICU v55.1)
11-10 06:02:12.454: I/Icing(4757): IndexChimeraService.getServiceInterface callingPackage=com.google.android.googlequicksearchbox componentName=null serviceId=36
11-10 06:02:12.468: W/AudioManagerAndroid(6273): Requires BLUETOOTH permission
11-10 06:02:12.472: I/NSApplication(6273): Starting up...
11-10 06:02:12.490: W/Icing(4757): No valid account for uploading user actions: admc: Not signed in
11-10 06:02:12.558: I/NotifUtils(5898): resendNotifications cancelExisting: true, account: null, folder: null
11-10 06:02:12.569: I/ActivityManager(885): Start proc 6335:com.google.android.keep/u0a82 for broadcast com.google.android.keep/.notification.AlertReceiver
11-10 06:02:12.576: I/NotifUtils(5898): resendNotifications cancelExisting: true, account: null, folder: null
11-10 06:02:12.589: W/InstanceID/Rpc(6055): Found 10014
11-10 06:02:12.616: W/System(6335): ClassLoader referenced unknown path: /system/app/PrebuiltKeep/lib/arm
11-10 06:02:12.624: I/Icing(4757): Usage reports ok 0, Failed Usage reports 0, indexed 0, rejected 0
11-10 06:02:12.696: I/UpdateIcingCorporaServi(32113): UpdateCorporaTask done [took 812 ms] updated apps [took 747 ms] updated contacts [took 65 ms]
11-10 06:02:12.725: I/ActivityManager(885): Start proc 6358:com.google.android.youtube/u0a90 for broadcast com.google.android.youtube/com.google.android.apps.youtube.app.system.LocaleUpdatedReceiver
11-10 06:02:12.747: W/System(6358): ClassLoader referenced unknown path: /system/app/YouTube/lib/arm
11-10 06:02:12.763: D/AndroidRuntime(6268): >>>>>> START com.android.internal.os.RuntimeInit uid 2000 <<<<<<
11-10 06:02:12.767: D/AndroidRuntime(6268): CheckJNI is OFF
11-10 06:02:12.778: I/PeopleChimeraService(4757): onService. callbacks = aalv@1791be7, request = com.google.android.gms.common.internal.GetServiceRequest@2bb7394
11-10 06:02:12.807: D/ICU(6268): No timezone override file found: /data/misc/zoneinfo/current/icu/icu_tzdata.dat
11-10 06:02:12.846: I/Radio-JNI(6268): register_android_hardware_Radio DONE
11-10 06:02:12.865: D/AndroidRuntime(6268): Calling main entry com.android.commands.settings.SettingsCmd
11-10 06:02:12.869: D/AndroidRuntime(6268): Shutting down VM
11-10 06:02:12.873: I/ContactsDatabaseHelper(5758): Locale change completed in 433ms
11-10 06:02:12.873: V/NativeCrypto(6358): Registering com/google/android/gms/org/conscrypt/NativeCrypto's 284 native methods...
11-10 06:02:12.905: I/art(6358): Rejecting re-init on previously-failed class java.lang.Class<com.google.android.gms.org.conscrypt.Java7ExtendedSSLSession>
11-10 06:02:12.906: I/art(6358): Rejecting re-init on previously-failed class java.lang.Class<com.google.android.gms.org.conscrypt.Java7ExtendedSSLSession>
11-10 06:02:12.907: I/art(6358): Rejecting re-init on previously-failed class java.lang.Class<com.google.android.gms.org.conscrypt.Java8ExtendedSSLSession>
11-10 06:02:12.907: I/art(6358): Rejecting re-init on previously-failed class java.lang.Class<com.google.android.gms.org.conscrypt.Java8ExtendedSSLSession>
11-10 06:02:12.910: W/DynamiteModule(6358): Failed to load module via V2: java.lang.ClassNotFoundException: Didn't find class "com.google.android.gms.dynamite.DynamiteModule$DynamiteLoaderClassLoader" on path: DexPathList[[zip file "/system/app/YouTube/YouTube.apk"],nativeLibraryDirectories=[/system/app/YouTube/lib/arm, /system/app/YouTube/YouTube.apk!/lib/armeabi-v7a, /vendor/lib, /system/lib]]
11-10 06:02:12.929: I/ProviderInstaller(6358): Installed default security provider GmsCore_OpenSSL
11-10 06:02:12.930: I/DynamiteModule(6358): Considering local module com.google.android.gms.ads.dynamite:0 and remote module com.google.android.gms.ads.dynamite:20461
11-10 06:02:12.930: I/DynamiteModule(6358): Selected remote version of com.google.android.gms.ads.dynamite, version >= 20461
11-10 06:02:12.932: I/ContactsFTS(5758): Rebuild contact search index in 43ms, 0 contacts
11-10 06:02:12.939: W/Conscrypt(4698): Could not set socket write timeout: java.net.SocketException: Socket closed
11-10 06:02:12.939: W/Conscrypt(4698): 	at com.google.android.gms.org.conscrypt.Platform.setSocketWriteTimeout(:com.google.android.gms@19420015@19.4.20 (040300-271418971):2)
11-10 06:02:12.939: W/Conscrypt(4698): 	at com.google.android.gms.org.conscrypt.ConscryptFileDescriptorSocket.setSoWriteTimeout(:com.google.android.gms@19420015@19.4.20 (040300-271418971):2)
11-10 06:02:12.952: W/System.err(6358): YouTube MDX: Bogus value in shared preferences for key MdxServerSelection value , returning default value.
11-10 06:02:12.970: W/Conscrypt(4698): Could not set socket write timeout: java.net.SocketException: Socket closed
11-10 06:02:12.971: W/Conscrypt(4698): 	at com.google.android.gms.org.conscrypt.Platform.setSocketWriteTimeout(:com.google.android.gms@19420015@19.4.20 (040300-271418971):2)
11-10 06:02:12.971: W/Conscrypt(4698): 	at com.google.android.gms.org.conscrypt.ConscryptFileDescriptorSocket.setSoWriteTimeout(:com.google.android.gms@19420015@19.4.20 (040300-271418971):2)
11-10 06:02:12.987: W/System(6358): ClassLoader referenced unknown path: /data/data/com.google.android.gms/app_chimera/m/00000000/n/armeabi-v7a
11-10 06:02:12.987: W/System(6358): ClassLoader referenced unknown path: /data/data/com.google.android.gms/app_chimera/m/00000000/n/armeabi
11-10 06:02:12.995: D/DynamitePackage(6358): Instantiated singleton DynamitePackage.
11-10 06:02:12.995: D/DynamitePackage(6358): Instantiating com.google.android.gms.ads.adshield.ChimeraAdShieldCreatorImpl
11-10 06:02:13.102: W/InstanceID/Rpc(6358): Found 10014
11-10 06:02:13.110: I/ActivityManager(885): Killing 5913:com.google.process.gapps/u0a56 (adj 15): empty #17
11-10 06:02:13.158: W/ChimeraUtils(4757): Non Chimera context
11-10 06:02:13.167: I/PeopleDatabaseHelper(4757): Updating DB locale: en_US -> pt
11-10 06:02:13.207: I/PeopleSearchIndexManage(4757): Marking for index update.
11-10 06:02:13.250: W/ChimeraUtils(4757): Non Chimera context
11-10 06:02:13.257: W/DynamiteModule(4757): Local module descriptor class for providerinstaller not found.
11-10 06:02:13.258: I/DynamiteModule(4757): Considering local module providerinstaller:0 and remote module providerinstaller:0
11-10 06:02:13.258: W/ProviderInstaller(4757): Failed to load providerinstaller module: No acceptable module found. Local version is 0 and remote version is 0.
11-10 06:02:13.264: I/PeopleSearchIndexManage(4757): Index version changed from 0
11-10 06:02:13.267: I/PeopleSearchIndexManage(4757): Rebuilding index...
11-10 06:02:13.292: I/PeopleASM(4757): Rebuilding autocomplete index...
11-10 06:02:13.295: I/PeopleSearchIndexManage(4757): Rebuilding index done.
11-10 06:02:13.405: I/CalendarProvider2(6249): Sending notification intent: Intent { act=android.intent.action.PROVIDER_CHANGED dat=content://com.android.calendar flg=0x20000000 }
11-10 06:02:13.405: W/ContentResolver(6249): Failed to get type for: content://com.android.calendar (Unknown URL content://com.android.calendar)
11-10 06:02:13.444: I/ActivityManager(885): Killing 5872:com.google.android.gm.exchange/u0a80 (adj 15): empty #17
11-10 06:02:13.488: I/IcingInternalCorpora(4757): Received calendar change notification.
11-10 06:02:13.621: I/LocaleChangeIO(4698): Requesting GmsCore restart due to change in locale assets
11-10 06:02:13.624: I/Process(4698): Sending signal. PID: 4698 SIG: 9
11-10 06:02:13.624: I/Process(4757): Sending signal. PID: 4757 SIG: 9
11-10 06:02:13.647: I/Process(6002): Sending signal. PID: 6002 SIG: 9
11-10 06:02:13.694: D/GpsStatusListenerHelper(885): Remote Listener died: android.location.IGpsStatusListener$Stub$Proxy@3e0ca86
11-10 06:02:13.695: V/BackupManagerService(885): Disconnected from transport ComponentInfo{com.google.android.gms/com.google.android.gms.backup.BackupTransportService}
11-10 06:02:13.695: V/BackupManagerService(885): Registering transport com.google.android.gms/.backup.BackupTransportService::null = null
11-10 06:02:13.695: D/GpsStatusListenerHelper(885): Remote Listener died: android.location.IGpsStatusListener$Stub$Proxy@e0f3f47
11-10 06:02:13.697: D/WifiService(885): Client connection lost with reason: 4
11-10 06:02:13.701: D/ConnectivityService(885): ConnectivityService NetworkRequestInfo binderDied(NetworkRequest [ id=8, legacyType=-1, [ Capabilities: INTERNET&NOT_RESTRICTED&TRUSTED] ], android.os.BinderProxy@9afc374)
11-10 06:02:13.701: D/WifiService(885): Client connection lost with reason: 4
11-10 06:02:13.702: D/ConnectivityService(885): releasing NetworkRequest NetworkRequest [ id=8, legacyType=-1, [ Capabilities: INTERNET&NOT_RESTRICTED&TRUSTED] ]
11-10 06:02:13.703: E/ConnectivityService(885): RemoteException caught trying to send a callback msg for NetworkRequest [ id=8, legacyType=-1, [ Capabilities: INTERNET&NOT_RESTRICTED&TRUSTED] ]
11-10 06:02:13.706: I/AdvertisingIdClient(6358): GMS remote exception 
11-10 06:02:13.706: I/AdvertisingIdClient(6358): android.os.DeadObjectException
11-10 06:02:13.706: I/AdvertisingIdClient(6358): 	at android.os.BinderProxy.transactNative(Native Method)
11-10 06:02:13.706: I/AdvertisingIdClient(6358): 	at android.os.BinderProxy.transact(Binder.java:503)
11-10 06:02:13.706: I/AdvertisingIdClient(6358): 	at jz.a(:com.google.android.gms.policy_ads_fdr_dynamite@20461000@20461000.264725060.264725060:2)
11-10 06:02:13.706: I/AdvertisingIdClient(6358): 	at com.google.android.gms.ads.identifier.internal.a.b(:com.google.android.gms.policy_ads_fdr_dynamite@20461000@20461000.264725060.264725060)
11-10 06:02:13.706: I/AdvertisingIdClient(6358): 	at com.google.android.gms.ads.identifier.b.b(:com.google.android.gms.policy_ads_fdr_dynamite@20461000@20461000.264725060.264725060:8)
11-10 06:02:13.706: I/AdvertisingIdClient(6358): 	at com.google.android.ads.tasks.i.c(:com.google.android.gms.policy_ads_fdr_dynamite@20461000@20461000.264725060.264725060:2)
11-10 06:02:13.706: I/AdvertisingIdClient(6358): 	at com.google.android.ads.tasks.i.a(:com.google.android.gms.policy_ads_fdr_dynamite@20461000@20461000.264725060.264725060:8)
11-10 06:02:13.706: I/AdvertisingIdClient(6358): 	at com.google.android.ads.tasks.aa.b(:com.google.android.gms.policy_ads_fdr_dynamite@20461000@20461000.264725060.264725060:2)
11-10 06:02:13.706: I/AdvertisingIdClient(6358): 	at com.google.android.ads.tasks.i.b(:com.google.android.gms.policy_ads_fdr_dynamite@20461000@20461000.264725060.264725060:5)
11-10 06:02:13.706: I/AdvertisingIdClient(6358): 	at com.google.android.ads.tasks.i.call(:com.google.android.gms.policy_ads_fdr_dynamite@20461000@20461000.264725060.264725060)
11-10 06:02:13.706: I/AdvertisingIdClient(6358): 	at java.util.concurrent.FutureTask.run(FutureTask.java:237)
11-10 06:02:13.706: I/AdvertisingIdClient(6358): 	at java.util.concurrent.ThreadPoolExecutor.runWorker(ThreadPoolExecutor.java:1113)
11-10 06:02:13.706: I/AdvertisingIdClient(6358): 	at java.util.concurrent.ThreadPoolExecutor$Worker.run(ThreadPoolExecutor.java:588)
11-10 06:02:13.706: I/AdvertisingIdClient(6358): 	at java.lang.Thread.run(Thread.java:818)
11-10 06:02:13.715: I/ActivityManager(885): Process com.google.android.gms.persistent (pid 4698) has died
11-10 06:02:13.715: E/lowmemorykiller(275): Error opening /proc/4757/oom_score_adj; errno=2
11-10 06:02:13.724: W/ActivityManager(885): Exception when unbinding service com.google.android.gms/.checkin.CheckinApiService
11-10 06:02:13.724: W/ActivityManager(885): android.os.DeadObjectException
11-10 06:02:13.724: W/ActivityManager(885): 	at android.os.BinderProxy.transactNative(Native Method)
11-10 06:02:13.724: W/ActivityManager(885): 	at android.os.BinderProxy.transact(Binder.java:503)
11-10 06:02:13.724: W/ActivityManager(885): 	at android.app.ApplicationThreadProxy.scheduleUnbindService(ApplicationThreadNative.java:956)
11-10 06:02:13.724: W/ActivityManager(885): 	at com.android.server.am.ActiveServices.removeConnectionLocked(ActiveServices.java:1874)
11-10 06:02:13.724: W/ActivityManager(885): 	at com.android.server.am.ActiveServices.killServicesLocked(ActiveServices.java:2237)
11-10 06:02:13.724: W/ActivityManager(885): 	at com.android.server.am.ActivityManagerService.cleanUpApplicationRecordLocked(ActivityManagerService.java:15543)
11-10 06:02:13.724: W/ActivityManager(885): 	at com.android.server.am.ActivityManagerService.handleAppDiedLocked(ActivityManagerService.java:4567)
11-10 06:02:13.724: W/ActivityManager(885): 	at com.android.server.am.ActivityManagerService.appDiedLocked(ActivityManagerService.java:4730)
11-10 06:02:13.724: W/ActivityManager(885): 	at com.android.server.am.ActivityManagerService$AppDeathRecipient.binderDied(ActivityManagerService.java:1324)
11-10 06:02:13.724: W/ActivityManager(885): 	at android.os.BinderProxy.sendDeathNotice(Binder.java:558)
11-10 06:02:13.725: E/lowmemorykiller(275): Error opening /proc/4757/oom_score_adj; errno=2
11-10 06:02:13.725: W/ActivityManager(885): Scheduling restart of crashed service com.google.android.gms/.chimera.PersistentDirectBootAwareApiService in 1000ms
11-10 06:02:13.725: W/ActivityManager(885): Scheduling restart of crashed service com.google.android.gms/com.google.android.location.internal.server.GoogleLocationService in 11000ms
11-10 06:02:13.725: W/ActivityManager(885): Scheduling restart of crashed service com.google.android.gms/com.google.android.location.network.NetworkLocationService in 21000ms
11-10 06:02:13.726: W/ActivityManager(885): Scheduling restart of crashed service com.google.android.gms/.lockbox.service.LockboxBrokerService in 31000ms
11-10 06:02:13.726: W/ActivityManager(885): Scheduling restart of crashed service com.google.android.gms/.thunderbird.EmergencyPersistentService in 40999ms
11-10 06:02:13.726: W/ActivityManager(885): Scheduling restart of crashed service com.google.android.gms/com.google.android.contextmanager.service.ContextManagerService in 50999ms
11-10 06:02:13.726: W/ActivityManager(885): Scheduling restart of crashed service com.google.android.gms/.common.stats.GmsCoreStatsService in 60999ms
11-10 06:02:13.726: W/ActivityManager(885): Scheduling restart of crashed service com.google.android.gms/com.google.android.location.geocode.GeocodeService in 70999ms
11-10 06:02:13.726: W/ActivityManager(885): Scheduling restart of crashed service com.google.android.gms/com.google.android.location.internal.PendingIntentCallbackService in 80999ms
11-10 06:02:13.726: W/ActivityManager(885): Scheduling restart of crashed service com.google.android.gms/.backup.BackupTransportMigratorService in 80999ms
11-10 06:02:13.726: W/ActivityManager(885): Scheduling restart of crashed service com.google.android.gms/.chimera.PersistentBoundBrokerService in 80999ms
11-10 06:02:13.726: W/ActivityManager(885): Scheduling restart of crashed service com.google.android.gms/com.google.android.location.geofencer.service.GeofenceProviderService in 90999ms
11-10 06:02:13.727: W/ActivityManager(885): Scheduling restart of crashed service com.google.android.gms/.auth.proximity.firstparty.SystemMemoryCacheService in 100999ms
11-10 06:02:13.727: W/ActivityManager(885): Scheduling restart of crashed service com.google.android.gms/com.google.android.location.internal.server.HardwareArProviderService in 100998ms
11-10 06:02:13.727: W/ActivityManager(885): Scheduling restart of crashed service com.google.android.gms/.gcm.GcmService in 110998ms
11-10 06:02:13.727: W/ActivityManager(885): Scheduling restart of crashed service com.google.android.gms/.deviceconnection.service.DeviceConnectionWatcherService in 120998ms
11-10 06:02:13.727: W/ActivityManager(885): Scheduling restart of crashed service com.google.android.gms/.config.ConfigService in 130998ms
11-10 06:02:13.727: W/ActivityManager(885): Scheduling restart of crashed service com.google.android.gms/com.google.android.location.internal.GoogleLocationManagerService in 140998ms
11-10 06:02:13.727: W/ActivityManager(885): Scheduling restart of crashed service com.google.android.gms/com.google.android.location.fused.FusedLocationService in 150998ms
11-10 06:02:13.727: W/ActivityManager(885): Scheduling restart of crashed service com.google.android.gms/.chimera.PersistentApiService in 160998ms
11-10 06:02:13.728: W/ActivityManager(885): Scheduling restart of crashed service com.google.android.gms/.chimera.PersistentIntentOperationService in 170998ms
11-10 06:02:13.728: W/ActivityManager(885): Scheduling restart of crashed service com.google.android.gms/.backup.BackupTransportService in 180997ms
11-10 06:02:13.728: W/ActivityManager(885): Scheduling restart of crashed service com.google.android.gms/.auth.setup.devicesignals.LockScreenService in 190997ms
11-10 06:02:13.728: W/ActivityManager(885): Scheduling restart of crashed service com.google.android.gms/com.google.android.location.fused.service.FusedProviderService in 200997ms
11-10 06:02:13.728: W/ActivityManager(885): Scheduling restart of crashed service com.google.android.gms/.gcm.nts.SchedulerService in 210997ms
11-10 06:02:13.730: I/ActivityManager(885): Process com.google.android.gms (pid 4757) has died
11-10 06:02:13.730: W/ActivityManager(885): Scheduling restart of crashed service com.google.android.gms/.analytics.service.AnalyticsService in 220995ms
11-10 06:02:13.730: W/ActivityManager(885): Scheduling restart of crashed service com.google.android.gms/.chimera.GmsIntentOperationService in 230995ms
11-10 06:02:13.730: W/ActivityManager(885): Scheduling restart of crashed service com.google.android.gms/.gass.GassService in 230995ms
11-10 06:02:13.730: W/ActivityManager(885): Scheduling restart of crashed service com.google.android.gms/.ads.identifier.service.AdvertisingIdService in 240995ms
11-10 06:02:13.731: W/ActivityManager(885): Scheduling restart of crashed service com.google.android.gms/.chimera.GmsBoundBrokerService in 250995ms
11-10 06:02:13.731: W/ActivityManager(885): Scheduling restart of crashed service com.google.android.gms/.icing.service.IndexService in 260994ms
11-10 06:02:13.731: W/ActivityManager(885): Scheduling restart of crashed service com.google.android.gms/.games.chimera.GamesAsyncServiceProxy in 270994ms
11-10 06:02:13.731: W/ActivityManager(885): Scheduling restart of crashed service com.google.android.gms/.icing.service.IndexWorkerService in 270994ms
11-10 06:02:13.732: E/lowmemorykiller(275): Error writing /proc/6002/oom_score_adj; errno=22
11-10 06:02:13.784: I/ActivityManager(885): Process com.google.android.gms.ui (pid 6002) has died
11-10 06:02:13.784: W/ActivityManager(885): Scheduling restart of crashed service com.google.android.gms/.chimera.UiIntentOperationService in 270941ms
11-10 06:02:13.801: D/AndroidRuntime(6441): >>>>>> START com.android.internal.os.RuntimeInit uid 2000 <<<<<<
11-10 06:02:13.805: D/AndroidRuntime(6441): CheckJNI is OFF
11-10 06:02:13.838: D/ICU(6441): No timezone override file found: /data/misc/zoneinfo/current/icu/icu_tzdata.dat
11-10 06:02:13.871: I/Radio-JNI(6441): register_android_hardware_Radio DONE
11-10 06:02:13.892: D/AndroidRuntime(6441): Calling main entry com.android.commands.settings.SettingsCmd
11-10 06:02:13.896: D/AndroidRuntime(6441): Shutting down VM
11-10 06:02:14.116: I/art(885): Starting a blocking GC Explicit
11-10 06:02:14.207: I/art(885): Explicit concurrent mark sweep GC freed 5983(425KB) AllocSpace objects, 0(0B) LOS objects, 31% free, 35MB/51MB, paused 907us total 89.778ms
11-10 06:02:14.791: D/AndroidRuntime(6466): >>>>>> START com.android.internal.os.RuntimeInit uid 2000 <<<<<<
11-10 06:02:14.796: D/AndroidRuntime(6466): CheckJNI is OFF
11-10 06:02:14.838: D/ICU(6466): No timezone override file found: /data/misc/zoneinfo/current/icu/icu_tzdata.dat
11-10 06:02:14.886: I/Radio-JNI(6466): register_android_hardware_Radio DONE
11-10 06:02:14.909: D/AndroidRuntime(6466): Calling main entry com.android.commands.settings.SettingsCmd
11-10 06:02:14.918: D/AndroidRuntime(6466): Shutting down VM
11-10 06:02:15.878: D/AndroidRuntime(6480): >>>>>> START com.android.internal.os.RuntimeInit uid 2000 <<<<<<
11-10 06:02:15.882: D/AndroidRuntime(6480): CheckJNI is OFF
11-10 06:02:15.924: D/ICU(6480): No timezone override file found: /data/misc/zoneinfo/current/icu/icu_tzdata.dat
11-10 06:02:15.972: I/Radio-JNI(6480): register_android_hardware_Radio DONE
11-10 06:02:15.995: D/AndroidRuntime(6480): Calling main entry com.android.commands.settings.SettingsCmd
11-10 06:02:16.008: D/AndroidRuntime(6480): Shutting down VM
11-10 06:02:16.951: D/AndroidRuntime(6492): >>>>>> START com.android.internal.os.RuntimeInit uid 2000 <<<<<<
11-10 06:02:16.955: D/AndroidRuntime(6492): CheckJNI is OFF
11-10 06:02:17.012: D/ICU(6492): No timezone override file found: /data/misc/zoneinfo/current/icu/icu_tzdata.dat
11-10 06:02:17.101: I/ActivityManager(885): Start proc 6499:com.google.android.gms/u0a14 for service com.google.android.gms/.analytics.service.AnalyticsService
11-10 06:02:17.109: I/GAV2(6231): Thread[GAThread,5,main]: No campaign data found.
11-10 06:02:17.111: I/Radio-JNI(6492): register_android_hardware_Radio DONE
11-10 06:02:17.140: D/AndroidRuntime(6492): Calling main entry com.android.commands.input.Input
11-10 06:02:17.145: I/Input(6492): injectKeyEvent: KeyEvent { action=ACTION_DOWN, keyCode=KEYCODE_HOME, scanCode=0, metaState=0, flags=0x0, repeatCount=0, eventTime=121009964, downTime=121009964, deviceId=-1, source=0x101 }
11-10 06:02:17.149: I/Input(6492): injectKeyEvent: KeyEvent { action=ACTION_UP, keyCode=KEYCODE_HOME, scanCode=0, metaState=0, flags=0x0, repeatCount=0, eventTime=121009964, downTime=121009964, deviceId=-1, source=0x101 }
11-10 06:02:17.163: I/ActivityManager(885): START u0 {act=android.intent.action.MAIN cat=[android.intent.category.HOME] flg=0x10200000 cmp=com.google.android.googlequicksearchbox/com.google.android.launcher.GEL (has extras)} from uid 1000 on display 0
11-10 06:02:17.173: D/AndroidRuntime(6492): Shutting down VM
11-10 06:02:17.175: I/GEL(1751): handleIntent(Intent { act=android.intent.action.MAIN cat=[android.intent.category.HOME] flg=0x10200000 cmp=com.google.android.googlequicksearchbox/com.google.android.launcher.GEL (has extras) })
11-10 06:02:17.464: W/DynamiteModule(6499): Local module descriptor class for providerinstaller not found.
11-10 06:02:17.482: W/ProviderHelper(6499): Unknown dynamite feature providerinstaller
11-10 06:02:17.486: I/DynamiteModule(6499): Considering local module providerinstaller:0 and remote module providerinstaller:0
11-10 06:02:17.486: W/ProviderInstaller(6499): Failed to load providerinstaller module: No acceptable module found. Local version is 0 and remote version is 0.
11-10 06:02:17.510: V/NativeCrypto(6499): Registering com/google/android/gms/org/conscrypt/NativeCrypto's 284 native methods...
11-10 06:02:17.536: I/art(6499): Rejecting re-init on previously-failed class java.lang.Class<com.google.android.gms.org.conscrypt.Java7ExtendedSSLSession>
11-10 06:02:17.536: I/art(6499): Rejecting re-init on previously-failed class java.lang.Class<com.google.android.gms.org.conscrypt.Java7ExtendedSSLSession>
11-10 06:02:17.537: I/art(6499): Rejecting re-init on previously-failed class java.lang.Class<com.google.android.gms.org.conscrypt.Java8ExtendedSSLSession>
11-10 06:02:17.538: I/art(6499): Rejecting re-init on previously-failed class java.lang.Class<com.google.android.gms.org.conscrypt.Java8ExtendedSSLSession>
11-10 06:02:17.558: I/ProviderInstaller(6499): Installed default security provider GmsCore_OpenSSL
11-10 06:02:17.566: I/Safeboot(6499): Checking safeboot...
11-10 06:02:17.567: I/Safeboot(6499): Not entering safeboot; wrong process.
11-10 06:02:17.649: W/Thread-633(6525): type=1400 audit(0.0:51): avc: denied { write } for name=".lib.lock" dev="dm-1" ino=408380 scontext=u:r:untrusted_app:s0:c512,c768 tcontext=u:object_r:system_data_file:s0 tclass=file permissive=0
11-10 06:02:17.653: W/NativeLibraryUtils(6499): Failed to open lock file
11-10 06:02:17.653: W/NativeLibraryUtils(6499): java.io.FileNotFoundException: /data/user/0/com.google.android.gms/cache/.lib.lock: open failed: EACCES (Permission denied)
11-10 06:02:17.653: W/NativeLibraryUtils(6499): 	at libcore.io.IoBridge.open(IoBridge.java:452)
11-10 06:02:17.653: W/NativeLibraryUtils(6499): 	at java.io.RandomAccessFile.<init>(RandomAccessFile.java:117)
11-10 06:02:17.653: W/NativeLibraryUtils(6499): 	at tbv.d(:com.google.android.gms@19420015@19.4.20 (040300-271418971):5)
11-10 06:02:17.653: W/NativeLibraryUtils(6499): 	at rxr.run(:com.google.android.gms@19420015@19.4.20 (040300-271418971))
11-10 06:02:17.653: W/NativeLibraryUtils(6499): Caused by: android.system.ErrnoException: open failed: EACCES (Permission denied)
11-10 06:02:17.653: W/NativeLibraryUtils(6499): 	at libcore.io.Posix.open(Native Method)
11-10 06:02:17.653: W/NativeLibraryUtils(6499): 	at libcore.io.BlockGuardOs.open(BlockGuardOs.java:186)
11-10 06:02:17.653: W/NativeLibraryUtils(6499): 	at libcore.io.IoBridge.open(IoBridge.java:438)
11-10 06:02:17.653: W/NativeLibraryUtils(6499): 	... 3 more
11-10 06:02:17.676: W/Primes(6499): Primes not initialized, returning default (no-op) Primes instance which will ignore all calls. Please call Primes.initialize(...) before using any Primes API.
11-10 06:02:17.732: I/ActivityManager(885): Start proc 6528:com.google.android.gms.persistent/u0a14 for content provider com.google.android.gms/.phenotype.provider.ConfigurationProvider
11-10 06:02:17.973: W/DynamiteModule(6528): Local module descriptor class for providerinstaller not found.
11-10 06:02:17.976: W/ProviderHelper(6528): Unknown dynamite feature providerinstaller
11-10 06:02:17.977: I/DynamiteModule(6528): Considering local module providerinstaller:0 and remote module providerinstaller:0
11-10 06:02:17.977: W/ProviderInstaller(6528): Failed to load providerinstaller module: No acceptable module found. Local version is 0 and remote version is 0.
11-10 06:02:18.001: V/NativeCrypto(6528): Registering com/google/android/gms/org/conscrypt/NativeCrypto's 284 native methods...
11-10 06:02:18.014: I/DynamiteModule(6528): Considering local module com.google.android.gms.googlecertificates:4 and remote module com.google.android.gms.googlecertificates:4
11-10 06:02:18.014: I/DynamiteModule(6528): Selected local version of com.google.android.gms.googlecertificates
11-10 06:02:18.023: I/art(6528): Rejecting re-init on previously-failed class java.lang.Class<com.google.android.gms.org.conscrypt.Java7ExtendedSSLSession>
11-10 06:02:18.024: I/art(6528): Rejecting re-init on previously-failed class java.lang.Class<com.google.android.gms.org.conscrypt.Java7ExtendedSSLSession>
11-10 06:02:18.025: I/art(6528): Rejecting re-init on previously-failed class java.lang.Class<com.google.android.gms.org.conscrypt.Java8ExtendedSSLSession>
11-10 06:02:18.026: I/art(6528): Rejecting re-init on previously-failed class java.lang.Class<com.google.android.gms.org.conscrypt.Java8ExtendedSSLSession>
11-10 06:02:18.042: I/ProviderInstaller(6528): Installed default security provider GmsCore_OpenSSL
11-10 06:02:18.049: I/Safeboot(6528): Checking safeboot...
11-10 06:02:18.063: I/Safeboot Condition(6528): No need to enter Safeboot.
11-10 06:02:18.077: D/AndroidRuntime(6521): >>>>>> START com.android.internal.os.RuntimeInit uid 2000 <<<<<<
11-10 06:02:18.081: D/AndroidRuntime(6521): CheckJNI is OFF
11-10 06:02:18.083: I/GAv4-SVC(6499): Google Analytics 19.4.20 is starting up.
11-10 06:02:18.085: W/Thread-639(6549): type=1400 audit(0.0:52): avc: denied { write } for name=".lib.lock" dev="dm-1" ino=408380 scontext=u:r:untrusted_app:s0:c512,c768 tcontext=u:object_r:system_data_file:s0 tclass=file permissive=0
11-10 06:02:18.090: W/NativeLibraryUtils(6528): Failed to open lock file
11-10 06:02:18.090: W/NativeLibraryUtils(6528): java.io.FileNotFoundException: /data/user/0/com.google.android.gms/cache/.lib.lock: open failed: EACCES (Permission denied)
11-10 06:02:18.090: W/NativeLibraryUtils(6528): 	at libcore.io.IoBridge.open(IoBridge.java:452)
11-10 06:02:18.090: W/NativeLibraryUtils(6528): 	at java.io.RandomAccessFile.<init>(RandomAccessFile.java:117)
11-10 06:02:18.090: W/NativeLibraryUtils(6528): 	at tbv.d(:com.google.android.gms@19420015@19.4.20 (040300-271418971):5)
11-10 06:02:18.090: W/NativeLibraryUtils(6528): 	at rxr.run(:com.google.android.gms@19420015@19.4.20 (040300-271418971))
11-10 06:02:18.090: W/NativeLibraryUtils(6528): Caused by: android.system.ErrnoException: open failed: EACCES (Permission denied)
11-10 06:02:18.090: W/NativeLibraryUtils(6528): 	at libcore.io.Posix.open(Native Method)
11-10 06:02:18.090: W/NativeLibraryUtils(6528): 	at libcore.io.BlockGuardOs.open(BlockGuardOs.java:186)
11-10 06:02:18.090: W/NativeLibraryUtils(6528): 	at libcore.io.IoBridge.open(IoBridge.java:438)
11-10 06:02:18.090: W/NativeLibraryUtils(6528): 	... 3 more
11-10 06:02:18.102: W/Primes(6528): Primes not initialized, returning default (no-op) Primes instance which will ignore all calls. Please call Primes.initialize(...) before using any Primes API.
11-10 06:02:18.110: I/art(6528): Rejecting re-init on previously-failed class java.lang.Class<stc>
11-10 06:02:18.110: I/art(6528): Rejecting re-init on previously-failed class java.lang.Class<stc>
11-10 06:02:18.112: I/art(6528): Rejecting re-init on previously-failed class java.lang.Class<stc>
11-10 06:02:18.112: I/art(6528): Rejecting re-init on previously-failed class java.lang.Class<stc>
11-10 06:02:18.118: D/ICU(6521): No timezone override file found: /data/misc/zoneinfo/current/icu/icu_tzdata.dat
11-10 06:02:18.133: I/art(6528): Rejecting re-init on previously-failed class java.lang.Class<bugr>
11-10 06:02:18.133: I/art(6528): Rejecting re-init on previously-failed class java.lang.Class<bugr>
11-10 06:02:18.133: I/art(6528): Rejecting re-init on previously-failed class java.lang.Class<bugr>
11-10 06:02:18.135: I/art(6528): Rejecting re-init on previously-failed class java.lang.Class<bugr>
11-10 06:02:18.152: I/Radio-JNI(6521): register_android_hardware_Radio DONE
11-10 06:02:18.170: D/AndroidRuntime(6521): Calling main entry com.android.commands.am.Am
11-10 06:02:18.173: I/ActivityManager(885): START u0 {flg=0x10000000 cmp=com.google.android.apps.mtaas.backdrop/.BackdropActivity} from uid 2000 on display 0
11-10 06:02:18.200: I/ActivityManager(885): Start proc 6566:com.google.android.apps.mtaas.backdrop/u0a94 for activity com.google.android.apps.mtaas.backdrop/.BackdropActivity
11-10 06:02:18.227: I/art(6528): Rejecting re-init on previously-failed class java.lang.Class<bugr>
11-10 06:02:18.228: I/art(6528): Rejecting re-init on previously-failed class java.lang.Class<bugr>
11-10 06:02:18.231: D/ConnectivityService(885): updateNetworkScore for NetworkAgentInfo [WIFI () - 100] to 59
11-10 06:02:18.233: W/System(6499): ClassLoader referenced unknown path: /data/app/com.google.android.gms.policy_test_support-1/lib/arm
11-10 06:02:18.237: W/System(6566): ClassLoader referenced unknown path: /data/app/com.google.android.apps.mtaas.backdrop-1/lib/arm
11-10 06:02:18.240: I/art(6528): Rejecting re-init on previously-failed class java.lang.Class<bugr>
11-10 06:02:18.240: I/art(6528): Rejecting re-init on previously-failed class java.lang.Class<bugr>
11-10 06:02:18.244: I/art(6528): Rejecting re-init on previously-failed class java.lang.Class<bugr>
11-10 06:02:18.244: I/art(6528): Rejecting re-init on previously-failed class java.lang.Class<bugr>
11-10 06:02:18.247: I/MultiDex(6566): VM with version 2.1.0 has multidex support
11-10 06:02:18.248: I/MultiDex(6566): install
11-10 06:02:18.248: I/MultiDex(6566): VM has multidex support, MultiDex support library is disabled.
11-10 06:02:18.250: I/art(6528): Rejecting re-init on previously-failed class java.lang.Class<bugr>
11-10 06:02:18.250: I/art(6528): Rejecting re-init on previously-failed class java.lang.Class<bugr>
11-10 06:02:18.250: I/art(6528): Rejecting re-init on previously-failed class java.lang.Class<bugr>
11-10 06:02:18.287: I/BackdropActivity(6566): onCreate()
11-10 06:02:18.291: W/art(6566): Before Android 4.1, method android.graphics.PorterDuffColorFilter androidx.vectordrawable.graphics.drawable.VectorDrawableCompat.updateTintFilter(android.graphics.PorterDuffColorFilter, android.content.res.ColorStateList, android.graphics.PorterDuff$Mode) would have incorrectly overridden the package-private method in android.graphics.drawable.Drawable
11-10 06:02:18.292: D/BluetoothManagerService(885): Added callback: android.bluetooth.IBluetoothManagerCallback$Stub$Proxy@651d25d:true
11-10 06:02:18.319: I/art(6566): Rejecting re-init on previously-failed class java.lang.Class<android.support.v4.view.ViewCompat$2>
11-10 06:02:18.319: I/art(6566): Rejecting re-init on previously-failed class java.lang.Class<android.support.v4.view.ViewCompat$2>
11-10 06:02:18.367: D/WifiService(885): New client listening to asynchronous messages
11-10 06:02:18.389: W/Primes(6499): Primes not initialized, returning default (no-op) Primes instance which will ignore all calls. Please call Primes.initialize(...) before using any Primes API.
11-10 06:02:18.392: I/BackdropActivity(6566): android_id: 3532388188465559700
11-10 06:02:18.396: I/BackdropActivity(6566): onResume()
11-10 06:02:18.421: D/OpenGLRenderer(6566): Use EGL_SWAP_BEHAVIOR_PRESERVED: true
11-10 06:02:18.428: I/FTLNetworkMonitor(6566): NetworkMonitoringService was created
11-10 06:02:18.432: D/NotificationSQLiteLog(885): Pruned event entries: 0
11-10 06:02:18.457: I/Adreno(6566): QUALCOMM build                   : 52af4d2, I8366cd0437
11-10 06:02:18.457: I/Adreno(6566): Build Date                       : 10/20/15
11-10 06:02:18.457: I/Adreno(6566): OpenGL ES Shader Compiler Version: XE031.05.13.02
11-10 06:02:18.457: I/Adreno(6566): Local Branch                     : M14
11-10 06:02:18.457: I/Adreno(6566): Remote Branch                    : 
11-10 06:02:18.457: I/Adreno(6566): Remote Branch                    : 
11-10 06:02:18.457: I/Adreno(6566): Reconstruct Branch               : 
11-10 06:02:18.464: I/OpenGLRenderer(6566): Initialized EGL, version 1.4
11-10 06:02:18.500: I/FTLNetworkMonitor(6566): Network Info: [type: WIFI[], state: CONNECTED/CONNECTED, reason: (unspecified), extra: "wl-ftl-mt79-1-5", roaming: false, failover: false, isAvailable: true]
11-10 06:02:18.500: I/FTLNetworkMonitor(6566): Network Info: [type: WIFI[], state: CONNECTED/CONNECTED, reason: (unspecified), extra: "wl-ftl-mt79-1-5", roaming: false, failover: false, isAvailable: true]
11-10 06:02:18.501: D/ConnectivityService(885): listenForNetwork for Listen from uid/pid:10014/6528 for NetworkRequest [ id=9, legacyType=-1, [ Capabilities: NOT_RESTRICTED] ]
11-10 06:02:18.600: I/art(6499): Rejecting re-init on previously-failed class java.lang.Class<stc>
11-10 06:02:18.600: I/art(6499): Rejecting re-init on previously-failed class java.lang.Class<stc>
11-10 06:02:18.609: I/art(6499): Rejecting re-init on previously-failed class java.lang.Class<stc>
11-10 06:02:18.609: I/art(6499): Rejecting re-init on previously-failed class java.lang.Class<stc>
11-10 06:02:18.624: I/ActivityManager(885): Displayed com.google.android.apps.mtaas.backdrop/.BackdropActivity: +436ms
11-10 06:02:18.625: D/AndroidRuntime(6521): Shutting down VM
11-10 06:02:18.630: I/Keyboard.Facilitator(1656): onFinishInput()
11-10 06:02:18.704: W/Settings(6528): Setting airplane_mode_on has moved from android.provider.Settings.System to android.provider.Settings.Global, returning read-only value.
11-10 06:02:18.710: I/NetworkScheduler(6528): Using standalone scheduling engine
11-10 06:02:18.715: I/Icing(6499): IndexChimeraService.getServiceInterface callingPackage=com.google.android.gms componentName=null serviceId=36
11-10 06:02:18.735: I/Icing(6499): Storage manager: low false usage 1.79MB avail 24.48GB capacity 25.98GB
11-10 06:02:18.758: E/GooglePlayServicesUtil(5985): The Google Play services resources were not found. Check your project configuration to ensure that the resources are included.
11-10 06:02:18.765: E/SQLiteLog(6528): (1) no such column: preferred_network_type
11-10 06:02:18.766: E/SQLiteLog(6528): (1) no such column: preferred_charging_state
11-10 06:02:18.793: W/DynamiteModule(6499): Local module descriptor class for com.google.android.gms.googlecertificates not found.
11-10 06:02:18.801: I/DynamiteModule(6499): Considering local module com.google.android.gms.googlecertificates:0 and remote module com.google.android.gms.googlecertificates:4
11-10 06:02:18.801: I/DynamiteModule(6499): Selected remote version of com.google.android.gms.googlecertificates, version >= 4
11-10 06:02:18.808: W/System(6499): ClassLoader referenced unknown path: /data/data/com.google.android.gms/app_chimera/m/00000005/n/armeabi-v7a
11-10 06:02:18.810: W/System(6499): ClassLoader referenced unknown path: /data/data/com.google.android.gms/app_chimera/m/00000005/n/armeabi
11-10 06:02:18.825: W/Settings(6528): Setting airplane_mode_on has moved from android.provider.Settings.System to android.provider.Settings.Global, returning read-only value.
11-10 06:02:18.865: I/FontsSharedState(6499): Updating from directory version 0 to 16 from disk
11-10 06:02:18.866: I/FontsContentProvider(6499): Received query Google Sans, URI content://com.google.android.gms.fonts
11-10 06:02:18.870: I/FontsContentProvider(6499): Query [Google Sans] resolved to {Google Sans, wdth 100.0, wght 400, ital 0.0, bestEffort false}
11-10 06:02:18.885: I/FontsContentProvider(6499): Fetch {Google Sans, wdth 100.0, wght 400, ital 0.0, bestEffort false} end status Status{statusCode=SUCCESS, resolution=null}
11-10 06:02:18.901: I/TestSupport(6499): Activated: 1573286400000@1573394521761
11-10 06:02:18.901: I/TestSupport(6499): Boot time: 1573273527180
11-10 06:02:18.908: I/FontsContentProvider(6499): Pulling font file for id = 1, cache size = 1
11-10 06:02:18.909: I/TestSupport(6499): Passing package and signature checks: com.google.android.gmscore.testing.testsupport
11-10 06:02:18.990: W/native(6499): model-utils.cc:23 No CRC32, most likely an old model; skip CRC32 check
11-10 06:02:18.991: I/native(6499): model-api.cc:45 Registered model under key tmp-segmentation-model
11-10 06:02:19.012: I/LocaleChangeIO(6528): Requesting GmsCore restart due to change in locale assets
11-10 06:02:19.059: V/BackupManagerService(885): Connected to transport ComponentInfo{com.google.android.gms/com.google.android.gms.backup.BackupTransportService}
11-10 06:02:19.059: V/BackupManagerService(885): Registering transport com.google.android.gms/.backup.BackupTransportService::com.google.android.gms/.backup.BackupTransportService = com.android.internal.backup.IBackupTransport$Stub$Proxy@8c44725
11-10 06:02:19.071: I/native(6499): permission-checker.cc:74 Creating PermissionChecker based on ACL with config_version 1 having 5 permissions defined.
11-10 06:02:19.072: W/native(6499): words-map.cc:29 generic::invalid_argument: Empty URI
11-10 06:02:19.072: W/native(6499): words-map.cc:33 WordsMap was not properly initialized
11-10 06:02:19.113: I/DynamiteModule(6499): Considering local module com.google.android.gms.googlecertificates:4 and remote module com.google.android.gms.googlecertificates:4
11-10 06:02:19.113: I/DynamiteModule(6499): Selected local version of com.google.android.gms.googlecertificates
11-10 06:02:19.116: W/Icing(6499): Fail to authenticate package: com.google.android.videos, fingerprint mismatch (null != null)
11-10 06:02:19.142: I/GeofencerStateMachine(6528): sendWifiConnectivityChanged: connectivity=true
11-10 06:02:19.176: I/Icing(6499): doRemovePackageData com.google.android.videos
11-10 06:02:19.214: I/Icing(6499): updateResources: need to parse acqe{com.google.android.gms}
11-10 06:02:19.237: W/ChimeraUtils(6528): Non Chimera context
11-10 06:02:19.267: I/Backup(6528): [GmsBackupAccountManager] Backup account not found in gmscore.
11-10 06:02:19.291: I/Backup(6528): [BackupTransportMigratorChimeraService] Starting migration...
11-10 06:02:19.314: D/WifiService(885): acquireWifiLockLocked: WifiLock{NlpWifiLock type=2 binder=android.os.BinderProxy@44bd702}
11-10 06:02:19.367: I/NearbyDiscovery(6528): Show notifications: 0 total, no changes since last shown, no-op. [CONTEXT service_id=49 ]
11-10 06:02:19.373: I/NearbyDiscovery(6528): Show notifications: 0 total, no changes since last shown, no-op. [CONTEXT service_id=49 ]
11-10 06:02:19.375: D/wifi(885): Initialized common fields 10000, 25, 100, 10
11-10 06:02:19.375: D/wifi(885): bucket[0] = 2:3:10000:2
11-10 06:02:19.418: W/ChimeraUtils(6528): Non Chimera context
11-10 06:02:19.425: I/Icing(6499): Using regular flags by method 2
11-10 06:02:19.441: I/Icing(6499): IndexChimeraService.getServiceInterface callingPackage=com.google.android.gms componentName=AppsCorpus serviceId=36
11-10 06:02:19.442: I/Icing(6499): IndexChimeraService.getServiceInterface callingPackage=com.google.android.gms componentName=null serviceId=30
11-10 06:02:19.486: I/ActivityManager(885): Start proc 6707:com.android.vending/u0a24 for service com.android.vending/com.google.android.finsky.services.ContentSyncService
11-10 06:02:19.496: W/Nearby(6528): Bind call too late - someone already tried to get: interface buvb [CONTEXT service_id=49 ]
11-10 06:02:19.513: I/Icing(6499): Internal init done: storage state 0
11-10 06:02:19.521: W/System(6707): ClassLoader referenced unknown path: /system/priv-app/Phonesky/lib/arm
