11-10 06:02:46.537: I/DictionaryProvider:UpdateHandler(1656): downloadFinished() : DownloadId = 21
11-10 06:02:46.711: I/DictionaryProvider:UpdateHandler(1656): downloadFinished() : Success = true
11-10 06:02:46.711: I/DictionaryProvider:UpdateHandler(1656): downloadFinished() : WordList Success
11-10 06:02:47.334: I/BinaryDictionaryFileDumper(1656): Computed checksum for downloaded dictionary. Expected = 6bd8ca26c1315f47b069dce9729f4cb2 ; actual = 6bd8ca26c1315f47b069dce9729f4cb2
11-10 06:02:47.361: I/art(7112): Background sticky concurrent mark sweep GC freed 147739(14MB) AllocSpace objects, 0(0B) LOS objects, 33% free, 26MB/39MB, paused 5.533ms total 102.154ms
11-10 06:02:47.363: D/BinaryDictionaryFileDumper(1656): Successfully copied file for wordlist ID main:pt_br
11-10 06:02:47.364: I/Keyboard.Facilitator(1656): resetDictionaries() : pt_BR
11-10 06:02:47.368: I/Keyboard.Facilitator.DecoderInitializer(1656): run()
11-10 06:02:47.370: I/Decoder(1656): createOrResetDecoder
11-10 06:02:47.419: I/Keyboard.Facilitator.MainLanguageModelLoader(1656): run()
11-10 06:02:47.448: I/Keyboard.Facilitator.MainLanguageModelLoader(1656): loadStaticLm() : Loading File = /data/user/0/com.google.android.inputmethod.latin/files/dicts/pt_BR/main%00003apt_br (offset=0, length=4964848) with up to date LoudsLmContentVersion = 20151004
11-10 06:02:47.449: I/Keyboard.Facilitator.DynamicLanguageModelLoader(1656): run()
11-10 06:02:47.449: I/Keyboard.Facilitator.DynamicLanguageModelLoader(1656): run() : Loading LM = contacts
11-10 06:02:47.450: I/Keyboard.Facilitator.DynamicLanguageModelLoader(1656): run() : Missing File = Contacts.dict
11-10 06:02:47.450: I/Keyboard.Facilitator.DynamicLanguageModelLoader(1656): run() : Loading LM = user
11-10 06:02:47.451: I/Keyboard.Facilitator.DynamicLanguageModelLoader(1656): run() : Missing File = Personal.pt_BR.dict
11-10 06:02:47.451: I/Keyboard.Facilitator.PersonalDictionaryLoader(1656): run() : Loaded (exit)
11-10 06:02:47.451: I/Keyboard.Facilitator.Delight2FileSweeper(1656): run()
11-10 06:02:47.451: I/Keyboard.Facilitator.RecurringTaskScheduler(1656): run()
11-10 06:02:47.451: I/StatsUtilsManager(1656): startPeriodStatsRecorder() : Success
11-10 06:02:47.456: I/PeriodicStatsRecorder(1656): shouldRecordStats() = Disabled
11-10 06:02:47.483: V/DownloadManager(1371): Deleting /data/data/com.android.providers.downloads/cache/main_pt_br_d3.dict#15733945645054.1.23103.2862625.dict via provider delete
11-10 06:02:48.168: I/art(7112): Background sticky concurrent mark sweep GC freed 109751(10MB) AllocSpace objects, 0(0B) LOS objects, 23% free, 29MB/39MB, paused 8.015ms total 67.500ms
11-10 06:02:48.446: I/ViewInteraction(7112): Performing 'single click' action on view with id: com.example.concurrencyeval:id/ph_run_button
11-10 06:02:48.506: D/audio_hw_primary(375): out_set_parameters: enter: usecase(1: low-latency-playback) kvpairs: routing=131072
11-10 06:02:48.548: D/AudioFlinger(375): mixer(0xb3d80000) throttle end: throttle time(7)
11-10 06:02:48.854: I/art(7112): Background sticky concurrent mark sweep GC freed 85778(8MB) AllocSpace objects, 0(0B) LOS objects, 15% free, 33MB/39MB, paused 10.268ms total 96.011ms
11-10 06:02:48.922: W/CursorWrapperInner(6566): Cursor finalized without prior close()
11-10 06:02:49.584: W/art(7112): Suspending all threads took: 5.184ms
11-10 06:02:49.629: I/art(7112): Background sticky concurrent mark sweep GC freed 163615(16MB) AllocSpace objects, 0(0B) LOS objects, 35% free, 25MB/40MB, paused 7.522ms total 80.687ms
11-10 06:02:50.481: I/art(7112): Background sticky concurrent mark sweep GC freed 130547(13MB) AllocSpace objects, 0(0B) LOS objects, 25% free, 29MB/40MB, paused 10.375ms total 86.861ms
11-10 06:02:50.784: I/ViewInteraction(7112): Performing 'single click' action on view with id: com.example.concurrencyeval:id/ph_run_button
11-10 06:02:50.846: D/audio_hw_primary(375): out_set_parameters: enter: usecase(1: low-latency-playback) kvpairs: routing=131072
11-10 06:02:53.113: I/ViewInteraction(7112): Performing 'single click' action on view with id: com.example.concurrencyeval:id/ph_run_button
11-10 06:02:53.186: D/audio_hw_primary(375): out_set_parameters: enter: usecase(1: low-latency-playback) kvpairs: routing=131072
11-10 06:02:53.228: D/AudioFlinger(375): mixer(0xb3d80000) throttle end: throttle time(7)
11-10 06:02:53.688: I/art(7112): Background sticky concurrent mark sweep GC freed 143467(14MB) AllocSpace objects, 0(0B) LOS objects, 31% free, 26MB/38MB, paused 5.153ms total 70.516ms
11-10 06:02:55.446: I/ViewInteraction(7112): Performing 'single click' action on view with id: com.example.concurrencyeval:id/ph_run_button
11-10 06:02:55.502: D/audio_hw_primary(375): out_set_parameters: enter: usecase(1: low-latency-playback) kvpairs: routing=131072
11-10 06:02:56.870: W/art(7112): Suspending all threads took: 5.022ms
11-10 06:02:56.900: I/art(7112): Background sticky concurrent mark sweep GC freed 150866(15MB) AllocSpace objects, 0(0B) LOS objects, 33% free, 26MB/39MB, paused 7.583ms total 68.792ms
11-10 06:02:57.500: D/ConnectivityService(885): notifyType CAP_CHANGED for NetworkAgentInfo [WIFI () - 100]
11-10 06:02:57.763: I/ViewInteraction(7112): Performing 'single click' action on view with id: com.example.concurrencyeval:id/ph_run_button
11-10 06:02:57.818: D/audio_hw_primary(375): out_set_parameters: enter: usecase(1: low-latency-playback) kvpairs: routing=131072
11-10 06:02:57.860: D/AudioFlinger(375): mixer(0xb3d80000) throttle end: throttle time(7)
11-10 06:03:00.096: I/ViewInteraction(7112): Performing 'single click' action on view with id: com.example.concurrencyeval:id/ph_spinner_choose_sync
11-10 06:03:00.457: I/ActivityManager(885): Killing 6273:com.google.android.apps.magazines/u0a71 (adj 15): empty #17
11-10 06:03:00.465: I/ViewInteraction(7112): Performing 'single click' action on view with text: is "Synchronized"
11-10 06:03:00.588: I/Keyboard.Facilitator(1656): onFinishInput()
11-10 06:03:00.590: D/audio_hw_primary(375): out_set_parameters: enter: usecase(1: low-latency-playback) kvpairs: routing=131072
11-10 06:03:00.602: I/Keyboard.Facilitator(1656): onFinishInput()
11-10 06:03:00.734: I/ViewInteraction(7112): Performing 'single click' action on view with id: com.example.concurrencyeval:id/ph_run_button
11-10 06:03:00.794: D/audio_hw_primary(375): out_set_parameters: enter: usecase(1: low-latency-playback) kvpairs: routing=131072
11-10 06:03:00.836: D/AudioFlinger(375): mixer(0xb3d80000) throttle end: throttle time(7)
11-10 06:03:01.054: I/art(7112): Background sticky concurrent mark sweep GC freed 166528(16MB) AllocSpace objects, 0(0B) LOS objects, 36% free, 25MB/40MB, paused 7.941ms total 83.437ms
11-10 06:03:01.518: I/art(7112): Background partial concurrent mark sweep GC freed 180733(18MB) AllocSpace objects, 0(0B) LOS objects, 39% free, 23MB/39MB, paused 5.315ms total 75.810ms
11-10 06:03:02.364: D/NetlinkSocketObserver(885): NeighborEvent{elapsedMs=121055184, 10.10.202.1, [0010DBFF1003], RTM_NEWNEIGH, NUD_STALE}
11-10 06:03:02.801: I/art(7112): Background partial concurrent mark sweep GC freed 177855(17MB) AllocSpace objects, 0(0B) LOS objects, 39% free, 24MB/40MB, paused 5.170ms total 87.112ms
11-10 06:03:03.541: D/ConnectivityService(885): notifyType CAP_CHANGED for NetworkAgentInfo [WIFI () - 100]
11-10 06:03:03.986: D/audio_hw_primary(375): disable_audio_route: reset and update mixer path: low-latency-playback
11-10 06:03:03.988: D/audio_hw_primary(375): disable_snd_device: snd_device(6: line)
11-10 06:03:04.059: I/ViewInteraction(7112): Performing 'single click' action on view with id: com.example.concurrencyeval:id/ph_run_button
11-10 06:03:04.104: D/audio_hw_primary(375): out_set_parameters: enter: usecase(1: low-latency-playback) kvpairs: routing=131072
11-10 06:03:04.116: D/audio_hw_primary(375): select_devices: out_snd_device(6: line) in_snd_device(0: none)
11-10 06:03:04.117: D/msm8974_platform(375): platform_send_audio_calibration: sending audio calibration for snd_device(6) acdb_id(77)
11-10 06:03:04.117: D/audio_hw_primary(375): enable_snd_device: snd_device(6: line)
11-10 06:03:04.131: D/audio_hw_primary(375): enable_audio_route: apply and update mixer path: low-latency-playback
11-10 06:03:04.211: D/AudioFlinger(375): mixer(0xb3d80000) throttle end: throttle time(12)
11-10 06:03:06.127: I/art(7112): Background sticky concurrent mark sweep GC freed 110341(11MB) AllocSpace objects, 0(0B) LOS objects, 24% free, 30MB/39MB, paused 5.040ms total 57.132ms
11-10 06:03:06.560: D/ConnectivityService(885): updateNetworkScore for NetworkAgentInfo [WIFI () - 100] to 55
11-10 06:03:07.384: I/ViewInteraction(7112): Performing 'single click' action on view with id: com.example.concurrencyeval:id/ph_run_button
11-10 06:03:07.394: D/audio_hw_primary(375): disable_audio_route: reset and update mixer path: low-latency-playback
11-10 06:03:07.395: D/audio_hw_primary(375): disable_snd_device: snd_device(6: line)
11-10 06:03:07.431: D/audio_hw_primary(375): out_set_parameters: enter: usecase(1: low-latency-playback) kvpairs: routing=131072
11-10 06:03:07.444: D/audio_hw_primary(375): select_devices: out_snd_device(6: line) in_snd_device(0: none)
11-10 06:03:07.444: D/msm8974_platform(375): platform_send_audio_calibration: sending audio calibration for snd_device(6) acdb_id(77)
11-10 06:03:07.444: D/audio_hw_primary(375): enable_snd_device: snd_device(6: line)
11-10 06:03:07.462: D/audio_hw_primary(375): enable_audio_route: apply and update mixer path: low-latency-playback
11-10 06:03:07.538: D/AudioFlinger(375): mixer(0xb3d80000) throttle end: throttle time(12)
11-10 06:03:08.407: I/Vision(6499): Supported ABIS: [armeabi-v7a, armeabi]
11-10 06:03:08.978: I/Vision(6499): Requesting optional module download of ocr.
11-10 06:03:09.003: I/art(7112): Background sticky concurrent mark sweep GC freed 157103(15MB) AllocSpace objects, 0(0B) LOS objects, 34% free, 25MB/38MB, paused 7.366ms total 78.597ms
11-10 06:03:09.173: I/Vision(6499): Checking for download completion for 121121992 -- ocr
11-10 06:03:10.545: I/ModuleSetUtils(6499): Assembling ModuleSetRecord for container:19420+vision.ocr: [zapp:/VisionOcr.optional/19420000300]
11-10 06:03:10.554: I/DynamiteModule(6499): Considering local module com.google.android.gms.cronet_dynamite:0 and remote module com.google.android.gms.cronet_dynamite:1211
11-10 06:03:10.554: I/DynamiteModule(6499): Selected remote version of com.google.android.gms.cronet_dynamite, version >= 1211
11-10 06:03:10.559: W/System(6499): ClassLoader referenced unknown path: /data/data/com.google.android.gms/app_chimera/m/00000001/n/armeabi
11-10 06:03:10.593: I/cr_CronetLibraryLoader(6499): Cronet version: 76.0.3809.111, arch: armv7l
11-10 06:03:10.622: D/ConnectivityService(885): listenForNetwork for Listen from uid/pid:10014/6499 for NetworkRequest [ id=10, legacyType=-1, [ Capabilities: INTERNET&NOT_RESTRICTED&TRUSTED] ]
11-10 06:03:10.638: I/ModuleSetUtils(6499): Assembling ModuleSetRecord for container:19420+vision.ocr: [zapp:/VisionOcr.optional/19420000300]
11-10 06:03:10.664: I/ChmraDebugLogger(6499): [73] 80420700
11-10 06:03:10.675: I/ChmraDebugLogger(6499): [30] VisionOcr.optional:19420000300 permitMetered=true,
11-10 06:03:10.683: W/ChimeraConfigService(6499): Retry attempt was throttled.
11-10 06:03:10.697: D/audio_hw_primary(375): disable_audio_route: reset and update mixer path: low-latency-playback
11-10 06:03:10.701: D/audio_hw_primary(375): disable_snd_device: snd_device(6: line)
11-10 06:03:10.703: I/ViewInteraction(7112): Performing 'single click' action on view with id: com.example.concurrencyeval:id/ph_run_button
11-10 06:03:10.733: I/ModuleSetUtils(6499): Assembling ModuleSetRecord for ads_fdr:210015,container:19420+vision.ocr: [zapp:/VisionOcr.optional/19420000300, zapp:/AdsFdrDynamite.integ/21001000000]
11-10 06:03:10.742: I/GmsModuleFndr(6499): Beginning GMS chimera module scan
11-10 06:03:10.746: D/audio_hw_primary(375): out_set_parameters: enter: usecase(1: low-latency-playback) kvpairs: routing=131072
11-10 06:03:10.757: I/ModuleSetMgr(6499): Computing pending module set with APKs: {file:///data/app/com.google.android.gms-1/base.apk}
11-10 06:03:10.759: D/audio_hw_primary(375): select_devices: out_snd_device(6: line) in_snd_device(0: none)
11-10 06:03:10.759: D/msm8974_platform(375): platform_send_audio_calibration: sending audio calibration for snd_device(6) acdb_id(77)
11-10 06:03:10.759: D/audio_hw_primary(375): enable_snd_device: snd_device(6: line)
11-10 06:03:10.774: D/audio_hw_primary(375): enable_audio_route: apply and update mixer path: low-latency-playback
11-10 06:03:10.855: D/AudioFlinger(375): mixer(0xb3d80000) throttle end: throttle time(12)
11-10 06:03:10.916: I/ModuleSetUtils(6499): Assembling ModuleSetRecord for container:19420: []
11-10 06:03:10.919: I/ModuleSetMgr(6499): Pending container Zapp APKs: []
11-10 06:03:10.919: I/ModuleSetMgr(6499): Pending non-container Zapp APKs: []
11-10 06:03:11.180: I/ModuleSetUtils(6499): Assembling ModuleSetRecord for ads_fdr:210015,container:19420+vision.ocr: [zapp:/VisionOcr.optional/19420000300, zapp:/AdsFdrDynamite.integ/21001000000]
11-10 06:03:12.605: D/NetlinkSocketObserver(885): NeighborEvent{elapsedMs=121065425, 10.10.202.1, [0010DBFF1003], RTM_NEWNEIGH, NUD_PROBE}
11-10 06:03:14.018: D/audio_hw_primary(375): disable_audio_route: reset and update mixer path: low-latency-playback
11-10 06:03:14.019: D/audio_hw_primary(375): disable_snd_device: snd_device(6: line)
11-10 06:03:14.030: I/ViewInteraction(7112): Performing 'single click' action on view with id: com.example.concurrencyeval:id/ph_run_button
11-10 06:03:14.075: D/audio_hw_primary(375): out_set_parameters: enter: usecase(1: low-latency-playback) kvpairs: routing=131072
11-10 06:03:14.088: D/audio_hw_primary(375): select_devices: out_snd_device(6: line) in_snd_device(0: none)
11-10 06:03:14.088: D/msm8974_platform(375): platform_send_audio_calibration: sending audio calibration for snd_device(6) acdb_id(77)
11-10 06:03:14.088: D/audio_hw_primary(375): enable_snd_device: snd_device(6: line)
11-10 06:03:14.099: D/audio_hw_primary(375): enable_audio_route: apply and update mixer path: low-latency-playback
11-10 06:03:14.189: D/AudioFlinger(375): mixer(0xb3d80000) throttle end: throttle time(12)
11-10 06:03:15.612: D/ConnectivityService(885): updateNetworkScore for NetworkAgentInfo [WIFI () - 100] to 56
11-10 06:03:15.914: I/art(7112): Background sticky concurrent mark sweep GC freed 159150(16MB) AllocSpace objects, 0(0B) LOS objects, 36% free, 25MB/39MB, paused 5.936ms total 70.511ms
11-10 06:03:17.340: D/audio_hw_primary(375): disable_audio_route: reset and update mixer path: low-latency-playback
11-10 06:03:17.341: D/audio_hw_primary(375): disable_snd_device: snd_device(6: line)
11-10 06:03:17.360: I/ViewInteraction(7112): Performing 'single click' action on view with id: com.example.concurrencyeval:id/ph_run_button
11-10 06:03:17.407: D/audio_hw_primary(375): out_set_parameters: enter: usecase(1: low-latency-playback) kvpairs: routing=131072
11-10 06:03:17.419: D/audio_hw_primary(375): select_devices: out_snd_device(6: line) in_snd_device(0: none)
11-10 06:03:17.419: D/msm8974_platform(375): platform_send_audio_calibration: sending audio calibration for snd_device(6) acdb_id(77)
11-10 06:03:17.420: D/audio_hw_primary(375): enable_snd_device: snd_device(6: line)
11-10 06:03:17.433: D/audio_hw_primary(375): enable_audio_route: apply and update mixer path: low-latency-playback
11-10 06:03:17.515: D/AudioFlinger(375): mixer(0xb3d80000) throttle end: throttle time(12)
11-10 06:03:18.635: D/ConnectivityService(885): updateNetworkScore for NetworkAgentInfo [WIFI () - 100] to 55
11-10 06:03:19.414: I/art(7112): Background partial concurrent mark sweep GC freed 175075(17MB) AllocSpace objects, 0(0B) LOS objects, 39% free, 24MB/40MB, paused 9.170ms total 102.280ms
11-10 06:03:19.894: I/art(7112): Background sticky concurrent mark sweep GC freed 167333(16MB) AllocSpace objects, 0(0B) LOS objects, 38% free, 25MB/40MB, paused 6.634ms total 69.219ms
11-10 06:03:20.675: I/ViewInteraction(7112): Performing 'single click' action on view with id: com.example.concurrencyeval:id/ph_spinner_choose_sync
11-10 06:03:20.679: D/audio_hw_primary(375): disable_audio_route: reset and update mixer path: low-latency-playback
11-10 06:03:20.682: D/audio_hw_primary(375): disable_snd_device: snd_device(6: line)
11-10 06:03:21.045: I/ViewInteraction(7112): Performing 'single click' action on view with text: is "Lock and Condition"
11-10 06:03:21.158: D/audio_hw_primary(375): out_set_parameters: enter: usecase(1: low-latency-playback) kvpairs: routing=131072
11-10 06:03:21.167: I/Keyboard.Facilitator(1656): onFinishInput()
11-10 06:03:21.170: D/audio_hw_primary(375): select_devices: out_snd_device(6: line) in_snd_device(0: none)
11-10 06:03:21.171: D/msm8974_platform(375): platform_send_audio_calibration: sending audio calibration for snd_device(6) acdb_id(77)
11-10 06:03:21.171: D/audio_hw_primary(375): enable_snd_device: snd_device(6: line)
11-10 06:03:21.181: I/Keyboard.Facilitator(1656): onFinishInput()
11-10 06:03:21.185: D/audio_hw_primary(375): enable_audio_route: apply and update mixer path: low-latency-playback
11-10 06:03:21.265: D/AudioFlinger(375): mixer(0xb3d80000) throttle end: throttle time(12)
11-10 06:03:21.315: I/ViewInteraction(7112): Performing 'single click' action on view with id: com.example.concurrencyeval:id/ph_run_button
11-10 06:03:21.562: D/WifiStateMachine(885): starting scan for "wl-ftl-mt79-1-5"WPA_PSK with 5825,5200
11-10 06:03:21.640: D/ConnectivityService(885): updateNetworkScore for NetworkAgentInfo [WIFI () - 100] to 56
11-10 06:03:21.770: I/art(7112): Background partial concurrent mark sweep GC freed 191617(19MB) AllocSpace objects, 0(0B) LOS objects, 39% free, 24MB/40MB, paused 5.973ms total 108.129ms
11-10 06:03:23.086: I/art(7112): Background sticky concurrent mark sweep GC freed 139401(14MB) AllocSpace objects, 0(0B) LOS objects, 29% free, 28MB/40MB, paused 5.574ms total 69.476ms
11-10 06:03:23.637: I/ViewInteraction(7112): Performing 'single click' action on view with id: com.example.concurrencyeval:id/ph_run_button
11-10 06:03:23.690: D/audio_hw_primary(375): out_set_parameters: enter: usecase(1: low-latency-playback) kvpairs: routing=131072
11-10 06:03:25.967: I/ViewInteraction(7112): Performing 'single click' action on view with id: com.example.concurrencyeval:id/ph_run_button
11-10 06:03:26.018: D/audio_hw_primary(375): out_set_parameters: enter: usecase(1: low-latency-playback) kvpairs: routing=131072
11-10 06:03:27.749: I/ThermalEngine(385): ACTION: CPU - Setting CPU[0] to 2572800
11-10 06:03:27.749: I/ThermalEngine(385): ACTION: CPU - Setting CPU[1] to 2572800
11-10 06:03:27.749: I/ThermalEngine(385): ACTION: CPU - Setting CPU[2] to 2572800
11-10 06:03:27.749: I/ThermalEngine(385): ACTION: CPU - Setting CPU[3] to 2572800
11-10 06:03:27.815: I/ThermalEngine(385): ACTION: CPU - Setting CPU[0] to 2649600
11-10 06:03:27.815: I/ThermalEngine(385): ACTION: CPU - Setting CPU[1] to 2649600
11-10 06:03:27.815: I/ThermalEngine(385): ACTION: CPU - Setting CPU[2] to 2649600
11-10 06:03:27.815: I/ThermalEngine(385): ACTION: CPU - Setting CPU[3] to 2649600
11-10 06:03:28.006: I/ThermalEngine(385): ACTION: CPU - Setting CPU[0] to 2572800
11-10 06:03:28.006: I/ThermalEngine(385): ACTION: CPU - Setting CPU[1] to 2572800
11-10 06:03:28.006: I/ThermalEngine(385): ACTION: CPU - Setting CPU[2] to 2572800
11-10 06:03:28.006: I/ThermalEngine(385): ACTION: CPU - Setting CPU[3] to 2572800
11-10 06:03:28.071: I/ThermalEngine(385): ACTION: CPU - Setting CPU[0] to 2649600
11-10 06:03:28.072: I/ThermalEngine(385): ACTION: CPU - Setting CPU[1] to 2649600
11-10 06:03:28.072: I/ThermalEngine(385): ACTION: CPU - Setting CPU[2] to 2649600
11-10 06:03:28.072: I/ThermalEngine(385): ACTION: CPU - Setting CPU[3] to 2649600
11-10 06:03:28.288: I/ViewInteraction(7112): Performing 'single click' action on view with id: com.example.concurrencyeval:id/ph_run_button
11-10 06:03:28.346: D/audio_hw_primary(375): out_set_parameters: enter: usecase(1: low-latency-playback) kvpairs: routing=131072
11-10 06:03:29.351: D/NetlinkSocketObserver(885): NeighborEvent{elapsedMs=121082171, 10.10.202.1, [0010DBFF1003], RTM_NEWNEIGH, NUD_STALE}
11-10 06:03:29.804: I/ThermalEngine(385): ACTION: CPU - Setting CPU[0] to 2572800
11-10 06:03:29.804: I/ThermalEngine(385): ACTION: CPU - Setting CPU[1] to 2572800
11-10 06:03:29.804: I/ThermalEngine(385): ACTION: CPU - Setting CPU[2] to 2572800
11-10 06:03:29.804: I/ThermalEngine(385): ACTION: CPU - Setting CPU[3] to 2572800
11-10 06:03:29.870: I/ThermalEngine(385): ACTION: CPU - Setting CPU[0] to 2496000
11-10 06:03:29.870: I/ThermalEngine(385): ACTION: CPU - Setting CPU[1] to 2496000
11-10 06:03:29.870: I/ThermalEngine(385): ACTION: CPU - Setting CPU[2] to 2496000
11-10 06:03:29.870: I/ThermalEngine(385): ACTION: CPU - Setting CPU[3] to 2496000
11-10 06:03:29.935: I/ThermalEngine(385): ACTION: CPU - Setting CPU[0] to 2572800
11-10 06:03:29.936: I/ThermalEngine(385): ACTION: CPU - Setting CPU[1] to 2572800
11-10 06:03:29.936: I/ThermalEngine(385): ACTION: CPU - Setting CPU[2] to 2572800
11-10 06:03:29.936: I/ThermalEngine(385): ACTION: CPU - Setting CPU[3] to 2572800
11-10 06:03:30.001: I/ThermalEngine(385): ACTION: CPU - Setting CPU[0] to 2649600
11-10 06:03:30.001: I/ThermalEngine(385): ACTION: CPU - Setting CPU[1] to 2649600
11-10 06:03:30.001: I/ThermalEngine(385): ACTION: CPU - Setting CPU[2] to 2649600
11-10 06:03:30.001: I/ThermalEngine(385): ACTION: CPU - Setting CPU[3] to 2649600
11-10 06:03:30.126: I/ThermalEngine(385): ACTION: CPU - Setting CPU[0] to 2572800
11-10 06:03:30.126: I/ThermalEngine(385): ACTION: CPU - Setting CPU[1] to 2572800
11-10 06:03:30.126: I/ThermalEngine(385): ACTION: CPU - Setting CPU[2] to 2572800
11-10 06:03:30.126: I/ThermalEngine(385): ACTION: CPU - Setting CPU[3] to 2572800
11-10 06:03:30.192: I/ThermalEngine(385): ACTION: CPU - Setting CPU[0] to 2649600
11-10 06:03:30.192: I/ThermalEngine(385): ACTION: CPU - Setting CPU[1] to 2649600
11-10 06:03:30.192: I/ThermalEngine(385): ACTION: CPU - Setting CPU[2] to 2649600
11-10 06:03:30.192: I/ThermalEngine(385): ACTION: CPU - Setting CPU[3] to 2649600
11-10 06:03:30.318: I/ThermalEngine(385): ACTION: CPU - Setting CPU[0] to 2572800
11-10 06:03:30.318: I/ThermalEngine(385): ACTION: CPU - Setting CPU[1] to 2572800
11-10 06:03:30.318: I/ThermalEngine(385): ACTION: CPU - Setting CPU[2] to 2572800
11-10 06:03:30.318: I/ThermalEngine(385): ACTION: CPU - Setting CPU[3] to 2572800
11-10 06:03:30.384: I/ThermalEngine(385): ACTION: CPU - Setting CPU[0] to 2649600
11-10 06:03:30.384: I/ThermalEngine(385): ACTION: CPU - Setting CPU[1] to 2649600
11-10 06:03:30.384: I/ThermalEngine(385): ACTION: CPU - Setting CPU[2] to 2649600
11-10 06:03:30.384: I/ThermalEngine(385): ACTION: CPU - Setting CPU[3] to 2649600
11-10 06:03:30.622: I/ViewInteraction(7112): Performing 'single click' action on view with id: com.example.concurrencyeval:id/ph_run_button
11-10 06:03:30.674: D/audio_hw_primary(375): out_set_parameters: enter: usecase(1: low-latency-playback) kvpairs: routing=131072
11-10 06:03:30.683: D/ConnectivityService(885): updateNetworkScore for NetworkAgentInfo [WIFI () - 100] to 55
11-10 06:03:31.098: I/art(7112): Background sticky concurrent mark sweep GC freed 153394(15MB) AllocSpace objects, 0(0B) LOS objects, 34% free, 25MB/39MB, paused 5.403ms total 67.504ms
11-10 06:03:31.670: I/ThermalEngine(385): ACTION: CPU - Setting CPU[0] to 2572800
11-10 06:03:31.670: I/ThermalEngine(385): ACTION: CPU - Setting CPU[1] to 2572800
11-10 06:03:31.670: I/ThermalEngine(385): ACTION: CPU - Setting CPU[2] to 2572800
11-10 06:03:31.670: I/ThermalEngine(385): ACTION: CPU - Setting CPU[3] to 2572800
11-10 06:03:31.736: I/ThermalEngine(385): ACTION: CPU - Setting CPU[0] to 2649600
11-10 06:03:31.736: I/ThermalEngine(385): ACTION: CPU - Setting CPU[1] to 2649600
11-10 06:03:31.736: I/ThermalEngine(385): ACTION: CPU - Setting CPU[2] to 2649600
11-10 06:03:31.736: I/ThermalEngine(385): ACTION: CPU - Setting CPU[3] to 2649600
11-10 06:03:31.998: I/ThermalEngine(385): ACTION: CPU - Setting CPU[0] to 2572800
11-10 06:03:31.998: I/ThermalEngine(385): ACTION: CPU - Setting CPU[1] to 2572800
11-10 06:03:31.998: I/ThermalEngine(385): ACTION: CPU - Setting CPU[2] to 2572800
11-10 06:03:31.998: I/ThermalEngine(385): ACTION: CPU - Setting CPU[3] to 2572800
11-10 06:03:32.064: I/ThermalEngine(385): ACTION: CPU - Setting CPU[0] to 2649600
11-10 06:03:32.064: I/ThermalEngine(385): ACTION: CPU - Setting CPU[1] to 2649600
11-10 06:03:32.064: I/ThermalEngine(385): ACTION: CPU - Setting CPU[2] to 2649600
11-10 06:03:32.064: I/ThermalEngine(385): ACTION: CPU - Setting CPU[3] to 2649600
11-10 06:03:32.129: I/ThermalEngine(385): ACTION: CPU - Setting CPU[0] to 2572800
11-10 06:03:32.129: I/ThermalEngine(385): ACTION: CPU - Setting CPU[1] to 2572800
11-10 06:03:32.129: I/ThermalEngine(385): ACTION: CPU - Setting CPU[2] to 2572800
11-10 06:03:32.130: I/ThermalEngine(385): ACTION: CPU - Setting CPU[3] to 2572800
11-10 06:03:32.195: I/ThermalEngine(385): ACTION: CPU - Setting CPU[0] to 2649600
11-10 06:03:32.195: I/ThermalEngine(385): ACTION: CPU - Setting CPU[1] to 2649600
11-10 06:03:32.195: I/ThermalEngine(385): ACTION: CPU - Setting CPU[2] to 2649600
11-10 06:03:32.195: I/ThermalEngine(385): ACTION: CPU - Setting CPU[3] to 2649600
11-10 06:03:32.375: I/ThermalEngine(385): ACTION: CPU - Setting CPU[0] to 2572800
11-10 06:03:32.375: I/ThermalEngine(385): ACTION: CPU - Setting CPU[1] to 2572800
11-10 06:03:32.375: I/ThermalEngine(385): ACTION: CPU - Setting CPU[2] to 2572800
11-10 06:03:32.375: I/ThermalEngine(385): ACTION: CPU - Setting CPU[3] to 2572800
11-10 06:03:32.440: I/ThermalEngine(385): ACTION: CPU - Setting CPU[0] to 2649600
11-10 06:03:32.441: I/ThermalEngine(385): ACTION: CPU - Setting CPU[1] to 2649600
11-10 06:03:32.441: I/ThermalEngine(385): ACTION: CPU - Setting CPU[2] to 2649600
11-10 06:03:32.441: I/ThermalEngine(385): ACTION: CPU - Setting CPU[3] to 2649600
11-10 06:03:32.571: I/ThermalEngine(385): ACTION: CPU - Setting CPU[0] to 2572800
11-10 06:03:32.572: I/ThermalEngine(385): ACTION: CPU - Setting CPU[1] to 2572800
11-10 06:03:32.572: I/ThermalEngine(385): ACTION: CPU - Setting CPU[2] to 2572800
11-10 06:03:32.572: I/ThermalEngine(385): ACTION: CPU - Setting CPU[3] to 2572800
11-10 06:03:32.637: I/ThermalEngine(385): ACTION: CPU - Setting CPU[0] to 2649600
11-10 06:03:32.638: I/ThermalEngine(385): ACTION: CPU - Setting CPU[1] to 2649600
11-10 06:03:32.638: I/ThermalEngine(385): ACTION: CPU - Setting CPU[2] to 2649600
11-10 06:03:32.638: I/ThermalEngine(385): ACTION: CPU - Setting CPU[3] to 2649600
11-10 06:03:32.937: I/ViewInteraction(7112): Performing 'single click' action on view with id: com.example.concurrencyeval:id/ph_run_button
11-10 06:03:32.990: D/audio_hw_primary(375): out_set_parameters: enter: usecase(1: low-latency-playback) kvpairs: routing=131072
11-10 06:03:33.034: D/AudioFlinger(375): mixer(0xb3d80000) throttle end: throttle time(4)
11-10 06:03:33.307: I/art(7112): Background sticky concurrent mark sweep GC freed 156864(15MB) AllocSpace objects, 0(0B) LOS objects, 32% free, 26MB/38MB, paused 6.820ms total 81.260ms
11-10 06:03:33.788: I/ThermalEngine(385): ACTION: CPU - Setting CPU[0] to 2572800
11-10 06:03:33.788: I/ThermalEngine(385): ACTION: CPU - Setting CPU[1] to 2572800
11-10 06:03:33.788: I/ThermalEngine(385): ACTION: CPU - Setting CPU[2] to 2572800
11-10 06:03:33.788: I/ThermalEngine(385): ACTION: CPU - Setting CPU[3] to 2572800
11-10 06:03:33.853: I/ThermalEngine(385): ACTION: CPU - Setting CPU[0] to 2649600
11-10 06:03:33.854: I/ThermalEngine(385): ACTION: CPU - Setting CPU[1] to 2649600
11-10 06:03:33.854: I/ThermalEngine(385): ACTION: CPU - Setting CPU[2] to 2649600
11-10 06:03:33.854: I/ThermalEngine(385): ACTION: CPU - Setting CPU[3] to 2649600
11-10 06:03:34.117: I/ThermalEngine(385): ACTION: CPU - Setting CPU[0] to 2572800
11-10 06:03:34.117: I/ThermalEngine(385): ACTION: CPU - Setting CPU[1] to 2572800
11-10 06:03:34.117: I/ThermalEngine(385): ACTION: CPU - Setting CPU[2] to 2572800
11-10 06:03:34.117: I/ThermalEngine(385): ACTION: CPU - Setting CPU[3] to 2572800
11-10 06:03:34.182: I/ThermalEngine(385): ACTION: CPU - Setting CPU[0] to 2649600
11-10 06:03:34.183: I/ThermalEngine(385): ACTION: CPU - Setting CPU[1] to 2649600
11-10 06:03:34.183: I/ThermalEngine(385): ACTION: CPU - Setting CPU[2] to 2649600
11-10 06:03:34.183: I/ThermalEngine(385): ACTION: CPU - Setting CPU[3] to 2649600
11-10 06:03:34.248: I/ThermalEngine(385): ACTION: CPU - Setting CPU[0] to 2572800
11-10 06:03:34.248: I/ThermalEngine(385): ACTION: CPU - Setting CPU[1] to 2572800
11-10 06:03:34.248: I/ThermalEngine(385): ACTION: CPU - Setting CPU[2] to 2572800
11-10 06:03:34.248: I/ThermalEngine(385): ACTION: CPU - Setting CPU[3] to 2572800
11-10 06:03:34.314: I/ThermalEngine(385): ACTION: CPU - Setting CPU[0] to 2649600
11-10 06:03:34.314: I/ThermalEngine(385): ACTION: CPU - Setting CPU[1] to 2649600
11-10 06:03:34.314: I/ThermalEngine(385): ACTION: CPU - Setting CPU[2] to 2649600
11-10 06:03:34.314: I/ThermalEngine(385): ACTION: CPU - Setting CPU[3] to 2649600
11-10 06:03:34.379: I/ThermalEngine(385): ACTION: CPU - Setting CPU[0] to 2572800
11-10 06:03:34.380: I/ThermalEngine(385): ACTION: CPU - Setting CPU[1] to 2572800
11-10 06:03:34.380: I/ThermalEngine(385): ACTION: CPU - Setting CPU[2] to 2572800
11-10 06:03:34.380: I/ThermalEngine(385): ACTION: CPU - Setting CPU[3] to 2572800
11-10 06:03:34.445: I/ThermalEngine(385): ACTION: CPU - Setting CPU[0] to 2496000
11-10 06:03:34.445: I/ThermalEngine(385): ACTION: CPU - Setting CPU[1] to 2496000
11-10 06:03:34.445: I/ThermalEngine(385): ACTION: CPU - Setting CPU[2] to 2496000
11-10 06:03:34.445: I/ThermalEngine(385): ACTION: CPU - Setting CPU[3] to 2496000
11-10 06:03:34.511: I/ThermalEngine(385): ACTION: CPU - Setting CPU[0] to 2572800
11-10 06:03:34.511: I/ThermalEngine(385): ACTION: CPU - Setting CPU[1] to 2572800
11-10 06:03:34.511: I/ThermalEngine(385): ACTION: CPU - Setting CPU[2] to 2572800
11-10 06:03:34.511: I/ThermalEngine(385): ACTION: CPU - Setting CPU[3] to 2572800
11-10 06:03:34.576: I/ThermalEngine(385): ACTION: CPU - Setting CPU[0] to 2649600
11-10 06:03:34.577: I/ThermalEngine(385): ACTION: CPU - Setting CPU[1] to 2649600
11-10 06:03:34.577: I/ThermalEngine(385): ACTION: CPU - Setting CPU[2] to 2649600
11-10 06:03:34.577: I/ThermalEngine(385): ACTION: CPU - Setting CPU[3] to 2649600
11-10 06:03:34.642: I/ThermalEngine(385): ACTION: CPU - Setting CPU[0] to 2572800
11-10 06:03:34.642: I/ThermalEngine(385): ACTION: CPU - Setting CPU[1] to 2572800
11-10 06:03:34.642: I/ThermalEngine(385): ACTION: CPU - Setting CPU[2] to 2572800
11-10 06:03:34.642: I/ThermalEngine(385): ACTION: CPU - Setting CPU[3] to 2572800
11-10 06:03:34.693: I/art(7112): Background sticky concurrent mark sweep GC freed 141587(14MB) AllocSpace objects, 0(0B) LOS objects, 32% free, 26MB/39MB, paused 5.098ms total 55.031ms
11-10 06:03:34.708: I/ThermalEngine(385): ACTION: CPU - Setting CPU[0] to 2649600
11-10 06:03:34.708: I/ThermalEngine(385): ACTION: CPU - Setting CPU[1] to 2649600
11-10 06:03:34.708: I/ThermalEngine(385): ACTION: CPU - Setting CPU[2] to 2649600
11-10 06:03:34.708: I/ThermalEngine(385): ACTION: CPU - Setting CPU[3] to 2649600
11-10 06:03:34.815: I/ThermalEngine(385): ACTION: CPU - Setting CPU[0] to 2572800
11-10 06:03:34.815: I/ThermalEngine(385): ACTION: CPU - Setting CPU[1] to 2572800
11-10 06:03:34.815: I/ThermalEngine(385): ACTION: CPU - Setting CPU[2] to 2572800
11-10 06:03:34.815: I/ThermalEngine(385): ACTION: CPU - Setting CPU[3] to 2572800
11-10 06:03:34.881: I/ThermalEngine(385): ACTION: CPU - Setting CPU[0] to 2649600
11-10 06:03:34.881: I/ThermalEngine(385): ACTION: CPU - Setting CPU[1] to 2649600
11-10 06:03:34.881: I/ThermalEngine(385): ACTION: CPU - Setting CPU[2] to 2649600
11-10 06:03:34.881: I/ThermalEngine(385): ACTION: CPU - Setting CPU[3] to 2649600
11-10 06:03:34.947: I/ThermalEngine(385): ACTION: CPU - Setting CPU[0] to 2572800
11-10 06:03:34.947: I/ThermalEngine(385): ACTION: CPU - Setting CPU[1] to 2572800
11-10 06:03:34.947: I/ThermalEngine(385): ACTION: CPU - Setting CPU[2] to 2572800
11-10 06:03:34.947: I/ThermalEngine(385): ACTION: CPU - Setting CPU[3] to 2572800
11-10 06:03:35.012: I/ThermalEngine(385): ACTION: CPU - Setting CPU[0] to 2496000
11-10 06:03:35.012: I/ThermalEngine(385): ACTION: CPU - Setting CPU[1] to 2496000
11-10 06:03:35.012: I/ThermalEngine(385): ACTION: CPU - Setting CPU[2] to 2496000
11-10 06:03:35.012: I/ThermalEngine(385): ACTION: CPU - Setting CPU[3] to 2496000
11-10 06:03:35.078: I/ThermalEngine(385): ACTION: CPU - Setting CPU[0] to 2572800
11-10 06:03:35.078: I/ThermalEngine(385): ACTION: CPU - Setting CPU[1] to 2572800
11-10 06:03:35.078: I/ThermalEngine(385): ACTION: CPU - Setting CPU[2] to 2572800
11-10 06:03:35.078: I/ThermalEngine(385): ACTION: CPU - Setting CPU[3] to 2572800
11-10 06:03:35.143: I/ThermalEngine(385): ACTION: CPU - Setting CPU[0] to 2649600
11-10 06:03:35.143: I/ThermalEngine(385): ACTION: CPU - Setting CPU[1] to 2649600
11-10 06:03:35.143: I/ThermalEngine(385): ACTION: CPU - Setting CPU[2] to 2649600
11-10 06:03:35.143: I/ThermalEngine(385): ACTION: CPU - Setting CPU[3] to 2649600
11-10 06:03:35.257: I/ViewInteraction(7112): Performing 'replace text()' action on view with id: com.example.concurrencyeval:id/ph_et_philosophers
11-10 06:03:35.279: I/ViewInteraction(7112): Performing 'type text(11)' action on view with id: com.example.concurrencyeval:id/ph_et_philosophers
11-10 06:03:35.324: I/Keyboard.Facilitator(1656): onStartInput()
11-10 06:03:35.329: I/LatinIME(1656): Starting input. Cursor position = 1,1
11-10 06:03:35.367: I/Keyboard.Facilitator(1656): resetDictionaries() : no-op
11-10 06:03:35.367: I/StatsUtilsManager(1656): onLoadSettings()
11-10 06:03:35.554: D/UiControllerImpl(7112): Injecting string: "11"
11-10 06:03:35.566: D/EmojiAltPhysicalKeyDetector(1656): onKeyUp() : KeyEvent { action=ACTION_UP, keyCode=KEYCODE_1, scanCode=0, metaState=0, flags=0x8, repeatCount=0, eventTime=121088384, downTime=121088373, deviceId=-1, source=0x101 }
11-10 06:03:35.566: D/EmojiAltPhysicalKeyDetector(1656): onKeyUp() : Not Mapped: 8
11-10 06:03:35.581: D/EmojiAltPhysicalKeyDetector(1656): onKeyUp() : KeyEvent { action=ACTION_UP, keyCode=KEYCODE_1, scanCode=0, metaState=0, flags=0x8, repeatCount=0, eventTime=121088400, downTime=121088373, deviceId=-1, source=0x101 }
11-10 06:03:35.581: D/EmojiAltPhysicalKeyDetector(1656): onKeyUp() : Not Mapped: 8
11-10 06:03:35.584: I/ViewInteraction(7112): Performing 'single click' action on view with id: com.example.concurrencyeval:id/ph_et_philosophers
11-10 06:03:35.848: I/ViewInteraction(7112): Performing 'close keyboard' action on view is a root view.
11-10 06:03:36.157: I/ViewInteraction(7112): Performing 'single click' action on view with id: com.example.concurrencyeval:id/ph_spinner_choose_sync
11-10 06:03:36.173: D/audio_hw_primary(375): disable_audio_route: reset and update mixer path: low-latency-playback
11-10 06:03:36.174: D/audio_hw_primary(375): disable_snd_device: snd_device(6: line)
11-10 06:03:36.559: I/ViewInteraction(7112): Performing 'single click' action on view with text: is "Semaphore"
11-10 06:03:36.669: D/audio_hw_primary(375): out_set_parameters: enter: usecase(1: low-latency-playback) kvpairs: routing=131072
11-10 06:03:36.676: I/Keyboard.Facilitator(1656): onFinishInput()
11-10 06:03:36.681: D/audio_hw_primary(375): select_devices: out_snd_device(6: line) in_snd_device(0: none)
11-10 06:03:36.681: D/msm8974_platform(375): platform_send_audio_calibration: sending audio calibration for snd_device(6) acdb_id(77)
11-10 06:03:36.681: D/audio_hw_primary(375): enable_snd_device: snd_device(6: line)
11-10 06:03:36.695: D/audio_hw_primary(375): enable_audio_route: apply and update mixer path: low-latency-playback
11-10 06:03:36.698: I/Keyboard.Facilitator(1656): onFinishInput()
11-10 06:03:36.772: D/AudioFlinger(375): mixer(0xb3d80000) throttle end: throttle time(12)
11-10 06:03:36.824: I/ViewInteraction(7112): Performing 'single click' action on view with id: com.example.concurrencyeval:id/ph_run_button
11-10 06:03:37.040: I/art(7112): Background sticky concurrent mark sweep GC freed 132499(12MB) AllocSpace objects, 0(0B) LOS objects, 18% free, 32MB/39MB, paused 9.028ms total 149.137ms
11-10 06:03:37.430: I/art(7112): Background partial concurrent mark sweep GC freed 171793(17MB) AllocSpace objects, 0(0B) LOS objects, 35% free, 29MB/45MB, paused 11.940ms total 214.087ms
11-10 06:03:38.035: I/art(7112): Background sticky concurrent mark sweep GC freed 171073(17MB) AllocSpace objects, 0(0B) LOS objects, 22% free, 35MB/45MB, paused 11.620ms total 225.671ms
11-10 06:03:38.375: W/art(7112): Suspending all threads took: 5.031ms
11-10 06:03:38.499: I/art(7112): Background partial concurrent mark sweep GC freed 223366(22MB) AllocSpace objects, 0(0B) LOS objects, 35% free, 29MB/45MB, paused 12.417ms total 205.231ms
11-10 06:03:38.733: I/ThermalEngine(385): ACTION: CPU - Setting CPU[0] to 2572800
11-10 06:03:38.733: I/ThermalEngine(385): ACTION: CPU - Setting CPU[1] to 2572800
11-10 06:03:38.733: I/ThermalEngine(385): ACTION: CPU - Setting CPU[2] to 2572800
11-10 06:03:38.733: I/ThermalEngine(385): ACTION: CPU - Setting CPU[3] to 2572800
11-10 06:03:38.799: I/ThermalEngine(385): ACTION: CPU - Setting CPU[0] to 2649600
11-10 06:03:38.799: I/ThermalEngine(385): ACTION: CPU - Setting CPU[1] to 2649600
11-10 06:03:38.799: I/ThermalEngine(385): ACTION: CPU - Setting CPU[2] to 2649600
11-10 06:03:38.799: I/ThermalEngine(385): ACTION: CPU - Setting CPU[3] to 2649600
11-10 06:03:38.865: I/ThermalEngine(385): ACTION: CPU - Setting CPU[0] to 2572800
11-10 06:03:38.865: I/ThermalEngine(385): ACTION: CPU - Setting CPU[1] to 2572800
11-10 06:03:38.865: I/ThermalEngine(385): ACTION: CPU - Setting CPU[2] to 2572800
11-10 06:03:38.865: I/ThermalEngine(385): ACTION: CPU - Setting CPU[3] to 2572800
11-10 06:03:38.930: I/ThermalEngine(385): ACTION: CPU - Setting CPU[0] to 2649600
11-10 06:03:38.931: I/ThermalEngine(385): ACTION: CPU - Setting CPU[1] to 2649600
11-10 06:03:38.931: I/ThermalEngine(385): ACTION: CPU - Setting CPU[2] to 2649600
11-10 06:03:38.931: I/ThermalEngine(385): ACTION: CPU - Setting CPU[3] to 2649600
11-10 06:03:39.163: I/ViewInteraction(7112): Performing 'single click' action on view with id: com.example.concurrencyeval:id/ph_run_button
11-10 06:03:39.212: D/audio_hw_primary(375): out_set_parameters: enter: usecase(1: low-latency-playback) kvpairs: routing=131072
11-10 06:03:39.742: D/ConnectivityService(885): notifyType CAP_CHANGED for NetworkAgentInfo [WIFI () - 100]
11-10 06:03:39.743: D/ConnectivityService(885): updateNetworkScore for NetworkAgentInfo [WIFI () - 100] to 60
11-10 06:03:39.785: I/art(7112): Background sticky concurrent mark sweep GC freed 144093(14MB) AllocSpace objects, 0(0B) LOS objects, 20% free, 34MB/43MB, paused 8.418ms total 154.363ms
11-10 06:03:40.147: I/ThermalEngine(385): ACTION: CPU - Setting CPU[0] to 2572800
11-10 06:03:40.147: I/ThermalEngine(385): ACTION: CPU - Setting CPU[1] to 2572800
11-10 06:03:40.147: I/ThermalEngine(385): ACTION: CPU - Setting CPU[2] to 2572800
11-10 06:03:40.147: I/ThermalEngine(385): ACTION: CPU - Setting CPU[3] to 2572800
11-10 06:03:40.212: I/ThermalEngine(385): ACTION: CPU - Setting CPU[0] to 2649600
11-10 06:03:40.212: I/ThermalEngine(385): ACTION: CPU - Setting CPU[1] to 2649600
11-10 06:03:40.212: I/ThermalEngine(385): ACTION: CPU - Setting CPU[2] to 2649600
11-10 06:03:40.213: I/ThermalEngine(385): ACTION: CPU - Setting CPU[3] to 2649600
11-10 06:03:40.222: I/art(7112): Background partial concurrent mark sweep GC freed 210483(21MB) AllocSpace objects, 0(0B) LOS objects, 35% free, 29MB/45MB, paused 14.090ms total 207.201ms
11-10 06:03:40.278: I/ThermalEngine(385): ACTION: CPU - Setting CPU[0] to 2572800
11-10 06:03:40.278: I/ThermalEngine(385): ACTION: CPU - Setting CPU[1] to 2572800
11-10 06:03:40.278: I/ThermalEngine(385): ACTION: CPU - Setting CPU[2] to 2572800
11-10 06:03:40.278: I/ThermalEngine(385): ACTION: CPU - Setting CPU[3] to 2572800
11-10 06:03:40.344: I/ThermalEngine(385): ACTION: CPU - Setting CPU[0] to 2649600
11-10 06:03:40.344: I/ThermalEngine(385): ACTION: CPU - Setting CPU[1] to 2649600
11-10 06:03:40.344: I/ThermalEngine(385): ACTION: CPU - Setting CPU[2] to 2649600
11-10 06:03:40.344: I/ThermalEngine(385): ACTION: CPU - Setting CPU[3] to 2649600
11-10 06:03:40.410: I/ThermalEngine(385): ACTION: CPU - Setting CPU[0] to 2572800
11-10 06:03:40.410: I/ThermalEngine(385): ACTION: CPU - Setting CPU[1] to 2572800
11-10 06:03:40.410: I/ThermalEngine(385): ACTION: CPU - Setting CPU[2] to 2572800
11-10 06:03:40.410: I/ThermalEngine(385): ACTION: CPU - Setting CPU[3] to 2572800
11-10 06:03:40.476: I/ThermalEngine(385): ACTION: CPU - Setting CPU[0] to 2649600
11-10 06:03:40.476: I/ThermalEngine(385): ACTION: CPU - Setting CPU[1] to 2649600
11-10 06:03:40.476: I/ThermalEngine(385): ACTION: CPU - Setting CPU[2] to 2649600
11-10 06:03:40.476: I/ThermalEngine(385): ACTION: CPU - Setting CPU[3] to 2649600
11-10 06:03:40.541: I/ThermalEngine(385): ACTION: CPU - Setting CPU[0] to 2572800
11-10 06:03:40.541: I/ThermalEngine(385): ACTION: CPU - Setting CPU[1] to 2572800
11-10 06:03:40.541: I/ThermalEngine(385): ACTION: CPU - Setting CPU[2] to 2572800
11-10 06:03:40.541: I/ThermalEngine(385): ACTION: CPU - Setting CPU[3] to 2572800
11-10 06:03:40.607: I/ThermalEngine(385): ACTION: CPU - Setting CPU[0] to 2649600
11-10 06:03:40.607: I/ThermalEngine(385): ACTION: CPU - Setting CPU[1] to 2649600
11-10 06:03:40.607: I/ThermalEngine(385): ACTION: CPU - Setting CPU[2] to 2649600
11-10 06:03:40.607: I/ThermalEngine(385): ACTION: CPU - Setting CPU[3] to 2649600
11-10 06:03:40.673: I/ThermalEngine(385): ACTION: CPU - Setting CPU[0] to 2572800
11-10 06:03:40.673: I/ThermalEngine(385): ACTION: CPU - Setting CPU[1] to 2572800
11-10 06:03:40.673: I/ThermalEngine(385): ACTION: CPU - Setting CPU[2] to 2572800
11-10 06:03:40.673: I/ThermalEngine(385): ACTION: CPU - Setting CPU[3] to 2572800
11-10 06:03:40.800: I/art(7112): Background sticky concurrent mark sweep GC freed 172495(17MB) AllocSpace objects, 0(0B) LOS objects, 24% free, 34MB/45MB, paused 8.435ms total 196.724ms
11-10 06:03:40.806: I/ThermalEngine(385): ACTION: CPU - Setting CPU[0] to 2496000
11-10 06:03:40.806: I/ThermalEngine(385): ACTION: CPU - Setting CPU[1] to 2496000
11-10 06:03:40.807: I/ThermalEngine(385): ACTION: CPU - Setting CPU[2] to 2496000
11-10 06:03:40.807: I/ThermalEngine(385): ACTION: CPU - Setting CPU[3] to 2496000
11-10 06:03:40.872: I/ThermalEngine(385): ACTION: CPU - Setting CPU[0] to 2572800
11-10 06:03:40.872: I/ThermalEngine(385): ACTION: CPU - Setting CPU[1] to 2572800
11-10 06:03:40.872: I/ThermalEngine(385): ACTION: CPU - Setting CPU[2] to 2572800
11-10 06:03:40.872: I/ThermalEngine(385): ACTION: CPU - Setting CPU[3] to 2572800
11-10 06:03:40.937: I/ThermalEngine(385): ACTION: CPU - Setting CPU[0] to 2649600
11-10 06:03:40.938: I/ThermalEngine(385): ACTION: CPU - Setting CPU[1] to 2649600
11-10 06:03:40.938: I/ThermalEngine(385): ACTION: CPU - Setting CPU[2] to 2649600
11-10 06:03:40.938: I/ThermalEngine(385): ACTION: CPU - Setting CPU[3] to 2649600
11-10 06:03:41.003: I/ThermalEngine(385): ACTION: CPU - Setting CPU[0] to 2572800
11-10 06:03:41.003: I/ThermalEngine(385): ACTION: CPU - Setting CPU[1] to 2572800
11-10 06:03:41.003: I/ThermalEngine(385): ACTION: CPU - Setting CPU[2] to 2572800
11-10 06:03:41.003: I/ThermalEngine(385): ACTION: CPU - Setting CPU[3] to 2572800
11-10 06:03:41.069: I/ThermalEngine(385): ACTION: CPU - Setting CPU[0] to 2496000
11-10 06:03:41.069: I/ThermalEngine(385): ACTION: CPU - Setting CPU[1] to 2496000
11-10 06:03:41.069: I/ThermalEngine(385): ACTION: CPU - Setting CPU[2] to 2496000
11-10 06:03:41.069: I/ThermalEngine(385): ACTION: CPU - Setting CPU[3] to 2496000
11-10 06:03:41.134: I/ThermalEngine(385): ACTION: CPU - Setting CPU[0] to 2572800
11-10 06:03:41.134: I/ThermalEngine(385): ACTION: CPU - Setting CPU[1] to 2572800
11-10 06:03:41.135: I/ThermalEngine(385): ACTION: CPU - Setting CPU[2] to 2572800
11-10 06:03:41.135: I/ThermalEngine(385): ACTION: CPU - Setting CPU[3] to 2572800
11-10 06:03:41.191: W/art(7112): Suspending all threads took: 5.366ms
11-10 06:03:41.200: I/ThermalEngine(385): ACTION: CPU - Setting CPU[0] to 2649600
11-10 06:03:41.200: I/ThermalEngine(385): ACTION: CPU - Setting CPU[1] to 2649600
11-10 06:03:41.200: I/ThermalEngine(385): ACTION: CPU - Setting CPU[2] to 2649600
11-10 06:03:41.200: I/ThermalEngine(385): ACTION: CPU - Setting CPU[3] to 2649600
11-10 06:03:41.263: I/art(7112): Background partial concurrent mark sweep GC freed 235292(23MB) AllocSpace objects, 0(0B) LOS objects, 37% free, 26MB/42MB, paused 18.165ms total 167.854ms
11-10 06:03:41.266: I/ThermalEngine(385): ACTION: CPU - Setting CPU[0] to 2572800
11-10 06:03:41.266: I/ThermalEngine(385): ACTION: CPU - Setting CPU[1] to 2572800
11-10 06:03:41.266: I/ThermalEngine(385): ACTION: CPU - Setting CPU[2] to 2572800
11-10 06:03:41.266: I/ThermalEngine(385): ACTION: CPU - Setting CPU[3] to 2572800
11-10 06:03:41.331: I/ThermalEngine(385): ACTION: CPU - Setting CPU[0] to 2649600
11-10 06:03:41.331: I/ThermalEngine(385): ACTION: CPU - Setting CPU[1] to 2649600
11-10 06:03:41.331: I/ThermalEngine(385): ACTION: CPU - Setting CPU[2] to 2649600
11-10 06:03:41.332: I/ThermalEngine(385): ACTION: CPU - Setting CPU[3] to 2649600
11-10 06:03:41.494: I/ViewInteraction(7112): Performing 'single click' action on view with id: com.example.concurrencyeval:id/ph_run_button
11-10 06:03:41.552: D/audio_hw_primary(375): out_set_parameters: enter: usecase(1: low-latency-playback) kvpairs: routing=131072
11-10 06:03:41.563: D/WifiStateMachine(885): starting scan for "wl-ftl-mt79-1-5"WPA_PSK with 5825,5200
11-10 06:03:41.596: D/AudioFlinger(375): mixer(0xb3d80000) throttle end: throttle time(4)
11-10 06:03:42.068: I/art(7112): Background sticky concurrent mark sweep GC freed 144544(14MB) AllocSpace objects, 0(0B) LOS objects, 25% free, 31MB/42MB, paused 10.096ms total 122.733ms
11-10 06:03:42.330: I/ThermalEngine(385): ACTION: CPU - Setting CPU[0] to 2572800
11-10 06:03:42.330: I/ThermalEngine(385): ACTION: CPU - Setting CPU[1] to 2572800
11-10 06:03:42.330: I/ThermalEngine(385): ACTION: CPU - Setting CPU[2] to 2572800
11-10 06:03:42.330: I/ThermalEngine(385): ACTION: CPU - Setting CPU[3] to 2572800
11-10 06:03:42.396: I/ThermalEngine(385): ACTION: CPU - Setting CPU[0] to 2649600
11-10 06:03:42.396: I/ThermalEngine(385): ACTION: CPU - Setting CPU[1] to 2649600
11-10 06:03:42.396: I/ThermalEngine(385): ACTION: CPU - Setting CPU[2] to 2649600
11-10 06:03:42.396: I/ThermalEngine(385): ACTION: CPU - Setting CPU[3] to 2649600
11-10 06:03:42.462: I/ThermalEngine(385): ACTION: CPU - Setting CPU[0] to 2572800
11-10 06:03:42.462: I/ThermalEngine(385): ACTION: CPU - Setting CPU[1] to 2572800
11-10 06:03:42.462: I/ThermalEngine(385): ACTION: CPU - Setting CPU[2] to 2572800
11-10 06:03:42.462: I/ThermalEngine(385): ACTION: CPU - Setting CPU[3] to 2572800
11-10 06:03:42.527: I/ThermalEngine(385): ACTION: CPU - Setting CPU[0] to 2649600
11-10 06:03:42.528: I/ThermalEngine(385): ACTION: CPU - Setting CPU[1] to 2649600
11-10 06:03:42.528: I/ThermalEngine(385): ACTION: CPU - Setting CPU[2] to 2649600
11-10 06:03:42.528: I/ThermalEngine(385): ACTION: CPU - Setting CPU[3] to 2649600
11-10 06:03:42.560: I/art(7112): Background partial concurrent mark sweep GC freed 191406(19MB) AllocSpace objects, 0(0B) LOS objects, 34% free, 30MB/46MB, paused 14.026ms total 230.092ms
11-10 06:03:42.593: I/ThermalEngine(385): ACTION: CPU - Setting CPU[0] to 2572800
11-10 06:03:42.593: I/ThermalEngine(385): ACTION: CPU - Setting CPU[1] to 2572800
11-10 06:03:42.593: I/ThermalEngine(385): ACTION: CPU - Setting CPU[2] to 2572800
11-10 06:03:42.593: I/ThermalEngine(385): ACTION: CPU - Setting CPU[3] to 2572800
11-10 06:03:42.658: I/ThermalEngine(385): ACTION: CPU - Setting CPU[0] to 2649600
11-10 06:03:42.659: I/ThermalEngine(385): ACTION: CPU - Setting CPU[1] to 2649600
11-10 06:03:42.659: I/ThermalEngine(385): ACTION: CPU - Setting CPU[2] to 2649600
11-10 06:03:42.659: I/ThermalEngine(385): ACTION: CPU - Setting CPU[3] to 2649600
11-10 06:03:42.790: I/ThermalEngine(385): ACTION: CPU - Setting CPU[0] to 2572800
11-10 06:03:42.790: I/ThermalEngine(385): ACTION: CPU - Setting CPU[1] to 2572800
11-10 06:03:42.790: I/ThermalEngine(385): ACTION: CPU - Setting CPU[2] to 2572800
11-10 06:03:42.790: I/ThermalEngine(385): ACTION: CPU - Setting CPU[3] to 2572800
11-10 06:03:42.855: I/ThermalEngine(385): ACTION: CPU - Setting CPU[0] to 2496000
11-10 06:03:42.856: I/ThermalEngine(385): ACTION: CPU - Setting CPU[1] to 2496000
11-10 06:03:42.856: I/ThermalEngine(385): ACTION: CPU - Setting CPU[2] to 2496000
11-10 06:03:42.856: I/ThermalEngine(385): ACTION: CPU - Setting CPU[3] to 2496000
11-10 06:03:42.921: I/ThermalEngine(385): ACTION: CPU - Setting CPU[0] to 2572800
11-10 06:03:42.921: I/ThermalEngine(385): ACTION: CPU - Setting CPU[1] to 2572800
11-10 06:03:42.921: I/ThermalEngine(385): ACTION: CPU - Setting CPU[2] to 2572800
11-10 06:03:42.921: I/ThermalEngine(385): ACTION: CPU - Setting CPU[3] to 2572800
11-10 06:03:42.987: I/ThermalEngine(385): ACTION: CPU - Setting CPU[0] to 2496000
11-10 06:03:42.987: I/ThermalEngine(385): ACTION: CPU - Setting CPU[1] to 2496000
11-10 06:03:42.987: I/ThermalEngine(385): ACTION: CPU - Setting CPU[2] to 2496000
11-10 06:03:42.987: I/ThermalEngine(385): ACTION: CPU - Setting CPU[3] to 2496000
11-10 06:03:43.052: I/ThermalEngine(385): ACTION: CPU - Setting CPU[0] to 2572800
11-10 06:03:43.052: I/ThermalEngine(385): ACTION: CPU - Setting CPU[1] to 2572800
