11-10 05:37:47.656: D/AndroidRuntime(25561): >>>>>> START com.android.internal.os.RuntimeInit uid 2000 <<<<<<
11-10 05:37:47.661: D/AndroidRuntime(25561): CheckJNI is OFF
11-10 05:37:47.704: D/ICU(25561): No timezone override file found: /data/misc/zoneinfo/current/icu/icu_tzdata.dat
11-10 05:37:47.762: I/Radio-JNI(25561): register_android_hardware_Radio DONE
11-10 05:37:47.785: D/AndroidRuntime(25561): Calling main entry com.android.commands.pm.Pm
11-10 05:37:47.831: I/ActivityManager(888): Start proc 25569:com.android.defcontainer/u0a9 for service com.android.defcontainer/.DefaultContainerService
11-10 05:37:47.965: D/DefContainer(25569): Copying /data/local/tmp/com.google.android.gms.policy_test_support.apk to base.apk
11-10 05:37:48.276: I/PackageManager.DexOptimizer(888): Running dexopt (dex2oat) on: /data/app/vmdl385112604.tmp/base.apk pkg=com.google.android.gms.policy_test_support isa=arm vmSafeMode=false debuggable=false oatDir = /data/app/vmdl385112604.tmp/oat bootComplete=true
11-10 05:37:48.340: I/dex2oat(25583): Starting dex2oat.
11-10 05:37:48.686: W/dex2oat(25583): No verified method for method calling String.<init>: java.lang.String android.text.TextUtils.substring(java.lang.CharSequence, int, int)
11-10 05:37:49.487: I/dex2oat(25583): dex2oat took 1.147s (threads: 4) arena alloc=3MB java alloc=1788KB native alloc=9MB free=2MB
11-10 05:37:49.825: W/Settings(888): Setting install_non_market_apps has moved from android.provider.Settings.Global to android.provider.Settings.Secure, returning read-only value.
11-10 05:37:49.825: I/art(888): Starting a blocking GC Explicit
11-10 05:37:49.904: I/art(888): Explicit concurrent mark sweep GC freed 170398(11MB) AllocSpace objects, 86(3MB) LOS objects, 31% free, 35MB/51MB, paused 865us total 76.988ms
11-10 05:37:49.910: I/art(25561): System.exit called, status: 0
11-10 05:37:49.911: I/AndroidRuntime(25561): VM exiting with result code 0.
11-10 05:37:49.936: I/InputReader(888): Reconfiguring input devices.  changes=0x00000010
11-10 05:37:49.955: D/BuaReceiver(3269): ====== got intent:Intent { act=android.intent.action.PACKAGE_ADDED dat=package:com.google.android.gms.policy_test_support flg=0x4000010 cmp=com.motorola.android.buacontactadapter/.BuaReceiver (has extras) }
11-10 05:37:49.991: D/CarrierServiceBindHelper(1732): Receive action: android.intent.action.PACKAGE_ADDED
11-10 05:37:49.992: D/CarrierServiceBindHelper(1732): mHandler: 3
11-10 05:37:49.992: D/CarrierConfigLoader(1732): mHandler: 9 phoneId: 0
11-10 05:37:50.010: I/ActivityManager(888): Start proc 25593:android.process.acore/u0a4 for broadcast com.android.providers.contacts/.PackageIntentReceiver
11-10 05:37:50.048: V/KeyValueBackupJob(888): Scheduling k/v pass in 249 minutes
11-10 05:37:50.062: W/SearchableInfo(888): Invalid searchable metadata for com.google.android.gms/.nearby.sharing.ContactSelectActivity: Search label must be a resource reference.
11-10 05:37:50.070: W/System(25593): ClassLoader referenced unknown path: /system/priv-app/ContactsProvider/lib/arm
11-10 05:37:50.109: W/System(25593): ClassLoader referenced unknown path: /system/app/UserDictionaryProvider/lib/arm
11-10 05:37:50.143: I/ActivityManager(888): Start proc 25611:com.android.musicfx/u0a23 for broadcast com.android.musicfx/.Compatibility$Receiver
11-10 05:37:50.145: I/ActivityManager(888): Killing 11279:com.google.android.calendar/u0a41 (adj 15): empty for 20268s
11-10 05:37:50.195: W/System(25611): ClassLoader referenced unknown path: /system/priv-app/MusicFX/lib/arm
11-10 05:37:50.220: I/ContactLocale(25593): AddressBook Labels [en-US]: [, A, B, C, D, E, F, G, H, I, J, K, L, M, N, O, P, Q, R, S, T, U, V, W, X, Y, Z, Α, Β, Γ, Δ, Ε, Ζ, Η, Θ, Ι, Κ, Λ, Μ, Ν, Ξ, Ο, Π, Ρ, Σ, Τ, Υ, Φ, Χ, Ψ, Ω, , А, Б, В, Г, Д, Ђ, Е, Є, Ж, З, И, І, Й, Ј, К, Л, Љ, М, Н, Њ, О, П, Р, С, Т, Ћ, У, Ф, Х, Ц, Ч, Џ, Ш, Щ, Ю, Я, , א, ב, ג, ד, ה, ו, ז, ח, ט, י, כ, ל, מ, נ, ס, ע, פ, צ, ק, ר, ש, ת, , ا, ب, ت, ث, ج, ح, خ, د, ذ, ر, ز, س, ش, ص, ض, ط, ظ, ع, غ, ف, ق, ك, ل, م, ن, ه, و, ي, , ก, ข, ฃ, ค, ฅ, ฆ, ง, จ, ฉ, ช, ซ, ฌ, ญ, ฎ, ฏ, ฐ, ฑ, ฒ, ณ, ด, ต, ถ, ท, ธ, น, บ, ป, ผ, ฝ, พ, ฟ, ภ, ม, ย, ร, ฤ, ล, ฦ, ว, ศ, ษ, ส, ห, ฬ, อ, ฮ, , ㄱ, ㄴ, ㄷ, ㄹ, ㅁ, ㅂ, ㅅ, ㅇ, ㅈ, ㅊ, ㅋ, ㅌ, ㅍ, ㅎ, , あ, か, さ, た, な, は, ま, や, ら, わ, #, ]
11-10 05:37:50.220: I/ActivityManager(888): Start proc 25625:com.android.vending/u0a24 for broadcast com.android.vending/com.google.android.finsky.receivers.PackageMonitorReceiver$RegisteredReceiver
11-10 05:37:50.223: I/ActivityManager(888): Killing 22222:com.google.android.configupdater/u0a7 (adj 15): empty for 4463s
11-10 05:37:50.270: W/System(25625): ClassLoader referenced unknown path: /system/priv-app/Phonesky/lib/arm
11-10 05:37:50.321: W/Finsky(25625): [1] FinskyApp.getCurrentAccount: No account configured on this device.
11-10 05:37:50.355: D/Finsky(25625): [1] FinskyApp.onCreate: Initializing network with DFE https://android.clients.google.com/fdfe/
11-10 05:37:50.360: W/Finsky(25625): [1] FinskyApp.getCurrentAccount: No account configured on this device.
11-10 05:37:50.408: W/Finsky(25625): [1] FinskyApp.getCurrentAccount: No account configured on this device.
11-10 05:37:50.410: W/Finsky(25625): [1] FinskyApp.getCurrentAccount: No account configured on this device.
11-10 05:37:50.414: W/Finsky(25625): [1] FinskyApp.getCurrentAccount: No account configured on this device.
11-10 05:37:50.415: W/Finsky(25625): [1] FinskyApp.getCurrentAccount: No account configured on this device.
11-10 05:37:50.425: W/Finsky(25625): [1] FinskyApp.getCurrentAccount: No account configured on this device.
11-10 05:37:50.426: W/Finsky(25625): [1] FinskyApp.getCurrentAccount: No account configured on this device.
11-10 05:37:50.427: D/Finsky(25625): [1] DailyHygiene.goMakeHygieneIfDirty: Dirty, need more hygiene.
11-10 05:37:50.439: W/Settings(25625): Setting download_manager_max_bytes_over_mobile has moved from android.provider.Settings.Secure to android.provider.Settings.Global.
11-10 05:37:50.440: W/Settings(25625): Setting download_manager_recommended_max_bytes_over_mobile has moved from android.provider.Settings.Secure to android.provider.Settings.Global.
11-10 05:37:50.452: W/Finsky(25625): [1] FinskyApp.getCurrentAccount: No account configured on this device.
11-10 05:37:50.454: W/Finsky(25625): [1] FinskyApp.getCurrentAccount: No account configured on this device.
11-10 05:37:50.454: W/Finsky(25625): [1] FinskyApp.getDfeApi: No account configured on this device.
11-10 05:37:50.465: W/Finsky(25625): [1] FinskyApp.getCurrentAccount: No account configured on this device.
11-10 05:37:50.492: D/Ads(25625): Skipping gmscore version check
11-10 05:37:50.506: D/Finsky(25625): [1] ExternalReferrer.access$200: Package state data is missing for com.google.android.gms.policy_test_support
11-10 05:37:50.511: I/ActivityManager(888): Start proc 25662:com.google.android.apps.docs/u0a49 for broadcast com.google.android.apps.docs/.receivers.AppPackageAddRemoveReceiver
11-10 05:37:50.517: I/UpdateIcingCorporaServi(22264): Updating corpora: APPS=com.google.android.gms.policy_test_support, CONTACTS=MAYBE
11-10 05:37:50.563: I/UpdateIcingCorporaServi(22264): UpdateCorporaTask done [took 45 ms] updated apps [took 45 ms] 
11-10 05:37:50.565: I/ActivityManager(888): Killing 22290:com.google.android.apps.photos/u0a74 (adj 15): empty for 4463s
11-10 05:37:50.588: W/System(25662): ClassLoader referenced unknown path: /system/app/Drive/lib/arm
11-10 05:37:50.634: W/Finsky(25625): [1] FinskyApp.getCurrentAccount: No account configured on this device.
11-10 05:37:50.635: W/Finsky(25625): [1] FinskyApp.getCurrentAccount: No account configured on this device.
11-10 05:37:50.648: D/Finsky(25625): [1] GmsCoreHelper.cleanupNlp: result=false type=4
11-10 05:37:50.680: D/Finsky(25625): [1] RestoreTracker.stopServiceIfDone: Restore complete with 0 success and 0 failed.
11-10 05:37:50.928: D/AndroidRuntime(25643): >>>>>> START com.android.internal.os.RuntimeInit uid 2000 <<<<<<
11-10 05:37:50.933: D/AndroidRuntime(25643): CheckJNI is OFF
11-10 05:37:50.933: I/GAv4(25662): Google Analytics 7.8.95 is starting up. To enable debug logging on a device run:
11-10 05:37:50.933: I/GAv4(25662):   adb shell setprop log.tag.GAv4 DEBUG
11-10 05:37:50.933: I/GAv4(25662):   adb logcat -s GAv4
11-10 05:37:50.962: W/GAv4(25662): AnalyticsReceiver is not registered or is disabled. Register the receiver for reliable dispatching on non-Google Play devices. See http://goo.gl/8Rd3yj for instructions.
11-10 05:37:50.970: W/GAv4(25662): CampaignTrackingReceiver is not registered, not exported or is disabled. Installation campaign tracking is not possible. See http://goo.gl/8Rd3yj for instructions.
11-10 05:37:50.975: D/ICU(25643): No timezone override file found: /data/misc/zoneinfo/current/icu/icu_tzdata.dat
11-10 05:37:51.015: W/AnalyticsTrackerProxyImpl(25662): Analytics setup for ID UA-21125203-2, app name Drive, version 2.3.327.05.36
11-10 05:37:51.020: I/Radio-JNI(25643): register_android_hardware_Radio DONE
11-10 05:37:51.038: W/GAv4(25662): AnalyticsService not registered in the app manifest. Hits might not be delivered reliably. See http://goo.gl/8Rd3yj for instructions.
11-10 05:37:51.043: D/AndroidRuntime(25643): Calling main entry com.android.commands.pm.Pm
11-10 05:37:51.063: D/DefContainer(25569): Copying /data/local/tmp/com.google.android.gmscore.testing.testsupport.apk to base.apk
11-10 05:37:51.085: D/ContactDirectoryManager(25593): Found com.google.contacts.gal.provider
11-10 05:37:51.085: D/ContactDirectoryManager(25593): Found com.google.android.gm.exchange.directory.provider
11-10 05:37:51.136: I/ActivityManager(888): Start proc 25692:com.google.android.gm.exchange/u0a80 for content provider com.google.android.gm.exchange/com.android.exchange.provider.ExchangeDirectoryProvider
11-10 05:37:51.153: I/ActivityManager(888): Killing 22184:com.google.android.gms.unstable/u0a14 (adj 15): empty for 4460s
11-10 05:37:51.186: I/PackageManager.DexOptimizer(888): Running dexopt (dex2oat) on: /data/app/vmdl1324094776.tmp/base.apk pkg=com.google.android.gmscore.testing.testsupport isa=arm vmSafeMode=false debuggable=false oatDir = /data/app/vmdl1324094776.tmp/oat bootComplete=true
11-10 05:37:51.231: I/dex2oat(25706): Starting dex2oat.
11-10 05:37:51.242: W/System(25692): ClassLoader referenced unknown path: /system/app/PrebuiltExchange3Google/lib/arm
11-10 05:37:51.252: W/GCM(4783): Unexpected forwarded intent: Intent { act=android.intent.action.PACKAGE_ADDED dat=package:com.google.android.gms.policy_test_support flg=0x4000010 cmp=com.google.android.gms/.chimera.PersistentIntentOperationService (has extras) }
11-10 05:37:51.261: W/GCM(4783): Unexpected forwarded intent: Intent { act=android.intent.action.PACKAGE_ADDED dat=package:com.google.android.gms.policy_test_support flg=0x4000010 cmp=com.google.android.gms/.chimera.PersistentIntentOperationService (has extras) }
11-10 05:37:51.265: I/GmsModuleFndr(4843): Beginning GMS chimera module scan
11-10 05:37:51.294: I/ModuleSetMgr(4843): Computing pending module set with APKs: {file:///data/app/com.google.android.gms-1/base.apk}
11-10 05:37:51.309: I/ModuleSetUtils(4843): Assembling ModuleSetRecord for container:19420: []
11-10 05:37:51.310: I/ModuleSetMgr(4843): Pending container Zapp APKs: []
11-10 05:37:51.310: I/ModuleSetMgr(4843): Pending non-container Zapp APKs: []
11-10 05:37:51.333: I/ActivityManager(888): Start proc 25719:com.google.android.gm/u0a81 for content provider com.google.android.gm/com.android.email.provider.EmailProvider
11-10 05:37:51.373: I/ActivityManager(888): Start proc 25732:com.google.process.gapps/u0a56 for content provider com.google.android.syncadapters.contacts/.GalProvider
11-10 05:37:51.416: W/System(25719): ClassLoader referenced unknown path: /system/app/PrebuiltGmail/lib/arm
11-10 05:37:51.433: W/System(25732): ClassLoader referenced unknown path: /system/app/GoogleContactsSyncAdapter/lib/arm
11-10 05:37:51.468: I/GoogleHttpClient(25732): GMS http client unavailable, use old client
11-10 05:37:51.544: I/ContactDirectoryManager(25593): deleted 0 stale rows which don't have any relevant directory
11-10 05:37:51.547: D/ActivityThread(25719): Loading provider com.google.android.gmail.provider;com.android.mail.notifier;com.google.android.gm.email.provider;com.google.android.gm.email.notifier: com.android.email.provider.EmailProvider
11-10 05:37:51.590: I/ContactDirectoryManager(25593): Discovered 0 contact directories in 1036ms
11-10 05:37:51.682: W/ActivityManager(888): Unable to start service Intent { cmp=com.google.android.gm/com.android.email.service.AttachmentService } U=0: not found
11-10 05:37:51.708: W/GAV2(25692): Thread[main,5,main]: Need to call initialize() and be in fallback mode to start dispatch.
11-10 05:37:51.726: I/Exchange(25692): EasService.onCreate
11-10 05:37:51.746: I/Exchange(25692): RestartPingTask
11-10 05:37:51.758: W/GAV2(25719): Thread[main,5,main]: Need to call initialize() and be in fallback mode to start dispatch.
11-10 05:37:51.825: I/Exchange(25692): RestartPingsTask did not start any pings.
11-10 05:37:51.825: I/Exchange(25692): PSS stopIfIdle
11-10 05:37:51.825: I/Exchange(25692): PSS has no active accounts; stopping service.
11-10 05:37:51.832: I/Exchange(25692): onDestroy
11-10 05:37:51.852: E/Gmail(25719): Error finding the version of the Email provider.....
11-10 05:37:51.852: E/Gmail(25719): android.content.pm.PackageManager$NameNotFoundException: com.google.android.email
11-10 05:37:51.852: E/Gmail(25719): 	at android.app.ApplicationPackageManager.getPackageInfo(ApplicationPackageManager.java:137)
11-10 05:37:51.852: E/Gmail(25719): 	at com.google.android.gm.EmailMigrationService.a(SourceFile:1280)
11-10 05:37:51.852: E/Gmail(25719): 	at com.google.android.gm.EmailMigrationService.onHandleIntent(SourceFile:219)
11-10 05:37:51.852: E/Gmail(25719): 	at android.app.IntentService$ServiceHandler.handleMessage(IntentService.java:66)
11-10 05:37:51.852: E/Gmail(25719): 	at android.os.Handler.dispatchMessage(Handler.java:102)
11-10 05:37:51.852: E/Gmail(25719): 	at android.os.Looper.loop(Looper.java:148)
11-10 05:37:51.852: E/Gmail(25719): 	at android.os.HandlerThread.run(HandlerThread.java:61)
11-10 05:37:51.852: W/EmailMigration(25719): We do not support migrating this version of the Email provider.
11-10 05:37:51.852: I/Gmail(25719): getAccountsCursor
11-10 05:37:51.853: I/Gmail(25719): Observing account changes for notifications
11-10 05:37:51.881: W/ChimeraUtils(4783): Non Chimera context
11-10 05:37:51.886: W/ChimeraUtils(4783): Non Chimera context
11-10 05:37:52.080: E/DowngradeHelper(4843): isModuleDowngradeRequired false
11-10 05:37:52.086: E/ConfigFileUtils(4843): Failed to read config file: /data/data/com.google.android.gms/app_chimera/current_modules_init.pb: open failed: ENOENT (No such file or directory)
11-10 05:37:52.180: I/ChimeraCfgMgr(4843): Sending com.google.android.chimera.IntentOperation.NEW_MODULE Intents: 1,false,true
11-10 05:37:52.186: I/ChmraDebugLogger(4843): [46] container:19420
11-10 05:37:52.199: I/Auth(4843): [SupervisedAccountIntentOperation] onHandleIntent(): android.intent.action.PACKAGE_ADDED
11-10 05:37:52.199: I/ChromeSync(4843): [Sync,SyncIntentOperation] Handling the intent: Intent { act=android.intent.action.PACKAGE_ADDED dat=package:com.google.android.gms.policy_test_support flg=0x4000010 cmp=com.google.android.gms/.chimera.GmsIntentOperationService (has extras) }.
11-10 05:37:52.206: I/ChromeSync(4843): [Persistence,AffiliationManager] One of affiliation or grouping data for android://JQGPsg9dd2HvcQ3NOvpIBkUqO05p1z872yyCqMPGKyYTrXaagXb_cTSR6Tw7zvKHuN1SL7HTpLIIpZ7kfHKqVA==@com.google.android.gms.policy_test_support/ was not found. Marking affiliation data as stale...
11-10 05:37:52.210: W/System(4843): ClassLoader referenced unknown path: /data/app/com.google.android.gms.policy_test_support-1/lib/arm
11-10 05:37:52.287: V/NativeCrypto(25662): Registering com/google/android/gms/org/conscrypt/NativeCrypto's 284 native methods...
11-10 05:37:52.318: I/ChromeSync(4843): [Persistence,AffiliationManager] Failed to get password domain for package: com.vzw.apnservice
11-10 05:37:52.359: I/TestSupport(4843): Activate: 1573286400000@1573393072353
11-10 05:37:52.359: I/TestSupport(4843): Boot time: 1573273547463
11-10 05:37:52.369: I/Icing(4843): IndexChimeraService.getServiceInterface callingPackage=com.google.android.gms componentName=AppsCorpus serviceId=36
11-10 05:37:52.373: I/ModuleSetUtils(4843): Assembling ModuleSetRecord for ads_fdr:210015,container:19420+vision.ocr: [zapp:/VisionOcr.optional/19420000300, zapp:/AdsFdrDynamite.integ/21001000000]
11-10 05:37:52.392: I/TestSupport(4843): Updated: /data/data/com.google.android.gms/app_testsupport/.startup
11-10 05:37:52.406: E/PhenotypeRegOp(4843): Attempting to overwrite config package for com.google.android.gms.car
11-10 05:37:52.407: W/DynamiteModule(4843): Local module descriptor class for providerinstaller not found.
11-10 05:37:52.408: W/ProviderHelper(4843): Unknown dynamite feature providerinstaller
11-10 05:37:52.408: I/DynamiteModule(4843): Considering local module providerinstaller:0 and remote module providerinstaller:0
11-10 05:37:52.408: W/ProviderInstaller(4843): Failed to load providerinstaller module: No acceptable module found. Local version is 0 and remote version is 0.
11-10 05:37:52.408: I/ChimeraCfgMgr(4843): Received com.google.android.chimera.IntentOperation.NEW_MODULE(1/0): 1,false
11-10 05:37:52.412: W/ActivityManager(888): Unable to start service Intent { flg=0x4 cmp=com.android.vending/com.google.android.finsky.services.DailyHygiene (has extras) } U=0: not found
11-10 05:37:52.419: W/DynamiteModule(4843): Local module descriptor class for providerinstaller not found.
11-10 05:37:52.420: I/DynamiteModule(4843): Considering local module providerinstaller:0 and remote module providerinstaller:0
11-10 05:37:52.420: W/ProviderInstaller(4843): Failed to load providerinstaller module: No acceptable module found. Local version is 0 and remote version is 0.
11-10 05:37:52.425: E/PhenotypeRegOp(4843): Attempting to overwrite config package for com.google.android.gms.mobile_data_plan
11-10 05:37:52.426: E/PhenotypeRegOp(4843): Attempting to overwrite config package for com.google.android.gms.signin
11-10 05:37:52.427: I/ChromeSync(4843): [Persistence,AffiliationManager] Fetching affiliations from the server.
11-10 05:37:52.430: W/DynamiteModule(4843): Local module descriptor class for providerinstaller not found.
11-10 05:37:52.430: I/DynamiteModule(4843): Considering local module providerinstaller:0 and remote module providerinstaller:0
11-10 05:37:52.431: W/ProviderInstaller(4843): Failed to load providerinstaller module: No acceptable module found. Local version is 0 and remote version is 0.
11-10 05:37:52.447: I/art(25662): Rejecting re-init on previously-failed class java.lang.Class<com.google.android.gms.org.conscrypt.Java7ExtendedSSLSession>
11-10 05:37:52.448: I/art(25662): Rejecting re-init on previously-failed class java.lang.Class<com.google.android.gms.org.conscrypt.Java7ExtendedSSLSession>
11-10 05:37:52.449: I/art(25662): Rejecting re-init on previously-failed class java.lang.Class<com.google.android.gms.org.conscrypt.Java8ExtendedSSLSession>
11-10 05:37:52.450: I/art(25662): Rejecting re-init on previously-failed class java.lang.Class<com.google.android.gms.org.conscrypt.Java8ExtendedSSLSession>
11-10 05:37:52.451: W/DynamiteModule(4843): Local module descriptor class for providerinstaller not found.
11-10 05:37:52.451: I/DynamiteModule(4843): Considering local module providerinstaller:0 and remote module providerinstaller:0
11-10 05:37:52.452: W/ProviderInstaller(4843): Failed to load providerinstaller module: No acceptable module found. Local version is 0 and remote version is 0.
11-10 05:37:52.472: W/Icing(4843): No valid account for uploading user actions: admc: Not signed in
11-10 05:37:52.474: W/DynamiteModule(4843): Local module descriptor class for providerinstaller not found.
11-10 05:37:52.474: I/DynamiteModule(4843): Considering local module providerinstaller:0 and remote module providerinstaller:0
11-10 05:37:52.474: W/ProviderInstaller(4843): Failed to load providerinstaller module: No acceptable module found. Local version is 0 and remote version is 0.
11-10 05:37:52.499: W/DynamiteModule(4843): Local module descriptor class for providerinstaller not found.
11-10 05:37:52.499: I/DynamiteModule(4843): Considering local module providerinstaller:0 and remote module providerinstaller:0
11-10 05:37:52.499: W/ProviderInstaller(4843): Failed to load providerinstaller module: No acceptable module found. Local version is 0 and remote version is 0.
11-10 05:37:52.501: I/Icing(4843): IndexChimeraService.getServiceInterface callingPackage=com.google.android.gms componentName=null serviceId=30
11-10 05:37:52.515: W/DynamiteModule(4843): Local module descriptor class for providerinstaller not found.
11-10 05:37:52.515: I/DynamiteModule(4843): Considering local module providerinstaller:0 and remote module providerinstaller:0
11-10 05:37:52.515: W/ProviderInstaller(4843): Failed to load providerinstaller module: No acceptable module found. Local version is 0 and remote version is 0.
11-10 05:37:52.523: W/DynamiteModule(4843): Local module descriptor class for providerinstaller not found.
11-10 05:37:52.523: I/DynamiteModule(4843): Considering local module providerinstaller:0 and remote module providerinstaller:0
11-10 05:37:52.523: W/ProviderInstaller(4843): Failed to load providerinstaller module: No acceptable module found. Local version is 0 and remote version is 0.
11-10 05:37:52.575: I/GmsModuleFndr(4843): Beginning GMS chimera module scan
11-10 05:37:52.580: I/ModuleSetMgr(4843): Computing pending module set with APKs: {file:///data/app/com.google.android.gms-1/base.apk}
11-10 05:37:52.583: W/Conscrypt(4843): Could not set socket write timeout: java.net.SocketException: Socket closed
11-10 05:37:52.583: W/Conscrypt(4843): 	at com.google.android.gms.org.conscrypt.Platform.setSocketWriteTimeout(:com.google.android.gms@19420015@19.4.20 (040300-271418971):2)
11-10 05:37:52.583: W/Conscrypt(4843): 	at com.google.android.gms.org.conscrypt.ConscryptFileDescriptorSocket.setSoWriteTimeout(:com.google.android.gms@19420015@19.4.20 (040300-271418971):2)
11-10 05:37:52.587: I/ModuleSetUtils(4843): Assembling ModuleSetRecord for container:19420: []
11-10 05:37:52.588: I/ModuleSetMgr(4843): Pending container Zapp APKs: []
11-10 05:37:52.588: I/ModuleSetMgr(4843): Pending non-container Zapp APKs: []
11-10 05:37:52.604: I/Icing(4843): Usage reports ok 0, Failed Usage reports 0, indexed 0, rejected 0
11-10 05:37:52.607: I/ProviderInstaller(25662): Installed default security provider GmsCore_OpenSSL
11-10 05:37:52.608: W/Icing(4843): No valid account for uploading user actions: admc: Not signed in
11-10 05:37:52.617: W/DynamiteModule(4843): Local module descriptor class for providerinstaller not found.
11-10 05:37:52.617: I/DynamiteModule(4843): Considering local module providerinstaller:0 and remote module providerinstaller:0
11-10 05:37:52.617: W/ProviderInstaller(4843): Failed to load providerinstaller module: No acceptable module found. Local version is 0 and remote version is 0.
11-10 05:37:52.618: I/Icing(4843): Usage reports ok 0, Failed Usage reports 0, indexed 0, rejected 0
11-10 05:37:52.622: W/DynamiteModule(4843): Local module descriptor class for providerinstaller not found.
11-10 05:37:52.622: I/DynamiteModule(4843): Considering local module providerinstaller:0 and remote module providerinstaller:0
11-10 05:37:52.622: W/ProviderInstaller(4843): Failed to load providerinstaller module: No acceptable module found. Local version is 0 and remote version is 0.
11-10 05:37:52.643: W/DynamiteModule(4843): Local module descriptor class for providerinstaller not found.
11-10 05:37:52.643: I/DynamiteModule(4843): Considering local module providerinstaller:0 and remote module providerinstaller:0
11-10 05:37:52.643: W/ProviderInstaller(4843): Failed to load providerinstaller module: No acceptable module found. Local version is 0 and remote version is 0.
11-10 05:37:52.657: W/DynamiteModule(4843): Local module descriptor class for providerinstaller not found.
11-10 05:37:52.657: I/DynamiteModule(4843): Considering local module providerinstaller:0 and remote module providerinstaller:0
11-10 05:37:52.657: W/ProviderInstaller(4843): Failed to load providerinstaller module: No acceptable module found. Local version is 0 and remote version is 0.
11-10 05:37:52.676: W/DynamiteModule(4843): Local module descriptor class for providerinstaller not found.
11-10 05:37:52.677: I/DynamiteModule(4843): Considering local module providerinstaller:0 and remote module providerinstaller:0
11-10 05:37:52.677: W/ProviderInstaller(4843): Failed to load providerinstaller module: No acceptable module found. Local version is 0 and remote version is 0.
11-10 05:37:52.692: W/DynamiteModule(4843): Local module descriptor class for providerinstaller not found.
11-10 05:37:52.692: I/DynamiteModule(4843): Considering local module providerinstaller:0 and remote module providerinstaller:0
11-10 05:37:52.692: W/ProviderInstaller(4843): Failed to load providerinstaller module: No acceptable module found. Local version is 0 and remote version is 0.
11-10 05:37:52.705: W/DynamiteModule(4843): Local module descriptor class for providerinstaller not found.
11-10 05:37:52.705: I/DynamiteModule(4843): Considering local module providerinstaller:0 and remote module providerinstaller:0
11-10 05:37:52.705: W/ProviderInstaller(4843): Failed to load providerinstaller module: No acceptable module found. Local version is 0 and remote version is 0.
11-10 05:37:52.712: W/DynamiteModule(4843): Local module descriptor class for providerinstaller not found.
11-10 05:37:52.713: I/DynamiteModule(4843): Considering local module providerinstaller:0 and remote module providerinstaller:0
11-10 05:37:52.713: W/ProviderInstaller(4843): Failed to load providerinstaller module: No acceptable module found. Local version is 0 and remote version is 0.
11-10 05:37:52.725: W/Conscrypt(4843): Could not set socket write timeout: java.net.SocketException: Socket closed
11-10 05:37:52.725: W/Conscrypt(4843): 	at com.google.android.gms.org.conscrypt.Platform.setSocketWriteTimeout(:com.google.android.gms@19420015@19.4.20 (040300-271418971):2)
11-10 05:37:52.725: W/Conscrypt(4843): 	at com.google.android.gms.org.conscrypt.ConscryptFileDescriptorSocket.setSoWriteTimeout(:com.google.android.gms@19420015@19.4.20 (040300-271418971):2)
11-10 05:37:52.773: I/GmsModuleFndr(4843): Beginning GMS chimera module scan
11-10 05:37:52.778: I/ModuleSetMgr(4843): Computing pending module set with APKs: {file:///data/app/com.google.android.gms-1/base.apk}
11-10 05:37:52.784: I/ModuleSetUtils(4843): Assembling ModuleSetRecord for container:19420: []
11-10 05:37:52.785: I/ModuleSetMgr(4843): Pending container Zapp APKs: []
11-10 05:37:52.785: I/ModuleSetMgr(4843): Pending non-container Zapp APKs: []
11-10 05:37:53.242: I/anzn(4783): Scheduling Phenotype for a PhenotypeSyncImmediately(6, com.google.android.gms.testsupport) one off with window [1, 2] in seconds [CONTEXT service_id=51 ]
11-10 05:37:53.264: I/Funnel(4783): Init: funnel is disabled, skipping initialization.
11-10 05:37:53.461: I/Icing(4843): Indexing com.google.android.gms-apps from com.google.android.gms
11-10 05:37:53.482: I/Icing(4843): Indexing done com.google.android.gms-apps
11-10 05:37:54.546: I/dex2oat(25706): dex2oat took 3.315s (threads: 4) arena alloc=2MB java alloc=2MB native alloc=16MB free=3MB
11-10 05:37:54.744: W/Settings(888): Setting install_non_market_apps has moved from android.provider.Settings.Global to android.provider.Settings.Secure, returning read-only value.
11-10 05:37:54.744: I/art(888): Starting a blocking GC Explicit
11-10 05:37:54.799: I/art(888): Explicit concurrent mark sweep GC freed 38842(2MB) AllocSpace objects, 5(100KB) LOS objects, 31% free, 35MB/51MB, paused 804us total 54.312ms
11-10 05:37:54.807: I/art(25643): System.exit called, status: 0
11-10 05:37:54.807: I/AndroidRuntime(25643): VM exiting with result code 0.
11-10 05:37:54.821: D/BuaReceiver(3269): ====== got intent:Intent { act=android.intent.action.PACKAGE_ADDED dat=package:com.google.android.gmscore.testing.testsupport flg=0x4000010 cmp=com.motorola.android.buacontactadapter/.BuaReceiver (has extras) }
11-10 05:37:54.843: I/InputReader(888): Reconfiguring input devices.  changes=0x00000010
11-10 05:37:54.860: D/CarrierServiceBindHelper(1732): Receive action: android.intent.action.PACKAGE_ADDED
11-10 05:37:54.861: D/CarrierServiceBindHelper(1732): mHandler: 3
11-10 05:37:54.861: D/CarrierConfigLoader(1732): mHandler: 9 phoneId: 0
11-10 05:37:54.883: D/Finsky(25625): [1] ExternalReferrer.access$200: Package state data is missing for com.google.android.gmscore.testing.testsupport
11-10 05:37:54.910: I/UpdateIcingCorporaServi(22264): Updating corpora: APPS=com.google.android.gmscore.testing.testsupport, CONTACTS=MAYBE
11-10 05:37:54.955: W/GCM(4783): Unexpected forwarded intent: Intent { act=android.intent.action.PACKAGE_ADDED dat=package:com.google.android.gmscore.testing.testsupport flg=0x4000010 cmp=com.google.android.gms/.chimera.PersistentIntentOperationService (has extras) }
11-10 05:37:54.956: W/GCM(4783): Unexpected forwarded intent: Intent { act=android.intent.action.PACKAGE_ADDED dat=package:com.google.android.gmscore.testing.testsupport flg=0x4000010 cmp=com.google.android.gms/.chimera.PersistentIntentOperationService (has extras) }
11-10 05:37:54.959: I/Auth(4843): [SupervisedAccountIntentOperation] onHandleIntent(): android.intent.action.PACKAGE_ADDED
11-10 05:37:54.959: I/ChromeSync(4843): [Sync,SyncIntentOperation] Handling the intent: Intent { act=android.intent.action.PACKAGE_ADDED dat=package:com.google.android.gmscore.testing.testsupport flg=0x4000010 cmp=com.google.android.gms/.chimera.GmsIntentOperationService (has extras) }.
11-10 05:37:54.961: I/ChromeSync(4843): [Persistence,AffiliationManager] One of affiliation or grouping data for android://7qg--Vdm54zxKo8avkCXCD_7ToNk-gSGsIINmMu_krBTT9yKXmXa5m1MzFNMIqP92nwcLB8-pgfDA4TXFVsmSw==@com.google.android.gmscore.testing.testsupport/ was not found. Marking affiliation data as stale...
11-10 05:37:55.004: I/UpdateIcingCorporaServi(22264): UpdateCorporaTask done [took 93 ms] updated apps [took 93 ms] 
11-10 05:37:55.027: W/SearchableInfo(888): Invalid searchable metadata for com.google.android.gms/.nearby.sharing.ContactSelectActivity: Search label must be a resource reference.
11-10 05:37:55.029: I/ChromeSync(4843): [Persistence,AffiliationManager] Failed to get password domain for package: com.vzw.apnservice
11-10 05:37:55.074: I/ChromeSync(4843): [Persistence,AffiliationManager] Fetching affiliations from the server.
11-10 05:37:55.405: I/anzs(4783): Removed 0 invalid users [CONTEXT service_id=51 ]
11-10 05:37:55.416: D/AndroidRuntime(25793): >>>>>> START com.android.internal.os.RuntimeInit uid 2000 <<<<<<
11-10 05:37:55.420: D/AndroidRuntime(25793): CheckJNI is OFF
11-10 05:37:55.456: D/ICU(25793): No timezone override file found: /data/misc/zoneinfo/current/icu/icu_tzdata.dat
11-10 05:37:55.492: I/Radio-JNI(25793): register_android_hardware_Radio DONE
11-10 05:37:55.511: D/AndroidRuntime(25793): Calling main entry com.android.commands.am.Am
11-10 05:37:55.527: I/ActivityManager(888): Start proc 25809:com.google.android.gmscore.testing.testsupport/u0a105 for service com.google.android.gmscore.testing.testsupport/.CommandService
11-10 05:37:55.527: D/AndroidRuntime(25793): Shutting down VM
11-10 05:37:55.538: W/Conscrypt(4783): Could not set socket write timeout: java.net.SocketException: Socket closed
11-10 05:37:55.541: W/Conscrypt(4783): 	at com.google.android.gms.org.conscrypt.Platform.setSocketWriteTimeout(:com.google.android.gms@19420015@19.4.20 (040300-271418971):2)
11-10 05:37:55.541: W/Conscrypt(4783): 	at com.google.android.gms.org.conscrypt.ConscryptFileDescriptorSocket.setSoWriteTimeout(:com.google.android.gms@19420015@19.4.20 (040300-271418971):2)
11-10 05:37:55.552: W/System(25809): ClassLoader referenced unknown path: /data/app/com.google.android.gmscore.testing.testsupport-1/lib/arm
11-10 05:37:55.557: I/TSDRIVER(25809): CommandService onHandleIntent()
11-10 05:37:55.559: I/TSDRIVER(25809): Got command: PACKAGE
11-10 05:37:55.562: W/Conscrypt(4783): Could not set socket write timeout: java.net.SocketException: Socket closed
11-10 05:37:55.562: W/Conscrypt(4783): 	at com.google.android.gms.org.conscrypt.Platform.setSocketWriteTimeout(:com.google.android.gms@19420015@19.4.20 (040300-271418971):2)
11-10 05:37:55.562: W/Conscrypt(4783): 	at com.google.android.gms.org.conscrypt.ConscryptFileDescriptorSocket.setSoWriteTimeout(:com.google.android.gms@19420015@19.4.20 (040300-271418971):2)
11-10 05:37:55.574: I/TSDRIVER(25809): flag package: Eglnc2VydmljZXMaLAooZmluc2t5LnBsYXlfc2VydmljZXNfYXV0b191cGRhdGVfZW5hYmxlZBgAGjUKMWZpbnNreS5zZXR1cF93aXphcmRfYWRkaXRpb25hbF9hY2NvdW50X3ZwYV9lbmFibGUYABoxCi1maW5za3kuZGFpbHlfaHlnaWVuZV9zY2hlZHVsZV91bmF1dGhlbnRpY2F0ZWQYAA
11-10 05:37:55.584: I/TSDRIVER(25809): flag package: gservices
11-10 05:37:55.644: E/GooglePlayServicesUtil(25809): The Google Play services resources were not found. Check your project configuration to ensure that the resources are included.
11-10 05:37:55.673: W/Primes(4843): Primes not initialized, returning default (no-op) Primes instance which will ignore all calls. Please call Primes.initialize(...) before using any Primes API.
11-10 05:37:55.710: W/DynamiteModule(4843): Local module descriptor class for com.google.android.gms.googlecertificates not found.
11-10 05:37:55.712: I/DynamiteModule(4843): Considering local module com.google.android.gms.googlecertificates:0 and remote module com.google.android.gms.googlecertificates:4
11-10 05:37:55.712: I/DynamiteModule(4843): Selected remote version of com.google.android.gms.googlecertificates, version >= 4
11-10 05:37:55.715: W/System(4843): ClassLoader referenced unknown path: /data/data/com.google.android.gms/app_chimera/m/00000005/n/armeabi-v7a
11-10 05:37:55.715: W/System(4843): ClassLoader referenced unknown path: /data/data/com.google.android.gms/app_chimera/m/00000005/n/armeabi
11-10 05:37:55.879: I/TestSupport(4843): Activated: 1573286400000@1573393072353
11-10 05:37:55.879: I/TestSupport(4843): Boot time: 1573273547463
11-10 05:37:55.881: I/TestSupport(4843): Passing package and signature checks: com.google.android.gmscore.testing.testsupport
11-10 05:37:55.929: I/TestSupport(4843): SetOverrideOperation: finsky.play_services_auto_update_enabled = false
11-10 05:37:56.029: I/anzn(4783): Scheduling adaptive one off task with window [14400, 604800] in seconds [CONTEXT service_id=51 ]
11-10 05:37:56.032: I/Icing(4843): Indexing com.google.android.gms-apps from com.google.android.gms
11-10 05:37:56.036: I/Icing(4843): Indexing done com.google.android.gms-apps
11-10 05:37:56.063: I/GservicesProvider(4822): override update completed
11-10 05:37:56.068: I/TestSupport(4843): Broadcast sent: finsky.play_services_auto_update_enabled
11-10 05:37:56.073: I/TestSupport(4843): GServices override confirmed: finsky.play_services_auto_update_enabled=false
11-10 05:37:56.077: I/TestSupport(4843): SetOverrideOperation: finsky.setup_wizard_additional_account_vpa_enable = false
11-10 05:37:56.093: I/ActivityManager(888): Start proc 25826:com.google.android.gms.ui/u0a14 for service com.google.android.gms/.chimera.UiIntentOperationService
11-10 05:37:56.110: I/ActivityManager(888): Start proc 25838:com.google.android.configupdater/u0a7 for broadcast com.google.android.configupdater/.CertPin.CertPinUpdateRequestReceiver
11-10 05:37:56.144: W/System(25838): ClassLoader referenced unknown path: /system/priv-app/ConfigUpdater/lib/arm
11-10 05:37:56.171: E/ConfigUpdater(25838): Received malformed URL while handling Gservices.CHANGED_ACTION intent_firewall: null null
11-10 05:37:56.211: E/ConfigUpdater(25838): Received malformed URL while handling Gservices.CHANGED_ACTION apn_db: null null
11-10 05:37:56.215: E/ConfigUpdater(25838): Received malformed URL while handling Gservices.CHANGED_ACTION tzdata: null null
11-10 05:37:56.218: E/ConfigUpdater(25838): Received malformed URL while handling Gservices.CHANGED_ACTION selinux: null null
11-10 05:37:56.224: E/ConfigUpdater(25838): Received malformed URL while handling Gservices.CHANGED_ACTION carrier_provisioning_urls: null null
11-10 05:37:56.250: I/ActivityManager(888): Start proc 25872:com.google.android.apps.photos/u0a74 for broadcast com.google.android.apps.photos/com.google.android.apps.moviemaker.app.ApplicationEnabler$Receiver
11-10 05:37:56.254: I/aobm(4783): updateFromConfigurations using legacy put method [CONTEXT service_id=204 ]
11-10 05:37:56.275: I/aobm(4783): updateFromConfigurations using legacy put method [CONTEXT service_id=204 ]
11-10 05:37:56.281: I/GeofencerStateMachine(4783): sendQueryLocationOptIn
11-10 05:37:56.293: I/GeofencerStateMachine(4783): sendQueryLocationOptIn
11-10 05:37:56.302: I/GeofencerStateMachine(4783): sendQueryLocationOptIn
11-10 05:37:56.309: I/GeofencerStateMachine(4783): sendQueryLocationOptIn
11-10 05:37:56.316: I/GeofencerStateMachine(4783): sendQueryLocationOptIn
11-10 05:37:56.323: I/GservicesUpdateTask(22264): Updating Gservices keys
11-10 05:37:56.327: W/DynamiteModule(25826): Local module descriptor class for providerinstaller not found.
11-10 05:37:56.330: I/GeofencerStateMachine(4783): sendQueryLocationOptIn
11-10 05:37:56.337: W/ProviderHelper(25826): Unknown dynamite feature providerinstaller
11-10 05:37:56.338: W/System(25872): ClassLoader referenced unknown path: /system/app/Photos/lib/arm
11-10 05:37:56.339: I/DynamiteModule(25826): Considering local module providerinstaller:0 and remote module providerinstaller:0
11-10 05:37:56.339: W/ProviderInstaller(25826): Failed to load providerinstaller module: No acceptable module found. Local version is 0 and remote version is 0.
11-10 05:37:56.342: I/GeofencerStateMachine(4783): sendQueryLocationOptIn
11-10 05:37:56.353: I/GeofencerStateMachine(4783): sendQueryLocationOptIn
11-10 05:37:56.364: V/NativeCrypto(25826): Registering com/google/android/gms/org/conscrypt/NativeCrypto's 284 native methods...
11-10 05:37:56.367: W/LocationOracleImpl(22264): Best location was null
11-10 05:37:56.378: W/Search.SearchUrlHelper(22264): Auth token not ready, no auth header set.
11-10 05:37:56.385: I/art(25826): Rejecting re-init on previously-failed class java.lang.Class<com.google.android.gms.org.conscrypt.Java7ExtendedSSLSession>
11-10 05:37:56.385: I/art(25826): Rejecting re-init on previously-failed class java.lang.Class<com.google.android.gms.org.conscrypt.Java7ExtendedSSLSession>
11-10 05:37:56.386: I/art(25826): Rejecting re-init on previously-failed class java.lang.Class<com.google.android.gms.org.conscrypt.Java8ExtendedSSLSession>
11-10 05:37:56.386: I/art(25826): Rejecting re-init on previously-failed class java.lang.Class<com.google.android.gms.org.conscrypt.Java8ExtendedSSLSession>
11-10 05:37:56.400: I/ProviderInstaller(25826): Installed default security provider GmsCore_OpenSSL
11-10 05:37:56.406: I/Safeboot(25826): Checking safeboot...
11-10 05:37:56.407: I/Safeboot(25826): Not entering safeboot; wrong process.
11-10 05:37:56.435: W/Thread-625(25894): type=1400 audit(0.0:50): avc: denied { write } for name=".lib.lock" dev="dm-1" ino=1044861 scontext=u:r:untrusted_app:s0:c512,c768 tcontext=u:object_r:system_data_file:s0 tclass=file permissive=0
11-10 05:37:56.439: W/NativeLibraryUtils(25826): Failed to open lock file
11-10 05:37:56.439: W/NativeLibraryUtils(25826): java.io.FileNotFoundException: /data/user/0/com.google.android.gms/cache/.lib.lock: open failed: EACCES (Permission denied)
11-10 05:37:56.439: W/NativeLibraryUtils(25826): 	at libcore.io.IoBridge.open(IoBridge.java:452)
11-10 05:37:56.439: W/NativeLibraryUtils(25826): 	at java.io.RandomAccessFile.<init>(RandomAccessFile.java:117)
11-10 05:37:56.439: W/NativeLibraryUtils(25826): 	at tbv.d(:com.google.android.gms@19420015@19.4.20 (040300-271418971):5)
11-10 05:37:56.439: W/NativeLibraryUtils(25826): 	at rxr.run(:com.google.android.gms@19420015@19.4.20 (040300-271418971))
11-10 05:37:56.439: W/NativeLibraryUtils(25826): Caused by: android.system.ErrnoException: open failed: EACCES (Permission denied)
11-10 05:37:56.439: W/NativeLibraryUtils(25826): 	at libcore.io.Posix.open(Native Method)
11-10 05:37:56.439: W/NativeLibraryUtils(25826): 	at libcore.io.BlockGuardOs.open(BlockGuardOs.java:186)
11-10 05:37:56.439: W/NativeLibraryUtils(25826): 	at libcore.io.IoBridge.open(IoBridge.java:438)
11-10 05:37:56.439: W/NativeLibraryUtils(25826): 	... 3 more
11-10 05:37:56.453: W/Primes(25826): Primes not initialized, returning default (no-op) Primes instance which will ignore all calls. Please call Primes.initialize(...) before using any Primes API.
11-10 05:37:56.641: I/Backup(4843): [GmsBackupStatusChangeReceiver] Going to enable gms backup transport.
11-10 05:37:56.700: I/Herrevad(4783): [800] acas.a: updateListenState
11-10 05:37:56.701: I/NetRec(4783): [796] akrh.a: onConfigChanged()
11-10 05:37:56.702: I/Backup(4783): [BackupTransportMigratorChimeraService] Starting migration...
11-10 05:37:56.715: I/NetRec(4783): [796] akrh.a: Cancelling all NetRec GCM tasks
11-10 05:37:56.716: I/NetRec(4783): [801] ClearDatabaseService.onHandleIntent: Clearing score cache
11-10 05:37:56.734: I/GmsModuleFndr(4843): Beginning GMS chimera module scan
11-10 05:37:56.741: I/ModuleSetMgr(4843): Computing pending module set with APKs: {file:///data/app/com.google.android.gms-1/base.apk}
11-10 05:37:56.764: I/ModuleSetUtils(4843): Assembling ModuleSetRecord for container:19420: []
11-10 05:37:56.765: I/ModuleSetMgr(4843): Pending container Zapp APKs: []
11-10 05:37:56.765: I/ModuleSetMgr(4843): Pending non-container Zapp APKs: []
11-10 05:37:56.789: I/GAV2(25692): Thread[GAThread,5,main]: No campaign data found.
11-10 05:37:56.795: W/ChimeraUtils(4843): Non Chimera context
11-10 05:37:56.801: W/DynamiteModule(4843): Local module descriptor class for providerinstaller not found.
11-10 05:37:56.801: W/ProviderHelper(4843): Unknown dynamite feature providerinstaller
11-10 05:37:56.801: I/DynamiteModule(4843): Considering local module providerinstaller:0 and remote module providerinstaller:0
11-10 05:37:56.801: W/ProviderInstaller(4843): Failed to load providerinstaller module: No acceptable module found. Local version is 0 and remote version is 0.
11-10 05:37:56.807: I/ChromeSync(4843): [Sync,SyncIntentOperation] Handling the intent: Intent { act=com.google.gservices.intent.action.GSERVICES_CHANGED flg=0x10 cmp=com.google.android.gms/.chimera.GmsIntentOperationService$PersistentInternalReceiver }.
11-10 05:37:56.810: W/DynamiteModule(4843): Local module descriptor class for providerinstaller not found.
11-10 05:37:56.810: I/DynamiteModule(4843): Considering local module providerinstaller:0 and remote module providerinstaller:0
11-10 05:37:56.810: W/ProviderInstaller(4843): Failed to load providerinstaller module: No acceptable module found. Local version is 0 and remote version is 0.
11-10 05:37:56.811: I/CAR.SETUP(4843): update Car DrivingMode components to false [CONTEXT service_id=13 ]
11-10 05:37:56.820: W/DynamiteModule(4843): Local module descriptor class for providerinstaller not found.
11-10 05:37:56.820: I/DynamiteModule(4843): Considering local module providerinstaller:0 and remote module providerinstaller:0
11-10 05:37:56.820: W/ProviderInstaller(4843): Failed to load providerinstaller module: No acceptable module found. Local version is 0 and remote version is 0.
11-10 05:37:56.835: W/DynamiteModule(4843): Local module descriptor class for providerinstaller not found.
11-10 05:37:56.835: I/DynamiteModule(4843): Considering local module providerinstaller:0 and remote module providerinstaller:0
11-10 05:37:56.835: W/ProviderInstaller(4843): Failed to load providerinstaller module: No acceptable module found. Local version is 0 and remote version is 0.
11-10 05:37:56.841: I/GCoreUlr(4783): WorldUpdater received intent Intent { act=com.google.android.location.reporting.ACTION_UPDATE_WORLD cmp=com.google.android.gms/com.google.android.location.reporting.service.DispatchingService (has extras) } with receiverAction com.google.gservices.intent.action.GSERVICES_CHANGED
11-10 05:37:56.845: I/MobileDataHub(4843): Scheduling periodic tasks
11-10 05:37:56.855: I/GservicesProvider(4822): override update completed
11-10 05:37:56.860: I/TestSupport(4843): Broadcast sent: finsky.setup_wizard_additional_account_vpa_enable
11-10 05:37:56.861: W/DynamiteModule(4843): Local module descriptor class for providerinstaller not found.
11-10 05:37:56.865: I/DynamiteModule(4843): Considering local module providerinstaller:0 and remote module providerinstaller:0
11-10 05:37:56.865: W/ProviderInstaller(4843): Failed to load providerinstaller module: No acceptable module found. Local version is 0 and remote version is 0.
11-10 05:37:56.883: I/GAV2(25719): Thread[GAThread,5,main]: No campaign data found.
11-10 05:37:56.884: I/GCoreUlr(4783): Successfully sent flags updated to controllers.
11-10 05:37:56.888: I/TestSupport(4843): GServices override confirmed: finsky.setup_wizard_additional_account_vpa_enable=false
11-10 05:37:56.890: I/PTCommittedOperation(4783): Receive new configuration for com.google.android.gms.growth
11-10 05:37:56.903: W/DynamiteModule(4843): Local module descriptor class for providerinstaller not found.
11-10 05:37:56.903: I/DynamiteModule(4843): Considering local module providerinstaller:0 and remote module providerinstaller:0
11-10 05:37:56.903: W/ProviderInstaller(4843): Failed to load providerinstaller module: No acceptable module found. Local version is 0 and remote version is 0.
11-10 05:37:56.905: I/TestSupport(4843): SetOverrideOperation: finsky.daily_hygiene_schedule_unauthenticated = false
11-10 05:37:56.917: E/ConfigUpdater(25838): Received malformed URL while handling Gservices.CHANGED_ACTION intent_firewall: null null
11-10 05:37:56.920: E/ConfigUpdater(25838): Received malformed URL while handling Gservices.CHANGED_ACTION apn_db: null null
11-10 05:37:56.922: E/ConfigUpdater(25838): Received malformed URL while handling Gservices.CHANGED_ACTION tzdata: null null
11-10 05:37:56.925: E/ConfigUpdater(25838): Received malformed URL while handling Gservices.CHANGED_ACTION selinux: null null
11-10 05:37:56.928: E/ConfigUpdater(25838): Received malformed URL while handling Gservices.CHANGED_ACTION carrier_provisioning_urls: null null
11-10 05:37:56.931: W/DynamiteModule(4843): Local module descriptor class for providerinstaller not found.
11-10 05:37:56.931: I/DynamiteModule(4843): Considering local module providerinstaller:0 and remote module providerinstaller:0
11-10 05:37:56.931: W/ProviderInstaller(4843): Failed to load providerinstaller module: No acceptable module found. Local version is 0 and remote version is 0.
11-10 05:37:56.939: W/ModuleInitIntentOp(4843): Dropping unexpected action com.google.android.gms.phenotype.COMMITTED
11-10 05:37:56.942: I/MS_RegisterService(4843): Tachyon host: instantmessaging-pa.googleapis.com, Tachyon port: 443
11-10 05:37:56.958: W/DynamiteModule(4843): Local module descriptor class for providerinstaller not found.
11-10 05:37:56.959: I/GCoreUlr(4783): WorldUpdater:com.google.gservices.intent.action.GSERVICES_CHANGED: Ensuring that reporting is stopped because of reasons: (no Google accounts)
11-10 05:37:56.959: I/DynamiteModule(4843): Considering local module providerinstaller:0 and remote module providerinstaller:0
11-10 05:37:56.960: W/ProviderInstaller(4843): Failed to load providerinstaller module: No acceptable module found. Local version is 0 and remote version is 0.
11-10 05:37:56.980: I/Backup(4843): [GmsBackupStatusChangeReceiver] Going to enable gms backup transport.
11-10 05:37:56.984: I/MS_Utils(4843): version of com.google.android.apps.maps = 913012024
11-10 05:37:56.996: I/Herrevad(4783): [801] acas.a: updateListenState
11-10 05:37:56.996: I/NetRec(4783): [796] akrh.a: onConfigChanged()
11-10 05:37:56.990: I/GCoreUlr(4783): Successfully accounts update
11-10 05:37:56.998: I/GCoreUlr(4783): Unbound from all signal providers.
11-10 05:37:57.012: I/MS_RegisterService(4843): RegisterService intent:Intent { act=com.google.android.gms.matchstick.register_intent_action cat=[targeted_intent_op_prefix:com.google.android.libraries.matchstick.net.SilentRegisterIntentOperation] cmp=com.google.android.gms/.chimera.GmsIntentOperationService } isPeriodic:false
11-10 05:37:57.015: I/GservicesUpdateTask(22264): Updating Gservices keys
11-10 05:37:57.015: I/NetRec(4783): [796] akrh.a: Cancelling all NetRec GCM tasks
11-10 05:37:57.023: I/NetRec(4783): [796] ClearDatabaseService.onHandleIntent: Clearing score cache
11-10 05:37:57.048: I/GCoreUlr(4783): DispatchingService ignoring Intent { act=android.net.wifi.WIFI_STATE_CHANGED flg=0x4000010 (has extras) } because ULR inactive
11-10 05:37:57.051: I/GeofencerStateMachine(4783): sendQueryLocationOptIn
11-10 05:37:57.085: I/GmsModuleFndr(4843): Beginning GMS chimera module scan
11-10 05:37:57.087: I/GeofencerStateMachine(4783): sendQueryLocationOptIn
11-10 05:37:57.095: I/ModuleSetMgr(4843): Computing pending module set with APKs: {file:///data/app/com.google.android.gms-1/base.apk}
11-10 05:37:57.097: W/MS_RegisterService(4843): Not eligible for registration.
11-10 05:37:57.101: I/GeofencerStateMachine(4783): sendQueryLocationOptIn
11-10 05:37:57.119: I/GCoreUlr(4783): WorldUpdater received intent Intent { act=com.google.android.location.reporting.ACTION_UPDATE_WORLD cmp=com.google.android.gms/com.google.android.location.reporting.service.DispatchingService (has extras) } with receiverAction com.google.gservices.intent.action.GSERVICES_CHANGED
11-10 05:37:57.122: I/GeofencerStateMachine(4783): sendQueryLocationOptIn
