11-10 05:38:07.720: E/Nearby(26341): 	at aier.c(:com.google.android.gms@19420015@19.4.20 (040300-271418971):1)
11-10 05:38:07.720: E/Nearby(26341): 	at ailu.a(:com.google.android.gms@19420015@19.4.20 (040300-271418971):5)
11-10 05:38:07.720: E/Nearby(26341): 	at ailu.a(:com.google.android.gms@19420015@19.4.20 (040300-271418971):3)
11-10 05:38:07.720: E/Nearby(26341): 	at aili.run(:com.google.android.gms@19420015@19.4.20 (040300-271418971):9)
11-10 05:38:07.720: E/Nearby(26341): 	at buoa.handleMessage(:com.google.android.gms@19420015@19.4.20 (040300-271418971):13)
11-10 05:38:07.720: E/Nearby(26341): 	at android.os.Handler.dispatchMessage(Handler.java:102)
11-10 05:38:07.720: E/Nearby(26341): 	at aetx.a(:com.google.android.gms@19420015@19.4.20 (040300-271418971):3)
11-10 05:38:07.720: E/Nearby(26341): 	at aetx.dispatchMessage(:com.google.android.gms@19420015@19.4.20 (040300-271418971):4)
11-10 05:38:07.720: E/Nearby(26341): 	at android.os.Looper.loop(Looper.java:148)
11-10 05:38:07.720: E/Nearby(26341): 	at android.os.HandlerThread.run(HandlerThread.java:61)
11-10 05:38:07.725: I/NearbyDiscovery(26341): Show notifications: 0 total, no changes since last shown, no-op. [CONTEXT service_id=49 ]
11-10 05:38:07.734: I/Icing(26306): Usage reports ok 0, Failed Usage reports 0, indexed 0, rejected 0
11-10 05:38:07.737: D/wifi(888): Initialized common fields 10000, 25, 100, 10
11-10 05:38:07.737: D/wifi(888): bucket[0] = 2:3:10000:2
11-10 05:38:07.756: W/ChimeraUtils(26341): Non Chimera context
11-10 05:38:07.777: W/Nearby(26341): Bind call too late - someone already tried to get: interface buvb [CONTEXT service_id=49 ]
11-10 05:38:07.894: I/BeaconBle(26341): Using BLE 'L' hardware layer
11-10 05:38:07.944: I/Icing(26306): IndexChimeraService.getServiceInterface callingPackage=com.google.android.gms componentName=null serviceId=30
11-10 05:38:07.961: W/Icing(26306): No valid account for uploading user actions: admc: Not signed in
11-10 05:38:08.030: I/Icing(26306): Usage reports ok 0, Failed Usage reports 0, indexed 0, rejected 0
11-10 05:38:08.042: I/GCoreUlr(26341): WorldUpdater received intent Intent { act=com.google.android.location.reporting.ACTION_UPDATE_WORLD cmp=com.google.android.gms/com.google.android.location.reporting.service.DispatchingService (has extras) } with receiverAction com.google.android.location.internal.server.ACTION_RESTARTED
11-10 05:38:08.074: I/GCoreUlr(26341): WorldUpdater:com.google.android.location.internal.server.ACTION_RESTARTED: Ensuring that reporting is stopped because of reasons: (no Google accounts)
11-10 05:38:08.090: I/GCoreUlr(26341): Unbound from all signal providers.
11-10 05:38:08.090: I/GCoreUlr(26341): Successfully accounts update
11-10 05:38:08.116: I/GCoreUlr(26341): DispatchingService ignoring Intent { act=android.net.wifi.WIFI_STATE_CHANGED flg=0x4000010 (has extras) } because ULR inactive
11-10 05:38:08.120: I/GCoreUlr(26341): Unbound from all signal providers.
11-10 05:38:08.120: I/GCoreUlr(26341): Stopping handler for UlrDispSvcFast
11-10 05:38:08.121: I/GCoreUlr(26341): Successfully accounts update
11-10 05:38:08.128: I/NearbyDiscovery(26341): Show notifications: 0 total, no changes since last shown, no-op. [CONTEXT service_id=49 ]
11-10 05:38:08.169: I/NearbyDiscovery(26341): Show notifications: 0 total, no changes since last shown, no-op. [CONTEXT service_id=49 ]
11-10 05:38:08.181: I/NearbyDiscovery(26341): Show notifications: 0 total, no changes since last shown, no-op. [CONTEXT service_id=49 ]
11-10 05:38:08.365: D/AndroidRuntime(26474): >>>>>> START com.android.internal.os.RuntimeInit uid 2000 <<<<<<
11-10 05:38:08.369: D/AndroidRuntime(26474): CheckJNI is OFF
11-10 05:38:08.405: D/ICU(26474): No timezone override file found: /data/misc/zoneinfo/current/icu/icu_tzdata.dat
11-10 05:38:08.440: I/Radio-JNI(26474): register_android_hardware_Radio DONE
11-10 05:38:08.459: D/AndroidRuntime(26474): Calling main entry com.android.commands.am.Am
11-10 05:38:08.469: I/ActivityManager(888): START u0 {flg=0x10000000 cmp=com.google.android.apps.mtaas.backdrop/.BackdropActivity} from uid 2000 on display 0
11-10 05:38:08.512: I/ActivityManager(888): Start proc 26505:com.google.android.apps.mtaas.backdrop/u0a94 for activity com.google.android.apps.mtaas.backdrop/.BackdropActivity
11-10 05:38:08.582: W/System(26505): ClassLoader referenced unknown path: /data/app/com.google.android.apps.mtaas.backdrop-1/lib/arm
11-10 05:38:08.588: I/MultiDex(26505): VM with version 2.1.0 has multidex support
11-10 05:38:08.588: I/MultiDex(26505): install
11-10 05:38:08.588: I/MultiDex(26505): VM has multidex support, MultiDex support library is disabled.
11-10 05:38:08.608: D/WifiService(888): releaseWifiLockLocked: WifiLock{NlpWifiLock type=2 binder=android.os.BinderProxy@172368f}
11-10 05:38:08.613: I/BackdropActivity(26505): onCreate()
11-10 05:38:08.618: W/GCoreFlp(26341): No location to return for getLastLocation()
11-10 05:38:08.618: W/art(26505): Before Android 4.1, method android.graphics.PorterDuffColorFilter androidx.vectordrawable.graphics.drawable.VectorDrawableCompat.updateTintFilter(android.graphics.PorterDuffColorFilter, android.content.res.ColorStateList, android.graphics.PorterDuff$Mode) would have incorrectly overridden the package-private method in android.graphics.drawable.Drawable
11-10 05:38:08.626: I/Icing(26306): Query from package: com.google.android.gms, component: AppsCorpus, restrict package: com.google.android.gms, start: 0, num: 100 maxNumSlices: 2147483647
11-10 05:38:08.645: I/art(26505): Rejecting re-init on previously-failed class java.lang.Class<android.support.v4.view.ViewCompat$2>
11-10 05:38:08.645: I/art(26505): Rejecting re-init on previously-failed class java.lang.Class<android.support.v4.view.ViewCompat$2>
11-10 05:38:08.712: I/BackdropActivity(26505): android_id: 4107315516510784939
11-10 05:38:08.715: E/LocSvc_IzatApiV02(888): E/virtual int izat_core::IzatApiV02::injectLocation(GpsExtLocation):857]: error! inject position failed
11-10 05:38:08.715: I/BackdropActivity(26505): onResume()
11-10 05:38:08.729: D/OpenGLRenderer(26505): Use EGL_SWAP_BEHAVIOR_PRESERVED: true
11-10 05:38:08.735: D/NotificationSQLiteLog(888): Pruned event entries: 0
11-10 05:38:08.736: I/FTLNetworkMonitor(26505): NetworkMonitoringService was created
11-10 05:38:08.765: I/Adreno(26505): QUALCOMM build                   : 52af4d2, I8366cd0437
11-10 05:38:08.765: I/Adreno(26505): Build Date                       : 10/20/15
11-10 05:38:08.765: I/Adreno(26505): OpenGL ES Shader Compiler Version: XE031.05.13.02
11-10 05:38:08.765: I/Adreno(26505): Local Branch                     : M14
11-10 05:38:08.765: I/Adreno(26505): Remote Branch                    : 
11-10 05:38:08.765: I/Adreno(26505): Remote Branch                    : 
11-10 05:38:08.765: I/Adreno(26505): Reconstruct Branch               : 
11-10 05:38:08.770: I/OpenGLRenderer(26505): Initialized EGL, version 1.4
11-10 05:38:08.809: I/FTLNetworkMonitor(26505): Network Info: [type: WIFI[], state: CONNECTED/CONNECTED, reason: (unspecified), extra: "wl-ftl-mt39-1-5", roaming: false, failover: false, isAvailable: true]
11-10 05:38:08.810: I/FTLNetworkMonitor(26505): Network Info: [type: WIFI[], state: CONNECTED/CONNECTED, reason: (unspecified), extra: "wl-ftl-mt39-1-5", roaming: false, failover: false, isAvailable: true]
11-10 05:38:08.832: I/FontsSharedState(26306): Updating from directory version 0 to 16 from disk
11-10 05:38:08.832: I/FontsContentProvider(26306): Received query Google Sans, URI content://com.google.android.gms.fonts
11-10 05:38:08.835: I/FontsContentProvider(26306): Query [Google Sans] resolved to {Google Sans, wdth 100.0, wght 400, ital 0.0, bestEffort false}
11-10 05:38:08.840: I/FontsContentProvider(26306): Fetch {Google Sans, wdth 100.0, wght 400, ital 0.0, bestEffort false} end status Status{statusCode=SUCCESS, resolution=null}
11-10 05:38:08.846: I/FontsContentProvider(26306): Pulling font file for id = 1, cache size = 1
11-10 05:38:08.920: I/ActivityManager(888): Displayed com.google.android.apps.mtaas.backdrop/.BackdropActivity: +419ms
11-10 05:38:08.922: D/AndroidRuntime(26474): Shutting down VM
11-10 05:38:08.922: I/Keyboard.Facilitator(1668): onFinishInput()
11-10 05:38:09.186: E/GooglePlayServicesUtil(25809): The Google Play services resources were not found. Check your project configuration to ensure that the resources are included.
11-10 05:38:09.247: W/DynamiteModule(26306): Local module descriptor class for com.google.android.gms.googlecertificates not found.
11-10 05:38:09.251: I/DynamiteModule(26306): Considering local module com.google.android.gms.googlecertificates:0 and remote module com.google.android.gms.googlecertificates:4
11-10 05:38:09.251: I/DynamiteModule(26306): Selected remote version of com.google.android.gms.googlecertificates, version >= 4
11-10 05:38:09.258: W/System(26306): ClassLoader referenced unknown path: /data/data/com.google.android.gms/app_chimera/m/00000005/n/armeabi-v7a
11-10 05:38:09.258: W/System(26306): ClassLoader referenced unknown path: /data/data/com.google.android.gms/app_chimera/m/00000005/n/armeabi
11-10 05:38:09.317: I/TestSupport(26306): Activated: 1573286400000@1573393072353
11-10 05:38:09.317: I/TestSupport(26306): Boot time: 1573273547463
11-10 05:38:09.320: I/TestSupport(26306): Passing package and signature checks: com.google.android.gmscore.testing.testsupport
11-10 05:38:09.680: I/Icing(26306): Indexing com.google.android.gms-apps from com.google.android.gms
11-10 05:38:09.911: I/ActivityManager(888): Start proc 26552:com.android.vending/u0a24 for service com.android.vending/com.google.android.finsky.services.ContentSyncService
11-10 05:38:09.947: W/System(26552): ClassLoader referenced unknown path: /system/priv-app/Phonesky/lib/arm
11-10 05:38:09.990: W/Finsky(26552): [1] FinskyApp.getCurrentAccount: No account configured on this device.
11-10 05:38:10.030: D/Finsky(26552): [1] FinskyApp.onCreate: Initializing network with DFE https://android.clients.google.com/fdfe/
11-10 05:38:10.033: W/Finsky(26552): [1] FinskyApp.getCurrentAccount: No account configured on this device.
11-10 05:38:10.063: W/Finsky(26552): [1] FinskyApp.getCurrentAccount: No account configured on this device.
11-10 05:38:10.065: W/Finsky(26552): [1] FinskyApp.getCurrentAccount: No account configured on this device.
11-10 05:38:10.070: W/Finsky(26552): [1] FinskyApp.getCurrentAccount: No account configured on this device.
11-10 05:38:10.071: W/Finsky(26552): [1] FinskyApp.getCurrentAccount: No account configured on this device.
11-10 05:38:10.075: W/Finsky(26552): [1] FinskyApp.getCurrentAccount: No account configured on this device.
11-10 05:38:10.076: W/Finsky(26552): [1] FinskyApp.getCurrentAccount: No account configured on this device.
11-10 05:38:10.077: D/Finsky(26552): [1] DailyHygiene.goMakeHygieneIfDirty: Dirty, need more hygiene.
11-10 05:38:10.089: W/Settings(26552): Setting download_manager_max_bytes_over_mobile has moved from android.provider.Settings.Secure to android.provider.Settings.Global.
11-10 05:38:10.090: W/Settings(26552): Setting download_manager_recommended_max_bytes_over_mobile has moved from android.provider.Settings.Secure to android.provider.Settings.Global.
11-10 05:38:10.100: W/Finsky(26552): [1] FinskyApp.getCurrentAccount: No account configured on this device.
11-10 05:38:10.101: W/Finsky(26552): [1] FinskyApp.getCurrentAccount: No account configured on this device.
11-10 05:38:10.101: W/Finsky(26552): [1] FinskyApp.getDfeApi: No account configured on this device.
11-10 05:38:10.124: W/Finsky(26552): [1] FinskyApp.getCurrentAccount: No account configured on this device.
11-10 05:38:10.147: D/Ads(26552): Skipping gmscore version check
11-10 05:38:10.184: D/Finsky(26552): [1] GmsCoreHelper.cleanupNlp: result=false type=4
11-10 05:38:10.226: W/Finsky(26552): [1] FinskyApp.getCurrentAccount: No account configured on this device.
11-10 05:38:10.228: W/Finsky(26552): [1] FinskyApp.getCurrentAccount: No account configured on this device.
11-10 05:38:10.237: D/Finsky(26552): [1] RestoreTracker.stopServiceIfDone: Restore complete with 0 success and 0 failed.
11-10 05:38:10.534: D/Finsky(26552): [684] AppStatesReplicator.handleContentSyncResponse: Completed 0 account content syncs with 0 successful.
11-10 05:38:10.536: D/Finsky(26552): [1] ContentSyncService$5.onFinished: Installation state replication succeeded.
11-10 05:38:10.538: I/ActivityManager(888): Killing 25692:com.google.android.gm.exchange/u0a80 (adj 15): empty #17
11-10 05:38:11.020: D/AndroidRuntime(26590): >>>>>> START com.android.internal.os.RuntimeInit uid 2000 <<<<<<
11-10 05:38:11.025: D/AndroidRuntime(26590): CheckJNI is OFF
11-10 05:38:11.062: D/ICU(26590): No timezone override file found: /data/misc/zoneinfo/current/icu/icu_tzdata.dat
11-10 05:38:11.099: I/Radio-JNI(26590): register_android_hardware_Radio DONE
11-10 05:38:11.120: D/AndroidRuntime(26590): Calling main entry com.android.commands.pm.Pm
11-10 05:38:11.162: D/DefContainer(25569): Copying /data/local/tmp/com.example.concurrencyeval.apk to base.apk
11-10 05:38:11.415: I/Icing(26306): Indexing done com.google.android.gms-apps
11-10 05:38:11.711: I/PackageManager.DexOptimizer(888): Running dexopt (dex2oat) on: /data/app/vmdl1309952526.tmp/base.apk pkg=com.example.concurrencyeval isa=arm vmSafeMode=false debuggable=true oatDir = /data/app/vmdl1309952526.tmp/oat bootComplete=true
11-10 05:38:11.745: I/dex2oat(26600): /system/bin/dex2oat --debuggable
11-10 05:38:12.142: W/dex2oat(26600): Before Android 4.1, method int androidx.appcompat.widget.DropDownListView.lookForSelectablePosition(int, boolean) would have incorrectly overridden the package-private method in android.widget.ListView
11-10 05:38:12.229: W/dex2oat(26600): Before Android 4.1, method int androidx.appcompat.widget.MenuPopupWindow$MenuDropDownListView.lookForSelectablePosition(int, boolean) would have incorrectly overridden the package-private method in android.widget.ListView
11-10 05:38:12.270: W/dex2oat(26600): Before Android 4.1, method android.graphics.PorterDuffColorFilter androidx.vectordrawable.graphics.drawable.VectorDrawableCompat.updateTintFilter(android.graphics.PorterDuffColorFilter, android.content.res.ColorStateList, android.graphics.PorterDuff$Mode) would have incorrectly overridden the package-private method in android.graphics.drawable.Drawable
11-10 05:38:12.555: E/Backup(26341): [BackupTransportMigratorChimeraService] Could not migrate transport!
11-10 05:38:15.077: W/ActivityManager(888): Unable to start service Intent { flg=0x4 cmp=com.android.vending/com.google.android.finsky.services.DailyHygiene (has extras) } U=0: not found
11-10 05:38:16.055: I/dex2oat(26600): dex2oat took 4.309s (threads: 4) arena alloc=2041KB java alloc=5MB native alloc=31MB free=3MB
11-10 05:38:16.270: W/PackageManager(888): Unknown permission com.google.android.finsky.permission.BIND_GET_INSTALL_REFERRER_SERVICE in package com.example.concurrencyeval
11-10 05:38:16.407: D/VoldConnector(888): SND -> {17 volume remount_uid 10106 read}
11-10 05:38:16.409: D/vold(252): Remounting 10106 as mode read
11-10 05:38:16.422: D/VoldConnector(888): RCV <- {200 17 Command succeeded}
11-10 05:38:16.426: D/VoldConnector(888): SND -> {18 volume remount_uid 10106 write}
11-10 05:38:16.427: D/vold(252): Remounting 10106 as mode write
11-10 05:38:16.438: D/VoldConnector(888): RCV <- {200 18 Command succeeded}
11-10 05:38:16.493: W/Settings(888): Setting install_non_market_apps has moved from android.provider.Settings.Global to android.provider.Settings.Secure, returning read-only value.
11-10 05:38:16.497: I/art(888): Starting a blocking GC Explicit
11-10 05:38:16.616: I/art(888): Explicit concurrent mark sweep GC freed 159843(11MB) AllocSpace objects, 30(1720KB) LOS objects, 30% free, 36MB/52MB, paused 992us total 117.899ms
11-10 05:38:16.622: I/art(26590): System.exit called, status: 0
11-10 05:38:16.623: I/AndroidRuntime(26590): VM exiting with result code 0.
11-10 05:38:16.643: D/BuaReceiver(3269): ====== got intent:Intent { act=android.intent.action.PACKAGE_ADDED dat=package:com.example.concurrencyeval flg=0x4000010 cmp=com.motorola.android.buacontactadapter/.BuaReceiver (has extras) }
11-10 05:38:16.651: I/InputReader(888): Reconfiguring input devices.  changes=0x00000010
11-10 05:38:16.684: D/CarrierServiceBindHelper(1732): Receive action: android.intent.action.PACKAGE_ADDED
11-10 05:38:16.685: D/CarrierServiceBindHelper(1732): mHandler: 3
11-10 05:38:16.685: D/CarrierConfigLoader(1732): mHandler: 9 phoneId: 0
11-10 05:38:16.717: D/Finsky(26552): [1] ExternalReferrer.access$200: Package state data is missing for com.example.concurrencyeval
11-10 05:38:16.732: I/UpdateIcingCorporaServi(22264): Updating corpora: APPS=com.example.concurrencyeval, CONTACTS=MAYBE
11-10 05:38:16.843: I/Icing(26306): IndexChimeraService.getServiceInterface callingPackage=com.google.android.googlequicksearchbox componentName=null serviceId=36
11-10 05:38:16.852: W/Icing(26306): No valid account for uploading user actions: admc: Not signed in
11-10 05:38:16.855: W/SearchableInfo(888): Invalid searchable metadata for com.google.android.gms/.nearby.sharing.ContactSelectActivity: Search label must be a resource reference.
11-10 05:38:16.954: W/GCM(26341): Unexpected forwarded intent: Intent { act=android.intent.action.PACKAGE_ADDED dat=package:com.example.concurrencyeval flg=0x4000010 cmp=com.google.android.gms/.chimera.PersistentIntentOperationService (has extras) }
11-10 05:38:16.963: W/GCM(26341): Unexpected forwarded intent: Intent { act=android.intent.action.PACKAGE_ADDED dat=package:com.example.concurrencyeval flg=0x4000010 cmp=com.google.android.gms/.chimera.PersistentIntentOperationService (has extras) }
11-10 05:38:16.973: E/GmsRequestQueue(26306): Tried to stop global GMSCore RequestQueue. This is likely unintended, so ignoring.
11-10 05:38:17.005: I/Auth(26306): [SupervisedAccountIntentOperation] onHandleIntent(): android.intent.action.PACKAGE_ADDED
11-10 05:38:17.048: I/ChromeSync(26306): [Sync,SyncIntentOperation] Handling the intent: Intent { act=android.intent.action.PACKAGE_ADDED dat=package:com.example.concurrencyeval flg=0x4000010 cmp=com.google.android.gms/.chimera.GmsIntentOperationService (has extras) }.
11-10 05:38:17.058: I/Icing(26306): Usage reports ok 1, Failed Usage reports 0, indexed 0, rejected 0
11-10 05:38:17.079: I/ChromeSync(26306): [Persistence,AffiliationManager] One of affiliation or grouping data for android://h-kK8E35ZUoXnEABRDU2PIK_dYIQ_cD2NTSNE-ZAdUe9It3dWUum3l0e1Q9sqTgSy4gfkyNHcRjP1KM7ie96WQ==@com.example.concurrencyeval/ was not found. Marking affiliation data as stale...
11-10 05:38:17.155: I/ChromeSync(26306): [Persistence,AffiliationManager] Failed to get password domain for package: com.vzw.apnservice
11-10 05:38:17.215: I/ChromeSync(26306): [Persistence,AffiliationManager] Fetching affiliations from the server.
11-10 05:38:17.254: I/UpdateIcingCorporaServi(22264): UpdateCorporaTask done [took 522 ms] updated apps [took 522 ms] 
11-10 05:38:17.268: I/FA-SVC(26306): App measurement is starting up, version: 19420
11-10 05:38:17.297: I/GmscoreIpa(26306): Using regular flags by method 2
11-10 05:38:17.314: D/AndroidRuntime(26610): >>>>>> START com.android.internal.os.RuntimeInit uid 2000 <<<<<<
11-10 05:38:17.318: D/AndroidRuntime(26610): CheckJNI is OFF
11-10 05:38:17.357: D/ICU(26610): No timezone override file found: /data/misc/zoneinfo/current/icu/icu_tzdata.dat
11-10 05:38:17.394: W/Conscrypt(26306): Could not set socket write timeout: java.net.SocketException: Socket closed
11-10 05:38:17.394: W/Conscrypt(26306): 	at com.google.android.gms.org.conscrypt.Platform.setSocketWriteTimeout(:com.google.android.gms@19420015@19.4.20 (040300-271418971):2)
11-10 05:38:17.394: W/Conscrypt(26306): 	at com.google.android.gms.org.conscrypt.ConscryptFileDescriptorSocket.setSoWriteTimeout(:com.google.android.gms@19420015@19.4.20 (040300-271418971):2)
11-10 05:38:17.394: I/Radio-JNI(26610): register_android_hardware_Radio DONE
11-10 05:38:17.402: W/Conscrypt(26306): Could not set socket write timeout: java.net.SocketException: Socket closed
11-10 05:38:17.402: W/Conscrypt(26306): 	at com.google.android.gms.org.conscrypt.Platform.setSocketWriteTimeout(:com.google.android.gms@19420015@19.4.20 (040300-271418971):2)
11-10 05:38:17.402: W/Conscrypt(26306): 	at com.google.android.gms.org.conscrypt.ConscryptFileDescriptorSocket.setSoWriteTimeout(:com.google.android.gms@19420015@19.4.20 (040300-271418971):2)
11-10 05:38:17.414: D/AndroidRuntime(26610): Calling main entry com.android.commands.pm.Pm
11-10 05:38:17.423: D/DefContainer(25569): Copying /data/local/tmp/com.example.concurrencyeval.test.apk to base.apk
11-10 05:38:17.481: I/PackageManager.DexOptimizer(888): Running dexopt (dex2oat) on: /data/app/vmdl1840856185.tmp/base.apk pkg=com.example.concurrencyeval.test isa=arm vmSafeMode=false debuggable=true oatDir = /data/app/vmdl1840856185.tmp/oat bootComplete=true
11-10 05:38:17.512: I/dex2oat(26652): /system/bin/dex2oat --debuggable
11-10 05:38:17.538: I/Funnel(26341): Init: funnel is disabled, skipping initialization.
11-10 05:38:18.239: I/Icing(26306): Indexing com.google.android.googlequicksearchbox-applications_uri from com.google.android.googlequicksearchbox
11-10 05:38:18.398: I/dex2oat(26652): dex2oat took 887.855ms (threads: 4) arena alloc=82KB java alloc=1152KB native alloc=6MB free=1959KB
11-10 05:38:18.654: W/Settings(888): Setting install_non_market_apps has moved from android.provider.Settings.Global to android.provider.Settings.Secure, returning read-only value.
11-10 05:38:18.655: I/art(888): Starting a blocking GC Explicit
11-10 05:38:18.674: I/Icing(26306): Indexing done com.google.android.googlequicksearchbox-applications_uri
11-10 05:38:18.689: I/Icing(26306): Indexing com.google.android.gms-apps from com.google.android.gms
11-10 05:38:18.715: I/art(888): Explicit concurrent mark sweep GC freed 73776(5MB) AllocSpace objects, 8(160KB) LOS objects, 30% free, 35MB/51MB, paused 935us total 57.652ms
11-10 05:38:18.721: I/art(26610): System.exit called, status: 0
11-10 05:38:18.721: I/AndroidRuntime(26610): VM exiting with result code 0.
11-10 05:38:18.729: D/BuaReceiver(3269): ====== got intent:Intent { act=android.intent.action.PACKAGE_ADDED dat=package:com.example.concurrencyeval.test flg=0x4000010 cmp=com.motorola.android.buacontactadapter/.BuaReceiver (has extras) }
11-10 05:38:18.730: I/InputReader(888): Reconfiguring input devices.  changes=0x00000010
11-10 05:38:18.763: I/Icing(26306): Indexing done com.google.android.gms-apps
11-10 05:38:18.766: D/CarrierServiceBindHelper(1732): Receive action: android.intent.action.PACKAGE_ADDED
11-10 05:38:18.767: D/CarrierServiceBindHelper(1732): mHandler: 3
11-10 05:38:18.767: D/CarrierConfigLoader(1732): mHandler: 9 phoneId: 0
11-10 05:38:18.776: I/Icing(26306): Indexing com.google.android.gms-internal.3p:MobileApplication from com.google.android.gms
11-10 05:38:18.802: D/Finsky(26552): [1] ExternalReferrer.access$200: Package state data is missing for com.example.concurrencyeval.test
11-10 05:38:18.827: I/UpdateIcingCorporaServi(22264): Updating corpora: APPS=com.example.concurrencyeval.test, CONTACTS=MAYBE
11-10 05:38:18.874: W/GCM(26341): Unexpected forwarded intent: Intent { act=android.intent.action.PACKAGE_ADDED dat=package:com.example.concurrencyeval.test flg=0x4000010 cmp=com.google.android.gms/.chimera.PersistentIntentOperationService (has extras) }
11-10 05:38:18.876: W/GCM(26341): Unexpected forwarded intent: Intent { act=android.intent.action.PACKAGE_ADDED dat=package:com.example.concurrencyeval.test flg=0x4000010 cmp=com.google.android.gms/.chimera.PersistentIntentOperationService (has extras) }
11-10 05:38:18.888: I/UpdateIcingCorporaServi(22264): UpdateCorporaTask done [took 62 ms] updated apps [took 62 ms] 
11-10 05:38:18.892: I/Auth(26306): [SupervisedAccountIntentOperation] onHandleIntent(): android.intent.action.PACKAGE_ADDED
11-10 05:38:18.892: I/ChromeSync(26306): [Sync,SyncIntentOperation] Handling the intent: Intent { act=android.intent.action.PACKAGE_ADDED dat=package:com.example.concurrencyeval.test flg=0x4000010 cmp=com.google.android.gms/.chimera.GmsIntentOperationService (has extras) }.
11-10 05:38:18.893: I/ChromeSync(26306): [Persistence,AffiliationManager] One of affiliation or grouping data for android://h-kK8E35ZUoXnEABRDU2PIK_dYIQ_cD2NTSNE-ZAdUe9It3dWUum3l0e1Q9sqTgSy4gfkyNHcRjP1KM7ie96WQ==@com.example.concurrencyeval.test/ was not found. Marking affiliation data as stale...
11-10 05:38:18.901: W/SearchableInfo(888): Invalid searchable metadata for com.google.android.gms/.nearby.sharing.ContactSelectActivity: Search label must be a resource reference.
11-10 05:38:18.904: I/Icing(26306): Indexing done com.google.android.gms-internal.3p:MobileApplication
11-10 05:38:18.918: I/FontsPackageChangeOp(26306): Package com.example.concurrencyeval.test has no metadata
11-10 05:38:18.965: I/ChromeSync(26306): [Persistence,AffiliationManager] Failed to get password domain for package: com.vzw.apnservice
11-10 05:38:19.006: I/ChromeSync(26306): [Persistence,AffiliationManager] Fetching affiliations from the server.
11-10 05:38:19.288: D/AndroidRuntime(26661): >>>>>> START com.android.internal.os.RuntimeInit uid 2000 <<<<<<
11-10 05:38:19.293: D/AndroidRuntime(26661): CheckJNI is OFF
11-10 05:38:19.336: D/ICU(26661): No timezone override file found: /data/misc/zoneinfo/current/icu/icu_tzdata.dat
11-10 05:38:19.380: I/Radio-JNI(26661): register_android_hardware_Radio DONE
11-10 05:38:19.402: D/AndroidRuntime(26661): Calling main entry com.android.commands.settings.SettingsCmd
11-10 05:38:19.409: D/AndroidRuntime(26661): Shutting down VM
11-10 05:38:19.956: I/Icing(26306): Indexing com.google.android.gms-apps from com.google.android.gms
11-10 05:38:19.970: I/Icing(26306): Indexing done com.google.android.gms-apps
11-10 05:38:20.355: D/AndroidRuntime(26680): >>>>>> START com.android.internal.os.RuntimeInit uid 2000 <<<<<<
11-10 05:38:20.360: D/AndroidRuntime(26680): CheckJNI is OFF
11-10 05:38:20.402: D/ICU(26680): No timezone override file found: /data/misc/zoneinfo/current/icu/icu_tzdata.dat
11-10 05:38:20.460: I/Radio-JNI(26680): register_android_hardware_Radio DONE
11-10 05:38:20.482: D/AndroidRuntime(26680): Calling main entry com.android.commands.appops.AppOpsCommand
11-10 05:38:20.488: D/AndroidRuntime(26680): Shutting down VM
11-10 05:38:21.322: D/WifiStateMachine(888): starting scan for "wl-ftl-mt39-1-5"WPA_PSK with 5500,5825,5200
11-10 05:38:21.442: D/AndroidRuntime(26692): >>>>>> START com.android.internal.os.RuntimeInit uid 2000 <<<<<<
11-10 05:38:21.447: D/AndroidRuntime(26692): CheckJNI is OFF
11-10 05:38:21.490: D/ICU(26692): No timezone override file found: /data/misc/zoneinfo/current/icu/icu_tzdata.dat
11-10 05:38:21.539: I/Radio-JNI(26692): register_android_hardware_Radio DONE
11-10 05:38:21.561: D/AndroidRuntime(26692): Calling main entry com.android.commands.appops.AppOpsCommand
11-10 05:38:21.565: D/AndroidRuntime(26692): Shutting down VM
11-10 05:38:22.558: D/AndroidRuntime(26704): >>>>>> START com.android.internal.os.RuntimeInit uid 2000 <<<<<<
11-10 05:38:22.564: D/AndroidRuntime(26704): CheckJNI is OFF
11-10 05:38:22.607: D/ICU(26704): No timezone override file found: /data/misc/zoneinfo/current/icu/icu_tzdata.dat
11-10 05:38:22.658: I/Radio-JNI(26704): register_android_hardware_Radio DONE
11-10 05:38:22.680: D/AndroidRuntime(26704): Calling main entry com.android.commands.am.Am
11-10 05:38:22.694: I/ActivityManager(888): Force stopping com.google.android.apps.mtaas.tools appid=10092 user=0: start instr
11-10 05:38:22.740: I/ActivityManager(888): Start proc 26712:com.google.android.apps.mtaas.tools/u0a92 for added application com.google.android.apps.mtaas.tools
11-10 05:38:22.817: W/System(26712): ClassLoader referenced unknown path: /data/app/com.google.android.apps.mtaas.tools-1/lib/arm
11-10 05:38:22.817: W/System(26712): ClassLoader referenced unknown path: /data/app/com.google.android.apps.mtaas.tools-1/lib/arm
11-10 05:38:22.871: D/DumpPackageStats(26712): Instrumentation completed successfully
11-10 05:38:22.876: D/AndroidRuntime(26704): Shutting down VM
11-10 05:38:23.126: I/ActivityManager(888): Force stopping com.google.android.apps.mtaas.tools appid=10092 user=0: finished inst
11-10 05:38:23.126: I/ActivityManager(888): Killing 26712:com.google.android.apps.mtaas.tools/u0a92 (adj 0): stop com.google.android.apps.mtaas.tools
11-10 05:38:23.127: W/ActivityManager(888): Error shutting down UiAutomationConnection
11-10 05:38:23.189: W/ActivityManager(888): Spurious death for ProcessRecord{101dc7c 0:com.google.android.apps.mtaas.tools/u0a92}, curProc for 26712: null
11-10 05:38:23.735: D/AndroidRuntime(26729): >>>>>> START com.android.internal.os.RuntimeInit uid 2000 <<<<<<
11-10 05:38:23.740: D/AndroidRuntime(26729): CheckJNI is OFF
11-10 05:38:23.787: D/ICU(26729): No timezone override file found: /data/misc/zoneinfo/current/icu/icu_tzdata.dat
11-10 05:38:23.834: I/Radio-JNI(26729): register_android_hardware_Radio DONE
11-10 05:38:23.856: D/AndroidRuntime(26729): Calling main entry com.android.commands.am.Am
11-10 05:38:23.863: I/ActivityManager(888): Force stopping com.google.android.apps.mtaas.tools appid=10092 user=0: start instr
11-10 05:38:23.888: I/ActivityManager(888): Start proc 26737:com.google.android.apps.mtaas.tools/u0a92 for added application com.google.android.apps.mtaas.tools
11-10 05:38:24.003: W/System(26737): ClassLoader referenced unknown path: /data/app/com.google.android.apps.mtaas.tools-1/lib/arm
11-10 05:38:24.003: W/System(26737): ClassLoader referenced unknown path: /data/app/com.google.android.apps.mtaas.tools-1/lib/arm
11-10 05:38:24.064: D/DumpStaticPerfEnv(26737): Instrumentation completed successfully
11-10 05:38:24.068: D/AndroidRuntime(26729): Shutting down VM
11-10 05:38:24.339: I/ActivityManager(888): Force stopping com.google.android.apps.mtaas.tools appid=10092 user=0: finished inst
11-10 05:38:24.339: I/ActivityManager(888): Killing 26737:com.google.android.apps.mtaas.tools/u0a92 (adj 0): stop com.google.android.apps.mtaas.tools
11-10 05:38:24.420: W/ActivityManager(888): Spurious death for ProcessRecord{2e0d905 0:com.google.android.apps.mtaas.tools/u0a92}, curProc for 26737: null
11-10 05:38:24.421: W/ActivityManager(888): Error shutting down UiAutomationConnection
11-10 05:38:25.012: D/AndroidRuntime(26754): >>>>>> START com.android.internal.os.RuntimeInit uid 2000 <<<<<<
11-10 05:38:25.017: D/AndroidRuntime(26754): CheckJNI is OFF
11-10 05:38:25.057: D/ICU(26754): No timezone override file found: /data/misc/zoneinfo/current/icu/icu_tzdata.dat
11-10 05:38:25.129: I/Radio-JNI(26754): register_android_hardware_Radio DONE
11-10 05:38:25.155: D/AndroidRuntime(26754): Calling main entry com.android.commands.am.Am
11-10 05:38:25.161: I/ActivityManager(888): Force stopping com.google.android.apps.mtaas.tools appid=10092 user=0: start instr
11-10 05:38:25.203: I/ActivityManager(888): Start proc 26762:com.google.android.apps.mtaas.tools/u0a92 for added application com.google.android.apps.mtaas.tools
11-10 05:38:25.269: W/System(26762): ClassLoader referenced unknown path: /data/app/com.google.android.apps.mtaas.tools-1/lib/arm
11-10 05:38:25.269: W/System(26762): ClassLoader referenced unknown path: /data/app/com.google.android.apps.mtaas.tools-1/lib/arm
11-10 05:38:25.286: D/GetPackageUid(26762): Instrumentation completed successfully
11-10 05:38:25.291: D/AndroidRuntime(26754): Shutting down VM
11-10 05:38:25.291: I/ActivityManager(888): Force stopping com.google.android.apps.mtaas.tools appid=10092 user=0: finished inst
11-10 05:38:25.292: I/ActivityManager(888): Killing 26762:com.google.android.apps.mtaas.tools/u0a92 (adj 0): stop com.google.android.apps.mtaas.tools
11-10 05:38:25.371: W/ActivityManager(888): Spurious death for ProcessRecord{aba1d5a 0:com.google.android.apps.mtaas.tools/u0a92}, curProc for 26762: null
11-10 05:38:31.664: I/OMXClient(26863): Using client-side OMX mux.
11-10 05:38:31.809: E/OMX-VENC(376): Setting session priority failed
11-10 05:38:31.810: I/OMX-VENC(376): Component_init : OMX.qcom.video.encoder.avc : return = 0x0
11-10 05:38:31.819: E/OMX-VENC(376): set_parameter: metamode is valid for input port only
11-10 05:38:31.819: W/OMXNodeInstance(376): [23:qcom.encoder.avc] component does not support metadata mode; using fallback
11-10 05:38:31.820: E/ACodec(26863): [OMX.qcom.video.encoder.avc] storeMetaDataInBuffers (output) failed w/ err -1010
11-10 05:38:31.824: W/ACodec(26863): do not know color format 0x7fa30c04 = 2141391876
11-10 05:38:31.824: W/ACodec(26863): do not know color format 0x7f000789 = 2130708361
11-10 05:38:31.835: I/ACodec(26863): setupVideoEncoder succeeded
11-10 05:38:31.836: W/ACodec(26863): do not know color format 0x7f000789 = 2130708361
11-10 05:38:31.840: E/OMXNodeInstance(376): getParameter(23:qcom.encoder.avc, ParamConsumerUsageBits(0x6f800004)) ERROR: UnsupportedIndex(0x8000101a)
11-10 05:38:31.914: D/PermissionCache(279): checking android.permission.ACCESS_SURFACE_FLINGER for uid=2000 => granted (8991 us)
11-10 05:38:31.929: I/videocat(26863): Encoding 720x1280 video/avc at 2097152 bits per second
11-10 05:38:32.729: D/AndroidRuntime(26896): >>>>>> START com.android.internal.os.RuntimeInit uid 2000 <<<<<<
11-10 05:38:32.733: D/AndroidRuntime(26896): CheckJNI is OFF
11-10 05:38:32.775: D/ICU(26896): No timezone override file found: /data/misc/zoneinfo/current/icu/icu_tzdata.dat
11-10 05:38:32.824: I/Radio-JNI(26896): register_android_hardware_Radio DONE
11-10 05:38:32.845: D/AndroidRuntime(26896): Calling main entry com.android.commands.am.Am
11-10 05:38:32.850: I/ActivityManager(888): Force stopping com.example.concurrencyeval appid=10106 user=0: start instr
11-10 05:38:32.865: I/art(26916): Late-enabling -Xcheck:jni
11-10 05:38:32.870: I/ActivityManager(888): Start proc 26916:com.example.concurrencyeval/u0a106 for added application com.example.concurrencyeval
11-10 05:38:32.935: I/ActivityManager(888): Killing 25838:com.google.android.configupdater/u0a7 (adj 15): empty #17
11-10 05:38:32.939: W/System(26916): ClassLoader referenced unknown path: /data/app/com.example.concurrencyeval.test-1/lib/arm
11-10 05:38:32.940: W/System(26916): ClassLoader referenced unknown path: /data/app/com.example.concurrencyeval-1/lib/arm
11-10 05:38:33.017: I/FirebaseInitProvider(26916): FirebaseApp initialization successful
11-10 05:38:33.037: I/MonitoringInstr(26916): Instrumentation started!
11-10 05:38:33.045: I/MonitoringInstr(26916): Setting context classloader to 'dalvik.system.PathClassLoader[DexPathList[[zip file "/system/framework/android.test.runner.jar", zip file "/data/app/com.example.concurrencyeval.test-1/base.apk", zip file "/data/app/com.example.concurrencyeval-1/base.apk"],nativeLibraryDirectories=[/data/app/com.example.concurrencyeval.test-1/lib/arm, /data/app/com.example.concurrencyeval-1/lib/arm, /vendor/lib, /system/lib]]]', Original: 'dalvik.system.PathClassLoader[DexPathList[[zip file "/system/framework/android.test.runner.jar", zip file "/data/app/com.example.concurrencyeval.test-1/base.apk", zip file "/data/app/com.example.concurrencyeval-1/base.apk"],nativeLibraryDirectories=[/data/app/com.example.concurrencyeval.test-1/lib/arm, /data/app/com.example.concurrencyeval-1/lib/arm, /vendor/lib, /system/lib]]]'
11-10 05:38:33.048: I/MonitoringInstr(26916): No JSBridge.
11-10 05:38:33.049: I/MonitoringInstr(26916): Setting context classloader to 'dalvik.system.PathClassLoader[DexPathList[[zip file "/system/framework/android.test.runner.jar", zip file "/data/app/com.example.concurrencyeval.test-1/base.apk", zip file "/data/app/com.example.concurrencyeval-1/base.apk"],nativeLibraryDirectories=[/data/app/com.example.concurrencyeval.test-1/lib/arm, /data/app/com.example.concurrencyeval-1/lib/arm, /vendor/lib, /system/lib]]]', Original: 'dalvik.system.PathClassLoader[DexPathList[[zip file "/system/framework/android.test.runner.jar", zip file "/data/app/com.example.concurrencyeval.test-1/base.apk", zip file "/data/app/com.example.concurrencyeval-1/base.apk"],nativeLibraryDirectories=[/data/app/com.example.concurrencyeval.test-1/lib/arm, /data/app/com.example.concurrencyeval-1/lib/arm, /vendor/lib, /system/lib]]]'
11-10 05:38:33.060: I/UsageTrackerFacilitator(26916): Usage tracking enabled
11-10 05:38:33.068: I/FA(26916): App measurement is starting up, version: 18202
11-10 05:38:33.068: I/FA(26916): To enable debug logging run: adb shell setprop log.tag.FA VERBOSE
11-10 05:38:33.069: I/FA(26916): Faster debug mode event logging enabled. To disable, run:
11-10 05:38:33.069: I/FA(26916):   adb shell setprop debug.firebase.analytics.app .none.
11-10 05:38:33.079: D/TestExecutor(26916): Adding listener androidx.test.internal.runner.listener.LogRunListener
11-10 05:38:33.079: D/TestExecutor(26916): Adding listener androidx.test.internal.runner.listener.InstrumentationResultPrinter
11-10 05:38:33.079: D/TestExecutor(26916): Adding listener androidx.test.internal.runner.listener.ActivityFinisherRunListener
11-10 05:38:33.089: I/TestRunner(26916): run started: 1 tests
11-10 05:38:33.099: I/TestRunner(26916): started: runTest(com.example.concurrencyeval.FinalSumTest)
11-10 05:38:33.101: I/MonitoringInstr(26916): Activities that are still in CREATED to STOPPED: 0
11-10 05:38:33.108: I/ActivityManager(888): START u0 {flg=0x14000000 cmp=com.example.concurrencyeval/.activities.ConcSumActivity (has extras)} from uid 10106 on display 0
11-10 05:38:33.173: I/ActivityManager(888): Killing 25809:com.google.android.gmscore.testing.testsupport/u0a105 (adj 15): empty #17
11-10 05:38:33.232: I/art(888): Background partial concurrent mark sweep GC freed 32710(2MB) AllocSpace objects, 7(140KB) LOS objects, 30% free, 35MB/51MB, paused 1.168ms total 102.882ms
11-10 05:38:33.234: D/NetlinkSocketObserver(888): NeighborEvent{elapsedMs=119565771, 10.10.162.1, [0010DBFF1003], RTM_NEWNEIGH, NUD_STALE}
11-10 05:38:33.235: D/LifecycleMonitor(26916): Lifecycle status change: com.example.concurrencyeval.activities.ConcSumActivity@addb869 in: PRE_ON_CREATE
11-10 05:38:33.238: W/SurfaceFlinger(279): couldn't log to binary event log: overflow.
11-10 05:38:33.258: W/art(26916): Before Android 4.1, method android.graphics.PorterDuffColorFilter androidx.vectordrawable.graphics.drawable.VectorDrawableCompat.updateTintFilter(android.graphics.PorterDuffColorFilter, android.content.res.ColorStateList, android.graphics.PorterDuff$Mode) would have incorrectly overridden the package-private method in android.graphics.drawable.Drawable
11-10 05:38:33.299: I/art(26916): Rejecting re-init on previously-failed class java.lang.Class<androidx.core.view.ViewCompat$2>
11-10 05:38:33.300: I/art(26916): Rejecting re-init on previously-failed class java.lang.Class<androidx.core.view.ViewCompat$2>
11-10 05:38:33.379: D/LifecycleMonitor(26916): Lifecycle status change: com.example.concurrencyeval.activities.ConcSumActivity@addb869 in: CREATED
11-10 05:38:33.380: D/LifecycleMonitor(26916): Lifecycle status change: com.example.concurrencyeval.activities.ConcSumActivity@addb869 in: STARTED
11-10 05:38:33.381: D/LifecycleMonitor(26916): Lifecycle status change: com.example.concurrencyeval.activities.ConcSumActivity@addb869 in: RESUMED
11-10 05:38:33.386: D/OpenGLRenderer(26916): Use EGL_SWAP_BEHAVIOR_PRESERVED: true
11-10 05:38:33.445: I/Adreno(26916): QUALCOMM build                   : 52af4d2, I8366cd0437
11-10 05:38:33.445: I/Adreno(26916): Build Date                       : 10/20/15
11-10 05:38:33.445: I/Adreno(26916): OpenGL ES Shader Compiler Version: XE031.05.13.02
11-10 05:38:33.445: I/Adreno(26916): Local Branch                     : M14
11-10 05:38:33.445: I/Adreno(26916): Remote Branch                    : 
11-10 05:38:33.445: I/Adreno(26916): Remote Branch                    : 
11-10 05:38:33.445: I/Adreno(26916): Reconstruct Branch               : 
11-10 05:38:33.451: I/OpenGLRenderer(26916): Initialized EGL, version 1.4
11-10 05:38:33.621: I/ActivityManager(888): Displayed com.example.concurrencyeval/.activities.ConcSumActivity: +464ms
11-10 05:38:33.659: D/EventInjectionStrategy(26916): Creating injection strategy with input manager.
11-10 05:38:33.692: I/ViewInteraction(26916): Performing 'replace text()' action on view with id: com.example.concurrencyeval:id/cs_et_numbers
11-10 05:38:33.708: I/ViewInteraction(26916): Performing 'type text(262144)' action on view with id: com.example.concurrencyeval:id/cs_et_numbers
11-10 05:38:33.770: W/RichInputMethodSubtype(1668): Can't find emoji subtype
11-10 05:38:33.770: W/RichInputMethodSubtype(1668): No input method subtype found; returning dummy subtype: Multi-lingual subtype: android.view.inputmethod.InputMethodSubtype@d78b2ed0, zz
11-10 05:38:33.917: W/ViewPager(1668): Requested offscreen page limit 0 too small; defaulting to 1
11-10 05:38:33.920: I/Keyboard.Facilitator(1668): onStartInput()
11-10 05:38:33.926: I/LatinIME(1668): Starting input. Cursor position = -1,-1
11-10 05:38:33.928: I/Keyboard.Facilitator(1668): resetDictionaries() : pt_BR
11-10 05:38:33.929: E/RichInputConnection(1668): Unable to connect to the editor to retrieve text.
11-10 05:38:33.929: D/RichInputConnection(1668): Will try to retrieve text later.
11-10 05:38:33.929: I/InputAttributes(1668): InputType.TYPE_NULL is specified
11-10 05:38:33.929: I/Keyboard.Facilitator.DecoderInitializer(1668): run()
11-10 05:38:33.931: I/Keyboard.Facilitator(1668): resetDictionaries() : pt_BR
11-10 05:38:33.931: I/Decoder(1668): createOrResetDecoder
11-10 05:38:33.937: I/StatsUtilsManager(1668): onLoadSettings()
11-10 05:38:33.937: I/Keyboard.Facilitator.DecoderInitializer(1668): run()
11-10 05:38:33.937: I/Decoder(1668): createOrResetDecoder
11-10 05:38:33.943: D/Finsky(26552): [684] AppStatesReplicator.handleContentSyncResponse: Completed 0 account content syncs with 0 successful.
11-10 05:38:33.944: D/Finsky(26552): [1] ContentSyncService$5.onFinished: Installation state replication succeeded.
11-10 05:38:33.969: D/UiControllerImpl(26916): Injecting string: "262144"
11-10 05:38:33.975: D/OpenGLRenderer(1668): Use EGL_SWAP_BEHAVIOR_PRESERVED: true
11-10 05:38:33.983: I/Keyboard.Facilitator(1668): onFinishInput()
11-10 05:38:33.983: I/Keyboard.Facilitator(1668): onStartInput()
11-10 05:38:33.987: I/LatinIME(1668): Starting input. Cursor position = 0,0
11-10 05:38:34.010: W/IInputConnectionWrapper(26916): getTextBeforeCursor on inactive InputConnection
11-10 05:38:34.011: W/IInputConnectionWrapper(26916): getSelectedText on inactive InputConnection
11-10 05:38:34.013: W/IInputConnectionWrapper(26916): requestCursorAnchorInfo on inactive InputConnection
11-10 05:38:34.013: W/IInputConnectionWrapper(26916): getTextBeforeCursor on inactive InputConnection
11-10 05:38:34.014: E/RichInputConnection(1668): Unable to connect to the editor to retrieve text.
11-10 05:38:34.014: D/RichInputConnection(1668): Will try to retrieve text later.
11-10 05:38:34.016: I/Keyboard.Facilitator(1668): resetDictionaries() : pt_BR
11-10 05:38:34.017: I/StatsUtilsManager(1668): onLoadSettings()
11-10 05:38:34.018: I/Keyboard.Facilitator.DecoderInitializer(1668): run()
11-10 05:38:34.018: I/Decoder(1668): createOrResetDecoder
11-10 05:38:34.032: D/EmojiAltPhysicalKeyDetector(1668): onKeyUp() : KeyEvent { action=ACTION_UP, keyCode=KEYCODE_2, scanCode=0, metaState=0, flags=0x8, repeatCount=0, eventTime=119566548, downTime=119566507, deviceId=-1, source=0x101 }
11-10 05:38:34.032: D/EmojiAltPhysicalKeyDetector(1668): onKeyUp() : Not Mapped: 9
11-10 05:38:34.034: I/Keyboard.Facilitator(1668): onStartInput()
11-10 05:38:34.038: I/LatinIME(1668): Starting input. Cursor position = 0,0
11-10 05:38:34.079: I/Adreno(1668): QUALCOMM build                   : 52af4d2, I8366cd0437
11-10 05:38:34.079: I/Adreno(1668): Build Date                       : 10/20/15
11-10 05:38:34.079: I/Adreno(1668): OpenGL ES Shader Compiler Version: XE031.05.13.02
11-10 05:38:34.079: I/Adreno(1668): Local Branch                     : M14
11-10 05:38:34.079: I/Adreno(1668): Remote Branch                    : 
11-10 05:38:34.079: I/Adreno(1668): Remote Branch                    : 
11-10 05:38:34.079: I/Adreno(1668): Reconstruct Branch               : 
11-10 05:38:34.089: I/OpenGLRenderer(1668): Initialized EGL, version 1.4
11-10 05:38:34.130: D/EmojiAltPhysicalKeyDetector(1668): onKeyUp() : KeyEvent { action=ACTION_UP, keyCode=KEYCODE_6, scanCode=0, metaState=0, flags=0x8, repeatCount=0, eventTime=119566619, downTime=119566507, deviceId=-1, source=0x101 }
11-10 05:38:34.131: D/EmojiAltPhysicalKeyDetector(1668): onKeyUp() : Not Mapped: 13
11-10 05:38:34.198: D/EmojiAltPhysicalKeyDetector(1668): onKeyUp() : KeyEvent { action=ACTION_UP, keyCode=KEYCODE_2, scanCode=0, metaState=0, flags=0x8, repeatCount=0, eventTime=119566716, downTime=119566507, deviceId=-1, source=0x101 }
11-10 05:38:34.198: D/EmojiAltPhysicalKeyDetector(1668): onKeyUp() : Not Mapped: 9
11-10 05:38:34.219: I/CheckinUtil(26341): Classify the device as Phone.
11-10 05:38:34.230: D/EmojiAltPhysicalKeyDetector(1668): onKeyUp() : KeyEvent { action=ACTION_UP, keyCode=KEYCODE_1, scanCode=0, metaState=0, flags=0x8, repeatCount=0, eventTime=119566766, downTime=119566507, deviceId=-1, source=0x101 }
11-10 05:38:34.230: D/EmojiAltPhysicalKeyDetector(1668): onKeyUp() : Not Mapped: 8
11-10 05:38:34.244: D/EmojiAltPhysicalKeyDetector(1668): onKeyUp() : KeyEvent { action=ACTION_UP, keyCode=KEYCODE_4, scanCode=0, metaState=0, flags=0x8, repeatCount=0, eventTime=119566780, downTime=119566507, deviceId=-1, source=0x101 }
11-10 05:38:34.244: D/EmojiAltPhysicalKeyDetector(1668): onKeyUp() : Not Mapped: 11
11-10 05:38:34.250: W/Conscrypt(26341): Could not set socket write timeout: java.net.SocketException: Socket closed
11-10 05:38:34.250: W/Conscrypt(26341): 	at com.google.android.gms.org.conscrypt.Platform.setSocketWriteTimeout(:com.google.android.gms@19420015@19.4.20 (040300-271418971):2)
11-10 05:38:34.250: W/Conscrypt(26341): 	at com.google.android.gms.org.conscrypt.ConscryptFileDescriptorSocket.setSoWriteTimeout(:com.google.android.gms@19420015@19.4.20 (040300-271418971):2)
11-10 05:38:34.262: D/EmojiAltPhysicalKeyDetector(1668): onKeyUp() : KeyEvent { action=ACTION_UP, keyCode=KEYCODE_4, scanCode=0, metaState=0, flags=0x8, repeatCount=0, eventTime=119566798, downTime=119566507, deviceId=-1, source=0x101 }
11-10 05:38:34.262: D/EmojiAltPhysicalKeyDetector(1668): onKeyUp() : Not Mapped: 11
11-10 05:38:34.264: I/ViewInteraction(26916): Performing 'single click' action on view with id: com.example.concurrencyeval:id/cs_et_numbers
11-10 05:38:34.293: W/Conscrypt(26341): Could not set socket write timeout: java.net.SocketException: Socket closed
11-10 05:38:34.293: W/Conscrypt(26341): 	at com.google.android.gms.org.conscrypt.Platform.setSocketWriteTimeout(:com.google.android.gms@19420015@19.4.20 (040300-271418971):2)
11-10 05:38:34.293: W/Conscrypt(26341): 	at com.google.android.gms.org.conscrypt.ConscryptFileDescriptorSocket.setSoWriteTimeout(:com.google.android.gms@19420015@19.4.20 (040300-271418971):2)
11-10 05:38:34.352: I/Keyboard.Facilitator.MainLanguageModelLoader(1668): run()
11-10 05:38:34.372: I/DictionaryProvider:UpdateHandler(1668): installIfNeverRequested() : ClientId = com.google.android.inputmethod.latin : WordListId = main:pt_br
11-10 05:38:34.381: I/DictionaryProvider:UpdateHandler(1668): installIfNeverRequested() : StartDownloadAction for WordListMetadata : main:pt_br
11-10 05:38:34.381: I/DictionaryProvider:UpdateHandler(1668): Type : 2
11-10 05:38:34.381: I/DictionaryProvider:UpdateHandler(1668): Description : Português (Brasil)
11-10 05:38:34.381: I/DictionaryProvider:UpdateHandler(1668): LastUpdate : 1457649726
11-10 05:38:34.381: I/DictionaryProvider:UpdateHandler(1668): FileSize : 4964848
11-10 05:38:34.381: I/DictionaryProvider:UpdateHandler(1668): RawChecksum : 6bd8ca26c1315f47b069dce9729f4cb2
11-10 05:38:34.381: I/DictionaryProvider:UpdateHandler(1668): Checksum : 6bd8ca26c1315f47b069dce9729f4cb2
11-10 05:38:34.381: I/DictionaryProvider:UpdateHandler(1668): RetryCount: 2
11-10 05:38:34.381: I/DictionaryProvider:UpdateHandler(1668): LocalFilename : 
11-10 05:38:34.381: I/DictionaryProvider:UpdateHandler(1668): RemoteFilename : https://www.gstatic.com/android/keyboard/dictionarypack/Fava-20150615/main_pt_br_d3.dict
11-10 05:38:34.381: I/DictionaryProvider:UpdateHandler(1668): Version : 20151004
11-10 05:38:34.381: I/DictionaryProvider:UpdateHandler(1668): FormatVersion : 86736212
11-10 05:38:34.381: I/DictionaryProvider:UpdateHandler(1668): Flags : 0
11-10 05:38:34.381: I/DictionaryProvider:UpdateHandler(1668): Locale : pt_BR
11-10 05:38:34.383: I/DictionaryProvider:UpdateHandler(1668): registerDownloadRequest() : Id = main:pt_br : Version = 20151004
11-10 05:38:34.398: I/DictionaryProvider:UpdateHandler(1668): registerDownloadRequest() : DownloadId = 21
11-10 05:38:34.403: I/DictionaryProvider:StartDownloadAction(1668): Starting the dictionary download with version: 20151004 and Url: https://www.gstatic.com/android/keyboard/dictionarypack/Fava-20150615/main_pt_br_d3.dict#15733931143824.1.23103.2862625.dict
11-10 05:38:34.419: I/Keyboard.Facilitator.MainLanguageModelLoader(1668): loadStaticLm() : Loading File = /system/app/LatinImeGoogle/LatinImeGoogle.apk (offset=12072276, length=1280120) with up to date LoudsLmContentVersion = 20150615
11-10 05:38:34.424: I/Keyboard.Facilitator.DynamicLanguageModelLoader(1668): run()
11-10 05:38:34.424: I/Keyboard.Facilitator.DynamicLanguageModelLoader(1668): run() : Loading LM = contacts
11-10 05:38:34.428: I/Keyboard.Facilitator.DynamicLanguageModelLoader(1668): run() : Missing File = Contacts.dict
11-10 05:38:34.428: I/Keyboard.Facilitator.DynamicLanguageModelLoader(1668): run() : Loading LM = user
