11-10 05:43:29.227: I/art(26916): Note: end time exceeds epoch: 
11-10 05:43:29.231: I/art(26916): Note: end time exceeds epoch: 
11-10 05:43:29.232: I/art(26916): Note: end time exceeds epoch: 
11-10 05:43:29.244: I/art(26916): Note: end time exceeds epoch: 
11-10 05:43:29.263: I/art(26916): Note: end time exceeds epoch: 
11-10 05:43:29.265: I/art(26916): Note: end time exceeds epoch: 
11-10 05:43:29.265: I/art(26916): Note: end time exceeds epoch: 
11-10 05:43:29.268: I/art(26916): Note: end time exceeds epoch: 
11-10 05:43:29.285: I/art(26916): Note: end time exceeds epoch: 
11-10 05:43:29.286: I/art(26916): Note: end time exceeds epoch: 
11-10 05:43:29.294: I/art(26916): Note: end time exceeds epoch: 
11-10 05:43:29.295: I/art(26916): Note: end time exceeds epoch: 
11-10 05:43:29.296: I/art(26916): Note: end time exceeds epoch: 
11-10 05:43:29.298: I/art(26916): Note: end time exceeds epoch: 
11-10 05:43:29.300: I/art(26916): Note: end time exceeds epoch: 
11-10 05:43:29.320: I/art(26916): Note: end time exceeds epoch: 
11-10 05:43:29.351: I/art(26916): Note: end time exceeds epoch: 
11-10 05:43:29.352: I/art(26916): Note: end time exceeds epoch: 
11-10 05:43:29.381: I/art(26916): Note: end time exceeds epoch: 
11-10 05:43:29.404: I/art(26916): Note: end time exceeds epoch: 
11-10 05:43:29.404: I/art(26916): Note: end time exceeds epoch: 
11-10 05:43:29.446: I/art(26916): Note: end time exceeds epoch: 
11-10 05:43:29.842: I/ViewInteraction(26916): Performing 'single click' action on view with id: com.example.concurrencyeval:id/cs_run_button
11-10 05:43:29.894: D/audio_hw_primary(376): out_set_parameters: enter: usecase(1: low-latency-playback) kvpairs: routing=131072
11-10 05:43:30.238: I/art(26916): Note: end time exceeds epoch: 
11-10 05:43:30.247: I/art(26916): Note: end time exceeds epoch: 
11-10 05:43:30.254: I/art(26916): Note: end time exceeds epoch: 
11-10 05:43:30.275: I/art(26916): Note: end time exceeds epoch: 
11-10 05:43:30.280: I/art(26916): Note: end time exceeds epoch: 
11-10 05:43:30.281: I/art(26916): Note: end time exceeds epoch: 
11-10 05:43:30.288: I/art(26916): Note: end time exceeds epoch: 
11-10 05:43:30.306: I/art(26916): Note: end time exceeds epoch: 
11-10 05:43:30.316: I/art(26916): Note: end time exceeds epoch: 
11-10 05:43:30.318: I/art(26916): Note: end time exceeds epoch: 
11-10 05:43:30.324: I/art(26916): Note: end time exceeds epoch: 
11-10 05:43:30.329: I/art(26916): Note: end time exceeds epoch: 
11-10 05:43:30.336: I/art(26916): Note: end time exceeds epoch: 
11-10 05:43:30.336: I/art(26916): Note: end time exceeds epoch: 
11-10 05:43:30.354: I/art(26916): Note: end time exceeds epoch: 
11-10 05:43:30.355: I/art(26916): Note: end time exceeds epoch: 
11-10 05:43:30.360: I/art(26916): Note: end time exceeds epoch: 
11-10 05:43:30.365: I/art(26916): Note: end time exceeds epoch: 
11-10 05:43:30.393: I/art(26916): Note: end time exceeds epoch: 
11-10 05:43:30.420: I/art(26916): Note: end time exceeds epoch: 
11-10 05:43:30.425: I/art(26916): Note: end time exceeds epoch: 
11-10 05:43:30.458: I/art(26916): Note: end time exceeds epoch: 
11-10 05:43:30.481: I/art(26916): Note: end time exceeds epoch: 
11-10 05:43:30.506: I/art(26916): Note: end time exceeds epoch: 
11-10 05:43:30.996: I/ViewInteraction(26916): Performing 'single click' action on view with id: com.example.concurrencyeval:id/cs_run_button
11-10 05:43:31.046: D/audio_hw_primary(376): out_set_parameters: enter: usecase(1: low-latency-playback) kvpairs: routing=131072
11-10 05:43:31.287: D/NetlinkSocketObserver(888): NeighborEvent{elapsedMs=119863824, 10.10.162.1, [0010DBFF1003], RTM_NEWNEIGH, NUD_STALE}
11-10 05:43:31.370: I/art(26916): Note: end time exceeds epoch: 
11-10 05:43:31.397: I/art(26916): Note: end time exceeds epoch: 
11-10 05:43:31.403: I/art(26916): Note: end time exceeds epoch: 
11-10 05:43:31.406: I/art(26916): Note: end time exceeds epoch: 
11-10 05:43:31.414: I/art(26916): Note: end time exceeds epoch: 
11-10 05:43:31.417: I/art(26916): Note: end time exceeds epoch: 
11-10 05:43:31.418: I/art(26916): Note: end time exceeds epoch: 
11-10 05:43:31.419: I/art(26916): Note: end time exceeds epoch: 
11-10 05:43:31.429: I/art(26916): Note: end time exceeds epoch: 
11-10 05:43:31.454: I/art(26916): Note: end time exceeds epoch: 
11-10 05:43:31.463: I/art(26916): Note: end time exceeds epoch: 
11-10 05:43:31.466: I/art(26916): Note: end time exceeds epoch: 
11-10 05:43:31.470: I/art(26916): Note: end time exceeds epoch: 
11-10 05:43:31.487: I/art(26916): Note: end time exceeds epoch: 
11-10 05:43:31.491: I/art(26916): Note: end time exceeds epoch: 
11-10 05:43:31.492: I/art(26916): Note: end time exceeds epoch: 
11-10 05:43:31.496: I/art(26916): Note: end time exceeds epoch: 
11-10 05:43:31.500: I/art(26916): Note: end time exceeds epoch: 
11-10 05:43:31.501: I/art(26916): Note: end time exceeds epoch: 
11-10 05:43:31.520: I/art(26916): Note: end time exceeds epoch: 
11-10 05:43:31.521: I/art(26916): Note: end time exceeds epoch: 
11-10 05:43:31.522: I/art(26916): Note: end time exceeds epoch: 
11-10 05:43:31.522: I/art(26916): Note: end time exceeds epoch: 
11-10 05:43:31.523: I/art(26916): Note: end time exceeds epoch: 
11-10 05:43:31.523: I/art(26916): Note: end time exceeds epoch: 
11-10 05:43:31.524: I/art(26916): Note: end time exceeds epoch: 
11-10 05:43:31.525: I/art(26916): Note: end time exceeds epoch: 
11-10 05:43:31.526: I/art(26916): Note: end time exceeds epoch: 
11-10 05:43:31.528: I/art(26916): Note: end time exceeds epoch: 
11-10 05:43:31.550: I/art(26916): Note: end time exceeds epoch: 
11-10 05:43:31.550: I/art(26916): Note: end time exceeds epoch: 
11-10 05:43:31.556: I/art(26916): Note: end time exceeds epoch: 
11-10 05:43:31.574: I/art(26916): Note: end time exceeds epoch: 
11-10 05:43:31.594: I/art(26916): Note: end time exceeds epoch: 
11-10 05:43:31.617: I/art(26916): Note: end time exceeds epoch: 
11-10 05:43:31.658: I/art(26916): Note: end time exceeds epoch: 
11-10 05:43:31.679: I/art(26916): Note: end time exceeds epoch: 
11-10 05:43:31.701: I/art(26916): Note: end time exceeds epoch: 
11-10 05:43:31.730: I/art(26916): Note: end time exceeds epoch: 
11-10 05:43:32.069: I/ViewInteraction(26916): Performing 'single click' action on view with id: com.example.concurrencyeval:id/cs_run_button
11-10 05:43:32.126: D/audio_hw_primary(376): out_set_parameters: enter: usecase(1: low-latency-playback) kvpairs: routing=131072
11-10 05:43:32.440: I/art(26916): Note: end time exceeds epoch: 
11-10 05:43:32.451: I/art(26916): Note: end time exceeds epoch: 
11-10 05:43:32.462: I/art(26916): Note: end time exceeds epoch: 
11-10 05:43:32.463: I/art(26916): Note: end time exceeds epoch: 
11-10 05:43:32.466: I/art(26916): Note: end time exceeds epoch: 
11-10 05:43:32.479: I/art(26916): Note: end time exceeds epoch: 
11-10 05:43:32.483: I/art(26916): Note: end time exceeds epoch: 
11-10 05:43:32.498: I/art(26916): Note: end time exceeds epoch: 
11-10 05:43:32.499: I/art(26916): Note: end time exceeds epoch: 
11-10 05:43:32.527: I/art(26916): Note: end time exceeds epoch: 
11-10 05:43:32.534: I/art(26916): Note: end time exceeds epoch: 
11-10 05:43:32.544: I/art(26916): Note: end time exceeds epoch: 
11-10 05:43:32.544: I/art(26916): Note: end time exceeds epoch: 
11-10 05:43:32.570: I/art(26916): Note: end time exceeds epoch: 
11-10 05:43:32.572: I/art(26916): Note: end time exceeds epoch: 
11-10 05:43:32.585: I/art(26916): Note: end time exceeds epoch: 
11-10 05:43:32.594: I/art(26916): Note: end time exceeds epoch: 
11-10 05:43:32.609: I/art(26916): Note: end time exceeds epoch: 
11-10 05:43:32.641: I/art(26916): Note: end time exceeds epoch: 
11-10 05:43:32.668: I/art(26916): Note: end time exceeds epoch: 
11-10 05:43:32.691: I/art(26916): Note: end time exceeds epoch: 
11-10 05:43:33.192: I/ViewInteraction(26916): Performing 'single click' action on view with id: com.example.concurrencyeval:id/cs_run_button
11-10 05:43:33.254: D/audio_hw_primary(376): out_set_parameters: enter: usecase(1: low-latency-playback) kvpairs: routing=131072
11-10 05:43:33.615: I/art(26916): Note: end time exceeds epoch: 
11-10 05:43:33.627: I/art(26916): Note: end time exceeds epoch: 
11-10 05:43:33.635: I/art(26916): Note: end time exceeds epoch: 
11-10 05:43:33.636: I/art(26916): Note: end time exceeds epoch: 
11-10 05:43:33.637: I/art(26916): Note: end time exceeds epoch: 
11-10 05:43:33.654: I/art(26916): Note: end time exceeds epoch: 
11-10 05:43:33.663: I/art(26916): Note: end time exceeds epoch: 
11-10 05:43:33.665: I/art(26916): Note: end time exceeds epoch: 
11-10 05:43:33.688: I/art(26916): Note: end time exceeds epoch: 
11-10 05:43:33.696: I/art(26916): Note: end time exceeds epoch: 
11-10 05:43:33.702: I/art(26916): Note: end time exceeds epoch: 
11-10 05:43:33.703: I/art(26916): Note: end time exceeds epoch: 
11-10 05:43:33.734: I/art(26916): Note: end time exceeds epoch: 
11-10 05:43:33.737: I/art(26916): Note: end time exceeds epoch: 
11-10 05:43:33.744: I/art(26916): Note: end time exceeds epoch: 
11-10 05:43:33.750: I/art(26916): Note: end time exceeds epoch: 
11-10 05:43:33.766: I/art(26916): Note: end time exceeds epoch: 
11-10 05:43:33.767: I/art(26916): Note: end time exceeds epoch: 
11-10 05:43:33.768: I/art(26916): Note: end time exceeds epoch: 
11-10 05:43:33.768: I/art(26916): Note: end time exceeds epoch: 
11-10 05:43:33.769: I/art(26916): Note: end time exceeds epoch: 
11-10 05:43:33.794: I/art(26916): Note: end time exceeds epoch: 
11-10 05:43:33.797: I/art(26916): Note: end time exceeds epoch: 
11-10 05:43:33.817: I/art(26916): Note: end time exceeds epoch: 
11-10 05:43:33.818: I/art(26916): Note: end time exceeds epoch: 
11-10 05:43:33.818: I/art(26916): Note: end time exceeds epoch: 
11-10 05:43:33.847: I/art(26916): Note: end time exceeds epoch: 
11-10 05:43:33.871: I/art(26916): Note: end time exceeds epoch: 
11-10 05:43:33.871: I/art(26916): Note: end time exceeds epoch: 
11-10 05:43:33.929: I/art(26916): Note: end time exceeds epoch: 
11-10 05:43:33.941: I/art(26916): Note: end time exceeds epoch: 
11-10 05:43:34.349: I/ViewInteraction(26916): Performing 'single click' action on view with id: com.example.concurrencyeval:id/cs_run_button
11-10 05:43:34.406: D/audio_hw_primary(376): out_set_parameters: enter: usecase(1: low-latency-playback) kvpairs: routing=131072
11-10 05:43:34.783: I/art(26916): Note: end time exceeds epoch: 
11-10 05:43:34.788: I/art(26916): Note: end time exceeds epoch: 
11-10 05:43:34.796: I/art(26916): Note: end time exceeds epoch: 
11-10 05:43:34.799: I/art(26916): Note: end time exceeds epoch: 
11-10 05:43:34.816: I/art(26916): Note: end time exceeds epoch: 
11-10 05:43:34.827: I/art(26916): Note: end time exceeds epoch: 
11-10 05:43:34.832: I/art(26916): Note: end time exceeds epoch: 
11-10 05:43:34.833: I/art(26916): Note: end time exceeds epoch: 
11-10 05:43:34.840: I/art(26916): Note: end time exceeds epoch: 
11-10 05:43:34.841: I/art(26916): Note: end time exceeds epoch: 
11-10 05:43:34.876: I/art(26916): Note: end time exceeds epoch: 
11-10 05:43:34.888: I/art(26916): Note: end time exceeds epoch: 
11-10 05:43:34.900: I/art(26916): Note: end time exceeds epoch: 
11-10 05:43:34.903: I/art(26916): Note: end time exceeds epoch: 
11-10 05:43:34.905: I/art(26916): Note: end time exceeds epoch: 
11-10 05:43:34.908: I/art(26916): Note: end time exceeds epoch: 
11-10 05:43:34.913: I/art(26916): Note: end time exceeds epoch: 
11-10 05:43:34.915: I/art(26916): Note: end time exceeds epoch: 
11-10 05:43:34.936: I/art(26916): Note: end time exceeds epoch: 
11-10 05:43:34.940: I/art(26916): Note: end time exceeds epoch: 
11-10 05:43:34.941: I/art(26916): Note: end time exceeds epoch: 
11-10 05:43:34.945: I/art(26916): Note: end time exceeds epoch: 
11-10 05:43:34.958: I/art(26916): Note: end time exceeds epoch: 
11-10 05:43:34.962: I/art(26916): Note: end time exceeds epoch: 
11-10 05:43:34.966: I/art(26916): Note: end time exceeds epoch: 
11-10 05:43:34.967: I/art(26916): Note: end time exceeds epoch: 
11-10 05:43:34.983: I/art(26916): Note: end time exceeds epoch: 
11-10 05:43:34.987: I/art(26916): Note: end time exceeds epoch: 
11-10 05:43:35.002: I/art(26916): Note: end time exceeds epoch: 
11-10 05:43:35.021: I/art(26916): Note: end time exceeds epoch: 
11-10 05:43:35.049: I/art(26916): Note: end time exceeds epoch: 
11-10 05:43:35.183: I/art(26916): Note: end time exceeds epoch: 
11-10 05:43:35.474: I/ViewInteraction(26916): Performing 'replace text()' action on view with id: com.example.concurrencyeval:id/cs_et_tasks
11-10 05:43:35.495: I/ViewInteraction(26916): Performing 'type text(256)' action on view with id: com.example.concurrencyeval:id/cs_et_tasks
11-10 05:43:35.541: I/Keyboard.Facilitator(1668): onStartInput()
11-10 05:43:35.547: I/LatinIME(1668): Starting input. Cursor position = 2,2
11-10 05:43:35.576: I/Keyboard.Facilitator(1668): resetDictionaries() : no-op
11-10 05:43:35.577: I/StatsUtilsManager(1668): onLoadSettings()
11-10 05:43:35.771: D/UiControllerImpl(26916): Injecting string: "256"
11-10 05:43:35.795: D/EmojiAltPhysicalKeyDetector(1668): onKeyUp() : KeyEvent { action=ACTION_UP, keyCode=KEYCODE_2, scanCode=0, metaState=0, flags=0x8, repeatCount=0, eventTime=119868331, downTime=119868309, deviceId=-1, source=0x101 }
11-10 05:43:35.795: D/EmojiAltPhysicalKeyDetector(1668): onKeyUp() : Not Mapped: 9
11-10 05:43:35.812: D/EmojiAltPhysicalKeyDetector(1668): onKeyUp() : KeyEvent { action=ACTION_UP, keyCode=KEYCODE_5, scanCode=0, metaState=0, flags=0x8, repeatCount=0, eventTime=119868348, downTime=119868309, deviceId=-1, source=0x101 }
11-10 05:43:35.812: D/EmojiAltPhysicalKeyDetector(1668): onKeyUp() : Not Mapped: 12
11-10 05:43:35.828: D/EmojiAltPhysicalKeyDetector(1668): onKeyUp() : KeyEvent { action=ACTION_UP, keyCode=KEYCODE_6, scanCode=0, metaState=0, flags=0x8, repeatCount=0, eventTime=119868364, downTime=119868309, deviceId=-1, source=0x101 }
11-10 05:43:35.828: D/EmojiAltPhysicalKeyDetector(1668): onKeyUp() : Not Mapped: 13
11-10 05:43:35.830: I/ViewInteraction(26916): Performing 'single click' action on view with id: com.example.concurrencyeval:id/cs_et_tasks
11-10 05:43:36.096: I/ViewInteraction(26916): Performing 'close keyboard' action on view is a root view.
11-10 05:43:36.437: I/ViewInteraction(26916): Performing 'single click' action on view with id: com.example.concurrencyeval:id/cs_run_button
11-10 05:43:36.494: D/audio_hw_primary(376): out_set_parameters: enter: usecase(1: low-latency-playback) kvpairs: routing=131072
11-10 05:43:36.861: I/art(26916): Note: end time exceeds epoch: 
11-10 05:43:36.871: I/art(26916): Note: end time exceeds epoch: 
11-10 05:43:36.874: I/art(26916): Note: end time exceeds epoch: 
11-10 05:43:36.878: I/art(26916): Note: end time exceeds epoch: 
11-10 05:43:36.884: I/art(26916): Note: end time exceeds epoch: 
11-10 05:43:36.891: I/art(26916): Note: end time exceeds epoch: 
11-10 05:43:36.938: I/art(26916): Note: end time exceeds epoch: 
11-10 05:43:36.941: I/art(26916): Note: end time exceeds epoch: 
11-10 05:43:36.947: I/art(26916): Note: end time exceeds epoch: 
11-10 05:43:36.947: I/art(26916): Note: end time exceeds epoch: 
11-10 05:43:36.950: I/art(26916): Note: end time exceeds epoch: 
11-10 05:43:36.954: I/art(26916): Note: end time exceeds epoch: 
11-10 05:43:36.999: I/art(26916): Note: end time exceeds epoch: 
11-10 05:43:37.035: I/art(26916): Note: end time exceeds epoch: 
11-10 05:43:37.178: I/art(26916): Note: end time exceeds epoch: 
11-10 05:43:37.639: I/ViewInteraction(26916): Performing 'single click' action on view with id: com.example.concurrencyeval:id/cs_run_button
11-10 05:43:37.694: D/audio_hw_primary(376): out_set_parameters: enter: usecase(1: low-latency-playback) kvpairs: routing=131072
11-10 05:43:38.055: I/art(26916): Note: end time exceeds epoch: 
11-10 05:43:38.057: I/art(26916): Note: end time exceeds epoch: 
11-10 05:43:38.060: I/art(26916): Note: end time exceeds epoch: 
11-10 05:43:38.063: I/art(26916): Note: end time exceeds epoch: 
11-10 05:43:38.064: I/art(26916): Note: end time exceeds epoch: 
11-10 05:43:38.067: I/art(26916): Note: end time exceeds epoch: 
11-10 05:43:38.068: I/art(26916): Note: end time exceeds epoch: 
11-10 05:43:38.068: I/art(26916): Note: end time exceeds epoch: 
11-10 05:43:38.074: I/art(26916): Note: end time exceeds epoch: 
11-10 05:43:38.077: I/art(26916): Note: end time exceeds epoch: 
11-10 05:43:38.083: I/art(26916): Note: end time exceeds epoch: 
11-10 05:43:38.083: I/art(26916): Note: end time exceeds epoch: 
11-10 05:43:38.085: I/art(26916): Note: end time exceeds epoch: 
11-10 05:43:38.091: I/art(26916): Note: end time exceeds epoch: 
11-10 05:43:38.094: I/art(26916): Note: end time exceeds epoch: 
11-10 05:43:38.137: I/art(26916): Note: end time exceeds epoch: 
11-10 05:43:38.151: I/art(26916): Note: end time exceeds epoch: 
11-10 05:43:38.157: I/art(26916): Note: end time exceeds epoch: 
11-10 05:43:38.158: I/art(26916): Note: end time exceeds epoch: 
11-10 05:43:38.161: I/art(26916): Note: end time exceeds epoch: 
11-10 05:43:38.189: I/art(26916): Note: end time exceeds epoch: 
11-10 05:43:38.225: I/art(26916): Note: end time exceeds epoch: 
11-10 05:43:38.490: I/art(26916): Note: end time exceeds epoch: 
11-10 05:43:38.676: I/art(26916): Note: end time exceeds epoch: 
11-10 05:43:38.943: I/ViewInteraction(26916): Performing 'single click' action on view with id: com.example.concurrencyeval:id/cs_run_button
11-10 05:43:39.002: D/audio_hw_primary(376): out_set_parameters: enter: usecase(1: low-latency-playback) kvpairs: routing=131072
11-10 05:43:39.046: D/AudioFlinger(376): mixer(0xb3e40000) throttle end: throttle time(4)
11-10 05:43:39.314: D/NetlinkSocketObserver(888): NeighborEvent{elapsedMs=119871851, 10.10.162.1, [0010DBFF1003], RTM_NEWNEIGH, NUD_PROBE}
11-10 05:43:39.400: I/art(26916): Note: end time exceeds epoch: 
11-10 05:43:39.408: I/art(26916): Note: end time exceeds epoch: 
11-10 05:43:39.410: I/art(26916): Note: end time exceeds epoch: 
11-10 05:43:39.414: I/art(26916): Note: end time exceeds epoch: 
11-10 05:43:39.417: I/art(26916): Note: end time exceeds epoch: 
11-10 05:43:39.418: I/art(26916): Note: end time exceeds epoch: 
11-10 05:43:39.427: I/art(26916): Note: end time exceeds epoch: 
11-10 05:43:39.431: I/art(26916): Note: end time exceeds epoch: 
11-10 05:43:39.433: I/art(26916): Note: end time exceeds epoch: 
11-10 05:43:39.433: I/art(26916): Note: end time exceeds epoch: 
11-10 05:43:39.433: I/art(26916): Note: end time exceeds epoch: 
11-10 05:43:39.435: I/art(26916): Note: end time exceeds epoch: 
11-10 05:43:39.483: I/art(26916): Note: end time exceeds epoch: 
11-10 05:43:39.487: I/art(26916): Note: end time exceeds epoch: 
11-10 05:43:39.490: I/art(26916): Note: end time exceeds epoch: 
11-10 05:43:39.490: I/art(26916): Note: end time exceeds epoch: 
11-10 05:43:39.491: I/art(26916): Note: end time exceeds epoch: 
11-10 05:43:39.497: I/art(26916): Note: end time exceeds epoch: 
11-10 05:43:39.534: I/art(26916): Note: end time exceeds epoch: 
11-10 05:43:39.541: I/art(26916): Note: end time exceeds epoch: 
11-10 05:43:39.542: I/art(26916): Note: end time exceeds epoch: 
11-10 05:43:39.566: I/art(26916): Note: end time exceeds epoch: 
11-10 05:43:39.568: I/art(26916): Note: end time exceeds epoch: 
11-10 05:43:39.628: I/art(26916): Note: end time exceeds epoch: 
11-10 05:43:39.629: I/art(26916): Note: end time exceeds epoch: 
11-10 05:43:39.671: I/art(26916): Note: end time exceeds epoch: 
11-10 05:43:39.843: I/art(26916): Note: end time exceeds epoch: 
11-10 05:43:40.216: I/ViewInteraction(26916): Performing 'single click' action on view with id: com.example.concurrencyeval:id/cs_run_button
11-10 05:43:40.274: D/audio_hw_primary(376): out_set_parameters: enter: usecase(1: low-latency-playback) kvpairs: routing=131072
11-10 05:43:40.318: D/AudioFlinger(376): mixer(0xb3e40000) throttle end: throttle time(4)
11-10 05:43:40.643: I/art(26916): Note: end time exceeds epoch: 
11-10 05:43:40.649: I/art(26916): Note: end time exceeds epoch: 
11-10 05:43:40.650: I/art(26916): Note: end time exceeds epoch: 
11-10 05:43:40.651: I/art(26916): Note: end time exceeds epoch: 
11-10 05:43:40.654: I/art(26916): Note: end time exceeds epoch: 
11-10 05:43:40.658: I/art(26916): Note: end time exceeds epoch: 
11-10 05:43:40.661: I/art(26916): Note: end time exceeds epoch: 
11-10 05:43:40.663: I/art(26916): Note: end time exceeds epoch: 
11-10 05:43:40.663: I/art(26916): Note: end time exceeds epoch: 
11-10 05:43:40.667: I/art(26916): Note: end time exceeds epoch: 
11-10 05:43:40.670: I/art(26916): Note: end time exceeds epoch: 
11-10 05:43:40.674: I/art(26916): Note: end time exceeds epoch: 
11-10 05:43:40.703: I/art(26916): Note: end time exceeds epoch: 
11-10 05:43:40.709: I/art(26916): Note: end time exceeds epoch: 
11-10 05:43:40.715: I/art(26916): Note: end time exceeds epoch: 
11-10 05:43:40.716: I/art(26916): Note: end time exceeds epoch: 
11-10 05:43:40.717: I/art(26916): Note: end time exceeds epoch: 
11-10 05:43:40.718: I/art(26916): Note: end time exceeds epoch: 
11-10 05:43:40.720: I/art(26916): Note: end time exceeds epoch: 
11-10 05:43:40.724: I/art(26916): Note: end time exceeds epoch: 
11-10 05:43:40.725: I/art(26916): Note: end time exceeds epoch: 
11-10 05:43:40.726: I/art(26916): Note: end time exceeds epoch: 
11-10 05:43:40.728: I/art(26916): Note: end time exceeds epoch: 
11-10 05:43:40.770: I/art(26916): Note: end time exceeds epoch: 
11-10 05:43:40.812: I/art(26916): Note: end time exceeds epoch: 
11-10 05:43:40.844: I/art(26916): Note: end time exceeds epoch: 
11-10 05:43:40.871: I/art(26916): Note: end time exceeds epoch: 
11-10 05:43:41.061: I/art(26916): Note: end time exceeds epoch: 
11-10 05:43:41.120: I/art(26916): Note: end time exceeds epoch: 
11-10 05:43:41.351: D/WifiStateMachine(888): starting scan for "wl-ftl-mt39-1-5"WPA_PSK with 5500,5825,5200
11-10 05:43:41.471: I/ViewInteraction(26916): Performing 'single click' action on view with id: com.example.concurrencyeval:id/cs_run_button
11-10 05:43:41.521: D/audio_hw_primary(376): out_set_parameters: enter: usecase(1: low-latency-playback) kvpairs: routing=131072
11-10 05:43:41.566: D/AudioFlinger(376): mixer(0xb3e40000) throttle end: throttle time(4)
11-10 05:43:41.929: I/art(26916): Note: end time exceeds epoch: 
11-10 05:43:41.931: I/art(26916): Note: end time exceeds epoch: 
11-10 05:43:41.933: I/art(26916): Note: end time exceeds epoch: 
11-10 05:43:41.938: I/art(26916): Note: end time exceeds epoch: 
11-10 05:43:41.939: I/art(26916): Note: end time exceeds epoch: 
11-10 05:43:41.939: I/art(26916): Note: end time exceeds epoch: 
11-10 05:43:41.940: I/art(26916): Note: end time exceeds epoch: 
11-10 05:43:41.941: I/art(26916): Note: end time exceeds epoch: 
11-10 05:43:41.943: I/art(26916): Note: end time exceeds epoch: 
11-10 05:43:41.943: I/art(26916): Note: end time exceeds epoch: 
11-10 05:43:41.944: I/art(26916): Note: end time exceeds epoch: 
11-10 05:43:41.945: I/art(26916): Note: end time exceeds epoch: 
11-10 05:43:41.945: I/art(26916): Note: end time exceeds epoch: 
11-10 05:43:41.945: I/art(26916): Note: end time exceeds epoch: 
11-10 05:43:41.946: I/art(26916): Note: end time exceeds epoch: 
11-10 05:43:41.946: I/art(26916): Note: end time exceeds epoch: 
11-10 05:43:41.994: I/art(26916): Note: end time exceeds epoch: 
11-10 05:43:41.999: I/art(26916): Note: end time exceeds epoch: 
11-10 05:43:42.047: I/art(26916): Note: end time exceeds epoch: 
11-10 05:43:42.089: I/art(26916): Note: end time exceeds epoch: 
11-10 05:43:42.091: I/art(26916): Note: end time exceeds epoch: 
11-10 05:43:42.125: I/art(26916): Note: end time exceeds epoch: 
11-10 05:43:42.126: I/art(26916): Note: end time exceeds epoch: 
11-10 05:43:42.453: I/art(26916): Note: end time exceeds epoch: 
11-10 05:43:42.749: I/ViewInteraction(26916): Performing 'single click' action on view with id: com.example.concurrencyeval:id/cs_run_button
11-10 05:43:42.806: D/audio_hw_primary(376): out_set_parameters: enter: usecase(1: low-latency-playback) kvpairs: routing=131072
11-10 05:43:43.176: I/art(26916): Note: end time exceeds epoch: 
11-10 05:43:43.180: I/art(26916): Note: end time exceeds epoch: 
11-10 05:43:43.184: I/art(26916): Note: end time exceeds epoch: 
11-10 05:43:43.191: I/art(26916): Note: end time exceeds epoch: 
11-10 05:43:43.196: I/art(26916): Note: end time exceeds epoch: 
11-10 05:43:43.197: I/art(26916): Note: end time exceeds epoch: 
11-10 05:43:43.201: I/art(26916): Note: end time exceeds epoch: 
11-10 05:43:43.202: I/art(26916): Note: end time exceeds epoch: 
11-10 05:43:43.203: I/art(26916): Note: end time exceeds epoch: 
11-10 05:43:43.203: I/art(26916): Note: end time exceeds epoch: 
11-10 05:43:43.203: I/art(26916): Note: end time exceeds epoch: 
11-10 05:43:43.203: I/art(26916): Note: end time exceeds epoch: 
11-10 05:43:43.237: I/art(26916): Note: end time exceeds epoch: 
11-10 05:43:43.244: I/art(26916): Note: end time exceeds epoch: 
11-10 05:43:43.244: I/art(26916): Note: end time exceeds epoch: 
11-10 05:43:43.246: I/art(26916): Note: end time exceeds epoch: 
11-10 05:43:43.248: I/art(26916): Note: end time exceeds epoch: 
11-10 05:43:43.281: I/art(26916): Note: end time exceeds epoch: 
11-10 05:43:43.284: I/art(26916): Note: end time exceeds epoch: 
11-10 05:43:43.285: I/art(26916): Note: end time exceeds epoch: 
11-10 05:43:43.315: I/art(26916): Note: end time exceeds epoch: 
11-10 05:43:43.370: I/art(26916): Note: end time exceeds epoch: 
11-10 05:43:43.446: I/art(26916): Note: end time exceeds epoch: 
11-10 05:43:43.502: I/art(26916): Note: end time exceeds epoch: 
11-10 05:43:43.594: I/art(26916): Note: end time exceeds epoch: 
11-10 05:43:43.969: I/ViewInteraction(26916): Performing 'replace text()' action on view with id: com.example.concurrencyeval:id/cs_et_numbers
11-10 05:43:43.990: I/ViewInteraction(26916): Performing 'type text(1048576)' action on view with id: com.example.concurrencyeval:id/cs_et_numbers
11-10 05:43:44.038: I/Keyboard.Facilitator(1668): onFinishInput()
11-10 05:43:44.038: I/Keyboard.Facilitator(1668): onStartInput()
11-10 05:43:44.045: I/LatinIME(1668): Starting input. Cursor position = 0,0
11-10 05:43:44.073: I/Keyboard.Facilitator(1668): resetDictionaries() : no-op
11-10 05:43:44.074: I/StatsUtilsManager(1668): onLoadSettings()
11-10 05:43:44.269: D/UiControllerImpl(26916): Injecting string: "1048576"
11-10 05:43:44.292: D/EmojiAltPhysicalKeyDetector(1668): onKeyUp() : KeyEvent { action=ACTION_UP, keyCode=KEYCODE_1, scanCode=0, metaState=0, flags=0x8, repeatCount=0, eventTime=119876828, downTime=119876807, deviceId=-1, source=0x101 }
11-10 05:43:44.292: D/EmojiAltPhysicalKeyDetector(1668): onKeyUp() : Not Mapped: 8
11-10 05:43:44.312: D/EmojiAltPhysicalKeyDetector(1668): onKeyUp() : KeyEvent { action=ACTION_UP, keyCode=KEYCODE_0, scanCode=0, metaState=0, flags=0x8, repeatCount=0, eventTime=119876848, downTime=119876807, deviceId=-1, source=0x101 }
11-10 05:43:44.312: D/EmojiAltPhysicalKeyDetector(1668): onKeyUp() : Not Mapped: 7
11-10 05:43:44.333: D/EmojiAltPhysicalKeyDetector(1668): onKeyUp() : KeyEvent { action=ACTION_UP, keyCode=KEYCODE_4, scanCode=0, metaState=0, flags=0x8, repeatCount=0, eventTime=119876869, downTime=119876807, deviceId=-1, source=0x101 }
11-10 05:43:44.333: D/EmojiAltPhysicalKeyDetector(1668): onKeyUp() : Not Mapped: 11
11-10 05:43:44.358: D/EmojiAltPhysicalKeyDetector(1668): onKeyUp() : KeyEvent { action=ACTION_UP, keyCode=KEYCODE_8, scanCode=0, metaState=0, flags=0x8, repeatCount=0, eventTime=119876894, downTime=119876807, deviceId=-1, source=0x101 }
11-10 05:43:44.358: D/EmojiAltPhysicalKeyDetector(1668): onKeyUp() : Not Mapped: 15
11-10 05:43:44.379: D/EmojiAltPhysicalKeyDetector(1668): onKeyUp() : KeyEvent { action=ACTION_UP, keyCode=KEYCODE_5, scanCode=0, metaState=0, flags=0x8, repeatCount=0, eventTime=119876915, downTime=119876807, deviceId=-1, source=0x101 }
11-10 05:43:44.379: D/EmojiAltPhysicalKeyDetector(1668): onKeyUp() : Not Mapped: 12
11-10 05:43:44.394: D/EmojiAltPhysicalKeyDetector(1668): onKeyUp() : KeyEvent { action=ACTION_UP, keyCode=KEYCODE_7, scanCode=0, metaState=0, flags=0x8, repeatCount=0, eventTime=119876930, downTime=119876807, deviceId=-1, source=0x101 }
11-10 05:43:44.394: D/EmojiAltPhysicalKeyDetector(1668): onKeyUp() : Not Mapped: 14
11-10 05:43:44.408: D/EmojiAltPhysicalKeyDetector(1668): onKeyUp() : KeyEvent { action=ACTION_UP, keyCode=KEYCODE_6, scanCode=0, metaState=0, flags=0x8, repeatCount=0, eventTime=119876944, downTime=119876807, deviceId=-1, source=0x101 }
11-10 05:43:44.408: D/EmojiAltPhysicalKeyDetector(1668): onKeyUp() : Not Mapped: 13
11-10 05:43:44.411: I/ViewInteraction(26916): Performing 'single click' action on view with id: com.example.concurrencyeval:id/cs_et_numbers
11-10 05:43:44.673: I/ViewInteraction(26916): Performing 'replace text()' action on view with id: com.example.concurrencyeval:id/cs_et_tasks
11-10 05:43:44.741: I/ViewInteraction(26916): Performing 'type text(1)' action on view with id: com.example.concurrencyeval:id/cs_et_tasks
11-10 05:43:44.793: I/Keyboard.Facilitator(1668): onFinishInput()
11-10 05:43:44.793: I/Keyboard.Facilitator(1668): onStartInput()
11-10 05:43:44.798: I/LatinIME(1668): Starting input. Cursor position = 0,0
11-10 05:43:44.828: I/Keyboard.Facilitator(1668): resetDictionaries() : no-op
11-10 05:43:44.829: I/StatsUtilsManager(1668): onLoadSettings()
11-10 05:43:45.043: D/UiControllerImpl(26916): Injecting string: "1"
11-10 05:43:45.065: D/EmojiAltPhysicalKeyDetector(1668): onKeyUp() : KeyEvent { action=ACTION_UP, keyCode=KEYCODE_1, scanCode=0, metaState=0, flags=0x8, repeatCount=0, eventTime=119877600, downTime=119877580, deviceId=-1, source=0x101 }
11-10 05:43:45.065: D/EmojiAltPhysicalKeyDetector(1668): onKeyUp() : Not Mapped: 8
11-10 05:43:45.070: I/ViewInteraction(26916): Performing 'single click' action on view with id: com.example.concurrencyeval:id/cs_et_tasks
11-10 05:43:45.333: I/ViewInteraction(26916): Performing 'close keyboard' action on view is a root view.
11-10 05:43:45.656: I/ViewInteraction(26916): Performing 'single click' action on view with id: com.example.concurrencyeval:id/cs_run_button
11-10 05:43:45.710: D/audio_hw_primary(376): out_set_parameters: enter: usecase(1: low-latency-playback) kvpairs: routing=131072
11-10 05:43:47.009: I/Choreographer(26916): Skipped 78 frames!  The application may be doing too much work on its main thread.
11-10 05:43:47.018: I/art(26916): Note: end time exceeds epoch: 
11-10 05:43:47.447: D/NetlinkSocketObserver(888): NeighborEvent{elapsedMs=119879984, 10.10.162.1, [0010DBFF1003], RTM_NEWNEIGH, NUD_STALE}
11-10 05:43:47.616: I/art(26916): Note: end time exceeds epoch: 
11-10 05:43:47.908: I/art(26916): Note: end time exceeds epoch: 
11-10 05:43:48.074: I/art(26916): Note: end time exceeds epoch: 
11-10 05:43:48.236: I/art(26916): Note: end time exceeds epoch: 
11-10 05:43:48.338: I/art(26916): Note: end time exceeds epoch: 
11-10 05:43:48.452: I/art(26916): Note: end time exceeds epoch: 
11-10 05:43:48.721: I/art(26916): Note: end time exceeds epoch: 
11-10 05:43:48.907: D/audio_hw_primary(376): disable_audio_route: reset and update mixer path: low-latency-playback
11-10 05:43:48.908: D/audio_hw_primary(376): disable_snd_device: snd_device(6: line)
11-10 05:43:49.364: I/ViewInteraction(26916): Performing 'single click' action on view with id: com.example.concurrencyeval:id/cs_run_button
11-10 05:43:49.410: D/audio_hw_primary(376): out_set_parameters: enter: usecase(1: low-latency-playback) kvpairs: routing=131072
11-10 05:43:49.422: D/audio_hw_primary(376): select_devices: out_snd_device(6: line) in_snd_device(0: none)
11-10 05:43:49.422: D/msm8974_platform(376): platform_send_audio_calibration: sending audio calibration for snd_device(6) acdb_id(77)
11-10 05:43:49.422: D/audio_hw_primary(376): enable_snd_device: snd_device(6: line)
11-10 05:43:49.431: D/audio_hw_primary(376): enable_audio_route: apply and update mixer path: low-latency-playback
11-10 05:43:49.504: D/AudioFlinger(376): mixer(0xb3e40000) throttle end: throttle time(12)
11-10 05:43:50.712: I/Choreographer(26916): Skipped 78 frames!  The application may be doing too much work on its main thread.
11-10 05:43:50.714: I/art(26916): Note: end time exceeds epoch: 
11-10 05:43:51.277: I/art(26916): Note: end time exceeds epoch: 
11-10 05:43:51.611: I/art(26916): Note: end time exceeds epoch: 
11-10 05:43:51.805: I/art(26916): Note: end time exceeds epoch: 
11-10 05:43:51.947: I/art(26916): Note: end time exceeds epoch: 
11-10 05:43:52.041: I/art(26916): Note: end time exceeds epoch: 
11-10 05:43:52.117: I/art(26916): Note: end time exceeds epoch: 
11-10 05:43:52.472: I/art(26916): Note: end time exceeds epoch: 
11-10 05:43:52.653: D/audio_hw_primary(376): disable_audio_route: reset and update mixer path: low-latency-playback
11-10 05:43:52.654: D/audio_hw_primary(376): disable_snd_device: snd_device(6: line)
11-10 05:43:53.104: I/ViewInteraction(26916): Performing 'single click' action on view with id: com.example.concurrencyeval:id/cs_run_button
11-10 05:43:53.152: D/audio_hw_primary(376): out_set_parameters: enter: usecase(1: low-latency-playback) kvpairs: routing=131072
11-10 05:43:53.164: D/audio_hw_primary(376): select_devices: out_snd_device(6: line) in_snd_device(0: none)
11-10 05:43:53.165: D/msm8974_platform(376): platform_send_audio_calibration: sending audio calibration for snd_device(6) acdb_id(77)
11-10 05:43:53.165: D/audio_hw_primary(376): enable_snd_device: snd_device(6: line)
11-10 05:43:53.174: D/audio_hw_primary(376): enable_audio_route: apply and update mixer path: low-latency-playback
11-10 05:43:53.259: D/AudioFlinger(376): mixer(0xb3e40000) throttle end: throttle time(12)
11-10 05:43:54.490: I/Choreographer(26916): Skipped 79 frames!  The application may be doing too much work on its main thread.
11-10 05:43:54.509: I/art(26916): Note: end time exceeds epoch: 
11-10 05:43:55.150: I/art(26916): Note: end time exceeds epoch: 
11-10 05:43:55.466: I/art(26916): Note: end time exceeds epoch: 
11-10 05:43:55.666: I/art(26916): Note: end time exceeds epoch: 
11-10 05:43:55.837: I/art(26916): Note: end time exceeds epoch: 
11-10 05:43:55.929: I/art(26916): Note: end time exceeds epoch: 
11-10 05:43:56.006: I/art(26916): Note: end time exceeds epoch: 
11-10 05:43:56.069: I/art(26916): Note: end time exceeds epoch: 
11-10 05:43:56.187: I/art(26916): Note: end time exceeds epoch: 
11-10 05:43:56.418: D/audio_hw_primary(376): disable_audio_route: reset and update mixer path: low-latency-playback
11-10 05:43:56.419: D/audio_hw_primary(376): disable_snd_device: snd_device(6: line)
11-10 05:43:57.064: I/ViewInteraction(26916): Performing 'single click' action on view with id: com.example.concurrencyeval:id/cs_run_button
11-10 05:43:57.112: D/audio_hw_primary(376): out_set_parameters: enter: usecase(1: low-latency-playback) kvpairs: routing=131072
11-10 05:43:57.124: D/audio_hw_primary(376): select_devices: out_snd_device(6: line) in_snd_device(0: none)
11-10 05:43:57.124: D/msm8974_platform(376): platform_send_audio_calibration: sending audio calibration for snd_device(6) acdb_id(77)
11-10 05:43:57.124: D/audio_hw_primary(376): enable_snd_device: snd_device(6: line)
11-10 05:43:57.133: D/audio_hw_primary(376): enable_audio_route: apply and update mixer path: low-latency-playback
11-10 05:43:57.222: D/AudioFlinger(376): mixer(0xb3e40000) throttle end: throttle time(12)
11-10 05:43:58.378: I/Choreographer(26916): Skipped 75 frames!  The application may be doing too much work on its main thread.
11-10 05:43:58.379: I/art(26916): Note: end time exceeds epoch: 
11-10 05:43:59.024: I/art(26916): Note: end time exceeds epoch: 
11-10 05:43:59.218: I/Vision(26306): Requesting optional module download of ocr.
11-10 05:43:59.219: I/Vision(26306): Checking for download completion for 119951757 -- ocr
11-10 05:43:59.331: I/art(26916): Note: end time exceeds epoch: 
11-10 05:43:59.510: I/art(26916): Note: end time exceeds epoch: 
11-10 05:43:59.647: I/art(26916): Note: end time exceeds epoch: 
11-10 05:43:59.739: I/art(26916): Note: end time exceeds epoch: 
11-10 05:43:59.826: I/art(26916): Note: end time exceeds epoch: 
11-10 05:43:59.882: I/art(26916): Note: end time exceeds epoch: 
11-10 05:43:59.930: I/art(26916): Note: end time exceeds epoch: 
11-10 05:44:00.321: I/art(26916): Note: end time exceeds epoch: 
11-10 05:44:00.387: D/audio_hw_primary(376): disable_audio_route: reset and update mixer path: low-latency-playback
11-10 05:44:00.387: D/audio_hw_primary(376): disable_snd_device: snd_device(6: line)
11-10 05:44:00.863: I/ViewInteraction(26916): Performing 'single click' action on view with id: com.example.concurrencyeval:id/cs_run_button
11-10 05:44:00.929: D/audio_hw_primary(376): out_set_parameters: enter: usecase(1: low-latency-playback) kvpairs: routing=131072
11-10 05:44:00.941: D/audio_hw_primary(376): select_devices: out_snd_device(6: line) in_snd_device(0: none)
11-10 05:44:00.941: D/msm8974_platform(376): platform_send_audio_calibration: sending audio calibration for snd_device(6) acdb_id(77)
11-10 05:44:00.941: D/audio_hw_primary(376): enable_snd_device: snd_device(6: line)
11-10 05:44:00.954: D/audio_hw_primary(376): enable_audio_route: apply and update mixer path: low-latency-playback
11-10 05:44:01.030: D/AudioFlinger(376): mixer(0xb3e40000) throttle end: throttle time(12)
11-10 05:44:01.352: D/WifiStateMachine(888): starting scan for "wl-ftl-mt39-1-5"WPA_PSK with 5500,5825,5200
11-10 05:44:02.223: I/Choreographer(26916): Skipped 76 frames!  The application may be doing too much work on its main thread.
11-10 05:44:02.235: I/art(26916): Note: end time exceeds epoch: 
11-10 05:44:02.847: I/art(26916): Note: end time exceeds epoch: 
11-10 05:44:03.178: I/art(26916): Note: end time exceeds epoch: 
11-10 05:44:03.353: I/art(26916): Note: end time exceeds epoch: 
11-10 05:44:03.476: I/art(26916): Note: end time exceeds epoch: 
11-10 05:44:03.584: I/art(26916): Note: end time exceeds epoch: 
11-10 05:44:03.647: I/art(26916): Note: end time exceeds epoch: 
11-10 05:44:03.682: I/ThermalEngine(386): ACTION: CPU - Setting CPU[0] to 2572800
11-10 05:44:03.683: I/ThermalEngine(386): ACTION: CPU - Setting CPU[1] to 2572800
11-10 05:44:03.683: I/ThermalEngine(386): ACTION: CPU - Setting CPU[2] to 2572800
11-10 05:44:03.683: I/ThermalEngine(386): ACTION: CPU - Setting CPU[3] to 2572800
11-10 05:44:03.705: I/art(26916): Note: end time exceeds epoch: 
11-10 05:44:03.748: I/ThermalEngine(386): ACTION: CPU - Setting CPU[0] to 2496000
11-10 05:44:03.748: I/ThermalEngine(386): ACTION: CPU - Setting CPU[1] to 2496000
11-10 05:44:03.748: I/ThermalEngine(386): ACTION: CPU - Setting CPU[2] to 2496000
11-10 05:44:03.748: I/ThermalEngine(386): ACTION: CPU - Setting CPU[3] to 2496000
11-10 05:44:03.802: I/art(26916): Note: end time exceeds epoch: 
11-10 05:44:03.813: I/ThermalEngine(386): ACTION: CPU - Setting CPU[0] to 2572800
11-10 05:44:03.813: I/ThermalEngine(386): ACTION: CPU - Setting CPU[1] to 2572800
11-10 05:44:03.813: I/ThermalEngine(386): ACTION: CPU - Setting CPU[2] to 2572800
11-10 05:44:03.813: I/ThermalEngine(386): ACTION: CPU - Setting CPU[3] to 2572800
11-10 05:44:03.879: I/ThermalEngine(386): ACTION: CPU - Setting CPU[0] to 2649600
11-10 05:44:03.879: I/ThermalEngine(386): ACTION: CPU - Setting CPU[1] to 2649600
11-10 05:44:03.879: I/ThermalEngine(386): ACTION: CPU - Setting CPU[2] to 2649600
11-10 05:44:03.879: I/ThermalEngine(386): ACTION: CPU - Setting CPU[3] to 2649600
11-10 05:44:04.184: D/audio_hw_primary(376): disable_audio_route: reset and update mixer path: low-latency-playback
11-10 05:44:04.185: D/audio_hw_primary(376): disable_snd_device: snd_device(6: line)
11-10 05:44:04.262: I/ThermalEngine(386): ACTION: CPU - Setting CPU[0] to 2572800
11-10 05:44:04.262: I/ThermalEngine(386): ACTION: CPU - Setting CPU[1] to 2572800
11-10 05:44:04.262: I/ThermalEngine(386): ACTION: CPU - Setting CPU[2] to 2572800
11-10 05:44:04.262: I/ThermalEngine(386): ACTION: CPU - Setting CPU[3] to 2572800
11-10 05:44:04.328: I/ThermalEngine(386): ACTION: CPU - Setting CPU[0] to 2649600
11-10 05:44:04.328: I/ThermalEngine(386): ACTION: CPU - Setting CPU[1] to 2649600
11-10 05:44:04.328: I/ThermalEngine(386): ACTION: CPU - Setting CPU[2] to 2649600
11-10 05:44:04.328: I/ThermalEngine(386): ACTION: CPU - Setting CPU[3] to 2649600
11-10 05:44:04.647: I/ViewInteraction(26916): Performing 'single click' action on view with id: com.example.concurrencyeval:id/cs_run_button
11-10 05:44:04.691: D/audio_hw_primary(376): out_set_parameters: enter: usecase(1: low-latency-playback) kvpairs: routing=131072
11-10 05:44:04.704: D/audio_hw_primary(376): select_devices: out_snd_device(6: line) in_snd_device(0: none)
11-10 05:44:04.704: D/msm8974_platform(376): platform_send_audio_calibration: sending audio calibration for snd_device(6) acdb_id(77)
11-10 05:44:04.704: D/audio_hw_primary(376): enable_snd_device: snd_device(6: line)
11-10 05:44:04.713: D/audio_hw_primary(376): enable_audio_route: apply and update mixer path: low-latency-playback
11-10 05:44:04.792: D/AudioFlinger(376): mixer(0xb3e40000) throttle end: throttle time(12)
11-10 05:44:05.940: I/Choreographer(26916): Skipped 74 frames!  The application may be doing too much work on its main thread.
11-10 05:44:05.949: I/art(26916): Note: end time exceeds epoch: 
11-10 05:44:06.518: I/art(26916): Note: end time exceeds epoch: 
11-10 05:44:06.869: I/art(26916): Note: end time exceeds epoch: 
11-10 05:44:07.043: I/art(26916): Note: end time exceeds epoch: 
11-10 05:44:07.173: I/art(26916): Note: end time exceeds epoch: 
11-10 05:44:07.273: I/art(26916): Note: end time exceeds epoch: 
11-10 05:44:07.396: I/art(26916): Note: end time exceeds epoch: 
11-10 05:44:07.472: I/ThermalEngine(386): ACTION: CPU - Setting CPU[0] to 2572800
11-10 05:44:07.472: I/ThermalEngine(386): ACTION: CPU - Setting CPU[1] to 2572800
11-10 05:44:07.472: I/ThermalEngine(386): ACTION: CPU - Setting CPU[2] to 2572800
11-10 05:44:07.472: I/ThermalEngine(386): ACTION: CPU - Setting CPU[3] to 2572800
11-10 05:44:07.537: I/ThermalEngine(386): ACTION: CPU - Setting CPU[0] to 2496000
11-10 05:44:07.537: I/ThermalEngine(386): ACTION: CPU - Setting CPU[1] to 2496000
11-10 05:44:07.537: I/ThermalEngine(386): ACTION: CPU - Setting CPU[2] to 2496000
11-10 05:44:07.537: I/ThermalEngine(386): ACTION: CPU - Setting CPU[3] to 2496000
11-10 05:44:07.582: I/art(26916): Note: end time exceeds epoch: 
11-10 05:44:07.603: I/ThermalEngine(386): ACTION: CPU - Setting CPU[0] to 2457600
11-10 05:44:07.603: I/ThermalEngine(386): ACTION: CPU - Setting CPU[1] to 2457600
11-10 05:44:07.603: I/ThermalEngine(386): ACTION: CPU - Setting CPU[2] to 2457600
11-10 05:44:07.603: I/ThermalEngine(386): ACTION: CPU - Setting CPU[3] to 2457600
11-10 05:44:07.668: I/ThermalEngine(386): ACTION: CPU - Setting CPU[0] to 2496000
11-10 05:44:07.668: I/ThermalEngine(386): ACTION: CPU - Setting CPU[1] to 2496000
11-10 05:44:07.668: I/ThermalEngine(386): ACTION: CPU - Setting CPU[2] to 2496000
11-10 05:44:07.668: I/ThermalEngine(386): ACTION: CPU - Setting CPU[3] to 2496000
11-10 05:44:07.733: I/ThermalEngine(386): ACTION: CPU - Setting CPU[0] to 2572800
11-10 05:44:07.734: I/ThermalEngine(386): ACTION: CPU - Setting CPU[1] to 2572800
11-10 05:44:07.734: I/ThermalEngine(386): ACTION: CPU - Setting CPU[2] to 2572800
11-10 05:44:07.734: I/ThermalEngine(386): ACTION: CPU - Setting CPU[3] to 2572800
11-10 05:44:07.799: I/ThermalEngine(386): ACTION: CPU - Setting CPU[0] to 2649600
11-10 05:44:07.799: I/ThermalEngine(386): ACTION: CPU - Setting CPU[1] to 2649600
11-10 05:44:07.799: I/ThermalEngine(386): ACTION: CPU - Setting CPU[2] to 2649600
11-10 05:44:07.799: I/ThermalEngine(386): ACTION: CPU - Setting CPU[3] to 2649600
11-10 05:44:07.947: D/audio_hw_primary(376): disable_audio_route: reset and update mixer path: low-latency-playback
11-10 05:44:07.948: D/audio_hw_primary(376): disable_snd_device: snd_device(6: line)
11-10 05:44:08.114: I/ThermalEngine(386): ACTION: CPU - Setting CPU[0] to 2572800
11-10 05:44:08.114: I/ThermalEngine(386): ACTION: CPU - Setting CPU[1] to 2572800
11-10 05:44:08.114: I/ThermalEngine(386): ACTION: CPU - Setting CPU[2] to 2572800
11-10 05:44:08.114: I/ThermalEngine(386): ACTION: CPU - Setting CPU[3] to 2572800
11-10 05:44:08.179: I/ThermalEngine(386): ACTION: CPU - Setting CPU[0] to 2649600
11-10 05:44:08.180: I/ThermalEngine(386): ACTION: CPU - Setting CPU[1] to 2649600
11-10 05:44:08.180: I/ThermalEngine(386): ACTION: CPU - Setting CPU[2] to 2649600
11-10 05:44:08.180: I/ThermalEngine(386): ACTION: CPU - Setting CPU[3] to 2649600
11-10 05:44:08.335: I/ViewInteraction(26916): Performing 'replace text()' action on view with id: com.example.concurrencyeval:id/cs_et_tasks
11-10 05:44:08.358: I/ViewInteraction(26916): Performing 'type text(16)' action on view with id: com.example.concurrencyeval:id/cs_et_tasks
11-10 05:44:08.402: I/Keyboard.Facilitator(1668): onStartInput()
11-10 05:44:08.407: I/LatinIME(1668): Starting input. Cursor position = 1,1
11-10 05:44:08.436: I/Keyboard.Facilitator(1668): resetDictionaries() : no-op
11-10 05:44:08.437: I/StatsUtilsManager(1668): onLoadSettings()
11-10 05:44:08.632: D/UiControllerImpl(26916): Injecting string: "16"
11-10 05:44:08.656: D/EmojiAltPhysicalKeyDetector(1668): onKeyUp() : KeyEvent { action=ACTION_UP, keyCode=KEYCODE_1, scanCode=0, metaState=0, flags=0x8, repeatCount=0, eventTime=119901192, downTime=119901170, deviceId=-1, source=0x101 }
11-10 05:44:08.656: D/EmojiAltPhysicalKeyDetector(1668): onKeyUp() : Not Mapped: 8
11-10 05:44:08.673: D/EmojiAltPhysicalKeyDetector(1668): onKeyUp() : KeyEvent { action=ACTION_UP, keyCode=KEYCODE_6, scanCode=0, metaState=0, flags=0x8, repeatCount=0, eventTime=119901208, downTime=119901170, deviceId=-1, source=0x101 }
11-10 05:44:08.673: D/EmojiAltPhysicalKeyDetector(1668): onKeyUp() : Not Mapped: 13
11-10 05:44:08.675: I/ViewInteraction(26916): Performing 'single click' action on view with id: com.example.concurrencyeval:id/cs_et_tasks
11-10 05:44:08.937: I/ViewInteraction(26916): Performing 'close keyboard' action on view is a root view.
11-10 05:44:09.245: I/ViewInteraction(26916): Performing 'single click' action on view with id: com.example.concurrencyeval:id/cs_run_button
11-10 05:44:09.291: D/audio_hw_primary(376): out_set_parameters: enter: usecase(1: low-latency-playback) kvpairs: routing=131072
11-10 05:44:09.303: D/audio_hw_primary(376): select_devices: out_snd_device(6: line) in_snd_device(0: none)
11-10 05:44:09.303: D/msm8974_platform(376): platform_send_audio_calibration: sending audio calibration for snd_device(6) acdb_id(77)
11-10 05:44:09.303: D/audio_hw_primary(376): enable_snd_device: snd_device(6: line)
11-10 05:44:09.314: D/audio_hw_primary(376): enable_audio_route: apply and update mixer path: low-latency-playback
11-10 05:44:10.637: I/Choreographer(26916): Skipped 80 frames!  The application may be doing too much work on its main thread.
11-10 05:44:10.652: I/art(26916): Note: end time exceeds epoch: 
11-10 05:44:10.668: W/art(26916): Suspending all threads took: 5.253ms
11-10 05:44:10.671: I/art(26916): Background sticky concurrent mark sweep GC freed 6462(223KB) AllocSpace objects, 0(0B) LOS objects, 0% free, 52MB/52MB, paused 7.784ms total 25.503ms
11-10 05:44:10.720: I/art(26916): Note: end time exceeds epoch: 
11-10 05:44:10.752: I/art(26916): Note: end time exceeds epoch: 
11-10 05:44:10.753: I/art(26916): Note: end time exceeds epoch: 
11-10 05:44:10.757: I/art(26916): Note: end time exceeds epoch: 
11-10 05:44:10.760: I/art(26916): Note: end time exceeds epoch: 
11-10 05:44:10.802: I/art(26916): Note: end time exceeds epoch: 
11-10 05:44:10.847: I/art(26916): Note: end time exceeds epoch: 
11-10 05:44:10.930: I/art(26916): Note: end time exceeds epoch: 
11-10 05:44:10.951: I/art(26916): Note: end time exceeds epoch: 
11-10 05:44:10.952: I/art(26916): Note: end time exceeds epoch: 
11-10 05:44:10.954: I/art(26916): Note: end time exceeds epoch: 
11-10 05:44:10.960: I/art(26916): Note: end time exceeds epoch: 
11-10 05:44:10.979: I/art(26916): Note: end time exceeds epoch: 
11-10 05:44:10.983: I/art(26916): Note: end time exceeds epoch: 
11-10 05:44:10.985: I/art(26916): Note: end time exceeds epoch: 
11-10 05:44:10.992: I/art(26916): Note: end time exceeds epoch: 
11-10 05:44:11.003: I/art(26916): Note: end time exceeds epoch: 
11-10 05:44:11.010: I/art(26916): Note: end time exceeds epoch: 
11-10 05:44:11.068: I/art(26916): Note: end time exceeds epoch: 
11-10 05:44:11.076: I/art(26916): Note: end time exceeds epoch: 
11-10 05:44:11.079: I/art(26916): Note: end time exceeds epoch: 
11-10 05:44:11.084: I/art(26916): Note: end time exceeds epoch: 
11-10 05:44:11.085: I/art(26916): Note: end time exceeds epoch: 
11-10 05:44:11.088: I/art(26916): Note: end time exceeds epoch: 
11-10 05:44:11.099: I/art(26916): Note: end time exceeds epoch: 
11-10 05:44:11.100: I/art(26916): Note: end time exceeds epoch: 
11-10 05:44:11.110: I/art(26916): Note: end time exceeds epoch: 
11-10 05:44:11.113: I/art(26916): Note: end time exceeds epoch: 
11-10 05:44:11.116: I/art(26916): Note: end time exceeds epoch: 
11-10 05:44:11.181: I/art(26916): Note: end time exceeds epoch: 
11-10 05:44:11.190: I/art(26916): Note: end time exceeds epoch: 
11-10 05:44:11.197: I/ThermalEngine(386): ACTION: CPU - Setting CPU[0] to 2572800
11-10 05:44:11.197: I/ThermalEngine(386): ACTION: CPU - Setting CPU[1] to 2572800
11-10 05:44:11.197: I/ThermalEngine(386): ACTION: CPU - Setting CPU[2] to 2572800
11-10 05:44:11.197: I/ThermalEngine(386): ACTION: CPU - Setting CPU[3] to 2572800
11-10 05:44:11.198: I/art(26916): Note: end time exceeds epoch: 
11-10 05:44:11.202: I/art(26916): Note: end time exceeds epoch: 
