11-10 05:37:57.131: I/GCoreUlr(4783): Successfully sent flags updated to controllers.
11-10 05:37:57.132: I/GCoreUlr(4783): WorldUpdater:com.google.gservices.intent.action.GSERVICES_CHANGED: Ensuring that reporting is stopped because of reasons: (no Google accounts)
11-10 05:37:57.149: I/GeofencerStateMachine(4783): sendQueryLocationOptIn
11-10 05:37:57.154: I/GCoreUlr(4783): Unbound from all signal providers.
11-10 05:37:57.159: I/GCoreUlr(4783): Successfully accounts update
11-10 05:37:57.170: I/ModuleSetUtils(4843): Assembling ModuleSetRecord for container:19420: []
11-10 05:37:57.171: I/ModuleSetMgr(4843): Pending container Zapp APKs: []
11-10 05:37:57.172: I/ModuleSetMgr(4843): Pending non-container Zapp APKs: []
11-10 05:37:57.180: I/SystemUpdate(4843): [Installation,ReceiverIntentOperation] Received intent: Intent { act=com.google.gservices.intent.action.GSERVICES_CHANGED flg=0x10 cmp=com.google.android.gms/.chimera.GmsIntentOperationService$PersistentInternalReceiver }.
11-10 05:37:57.185: I/GeofencerStateMachine(4783): sendQueryLocationOptIn
11-10 05:37:57.188: I/OcrModelUpStIntentOp(4843): Updating ocr activity enabled=true (phenotypeFlag=true, lowRamDevice=false, prereqCheck=true)
11-10 05:37:57.197: I/OcrModelUpStIntentOp(4843): Downloading text recognizer
11-10 05:37:57.205: W/DynamiteModule(4843): Local module descriptor class for providerinstaller not found.
11-10 05:37:57.205: I/DynamiteModule(4843): Considering local module providerinstaller:0 and remote module providerinstaller:0
11-10 05:37:57.205: W/ProviderInstaller(4843): Failed to load providerinstaller module: No acceptable module found. Local version is 0 and remote version is 0.
11-10 05:37:57.220: W/DynamiteModule(4843): Local module descriptor class for providerinstaller not found.
11-10 05:37:57.222: I/DynamiteModule(4843): Considering local module providerinstaller:0 and remote module providerinstaller:0
11-10 05:37:57.222: W/ProviderInstaller(4843): Failed to load providerinstaller module: No acceptable module found. Local version is 0 and remote version is 0.
11-10 05:37:57.225: W/ChimeraUtils(4843): Non Chimera context
11-10 05:37:57.225: W/ChimeraUtils(4843): Non Chimera context
11-10 05:37:57.228: W/DynamiteModule(4843): Local module descriptor class for providerinstaller not found.
11-10 05:37:57.228: I/DynamiteModule(4843): Considering local module providerinstaller:0 and remote module providerinstaller:0
11-10 05:37:57.228: W/ProviderInstaller(4843): Failed to load providerinstaller module: No acceptable module found. Local version is 0 and remote version is 0.
11-10 05:37:57.235: I/GservicesProvider(4822): override update completed
11-10 05:37:57.238: I/GCoreUlr(4783): Unbound from all signal providers.
11-10 05:37:57.239: I/GCoreUlr(4783): Stopping handler for UlrDispSvcFast
11-10 05:37:57.241: I/GeofencerStateMachine(4783): sendQueryLocationOptIn
11-10 05:37:57.246: I/GCoreUlr(4783): Successfully accounts update
11-10 05:37:57.247: W/DynamiteModule(4843): Local module descriptor class for providerinstaller not found.
11-10 05:37:57.249: I/DynamiteModule(4843): Considering local module providerinstaller:0 and remote module providerinstaller:0
11-10 05:37:57.249: W/ProviderInstaller(4843): Failed to load providerinstaller module: No acceptable module found. Local version is 0 and remote version is 0.
11-10 05:37:57.266: I/TestSupport(4843): Broadcast sent: finsky.daily_hygiene_schedule_unauthenticated
11-10 05:37:57.271: I/GeofencerStateMachine(4783): sendQueryLocationOptIn
11-10 05:37:57.275: I/Vision(4843): Requesting optional module download of ocr.
11-10 05:37:57.278: I/Vision(4843): Checking for download completion for 119589815 -- ocr
11-10 05:37:57.304: E/ConfigUpdater(25838): Received malformed URL while handling Gservices.CHANGED_ACTION intent_firewall: null null
11-10 05:37:57.305: W/DynamiteModule(4843): Local module descriptor class for providerinstaller not found.
11-10 05:37:57.305: I/DynamiteModule(4843): Considering local module providerinstaller:0 and remote module providerinstaller:0
11-10 05:37:57.305: W/ProviderInstaller(4843): Failed to load providerinstaller module: No acceptable module found. Local version is 0 and remote version is 0.
11-10 05:37:57.308: E/ConfigUpdater(25838): Received malformed URL while handling Gservices.CHANGED_ACTION apn_db: null null
11-10 05:37:57.312: E/ConfigUpdater(25838): Received malformed URL while handling Gservices.CHANGED_ACTION tzdata: null null
11-10 05:37:57.313: E/ConfigUpdater(25838): Received malformed URL while handling Gservices.CHANGED_ACTION selinux: null null
11-10 05:37:57.315: E/ConfigUpdater(25838): Received malformed URL while handling Gservices.CHANGED_ACTION carrier_provisioning_urls: null null
11-10 05:37:57.317: I/TestSupport(4843): GServices override confirmed: finsky.daily_hygiene_schedule_unauthenticated=false
11-10 05:37:57.319: I/TSDRIVER(25809): Handled command: PACKAGE
11-10 05:37:57.321: W/DynamiteModule(4843): Local module descriptor class for providerinstaller not found.
11-10 05:37:57.321: I/DynamiteModule(4843): Considering local module providerinstaller:0 and remote module providerinstaller:0
11-10 05:37:57.321: W/ProviderInstaller(4843): Failed to load providerinstaller module: No acceptable module found. Local version is 0 and remote version is 0.
11-10 05:37:57.343: I/Backup(4843): [GmsBackupStatusChangeReceiver] Going to enable gms backup transport.
11-10 05:37:57.348: W/DynamiteModule(4843): Local module descriptor class for providerinstaller not found.
11-10 05:37:57.349: I/DynamiteModule(4843): Considering local module providerinstaller:0 and remote module providerinstaller:0
11-10 05:37:57.349: W/ProviderInstaller(4843): Failed to load providerinstaller module: No acceptable module found. Local version is 0 and remote version is 0.
11-10 05:37:57.350: I/GservicesUpdateTask(22264): Updating Gservices keys
11-10 05:37:57.365: W/DynamiteModule(4843): Local module descriptor class for providerinstaller not found.
11-10 05:37:57.365: I/DynamiteModule(4843): Considering local module providerinstaller:0 and remote module providerinstaller:0
11-10 05:37:57.365: W/ProviderInstaller(4843): Failed to load providerinstaller module: No acceptable module found. Local version is 0 and remote version is 0.
11-10 05:37:57.368: I/Herrevad(4783): [801] acas.a: updateListenState
11-10 05:37:57.368: I/NetRec(4783): [800] akrh.a: onConfigChanged()
11-10 05:37:57.374: I/NetRec(4783): [800] akrh.a: Cancelling all NetRec GCM tasks
11-10 05:37:57.382: I/NetRec(4783): [799] ClearDatabaseService.onHandleIntent: Clearing score cache
11-10 05:37:57.426: I/GmsModuleFndr(4843): Beginning GMS chimera module scan
11-10 05:37:57.430: I/ModuleSetMgr(4843): Computing pending module set with APKs: {file:///data/app/com.google.android.gms-1/base.apk}
11-10 05:37:57.443: I/ModuleSetUtils(4843): Assembling ModuleSetRecord for container:19420: []
11-10 05:37:57.444: I/ModuleSetMgr(4843): Pending container Zapp APKs: []
11-10 05:37:57.444: I/ModuleSetMgr(4843): Pending non-container Zapp APKs: []
11-10 05:37:57.463: I/GmsModuleFndr(4843): Beginning GMS chimera module scan
11-10 05:37:57.467: I/ModuleSetMgr(4843): Computing pending module set with APKs: {file:///data/app/com.google.android.gms-1/base.apk}
11-10 05:37:57.473: I/ModuleSetUtils(4843): Assembling ModuleSetRecord for container:19420: []
11-10 05:37:57.474: I/ModuleSetMgr(4843): Pending container Zapp APKs: []
11-10 05:37:57.474: I/ModuleSetMgr(4843): Pending non-container Zapp APKs: []
11-10 05:37:57.481: I/GCoreUlr(4783): WorldUpdater received intent Intent { act=com.google.android.location.reporting.ACTION_UPDATE_WORLD cmp=com.google.android.gms/com.google.android.location.reporting.service.DispatchingService (has extras) } with receiverAction com.google.gservices.intent.action.GSERVICES_CHANGED
11-10 05:37:57.506: I/GeofencerStateMachine(4783): sendQueryLocationOptIn
11-10 05:37:57.508: W/ChimeraUtils(4843): Non Chimera context
11-10 05:37:57.509: I/GeofencerStateMachine(4783): sendQueryLocationOptIn
11-10 05:37:57.517: I/CAR.SETUP(4843): update Car DrivingMode components to false [CONTEXT service_id=13 ]
11-10 05:37:57.520: I/ChromeSync(4843): [Sync,SyncIntentOperation] Handling the intent: Intent { act=com.google.gservices.intent.action.GSERVICES_CHANGED flg=0x10 cmp=com.google.android.gms/.chimera.GmsIntentOperationService$PersistentInternalReceiver }.
11-10 05:37:57.522: I/GCoreUlr(4783): Successfully sent flags updated to controllers.
11-10 05:37:57.525: I/GeofencerStateMachine(4783): sendQueryLocationOptIn
11-10 05:37:57.527: D/NetlinkSocketObserver(888): NeighborEvent{elapsedMs=119530064, 10.10.162.1, [0010DBFF1003], RTM_NEWNEIGH, NUD_REACHABLE}
11-10 05:37:57.533: W/DynamiteModule(4843): Local module descriptor class for providerinstaller not found.
11-10 05:37:57.533: I/DynamiteModule(4843): Considering local module providerinstaller:0 and remote module providerinstaller:0
11-10 05:37:57.533: W/ProviderInstaller(4843): Failed to load providerinstaller module: No acceptable module found. Local version is 0 and remote version is 0.
11-10 05:37:57.538: W/DynamiteModule(4843): Local module descriptor class for providerinstaller not found.
11-10 05:37:57.538: I/DynamiteModule(4843): Considering local module providerinstaller:0 and remote module providerinstaller:0
11-10 05:37:57.538: W/ProviderInstaller(4843): Failed to load providerinstaller module: No acceptable module found. Local version is 0 and remote version is 0.
11-10 05:37:57.546: W/DynamiteModule(4843): Local module descriptor class for providerinstaller not found.
11-10 05:37:57.546: I/DynamiteModule(4843): Considering local module providerinstaller:0 and remote module providerinstaller:0
11-10 05:37:57.546: W/ProviderInstaller(4843): Failed to load providerinstaller module: No acceptable module found. Local version is 0 and remote version is 0.
11-10 05:37:57.549: I/MobileDataHub(4843): Scheduling periodic tasks
11-10 05:37:57.558: W/DynamiteModule(4843): Local module descriptor class for providerinstaller not found.
11-10 05:37:57.558: I/DynamiteModule(4843): Considering local module providerinstaller:0 and remote module providerinstaller:0
11-10 05:37:57.558: W/ProviderInstaller(4843): Failed to load providerinstaller module: No acceptable module found. Local version is 0 and remote version is 0.
11-10 05:37:57.570: I/GeofencerStateMachine(4783): sendQueryLocationOptIn
11-10 05:37:57.580: W/DynamiteModule(4843): Local module descriptor class for providerinstaller not found.
11-10 05:37:57.580: I/DynamiteModule(4843): Considering local module providerinstaller:0 and remote module providerinstaller:0
11-10 05:37:57.580: W/ProviderInstaller(4843): Failed to load providerinstaller module: No acceptable module found. Local version is 0 and remote version is 0.
11-10 05:37:57.588: I/GeofencerStateMachine(4783): sendQueryLocationOptIn
11-10 05:37:57.598: I/GeofencerStateMachine(4783): sendQueryLocationOptIn
11-10 05:37:57.601: W/DynamiteModule(4843): Local module descriptor class for providerinstaller not found.
11-10 05:37:57.602: I/DynamiteModule(4843): Considering local module providerinstaller:0 and remote module providerinstaller:0
11-10 05:37:57.602: W/ProviderInstaller(4843): Failed to load providerinstaller module: No acceptable module found. Local version is 0 and remote version is 0.
11-10 05:37:57.610: I/GeofencerStateMachine(4783): sendQueryLocationOptIn
11-10 05:37:57.614: W/DynamiteModule(4843): Local module descriptor class for providerinstaller not found.
11-10 05:37:57.614: I/DynamiteModule(4843): Considering local module providerinstaller:0 and remote module providerinstaller:0
11-10 05:37:57.614: W/ProviderInstaller(4843): Failed to load providerinstaller module: No acceptable module found. Local version is 0 and remote version is 0.
11-10 05:37:57.619: I/GeofencerStateMachine(4783): sendQueryLocationOptIn
11-10 05:37:57.621: W/DynamiteModule(4843): Local module descriptor class for providerinstaller not found.
11-10 05:37:57.622: I/DynamiteModule(4843): Considering local module providerinstaller:0 and remote module providerinstaller:0
11-10 05:37:57.622: W/ProviderInstaller(4843): Failed to load providerinstaller module: No acceptable module found. Local version is 0 and remote version is 0.
11-10 05:37:57.634: I/SystemUpdate(4843): [Installation,ReceiverIntentOperation] Received intent: Intent { act=com.google.gservices.intent.action.GSERVICES_CHANGED flg=0x10 cmp=com.google.android.gms/.chimera.GmsIntentOperationService$PersistentInternalReceiver }.
11-10 05:37:57.643: I/MS_RegisterService(4843): Tachyon host: instantmessaging-pa.googleapis.com, Tachyon port: 443
11-10 05:37:57.635: I/GCoreUlr(4783): WorldUpdater:com.google.gservices.intent.action.GSERVICES_CHANGED: Ensuring that reporting is stopped because of reasons: (no Google accounts)
11-10 05:37:57.665: I/MS_RegisterService(4843): RegisterService intent:Intent { act=com.google.android.gms.matchstick.register_intent_action cat=[targeted_intent_op_prefix:com.google.android.libraries.matchstick.net.SilentRegisterIntentOperation] cmp=com.google.android.gms/.chimera.GmsIntentOperationService } isPeriodic:false
11-10 05:37:57.667: I/MS_Utils(4843): version of com.google.android.apps.maps = 913012024
11-10 05:37:57.701: I/GmsModuleFndr(4843): Beginning GMS chimera module scan
11-10 05:37:57.714: I/ModuleSetMgr(4843): Computing pending module set with APKs: {file:///data/app/com.google.android.gms-1/base.apk}
11-10 05:37:57.723: I/ModuleSetUtils(4843): Assembling ModuleSetRecord for container:19420: []
11-10 05:37:57.726: W/MS_RegisterService(4843): Not eligible for registration.
11-10 05:37:57.728: I/ModuleSetMgr(4843): Pending container Zapp APKs: []
11-10 05:37:57.728: I/ModuleSetMgr(4843): Pending non-container Zapp APKs: []
11-10 05:37:57.742: I/GCoreUlr(4783): Unbound from all signal providers.
11-10 05:37:57.743: I/GCoreUlr(4783): Successfully accounts update
11-10 05:37:57.747: I/art(4843): Background partial concurrent mark sweep GC freed 38297(2MB) AllocSpace objects, 31(8MB) LOS objects, 31% free, 35MB/51MB, paused 1.739ms total 121.647ms
11-10 05:37:57.767: I/GCoreUlr(4783): Unbound from all signal providers.
11-10 05:37:57.768: I/GCoreUlr(4783): Stopping handler for UlrDispSvcFast
11-10 05:37:57.769: I/GCoreUlr(4783): Successfully accounts update
11-10 05:37:57.771: I/GCoreUlr(4783): DispatchingService ignoring Intent { act=android.net.wifi.WIFI_STATE_CHANGED flg=0x4000010 (has extras) } because ULR inactive
11-10 05:37:57.789: W/DynamiteModule(4843): Local module descriptor class for providerinstaller not found.
11-10 05:37:57.789: I/DynamiteModule(4843): Considering local module providerinstaller:0 and remote module providerinstaller:0
11-10 05:37:57.789: W/ProviderInstaller(4843): Failed to load providerinstaller module: No acceptable module found. Local version is 0 and remote version is 0.
11-10 05:37:57.794: W/DynamiteModule(4843): Local module descriptor class for providerinstaller not found.
11-10 05:37:57.794: I/DynamiteModule(4843): Considering local module providerinstaller:0 and remote module providerinstaller:0
11-10 05:37:57.794: W/ProviderInstaller(4843): Failed to load providerinstaller module: No acceptable module found. Local version is 0 and remote version is 0.
11-10 05:37:57.800: W/DynamiteModule(4843): Local module descriptor class for providerinstaller not found.
11-10 05:37:57.800: I/DynamiteModule(4843): Considering local module providerinstaller:0 and remote module providerinstaller:0
11-10 05:37:57.800: W/ProviderInstaller(4843): Failed to load providerinstaller module: No acceptable module found. Local version is 0 and remote version is 0.
11-10 05:37:57.803: I/OcrModelUpStIntentOp(4843): Updating ocr activity enabled=true (phenotypeFlag=true, lowRamDevice=false, prereqCheck=true)
11-10 05:37:57.805: I/OcrModelUpStIntentOp(4843): Downloading text recognizer
11-10 05:37:57.810: I/GmsModuleFndr(4843): Beginning GMS chimera module scan
11-10 05:37:57.812: I/Vision(4843): Requesting optional module download of ocr.
11-10 05:37:57.812: I/Vision(4843): Checking for download completion for 119590349 -- ocr
11-10 05:37:57.814: W/DynamiteModule(4843): Local module descriptor class for providerinstaller not found.
11-10 05:37:57.814: I/DynamiteModule(4843): Considering local module providerinstaller:0 and remote module providerinstaller:0
11-10 05:37:57.814: W/ProviderInstaller(4843): Failed to load providerinstaller module: No acceptable module found. Local version is 0 and remote version is 0.
11-10 05:37:57.818: I/ModuleSetMgr(4843): Computing pending module set with APKs: {file:///data/app/com.google.android.gms-1/base.apk}
11-10 05:37:57.824: I/ModuleSetUtils(4843): Assembling ModuleSetRecord for container:19420: []
11-10 05:37:57.825: I/ModuleSetMgr(4843): Pending container Zapp APKs: []
11-10 05:37:57.825: I/ModuleSetMgr(4843): Pending non-container Zapp APKs: []
11-10 05:37:57.847: W/DynamiteModule(4843): Local module descriptor class for providerinstaller not found.
11-10 05:37:57.847: I/DynamiteModule(4843): Considering local module providerinstaller:0 and remote module providerinstaller:0
11-10 05:37:57.847: W/ProviderInstaller(4843): Failed to load providerinstaller module: No acceptable module found. Local version is 0 and remote version is 0.
11-10 05:37:57.855: W/ChimeraUtils(4843): Non Chimera context
11-10 05:37:57.858: I/ChromeSync(4843): [Sync,SyncIntentOperation] Handling the intent: Intent { act=com.google.gservices.intent.action.GSERVICES_CHANGED flg=0x10 cmp=com.google.android.gms/.chimera.GmsIntentOperationService$PersistentInternalReceiver }.
11-10 05:37:57.863: I/CAR.SETUP(4843): update Car DrivingMode components to false [CONTEXT service_id=13 ]
11-10 05:37:57.869: I/OcrModelUpStIntentOp(4843): Updating ocr activity enabled=true (phenotypeFlag=true, lowRamDevice=false, prereqCheck=true)
11-10 05:37:57.870: I/MobileDataHub(4843): Scheduling periodic tasks
11-10 05:37:57.870: I/OcrModelUpStIntentOp(4843): Downloading text recognizer
11-10 05:37:57.872: I/SystemUpdate(4843): [Installation,ReceiverIntentOperation] Received intent: Intent { act=com.google.gservices.intent.action.GSERVICES_CHANGED flg=0x10 cmp=com.google.android.gms/.chimera.GmsIntentOperationService$PersistentInternalReceiver }.
11-10 05:37:57.874: I/MS_RegisterService(4843): Tachyon host: instantmessaging-pa.googleapis.com, Tachyon port: 443
11-10 05:37:57.875: I/MS_Utils(4843): version of com.google.android.apps.maps = 913012024
11-10 05:37:57.885: I/Vision(4843): Requesting optional module download of ocr.
11-10 05:37:57.885: I/Vision(4843): Checking for download completion for 119590423 -- ocr
11-10 05:37:57.886: W/DynamiteModule(4843): Local module descriptor class for providerinstaller not found.
11-10 05:37:57.886: I/DynamiteModule(4843): Considering local module providerinstaller:0 and remote module providerinstaller:0
11-10 05:37:57.886: W/ProviderInstaller(4843): Failed to load providerinstaller module: No acceptable module found. Local version is 0 and remote version is 0.
11-10 05:37:57.888: I/MS_RegisterService(4843): RegisterService intent:Intent { act=com.google.android.gms.matchstick.register_intent_action cat=[targeted_intent_op_prefix:com.google.android.libraries.matchstick.net.SilentRegisterIntentOperation] cmp=com.google.android.gms/.chimera.GmsIntentOperationService } isPeriodic:false
11-10 05:37:57.892: W/ChimeraUtils(4843): Non Chimera context
11-10 05:37:57.892: W/ChimeraUtils(4843): Non Chimera context
11-10 05:37:57.903: W/DynamiteModule(4843): Local module descriptor class for providerinstaller not found.
11-10 05:37:57.903: I/DynamiteModule(4843): Considering local module providerinstaller:0 and remote module providerinstaller:0
11-10 05:37:57.903: W/ProviderInstaller(4843): Failed to load providerinstaller module: No acceptable module found. Local version is 0 and remote version is 0.
11-10 05:37:57.912: W/MS_RegisterService(4843): Not eligible for registration.
11-10 05:37:57.914: W/DynamiteModule(4843): Local module descriptor class for providerinstaller not found.
11-10 05:37:57.914: I/DynamiteModule(4843): Considering local module providerinstaller:0 and remote module providerinstaller:0
11-10 05:37:57.914: W/ProviderInstaller(4843): Failed to load providerinstaller module: No acceptable module found. Local version is 0 and remote version is 0.
11-10 05:37:57.963: I/GmsModuleFndr(4843): Beginning GMS chimera module scan
11-10 05:37:57.966: I/ModuleSetMgr(4843): Computing pending module set with APKs: {file:///data/app/com.google.android.gms-1/base.apk}
11-10 05:37:57.973: I/ModuleSetUtils(4843): Assembling ModuleSetRecord for container:19420: []
11-10 05:37:57.974: I/ModuleSetMgr(4843): Pending container Zapp APKs: []
11-10 05:37:57.974: I/ModuleSetMgr(4843): Pending non-container Zapp APKs: []
11-10 05:37:57.993: W/DynamiteModule(4843): Local module descriptor class for providerinstaller not found.
11-10 05:37:57.993: I/DynamiteModule(4843): Considering local module providerinstaller:0 and remote module providerinstaller:0
11-10 05:37:57.993: W/ProviderInstaller(4843): Failed to load providerinstaller module: No acceptable module found. Local version is 0 and remote version is 0.
11-10 05:37:57.997: W/DynamiteModule(4843): Local module descriptor class for providerinstaller not found.
11-10 05:37:57.997: I/DynamiteModule(4843): Considering local module providerinstaller:0 and remote module providerinstaller:0
11-10 05:37:57.997: W/ProviderInstaller(4843): Failed to load providerinstaller module: No acceptable module found. Local version is 0 and remote version is 0.
11-10 05:37:58.002: W/DynamiteModule(4843): Local module descriptor class for providerinstaller not found.
11-10 05:37:58.003: I/DynamiteModule(4843): Considering local module providerinstaller:0 and remote module providerinstaller:0
11-10 05:37:58.003: W/ProviderInstaller(4843): Failed to load providerinstaller module: No acceptable module found. Local version is 0 and remote version is 0.
11-10 05:37:58.010: W/DynamiteModule(4843): Local module descriptor class for providerinstaller not found.
11-10 05:37:58.010: I/DynamiteModule(4843): Considering local module providerinstaller:0 and remote module providerinstaller:0
11-10 05:37:58.010: W/ProviderInstaller(4843): Failed to load providerinstaller module: No acceptable module found. Local version is 0 and remote version is 0.
11-10 05:37:58.025: W/DynamiteModule(4843): Local module descriptor class for providerinstaller not found.
11-10 05:37:58.025: I/DynamiteModule(4843): Considering local module providerinstaller:0 and remote module providerinstaller:0
11-10 05:37:58.025: W/ProviderInstaller(4843): Failed to load providerinstaller module: No acceptable module found. Local version is 0 and remote version is 0.
11-10 05:37:58.042: W/DynamiteModule(4843): Local module descriptor class for providerinstaller not found.
11-10 05:37:58.042: I/DynamiteModule(4843): Considering local module providerinstaller:0 and remote module providerinstaller:0
11-10 05:37:58.042: W/ProviderInstaller(4843): Failed to load providerinstaller module: No acceptable module found. Local version is 0 and remote version is 0.
11-10 05:37:58.055: W/DynamiteModule(4843): Local module descriptor class for providerinstaller not found.
11-10 05:37:58.055: I/DynamiteModule(4843): Considering local module providerinstaller:0 and remote module providerinstaller:0
11-10 05:37:58.056: W/ProviderInstaller(4843): Failed to load providerinstaller module: No acceptable module found. Local version is 0 and remote version is 0.
11-10 05:37:58.062: W/DynamiteModule(4843): Local module descriptor class for providerinstaller not found.
11-10 05:37:58.063: I/DynamiteModule(4843): Considering local module providerinstaller:0 and remote module providerinstaller:0
11-10 05:37:58.063: W/ProviderInstaller(4843): Failed to load providerinstaller module: No acceptable module found. Local version is 0 and remote version is 0.
11-10 05:37:58.097: D/AndroidRuntime(25942): >>>>>> START com.android.internal.os.RuntimeInit uid 2000 <<<<<<
11-10 05:37:58.101: D/AndroidRuntime(25942): CheckJNI is OFF
11-10 05:37:58.108: I/GmsModuleFndr(4843): Beginning GMS chimera module scan
11-10 05:37:58.119: I/ModuleSetMgr(4843): Computing pending module set with APKs: {file:///data/app/com.google.android.gms-1/base.apk}
11-10 05:37:58.126: I/ModuleSetUtils(4843): Assembling ModuleSetRecord for container:19420: []
11-10 05:37:58.128: I/ModuleSetMgr(4843): Pending container Zapp APKs: []
11-10 05:37:58.128: I/ModuleSetMgr(4843): Pending non-container Zapp APKs: []
11-10 05:37:58.137: D/ICU(25942): No timezone override file found: /data/misc/zoneinfo/current/icu/icu_tzdata.dat
11-10 05:37:58.155: W/DynamiteModule(4843): Local module descriptor class for providerinstaller not found.
11-10 05:37:58.156: I/DynamiteModule(4843): Considering local module providerinstaller:0 and remote module providerinstaller:0
11-10 05:37:58.156: W/ProviderInstaller(4843): Failed to load providerinstaller module: No acceptable module found. Local version is 0 and remote version is 0.
11-10 05:37:58.161: W/DynamiteModule(4843): Local module descriptor class for providerinstaller not found.
11-10 05:37:58.161: I/DynamiteModule(4843): Considering local module providerinstaller:0 and remote module providerinstaller:0
11-10 05:37:58.161: W/ProviderInstaller(4843): Failed to load providerinstaller module: No acceptable module found. Local version is 0 and remote version is 0.
11-10 05:37:58.169: W/DynamiteModule(4843): Local module descriptor class for providerinstaller not found.
11-10 05:37:58.170: I/DynamiteModule(4843): Considering local module providerinstaller:0 and remote module providerinstaller:0
11-10 05:37:58.170: W/ProviderInstaller(4843): Failed to load providerinstaller module: No acceptable module found. Local version is 0 and remote version is 0.
11-10 05:37:58.177: I/Radio-JNI(25942): register_android_hardware_Radio DONE
11-10 05:37:58.179: W/DynamiteModule(4843): Local module descriptor class for providerinstaller not found.
11-10 05:37:58.179: I/DynamiteModule(4843): Considering local module providerinstaller:0 and remote module providerinstaller:0
11-10 05:37:58.179: W/ProviderInstaller(4843): Failed to load providerinstaller module: No acceptable module found. Local version is 0 and remote version is 0.
11-10 05:37:58.195: W/DynamiteModule(4843): Local module descriptor class for providerinstaller not found.
11-10 05:37:58.195: I/DynamiteModule(4843): Considering local module providerinstaller:0 and remote module providerinstaller:0
11-10 05:37:58.195: W/ProviderInstaller(4843): Failed to load providerinstaller module: No acceptable module found. Local version is 0 and remote version is 0.
11-10 05:37:58.197: D/AndroidRuntime(25942): Calling main entry com.android.commands.am.Am
11-10 05:37:58.202: D/AndroidRuntime(25942): Shutting down VM
11-10 05:37:58.205: I/TSDRIVER(25809): CommandService onHandleIntent()
11-10 05:37:58.206: I/TSDRIVER(25809): Got command: PACKAGE
11-10 05:37:58.207: I/TSDRIVER(25809): flag package: Eitjb20uZ29vZ2xlLmFuZHJvaWQuZ21zLmF1dGguYXBpLmNyZWRlbnRpYWxzGh4KGlNhdmVTdHJhdGVneV9fZW5hYmxlU2F2aW5nGAA
11-10 05:37:58.207: I/TSDRIVER(25809): flag package: com.google.android.gms.auth.api.credentials
11-10 05:37:58.214: W/DynamiteModule(4843): Local module descriptor class for providerinstaller not found.
11-10 05:37:58.214: I/DynamiteModule(4843): Considering local module providerinstaller:0 and remote module providerinstaller:0
11-10 05:37:58.214: I/TestSupport(4843): SetOverrideOperation: gms:phenotype:phenotype_flag:debug_bypass_phenotype = false
11-10 05:37:58.215: W/ProviderInstaller(4843): Failed to load providerinstaller module: No acceptable module found. Local version is 0 and remote version is 0.
11-10 05:37:58.228: W/DynamiteModule(4843): Local module descriptor class for providerinstaller not found.
11-10 05:37:58.228: I/DynamiteModule(4843): Considering local module providerinstaller:0 and remote module providerinstaller:0
11-10 05:37:58.229: W/ProviderInstaller(4843): Failed to load providerinstaller module: No acceptable module found. Local version is 0 and remote version is 0.
11-10 05:37:58.237: W/DynamiteModule(4843): Local module descriptor class for providerinstaller not found.
11-10 05:37:58.237: I/DynamiteModule(4843): Considering local module providerinstaller:0 and remote module providerinstaller:0
11-10 05:37:58.237: W/ProviderInstaller(4843): Failed to load providerinstaller module: No acceptable module found. Local version is 0 and remote version is 0.
11-10 05:37:58.275: I/GmsModuleFndr(4843): Beginning GMS chimera module scan
11-10 05:37:58.283: I/ModuleSetMgr(4843): Computing pending module set with APKs: {file:///data/app/com.google.android.gms-1/base.apk}
11-10 05:37:58.290: I/ModuleSetUtils(4843): Assembling ModuleSetRecord for container:19420: []
11-10 05:37:58.292: I/ModuleSetMgr(4843): Pending container Zapp APKs: []
11-10 05:37:58.292: I/ModuleSetMgr(4843): Pending non-container Zapp APKs: []
11-10 05:37:58.367: I/GservicesProvider(4822): override update completed
11-10 05:37:58.382: E/ConfigUpdater(25838): Received malformed URL while handling Gservices.CHANGED_ACTION intent_firewall: null null
11-10 05:37:58.386: E/ConfigUpdater(25838): Received malformed URL while handling Gservices.CHANGED_ACTION apn_db: null null
11-10 05:37:58.386: I/TestSupport(4843): Broadcast sent: gms:phenotype:phenotype_flag:debug_bypass_phenotype
11-10 05:37:58.386: I/TestSupport(4843): GServices override confirmed: gms:phenotype:phenotype_flag:debug_bypass_phenotype=false
11-10 05:37:58.390: E/ConfigUpdater(25838): Received malformed URL while handling Gservices.CHANGED_ACTION tzdata: null null
11-10 05:37:58.392: I/TestSupport(4843): SetFlagOverridesOperation: com.google.android.gms.auth.api.credentials, '', [Flag(SaveStrategy__enableSaving, false, 2, 0)]
11-10 05:37:58.398: E/ConfigUpdater(25838): Received malformed URL while handling Gservices.CHANGED_ACTION selinux: null null
11-10 05:37:58.400: E/ConfigUpdater(25838): Received malformed URL while handling Gservices.CHANGED_ACTION carrier_provisioning_urls: null null
11-10 05:37:58.450: I/Backup(4843): [GmsBackupStatusChangeReceiver] Going to enable gms backup transport.
11-10 05:37:58.468: I/Herrevad(4783): [799] acas.a: updateListenState
11-10 05:37:58.469: I/NetRec(4783): [800] akrh.a: onConfigChanged()
11-10 05:37:58.476: I/NetRec(4783): [800] akrh.a: Cancelling all NetRec GCM tasks
11-10 05:37:58.480: I/NetRec(4783): [803] ClearDatabaseService.onHandleIntent: Clearing score cache
11-10 05:37:58.483: I/GeofencerStateMachine(4783): sendQueryLocationOptIn
11-10 05:37:58.476: I/GservicesUpdateTask(22264): Updating Gservices keys
11-10 05:37:58.506: I/GmsModuleFndr(4843): Beginning GMS chimera module scan
11-10 05:37:58.510: I/ModuleSetMgr(4843): Computing pending module set with APKs: {file:///data/app/com.google.android.gms-1/base.apk}
11-10 05:37:58.528: I/ModuleSetUtils(4843): Assembling ModuleSetRecord for container:19420: []
11-10 05:37:58.530: I/ModuleSetMgr(4843): Pending container Zapp APKs: []
11-10 05:37:58.530: I/ModuleSetMgr(4843): Pending non-container Zapp APKs: []
11-10 05:37:58.542: I/GeofencerStateMachine(4783): sendQueryLocationOptIn
11-10 05:37:58.563: W/ChimeraUtils(4843): Non Chimera context
11-10 05:37:58.567: I/TestSupport(4843): AwaitCommitOperation: SaveStrategy__enableSaving
11-10 05:37:58.568: W/DynamiteModule(4843): Local module descriptor class for providerinstaller not found.
11-10 05:37:58.568: I/DynamiteModule(4843): Considering local module providerinstaller:0 and remote module providerinstaller:0
11-10 05:37:58.568: W/ProviderInstaller(4843): Failed to load providerinstaller module: No acceptable module found. Local version is 0 and remote version is 0.
11-10 05:37:58.572: I/GCoreUlr(4783): WorldUpdater received intent Intent { act=com.google.android.location.reporting.ACTION_UPDATE_WORLD cmp=com.google.android.gms/com.google.android.location.reporting.service.DispatchingService (has extras) } with receiverAction com.google.gservices.intent.action.GSERVICES_CHANGED
11-10 05:37:58.578: W/DynamiteModule(4843): Local module descriptor class for providerinstaller not found.
11-10 05:37:58.578: I/DynamiteModule(4843): Considering local module providerinstaller:0 and remote module providerinstaller:0
11-10 05:37:58.578: W/ProviderInstaller(4843): Failed to load providerinstaller module: No acceptable module found. Local version is 0 and remote version is 0.
11-10 05:37:58.585: I/ChromeSync(4843): [Sync,SyncIntentOperation] Handling the intent: Intent { act=com.google.gservices.intent.action.GSERVICES_CHANGED flg=0x10 cmp=com.google.android.gms/.chimera.GmsIntentOperationService$PersistentInternalReceiver }.
11-10 05:37:58.589: I/GCoreUlr(4783): Successfully sent flags updated to controllers.
11-10 05:37:58.591: I/CAR.SETUP(4843): update Car DrivingMode components to false [CONTEXT service_id=13 ]
11-10 05:37:58.592: W/DynamiteModule(4843): Local module descriptor class for providerinstaller not found.
11-10 05:37:58.593: I/DynamiteModule(4843): Considering local module providerinstaller:0 and remote module providerinstaller:0
11-10 05:37:58.593: W/ProviderInstaller(4843): Failed to load providerinstaller module: No acceptable module found. Local version is 0 and remote version is 0.
11-10 05:37:58.603: W/DynamiteModule(4843): Local module descriptor class for providerinstaller not found.
11-10 05:37:58.603: I/DynamiteModule(4843): Considering local module providerinstaller:0 and remote module providerinstaller:0
11-10 05:37:58.603: W/ProviderInstaller(4843): Failed to load providerinstaller module: No acceptable module found. Local version is 0 and remote version is 0.
11-10 05:37:58.618: I/GeofencerStateMachine(4783): sendQueryLocationOptIn
11-10 05:37:58.629: I/TestSupport(4843): AwaitCommitOperation: FlagOverride(com.google.android.gms.auth.api.credentials, , Flag(SaveStrategy__enableSaving, false, 2, 0), true) committed
11-10 05:37:58.629: I/TestSupport(4843): AwaitCommitOperation: no more uncommitted overrides
11-10 05:37:58.630: W/DynamiteModule(4843): Local module descriptor class for providerinstaller not found.
11-10 05:37:58.630: I/DynamiteModule(4843): Considering local module providerinstaller:0 and remote module providerinstaller:0
11-10 05:37:58.630: W/ProviderInstaller(4843): Failed to load providerinstaller module: No acceptable module found. Local version is 0 and remote version is 0.
11-10 05:37:58.640: I/GeofencerStateMachine(4783): sendQueryLocationOptIn
11-10 05:37:58.641: W/ModuleInitIntentOp(4843): Dropping unexpected action com.google.android.gms.phenotype.COMMITTED
11-10 05:37:58.648: I/MobileDataHub(4843): Scheduling periodic tasks
11-10 05:37:58.661: I/GeofencerStateMachine(4783): sendQueryLocationOptIn
11-10 05:37:58.666: I/PTCommittedOperation(4783): Receive new configuration for com.google.android.gms.auth.api.credentials
11-10 05:37:58.677: I/MS_RegisterService(4843): Tachyon host: instantmessaging-pa.googleapis.com, Tachyon port: 443
11-10 05:37:58.677: W/DynamiteModule(4843): Local module descriptor class for providerinstaller not found.
11-10 05:37:58.677: I/DynamiteModule(4843): Considering local module providerinstaller:0 and remote module providerinstaller:0
11-10 05:37:58.678: W/ProviderInstaller(4843): Failed to load providerinstaller module: No acceptable module found. Local version is 0 and remote version is 0.
11-10 05:37:58.701: I/MS_RegisterService(4843): RegisterService intent:Intent { act=com.google.android.gms.matchstick.register_intent_action cat=[targeted_intent_op_prefix:com.google.android.libraries.matchstick.net.SilentRegisterIntentOperation] cmp=com.google.android.gms/.chimera.GmsIntentOperationService } isPeriodic:false
11-10 05:37:58.707: I/MS_Utils(4843): version of com.google.android.apps.maps = 913012024
11-10 05:37:58.718: I/GeofencerStateMachine(4783): sendQueryLocationOptIn
11-10 05:37:58.726: W/DynamiteModule(4843): Local module descriptor class for providerinstaller not found.
11-10 05:37:58.726: I/DynamiteModule(4843): Considering local module providerinstaller:0 and remote module providerinstaller:0
11-10 05:37:58.726: W/ProviderInstaller(4843): Failed to load providerinstaller module: No acceptable module found. Local version is 0 and remote version is 0.
11-10 05:37:58.736: I/GeofencerStateMachine(4783): sendQueryLocationOptIn
11-10 05:37:58.739: W/DynamiteModule(4843): Local module descriptor class for providerinstaller not found.
11-10 05:37:58.739: I/DynamiteModule(4843): Considering local module providerinstaller:0 and remote module providerinstaller:0
11-10 05:37:58.740: W/ProviderInstaller(4843): Failed to load providerinstaller module: No acceptable module found. Local version is 0 and remote version is 0.
11-10 05:37:58.741: I/GeofencerStateMachine(4783): sendQueryLocationOptIn
11-10 05:37:58.753: I/TestSupport(4843): AwaitCommitOperation: *
11-10 05:37:58.762: I/TestSupport(4843): AwaitCommitOperation: FlagOverride(com.google.android.gms.auth.api.credentials, , Flag(SaveStrategy__enableSaving, false, 2, 0), true) committed
11-10 05:37:58.762: I/TestSupport(4843): AwaitCommitOperation: no more uncommitted overrides
11-10 05:37:58.765: I/aobm(4783): updateFromConfigurations using legacy put method [CONTEXT service_id=204 ]
11-10 05:37:58.769: I/GCoreUlr(4783): WorldUpdater:com.google.gservices.intent.action.GSERVICES_CHANGED: Ensuring that reporting is stopped because of reasons: (no Google accounts)
11-10 05:37:58.782: I/art(4843): Background partial concurrent mark sweep GC freed 54157(3MB) AllocSpace objects, 47(13MB) LOS objects, 30% free, 35MB/51MB, paused 3.737ms total 124.682ms
11-10 05:37:58.799: I/GmsModuleFndr(4843): Beginning GMS chimera module scan
11-10 05:37:58.804: I/ModuleSetMgr(4843): Computing pending module set with APKs: {file:///data/app/com.google.android.gms-1/base.apk}
11-10 05:37:58.822: I/ModuleSetUtils(4843): Assembling ModuleSetRecord for container:19420: []
11-10 05:37:58.823: W/MS_RegisterService(4843): Not eligible for registration.
11-10 05:37:58.824: I/ModuleSetMgr(4843): Pending container Zapp APKs: []
11-10 05:37:58.824: I/ModuleSetMgr(4843): Pending non-container Zapp APKs: []
11-10 05:37:58.853: I/GCoreUlr(4783): Unbound from all signal providers.
11-10 05:37:58.854: I/GCoreUlr(4783): Successfully accounts update
11-10 05:37:58.863: W/DynamiteModule(4843): Local module descriptor class for providerinstaller not found.
11-10 05:37:58.863: I/DynamiteModule(4843): Considering local module providerinstaller:0 and remote module providerinstaller:0
11-10 05:37:58.863: W/ProviderInstaller(4843): Failed to load providerinstaller module: No acceptable module found. Local version is 0 and remote version is 0.
11-10 05:37:58.866: I/aobm(4783): updateFromConfigurations using legacy put method [CONTEXT service_id=204 ]
11-10 05:37:58.873: W/DynamiteModule(4843): Local module descriptor class for providerinstaller not found.
11-10 05:37:58.873: I/DynamiteModule(4843): Considering local module providerinstaller:0 and remote module providerinstaller:0
11-10 05:37:58.873: W/ProviderInstaller(4843): Failed to load providerinstaller module: No acceptable module found. Local version is 0 and remote version is 0.
11-10 05:37:58.877: I/TSDRIVER(25809): Handled command: PACKAGE
11-10 05:37:58.894: I/SystemUpdate(4843): [Installation,ReceiverIntentOperation] Received intent: Intent { act=com.google.gservices.intent.action.GSERVICES_CHANGED flg=0x10 cmp=com.google.android.gms/.chimera.GmsIntentOperationService$PersistentInternalReceiver }.
11-10 05:37:58.897: W/DynamiteModule(4843): Local module descriptor class for providerinstaller not found.
11-10 05:37:58.897: I/DynamiteModule(4843): Considering local module providerinstaller:0 and remote module providerinstaller:0
11-10 05:37:58.897: I/OcrModelUpStIntentOp(4843): Updating ocr activity enabled=true (phenotypeFlag=true, lowRamDevice=false, prereqCheck=true)
11-10 05:37:58.898: W/ProviderInstaller(4843): Failed to load providerinstaller module: No acceptable module found. Local version is 0 and remote version is 0.
11-10 05:37:58.899: I/OcrModelUpStIntentOp(4843): Downloading text recognizer
11-10 05:37:58.908: I/Vision(4843): Requesting optional module download of ocr.
11-10 05:37:58.909: W/ChimeraUtils(4843): Non Chimera context
11-10 05:37:58.909: W/ChimeraUtils(4843): Non Chimera context
11-10 05:37:58.913: I/Vision(4843): Checking for download completion for 119591450 -- ocr
11-10 05:37:58.913: W/DynamiteModule(4843): Local module descriptor class for providerinstaller not found.
11-10 05:37:58.913: I/DynamiteModule(4843): Considering local module providerinstaller:0 and remote module providerinstaller:0
11-10 05:37:58.914: W/ProviderInstaller(4843): Failed to load providerinstaller module: No acceptable module found. Local version is 0 and remote version is 0.
11-10 05:37:58.915: I/GCoreUlr(4783): Unbound from all signal providers.
11-10 05:37:58.916: I/GCoreUlr(4783): DispatchingService ignoring Intent { act=android.net.wifi.WIFI_STATE_CHANGED flg=0x4000010 (has extras) } because ULR inactive
11-10 05:37:58.921: I/GCoreUlr(4783): Stopping handler for UlrDispSvcFast
11-10 05:37:58.922: I/GCoreUlr(4783): Successfully accounts update
11-10 05:37:58.939: W/DynamiteModule(4843): Local module descriptor class for providerinstaller not found.
11-10 05:37:58.939: I/DynamiteModule(4843): Considering local module providerinstaller:0 and remote module providerinstaller:0
11-10 05:37:58.939: W/ProviderInstaller(4843): Failed to load providerinstaller module: No acceptable module found. Local version is 0 and remote version is 0.
11-10 05:37:58.955: W/DynamiteModule(4843): Local module descriptor class for providerinstaller not found.
11-10 05:37:58.957: I/DynamiteModule(4843): Considering local module providerinstaller:0 and remote module providerinstaller:0
11-10 05:37:58.957: W/ProviderInstaller(4843): Failed to load providerinstaller module: No acceptable module found. Local version is 0 and remote version is 0.
11-10 05:37:58.980: W/DynamiteModule(4843): Local module descriptor class for providerinstaller not found.
11-10 05:37:58.980: I/DynamiteModule(4843): Considering local module providerinstaller:0 and remote module providerinstaller:0
11-10 05:37:58.980: W/ProviderInstaller(4843): Failed to load providerinstaller module: No acceptable module found. Local version is 0 and remote version is 0.
11-10 05:37:58.989: W/DynamiteModule(4843): Local module descriptor class for providerinstaller not found.
11-10 05:37:58.989: I/DynamiteModule(4843): Considering local module providerinstaller:0 and remote module providerinstaller:0
11-10 05:37:58.989: W/ProviderInstaller(4843): Failed to load providerinstaller module: No acceptable module found. Local version is 0 and remote version is 0.
11-10 05:37:59.024: I/GmsModuleFndr(4843): Beginning GMS chimera module scan
11-10 05:37:59.028: I/ModuleSetMgr(4843): Computing pending module set with APKs: {file:///data/app/com.google.android.gms-1/base.apk}
11-10 05:37:59.035: I/ModuleSetUtils(4843): Assembling ModuleSetRecord for container:19420: []
11-10 05:37:59.036: I/ModuleSetMgr(4843): Pending container Zapp APKs: []
11-10 05:37:59.036: I/ModuleSetMgr(4843): Pending non-container Zapp APKs: []
11-10 05:37:59.183: D/AndroidRuntime(25992): >>>>>> START com.android.internal.os.RuntimeInit uid 2000 <<<<<<
11-10 05:37:59.188: D/AndroidRuntime(25992): CheckJNI is OFF
11-10 05:37:59.231: D/ICU(25992): No timezone override file found: /data/misc/zoneinfo/current/icu/icu_tzdata.dat
11-10 05:37:59.283: I/Radio-JNI(25992): register_android_hardware_Radio DONE
11-10 05:37:59.305: D/AndroidRuntime(25992): Calling main entry com.android.commands.am.Am
11-10 05:37:59.317: D/AndroidRuntime(25992): Shutting down VM
11-10 05:37:59.322: I/TSDRIVER(25809): CommandService onHandleIntent()
11-10 05:37:59.323: I/TSDRIVER(25809): Got command: PACKAGE
11-10 05:37:59.325: I/TSDRIVER(25809): flag package: Eh9jb20uZ29vZ2xlLmFuZHJvaWQuZ21zLmF1dG9maWxsGhQKEGF1dG9maWxsX2VuYWJsZWQYAA
11-10 05:37:59.329: I/TSDRIVER(25809): flag package: com.google.android.gms.autofill
11-10 05:37:59.337: I/TestSupport(4843): SetFlagOverridesOperation: com.google.android.gms.autofill, '', [Flag(autofill_enabled, false, 2, 0)]
11-10 05:37:59.391: I/TestSupport(4843): AwaitCommitOperation: autofill_enabled
11-10 05:37:59.402: I/TestSupport(4843): AwaitCommitOperation: uncommitted: FlagOverride(com.google.android.gms.autofill, , Flag(autofill_enabled, false, 2, 0), false)
11-10 05:37:59.403: I/TestSupport(4843): AwaitCommitOperation:  sleeping for 10 msec.
11-10 05:37:59.466: I/PTCommittedOperation(4783): Receive new configuration for com.google.android.gms.autofill
11-10 05:37:59.474: W/ModuleInitIntentOp(4843): Dropping unexpected action com.google.android.gms.phenotype.COMMITTED
11-10 05:37:59.483: I/TestSupport(4843): AwaitCommitOperation: FlagOverride(com.google.android.gms.autofill, , Flag(autofill_enabled, false, 2, 0), true) committed
11-10 05:37:59.483: I/TestSupport(4843): AwaitCommitOperation: no more uncommitted overrides
11-10 05:37:59.502: I/aobm(4783): updateFromConfigurations using legacy put method [CONTEXT service_id=204 ]
11-10 05:37:59.526: I/aobm(4783): updateFromConfigurations using legacy put method [CONTEXT service_id=204 ]
11-10 05:37:59.611: I/TestSupport(4843): AwaitCommitOperation: *
11-10 05:37:59.622: I/TestSupport(4843): AwaitCommitOperation: FlagOverride(com.google.android.gms.autofill, , Flag(autofill_enabled, false, 2, 0), true) committed
11-10 05:37:59.622: I/TestSupport(4843): AwaitCommitOperation: no more uncommitted overrides
11-10 05:37:59.739: I/TSDRIVER(25809): Handled command: PACKAGE
11-10 05:38:00.166: D/AndroidRuntime(26007): >>>>>> START com.android.internal.os.RuntimeInit uid 2000 <<<<<<
11-10 05:38:00.171: D/AndroidRuntime(26007): CheckJNI is OFF
11-10 05:38:00.212: D/ICU(26007): No timezone override file found: /data/misc/zoneinfo/current/icu/icu_tzdata.dat
11-10 05:38:00.263: I/Radio-JNI(26007): register_android_hardware_Radio DONE
11-10 05:38:00.287: D/AndroidRuntime(26007): Calling main entry com.android.commands.am.Am
11-10 05:38:00.294: D/AndroidRuntime(26007): Shutting down VM
11-10 05:38:00.299: I/TSDRIVER(25809): CommandService onHandleIntent()
11-10 05:38:00.300: I/TSDRIVER(25809): Got command: PACKAGE
11-10 05:38:00.300: I/TSDRIVER(25809): flag package: EiNjb20uZ29vZ2xlLmFuZHJvaWQuZ21zLmF1dGhfYWNjb3VudBodChlhdXRoX3NpZ19vdmVycmlkZV9lbmFibGVkGAA
11-10 05:38:00.301: I/TSDRIVER(25809): flag package: com.google.android.gms.auth_account
11-10 05:38:00.309: I/TestSupport(4843): SetFlagOverridesOperation: com.google.android.gms.auth_account, '', [Flag(auth_sig_override_enabled, false, 2, 0)]
11-10 05:38:00.352: I/TestSupport(4843): AwaitCommitOperation: auth_sig_override_enabled
11-10 05:38:00.362: I/TestSupport(4843): AwaitCommitOperation: uncommitted: FlagOverride(com.google.android.gms.auth_account, , Flag(auth_sig_override_enabled, false, 2, 0), false)
11-10 05:38:00.362: I/TestSupport(4843): AwaitCommitOperation:  sleeping for 10 msec.
11-10 05:38:00.459: W/ModuleInitIntentOp(4843): Dropping unexpected action com.google.android.gms.phenotype.COMMITTED
11-10 05:38:00.460: I/PTCommittedOperation(4783): Receive new configuration for com.google.android.gms.auth_account
11-10 05:38:00.483: I/TestSupport(4843): AwaitCommitOperation: FlagOverride(com.google.android.gms.auth_account, , Flag(auth_sig_override_enabled, false, 2, 0), true) committed
11-10 05:38:00.484: I/TestSupport(4843): AwaitCommitOperation: no more uncommitted overrides
11-10 05:38:00.498: I/aobm(4783): updateFromConfigurations using legacy put method [CONTEXT service_id=204 ]
11-10 05:38:00.527: I/aobm(4783): updateFromConfigurations using legacy put method [CONTEXT service_id=204 ]
11-10 05:38:00.604: I/TestSupport(4843): AwaitCommitOperation: *
11-10 05:38:00.609: I/TestSupport(4843): AwaitCommitOperation: FlagOverride(com.google.android.gms.auth_account, , Flag(auth_sig_override_enabled, false, 2, 0), true) committed
11-10 05:38:00.609: I/TestSupport(4843): AwaitCommitOperation: no more uncommitted overrides
11-10 05:38:00.726: I/TSDRIVER(25809): Handled command: PACKAGE
11-10 05:38:01.170: D/AndroidRuntime(26020): >>>>>> START com.android.internal.os.RuntimeInit uid 2000 <<<<<<
11-10 05:38:01.174: D/AndroidRuntime(26020): CheckJNI is OFF
11-10 05:38:01.218: D/ICU(26020): No timezone override file found: /data/misc/zoneinfo/current/icu/icu_tzdata.dat
11-10 05:38:01.264: I/Radio-JNI(26020): register_android_hardware_Radio DONE
11-10 05:38:01.284: D/AndroidRuntime(26020): Calling main entry com.android.commands.pm.Pm
11-10 05:38:01.290: I/art(26020): System.exit called, status: 0
11-10 05:38:01.291: I/AndroidRuntime(26020): VM exiting with result code 0.
11-10 05:38:01.316: D/WifiStateMachine(888): starting scan for "wl-ftl-mt39-1-5"WPA_PSK with 5500,5825,5200
11-10 05:38:01.746: E/Backup(4783): [BackupTransportMigratorChimeraService] Could not migrate transport!
11-10 05:38:01.769: I/Backup(4783): [BackupTransportMigratorChimeraService] Starting migration...
11-10 05:38:01.965: D/AndroidRuntime(26033): >>>>>> START com.android.internal.os.RuntimeInit uid 2000 <<<<<<
11-10 05:38:01.970: D/AndroidRuntime(26033): CheckJNI is OFF
11-10 05:38:02.012: D/ICU(26033): No timezone override file found: /data/misc/zoneinfo/current/icu/icu_tzdata.dat
11-10 05:38:02.087: I/Radio-JNI(26033): register_android_hardware_Radio DONE
11-10 05:38:02.113: D/AndroidRuntime(26033): Calling main entry com.android.commands.am.Am
11-10 05:38:02.118: I/ActivityManager(888): Force stopping com.google.android.apps.mtaas.tools appid=10092 user=0: start instr
