11-08 05:17:00.985: V/MediaRouter(23610): Adding route: RouteInfo{ name=Telefone, description=null, status=null, category=RouteCategory{ name=Sistema types=ROUTE_TYPE_LIVE_AUDIO ROUTE_TYPE_LIVE_VIDEO  groupable=false }, supportedTypes=ROUTE_TYPE_LIVE_AUDIO ROUTE_TYPE_LIVE_VIDEO , presentationDisplay=null }
11-08 05:17:00.987: V/MediaRouter(23610): Selecting route: RouteInfo{ name=Telefone, description=null, status=null, category=RouteCategory{ name=Sistema types=ROUTE_TYPE_LIVE_AUDIO ROUTE_TYPE_LIVE_VIDEO  groupable=false }, supportedTypes=ROUTE_TYPE_LIVE_AUDIO ROUTE_TYPE_LIVE_VIDEO , presentationDisplay=null }
11-08 05:17:00.995: I/DynamiteModule(23610): Considering local module com.google.android.gms.ads.dynamite:0 and remote module com.google.android.gms.ads.dynamite:20461
11-08 05:17:00.995: I/DynamiteModule(23610): Selected remote version of com.google.android.gms.ads.dynamite, version >= 20461
11-08 05:17:01.015: D/AndroidRuntime(23681): >>>>>> START com.android.internal.os.RuntimeInit uid 2000 <<<<<<
11-08 05:17:01.038: D/NetworkSecurityConfig(23610): No Network Security Config specified, using platform default
11-08 05:17:01.050: W/ChimeraDebugLogger(23610): Singleton logger instance not set.
11-08 05:17:01.051: I/zygote64(2208): Do partial code cache collection, code=503KB, data=319KB
11-08 05:17:01.053: I/ProviderInstaller(23610): Installed default security provider GmsCore_OpenSSL
11-08 05:17:01.059: I/zygote64(2208): After code cache collection, code=491KB, data=314KB
11-08 05:17:01.059: I/zygote64(2208): Increasing code cache capacity to 2MB
11-08 05:17:01.072: V/DownloadManager(23336): Deleting /data/data/com.android.providers.downloads/files/hotword.data via provider delete
11-08 05:17:01.105: D/DownloadManager(23336): [14] Starting
11-08 05:17:01.105: D/AndroidRuntime(23681): Calling main entry com.android.commands.pm.Pm
11-08 05:17:01.110: E/asset(23726): setgid: Operation not permitted
11-08 05:17:01.113: D/DownloadManager(23336): [13] Starting
11-08 05:17:01.139: W/zygote64(23610): Skipping duplicate class check due to unrecognized classloader
11-08 05:17:01.140: D/NetworkSecurityConfig(23336): Using Network Security Config from resource network_security_config debugBuild: false
11-08 05:17:01.157: D/NetworkSecurityConfig(23336): Using Network Security Config from resource network_security_config debugBuild: false
11-08 05:17:01.175: D/DownloadManager(23336): [15] Starting
11-08 05:17:01.177: W/DownloadManager(23336): [13] Stop requested with status HTTP_DATA_ERROR: Local halt requested; job probably timed out
11-08 05:17:01.185: D/DownloadManager(23336): [13] Finished with status WAITING_TO_RETRY
11-08 05:17:01.209: D/NetworkSecurityConfig(23336): Using Network Security Config from resource network_security_config debugBuild: false
11-08 05:17:01.225: D/DynamitePackage(23610): Instantiated singleton DynamitePackage.
11-08 05:17:01.225: D/DynamitePackage(23610): Instantiating com.google.android.gms.ads.adshield.ChimeraAdShieldCreatorImpl
11-08 05:17:01.228: I/zygote64(6300): Background concurrent copying GC freed 167636(6MB) AllocSpace objects, 27(5MB) LOS objects, 49% free, 13MB/26MB, paused 639us total 158.387ms
11-08 05:17:01.255: I/zygote64(1174): Explicit concurrent copying GC freed 50618(3MB) AllocSpace objects, 8(160KB) LOS objects, 42% free, 13MB/23MB, paused 296us total 79.592ms
11-08 05:17:01.278: D/DownloadManager(23336): [12] Finished with status SUCCESS
11-08 05:17:01.294: E/Looper(23336): Error removing epoll events for fd 50: Operation not permitted
11-08 05:17:01.297: W/YouTube(23610): ECatcher disabled: level: WARNING, category: initialization, message: Initialization Exception
11-08 05:17:01.297: W/YouTube(23610): java.lang.IllegalArgumentException
11-08 05:17:01.297: W/YouTube(23610): 	at adac.a(SourceFile:2)
11-08 05:17:01.297: W/YouTube(23610): 	at poo.a(SourceFile:4)
11-08 05:17:01.297: W/YouTube(23610): 	at poa.a(SourceFile:1)
11-08 05:17:01.297: W/YouTube(23610): 	at vlj.g(SourceFile:107)
11-08 05:17:01.297: W/YouTube(23610): 	at vlj.c(SourceFile:90)
11-08 05:17:01.297: W/YouTube(23610): 	at vfr.c(SourceFile:53)
11-08 05:17:01.297: W/YouTube(23610): 	at eiy.a(SourceFile:10)
11-08 05:17:01.297: W/YouTube(23610): 	at cfw.run(SourceFile:4)
11-08 05:17:01.297: W/YouTube(23610): 	at java.util.concurrent.Executors$RunnableAdapter.call(Executors.java:457)
11-08 05:17:01.297: W/YouTube(23610): 	at java.util.concurrent.FutureTask.run(FutureTask.java:266)
11-08 05:17:01.297: W/YouTube(23610): 	at java.util.concurrent.ScheduledThreadPoolExecutor$ScheduledFutureTask.run(ScheduledThreadPoolExecutor.java:301)
11-08 05:17:01.297: W/YouTube(23610): 	at java.util.concurrent.ThreadPoolExecutor.runWorker(ThreadPoolExecutor.java:1162)
11-08 05:17:01.297: W/YouTube(23610): 	at java.util.concurrent.ThreadPoolExecutor$Worker.run(ThreadPoolExecutor.java:636)
11-08 05:17:01.297: W/YouTube(23610): 	at poc.run(SourceFile:24)
11-08 05:17:01.297: W/YouTube(23610): 	at java.lang.Thread.run(Thread.java:764)
11-08 05:17:01.307: V/MediaRouter(23610): Selecting route: RouteInfo{ name=Telefone, description=null, status=null, category=RouteCategory{ name=Sistema types=ROUTE_TYPE_LIVE_AUDIO ROUTE_TYPE_LIVE_VIDEO  groupable=false }, supportedTypes=ROUTE_TYPE_LIVE_AUDIO ROUTE_TYPE_LIVE_VIDEO , presentationDisplay=null }
11-08 05:17:01.308: W/BroadcastQueue(1174): Background execution not allowed: receiving Intent { act=com.google.android.systemui.OPA_ENABLED flg=0x10000010 (has extras) } to com.google.android.apps.nexuslauncher/.qsb.OPAStatusReceiver
11-08 05:17:01.309: W/BroadcastQueue(1174): Background execution not allowed: receiving Intent { act=com.google.android.systemui.OPA_ENABLED flg=0x10000010 (has extras) } to com.google.android.apps.nexuslauncher/.qsb.OPAStatusReceiver
11-08 05:17:01.328: W/ActivityManager(1174): Permission Denial: Accessing service ComponentInfo{com.google.android.music/com.google.android.music.dial.DialMediaRouteProviderService} from pid=23610, uid=10070 that is not exported from uid 10111
11-08 05:17:01.341: W/DownloadManager(23336): [13] Stop requested with status CANCELED: Download deleted or missing!
11-08 05:17:01.341: D/DownloadManager(23336): [13] Finished with status CANCELED
11-08 05:17:01.357: D/SurfaceFlinger(605): Backpressure trigger, skipping transaction & refresh!
11-08 05:17:01.375: I/CastDatabase(6284): Opening the database
11-08 05:17:01.389: I/PackageManager.DexOptimizer(1174): Running dexopt (dexoptNeeded=1) on: /data/app/vmdl147493702.tmp/base.apk pkg=com.example.concurrencyeval isa=arm64 dexoptFlags=boot_complete,debuggable,public target-filter=quicken oatDir=/data/app/vmdl147493702.tmp/oat sharedLibraries=null
11-08 05:17:01.395: I/LocaleChangeIO(6300): Requesting GmsCore restart due to change in locale assets
11-08 05:17:01.398: I/Process(6284): Sending signal. PID: 6284 SIG: 9
11-08 05:17:01.399: I/Process(6300): Sending signal. PID: 6300 SIG: 9
11-08 05:17:01.407: I/dex2oat(23764): /system/bin/dex2oat --input-vdex-fd=-1 --output-vdex-fd=18 --compiler-filter=quicken --debuggable --classpath-dir=/data/app/vmdl147493702.tmp
11-08 05:17:01.410: I/Process(23038): Sending signal. PID: 23038 SIG: 9
11-08 05:17:01.414: I/zygote64(23633): Deoptimizing java.lang.Object xl.put(java.lang.Object, java.lang.Object) due to JIT inline cache
11-08 05:17:01.419: I/ActivityManager(1174): Killing 8007:com.verizon.mips.services/u0a45 (adj 906): empty #17
11-08 05:17:01.420: W/zygote64(1174): kill(-8007, 9) failed: No such process
11-08 05:17:01.423: W/GmsClient(23633): IGmsServiceBroker.getService failed
11-08 05:17:01.423: W/GmsClient(23633): android.os.DeadObjectException
11-08 05:17:01.423: W/GmsClient(23633): 	at android.os.BinderProxy.transactNative(Native Method)
11-08 05:17:01.423: W/GmsClient(23633): 	at android.os.BinderProxy.transact(Binder.java:748)
11-08 05:17:01.423: W/GmsClient(23633): 	at hdx.a(:com.google.android.play.games@84500040@2019.01.8450 (231876743.231876743-000400):4)
11-08 05:17:01.423: W/GmsClient(23633): 	at hbp.a(:com.google.android.play.games@84500040@2019.01.8450 (231876743.231876743-000400):78)
11-08 05:17:01.423: W/GmsClient(23633): 	at gxb.run(:com.google.android.play.games@84500040@2019.01.8450 (231876743.231876743-000400):8)
11-08 05:17:01.423: W/GmsClient(23633): 	at android.os.Handler.handleCallback(Handler.java:789)
11-08 05:17:01.423: W/GmsClient(23633): 	at android.os.Handler.dispatchMessage(Handler.java:98)
11-08 05:17:01.423: W/GmsClient(23633): 	at lza.dispatchMessage(:com.google.android.play.games@84500040@2019.01.8450 (231876743.231876743-000400):3)
11-08 05:17:01.423: W/GmsClient(23633): 	at android.os.Looper.loop(Looper.java:164)
11-08 05:17:01.423: W/GmsClient(23633): 	at android.os.HandlerThread.run(HandlerThread.java:65)
11-08 05:17:01.423: W/GmsClient(23633): IGmsServiceBroker.getService failed
11-08 05:17:01.423: W/GmsClient(23633): android.os.DeadObjectException
11-08 05:17:01.423: W/GmsClient(23633): 	at android.os.BinderProxy.transactNative(Native Method)
11-08 05:17:01.423: W/GmsClient(23633): 	at android.os.BinderProxy.transact(Binder.java:748)
11-08 05:17:01.423: W/GmsClient(23633): 	at hdx.a(:com.google.android.play.games@84500040@2019.01.8450 (231876743.231876743-000400):4)
11-08 05:17:01.423: W/GmsClient(23633): 	at hbp.a(:com.google.android.play.games@84500040@2019.01.8450 (231876743.231876743-000400):78)
11-08 05:17:01.423: W/GmsClient(23633): 	at gxb.run(:com.google.android.play.games@84500040@2019.01.8450 (231876743.231876743-000400):8)
11-08 05:17:01.423: W/GmsClient(23633): 	at android.os.Handler.handleCallback(Handler.java:789)
11-08 05:17:01.423: W/GmsClient(23633): 	at android.os.Handler.dispatchMessage(Handler.java:98)
11-08 05:17:01.423: W/GmsClient(23633): 	at lza.dispatchMessage(:com.google.android.play.games@84500040@2019.01.8450 (231876743.231876743-000400):3)
11-08 05:17:01.423: W/GmsClient(23633): 	at android.os.Looper.loop(Looper.java:164)
11-08 05:17:01.423: W/GmsClient(23633): 	at android.os.HandlerThread.run(HandlerThread.java:65)
11-08 05:17:01.433: D/GnssStatusListenerHelper(1174): Remote Listener died: android.location.IGnssStatusListener$Stub$Proxy@d4ca287
11-08 05:17:01.433: D/GnssStatusListenerHelper(1174): Remote Listener died: android.location.IGnssStatusListener$Stub$Proxy@e9085b4
11-08 05:17:01.434: W/BackupTransportManager(1174): Disconnected from transport com.google.android.gms/.backup.component.D2dTransportService
11-08 05:17:01.434: D/BackupTransportManager(1174): Scheduled explicit rebinding for com.google.android.gms/.backup.component.D2dTransportService in 300000ms
11-08 05:17:01.434: W/BackupTransportManager(1174): Disconnected from transport com.google.android.gms/.backup.BackupTransportService
11-08 05:17:01.434: D/BackupTransportManager(1174): Scheduled explicit rebinding for com.google.android.gms/.backup.BackupTransportService in 300000ms
11-08 05:17:01.435: D/ConnectivityService(1174): ConnectivityService NetworkRequestInfo binderDied(NetworkRequest [ LISTEN id=16, [ Capabilities: INTERNET&NOT_RESTRICTED&TRUSTED] ], android.os.BinderProxy@97df5dd)
11-08 05:17:01.436: I/ActivityManager(1174): Start proc 23770:com.android.vending/u0a12 for service com.android.vending/com.google.android.finsky.contentfilter.impl.ContentFiltersService
11-08 05:17:01.439: I/VSC(798): @ 12037.206: [SMD] Deleted SMD instance at 0xb2007188
11-08 05:17:01.439: W/BroadcastQueue(1174): Exception when sending broadcast to ComponentInfo{com.google.android.gms/com.google.android.gms.chimera.GmsIntentOperationService$PersistentInternalReceiver}
11-08 05:17:01.439: W/BroadcastQueue(1174): android.os.DeadObjectException
11-08 05:17:01.439: W/BroadcastQueue(1174): 	at android.os.BinderProxy.transactNative(Native Method)
11-08 05:17:01.439: W/BroadcastQueue(1174): 	at android.os.BinderProxy.transact(Binder.java:748)
11-08 05:17:01.439: W/BroadcastQueue(1174): 	at android.app.IApplicationThread$Stub$Proxy.scheduleReceiver(IApplicationThread.java:1302)
11-08 05:17:01.439: W/BroadcastQueue(1174): 	at com.android.server.am.BroadcastQueue.processCurBroadcastLocked(BroadcastQueue.java:301)
11-08 05:17:01.439: W/BroadcastQueue(1174): 	at com.android.server.am.BroadcastQueue.processNextBroadcast(BroadcastQueue.java:1325)
11-08 05:17:01.439: W/BroadcastQueue(1174): 	at com.android.server.am.ActivityManagerService.finishReceiver(ActivityManagerService.java:19874)
11-08 05:17:01.439: W/BroadcastQueue(1174): 	at android.app.IActivityManager$Stub.onTransact(IActivityManager.java:283)
11-08 05:17:01.439: W/BroadcastQueue(1174): 	at com.android.server.am.ActivityManagerService.onTransact(ActivityManagerService.java:2919)
11-08 05:17:01.439: W/BroadcastQueue(1174): 	at android.os.Binder.execTransact(Binder.java:674)
11-08 05:17:01.440: I/VSC(798): @ 12037.207: [VSC] Stopping sensor events for sensor 65537
11-08 05:17:01.440: I/VSC(798): @ 12037.207: [VSC] Stopping sensor events for sensor 131074
11-08 05:17:01.440: W/ActivityManager(1174): Exception when unbinding service com.google.android.gms/.checkin.CheckinApiService
11-08 05:17:01.440: W/ActivityManager(1174): android.os.DeadObjectException
11-08 05:17:01.440: W/ActivityManager(1174): 	at android.os.BinderProxy.transactNative(Native Method)
11-08 05:17:01.440: W/ActivityManager(1174): 	at android.os.BinderProxy.transact(Binder.java:748)
11-08 05:17:01.440: W/ActivityManager(1174): 	at android.app.IApplicationThread$Stub$Proxy.scheduleUnbindService(IApplicationThread.java:1522)
11-08 05:17:01.440: W/ActivityManager(1174): 	at com.android.server.am.ActiveServices.removeConnectionLocked(ActiveServices.java:2640)
11-08 05:17:01.440: W/ActivityManager(1174): 	at com.android.server.am.ActiveServices.killServicesLocked(ActiveServices.java:3039)
11-08 05:17:01.440: W/ActivityManager(1174): 	at com.android.server.am.ActivityManagerService.cleanUpApplicationRecordLocked(ActivityManagerService.java:17983)
11-08 05:17:01.440: W/ActivityManager(1174): 	at com.android.server.am.ActivityManagerService.handleAppDiedLocked(ActivityManagerService.java:5225)
11-08 05:17:01.440: W/ActivityManager(1174): 	at com.android.server.am.ActivityManagerService.startProcessLocked(ActivityManagerService.java:3697)
11-08 05:17:01.440: W/ActivityManager(1174): 	at com.android.server.am.ActivityManagerService.startProcessLocked(ActivityManagerService.java:3624)
11-08 05:17:01.440: W/ActivityManager(1174): 	at com.android.server.am.BroadcastQueue.processNextBroadcast(BroadcastQueue.java:1355)
11-08 05:17:01.440: W/ActivityManager(1174): 	at com.android.server.am.ActivityManagerService.finishReceiver(ActivityManagerService.java:19874)
11-08 05:17:01.440: W/ActivityManager(1174): 	at android.app.IActivityManager$Stub.onTransact(IActivityManager.java:283)
11-08 05:17:01.440: W/ActivityManager(1174): 	at com.android.server.am.ActivityManagerService.onTransact(ActivityManagerService.java:2919)
11-08 05:17:01.440: W/ActivityManager(1174): 	at android.os.Binder.execTransact(Binder.java:674)
11-08 05:17:01.440: W/ActivityManager(1174): Scheduling restart of crashed service com.google.android.gms/.chimera.PersistentIntentOperationService in 1758ms
11-08 05:17:01.440: W/ActivityManager(1174): Scheduling restart of crashed service com.google.android.gms/.deviceconnection.service.DeviceConnectionWatcherService in 11758ms
11-08 05:17:01.440: W/ActivityManager(1174): Scheduling restart of crashed service com.google.android.gms/com.google.android.contextmanager.service.ContextManagerService in 21758ms
11-08 05:17:01.440: W/ActivityManager(1174): Scheduling restart of crashed service com.google.android.gms/com.google.android.location.geofencer.service.GeofenceProviderService in 31758ms
11-08 05:17:01.440: W/ActivityManager(1174): Scheduling restart of crashed service com.google.android.gms/.common.stats.GmsCoreStatsService in 41758ms
11-08 05:17:01.440: W/ActivityManager(1174): Scheduling restart of crashed service com.google.android.gms/.auth.proximity.firstparty.SystemMemoryCacheService in 51758ms
11-08 05:17:01.440: W/ActivityManager(1174): Scheduling restart of crashed service com.google.android.gms/.trustagent.speech.service.VoiceUnlockService in 51758ms
11-08 05:17:01.440: W/ActivityManager(1174): Scheduling restart of crashed service com.google.android.gms/com.google.android.location.internal.GoogleLocationManagerService in 61758ms
11-08 05:17:01.440: W/ActivityManager(1174): Scheduling restart of crashed service com.google.android.gms/com.google.android.location.internal.server.GoogleLocationService in 71758ms
11-08 05:17:01.440: W/ActivityManager(1174): Scheduling restart of crashed service com.google.android.gms/.thunderbird.EmergencyPersistentService in 81758ms
11-08 05:17:01.440: W/ActivityManager(1174): Scheduling restart of crashed service com.google.android.gms/.lockbox.service.LockboxBrokerService in 91758ms
11-08 05:17:01.440: W/ActivityManager(1174): Scheduling restart of crashed service com.google.android.gms/.instantapps.service.InstantAppsService in 101758ms
11-08 05:17:01.440: W/ActivityManager(1174): Scheduling restart of crashed service com.google.android.gms/.backup.BackupTransportService in 111758ms
11-08 05:17:01.441: W/ActivityManager(1174): Scheduling restart of crashed service com.google.android.gms/.nearby.discovery.service.DiscoveryService in 121758ms
11-08 05:17:01.441: W/ActivityManager(1174): Scheduling restart of crashed service com.google.android.gms/com.google.android.location.reporting.service.ReportingAndroidService in 131758ms
11-08 05:17:01.441: W/ActivityManager(1174): Scheduling restart of crashed service com.google.android.gms/.chimera.PersistentApiService in 141758ms
11-08 05:17:01.441: W/ActivityManager(1174): Scheduling restart of crashed service com.google.android.gms/.auth.setup.devicesignals.LockScreenService in 151758ms
11-08 05:17:01.441: W/ActivityManager(1174): Scheduling restart of crashed service com.google.android.gms/com.google.android.location.internal.PendingIntentCallbackService in 161758ms
11-08 05:17:01.441: W/ActivityManager(1174): Scheduling restart of crashed service com.google.android.gms/com.google.android.location.internal.server.HardwareArProviderService in 161758ms
11-08 05:17:01.441: W/ActivityManager(1174): Scheduling restart of crashed service com.google.android.gms/.backup.component.D2dTransportService in 171758ms
11-08 05:17:01.441: W/ActivityManager(1174): Scheduling restart of crashed service com.google.android.gms/com.google.android.location.network.NetworkLocationService in 181758ms
11-08 05:17:01.441: W/ActivityManager(1174): Scheduling restart of crashed service com.google.android.gms/com.google.android.location.places.service.PlaceDetectionAsyncService in 191758ms
11-08 05:17:01.441: W/ActivityManager(1174): Scheduling restart of crashed service com.google.android.gms/com.google.android.location.geocode.GeocodeService in 201758ms
11-08 05:17:01.441: W/ActivityManager(1174): Scheduling restart of crashed service com.google.android.gms/.chimera.PersistentBoundBrokerService in 211758ms
11-08 05:17:01.441: W/ActivityManager(1174): Scheduling restart of crashed service com.google.android.gms/.chimera.PersistentDirectBootAwareApiService in 221758ms
11-08 05:17:01.441: W/ActivityManager(1174): Scheduling restart of crashed service com.google.android.gms/.gcm.nts.SchedulerService in 231758ms
11-08 05:17:01.441: W/ActivityManager(1174): Scheduling restart of crashed service com.google.android.gms/.fido.fido2.pollux.CableAuthenticatorService in 241758ms
11-08 05:17:01.441: W/ActivityManager(1174): Scheduling restart of crashed service com.google.android.gms/.backup.BackupTransportMigratorService in 251758ms
11-08 05:17:01.441: W/ActivityManager(1174): Scheduling restart of crashed service com.google.android.gms/.gcm.GcmService in 251758ms
11-08 05:17:01.446: D/CHRE(798): @ 12037.214: -: id 0, prev 3 curr 2, mode 3, chre 0
11-08 05:17:01.450: W/DownloadManager(23336): fallocate() not supported; falling back to ftruncate()
11-08 05:17:01.453: I/ActivityManager(1174): Start proc 23784:com.google.android.gms.persistent/u0a6 for broadcast com.google.android.gms/.chimera.GmsIntentOperationService$PersistentInternalReceiver
11-08 05:17:01.453: I/ActivityManager(1174): Process com.google.android.gms (pid 6284) has died: fore IMPB
11-08 05:17:01.453: W/ActivityManager(1174): Scheduling restart of crashed service com.google.android.gms/.gass.GassService in 261745ms
11-08 05:17:01.453: W/ActivityManager(1174): Scheduling restart of crashed service com.google.android.gms/.cast.media.CastMediaRouteProviderService in 271745ms
11-08 05:17:01.454: W/ActivityManager(1174): Scheduling restart of crashed service com.google.android.gms/.chimera.GmsIntentOperationService in 281745ms
11-08 05:17:01.454: W/ActivityManager(1174): Scheduling restart of crashed service com.google.android.gms/.chimera.GmsBoundBrokerService in 281745ms
11-08 05:17:01.454: W/ActivityManager(1174): Scheduling restart of crashed service com.google.android.gms/.ads.identifier.service.AdvertisingIdService in 291745ms
11-08 05:17:01.454: W/ActivityManager(1174): Scheduling restart of crashed service com.google.android.gms/.icing.service.IndexService in 301745ms
11-08 05:17:01.454: W/ActivityManager(1174): Scheduling restart of crashed service com.google.android.gms/.icing.service.IndexWorkerService in 311745ms
11-08 05:17:01.456: W/ActivityManager(1174): Spurious death for ProcessRecord{87aae31 23784:com.google.android.gms.persistent/u0a6}, curProc for 6300: null
11-08 05:17:01.462: W/zygote64(1174): kill(-8007, 9) failed: No such process
11-08 05:17:01.462: I/zygote64(1174): Successfully killed process cgroup uid 10045 pid 8007 in 42ms
11-08 05:17:01.462: W/zygote64(1174): kill(-6300, 9) failed: No such process
11-08 05:17:01.462: I/zygote64(1174): Successfully killed process cgroup uid 10006 pid 6300 in 0ms
11-08 05:17:01.462: W/zygote64(1174): kill(-6284, 9) failed: No such process
11-08 05:17:01.462: I/zygote64(1174): Successfully killed process cgroup uid 10006 pid 6284 in 0ms
11-08 05:17:01.468: I/ActivityManager(1174): Start proc 23797:com.google.android.gms/u0a6 for service com.google.android.gms/.games.chimera.GamesAndroidServiceProxy
11-08 05:17:01.479: W/PhenotypeController(2208): Calling registerSyncInternal api failed.
11-08 05:17:01.483: W/PhenotypeController(2208): Failed to commit flags to Phenotype. Will retry when ConfigurationState get recreated.
11-08 05:17:01.487: W/GmsClient(23633): mServiceBroker is null, client disconnected
11-08 05:17:01.495: I/ActivityManager(1174): Process com.google.android.gms.ui (pid 23038) has died: svcb SVC 
11-08 05:17:01.495: W/ActivityManager(1174): Scheduling restart of crashed service com.google.android.gms/.chimera.UiIntentOperationService in 1000ms
11-08 05:17:01.496: W/zygote64(1174): kill(-23038, 9) failed: No such process
11-08 05:17:01.496: I/zygote64(1174): Successfully killed process cgroup uid 10006 pid 23038 in 0ms
11-08 05:17:01.496: W/GmsLocationProvider(2208): Error removing location updates: 16
11-08 05:17:01.498: W/RocketImpressions(23286): ClearcutLogger connection suspended: 1
11-08 05:17:01.531: W/DynamiteModule(23784): Local module descriptor class for providerinstaller not found.
11-08 05:17:01.535: I/zygote64(22944): Waiting for a blocking GC ProfileSaver
11-08 05:17:01.536: W/ProviderHelper(23784): Unknown dynamite feature providerinstaller
11-08 05:17:01.537: I/DynamiteModule(23784): Considering local module providerinstaller:0 and remote module providerinstaller:0
11-08 05:17:01.538: W/ProviderInstaller(23784): Failed to load providerinstaller module: No acceptable module found. Local version is 0 and remote version is 0.
11-08 05:17:01.542: V/NativeCrypto(23784): Registering com/google/android/gms/org/conscrypt/NativeCrypto's 284 native methods...
11-08 05:17:01.553: D/NetworkSecurityConfig(23784): Using Network Security Config from resource network_security_config debugBuild: false
11-08 05:17:01.554: I/ProviderInstaller(23784): Installed default security provider GmsCore_OpenSSL
11-08 05:17:01.559: I/Safeboot(23784): Checking safeboot...
11-08 05:17:01.572: I/Safeboot Condition(23784): No need to enter Safeboot.
11-08 05:17:01.588: I/GmsApplication(23784): Registering the BackgroundBroadcastReceiverSupport receiver.
11-08 05:17:01.595: I/zygote64(22960): Waiting for a blocking GC ProfileSaver
11-08 05:17:01.613: I/GmsReceiverSupport(23784): Registered Receiver for 18+1 IntentFilters
11-08 05:17:01.613: I/zygote64(22960): WaitForGcToComplete blocked ProfileSaver on HeapTrim for 17.791ms
11-08 05:17:01.613: I/zygote64(23784): Do partial code cache collection, code=26KB, data=22KB
11-08 05:17:01.613: I/zygote64(23784): After code cache collection, code=24KB, data=21KB
11-08 05:17:01.613: I/zygote64(23784): Increasing code cache capacity to 128KB
11-08 05:17:01.631: W/Finsky(23770): [2] com.google.android.finsky.application.FinskyAppImpl.bx(1166): No account configured on this device.
11-08 05:17:01.637: W/Primes(23784): Primes not initialized, returning default (no-op) Primes instance which will ignore all calls. Please call Primes.initialize(...) before using any Primes API.
11-08 05:17:01.642: W/Finsky(23770): [2] com.google.android.finsky.application.FinskyAppImpl.bx(1166): No account configured on this device.
11-08 05:17:01.645: I/chatty(23770): uid=10012(com.android.vending) identical 1 line
11-08 05:17:01.647: W/Finsky(23770): [2] com.google.android.finsky.application.FinskyAppImpl.bx(1166): No account configured on this device.
11-08 05:17:01.666: W/DynamiteModule(23797): Local module descriptor class for providerinstaller not found.
11-08 05:17:01.672: I/ActivityManager(1174): Start proc 23840:com.google.android.gms.ui/u0a6 for service com.google.android.gms/.chimera.UiIntentOperationService
11-08 05:17:01.674: W/ProviderHelper(23797): Unknown dynamite feature providerinstaller
11-08 05:17:01.675: I/zygote64(23784): Compiler allocated 4MB to compile void tbv.d(android.content.Context)
11-08 05:17:01.677: I/DynamiteModule(23797): Considering local module providerinstaller:0 and remote module providerinstaller:0
11-08 05:17:01.677: W/ProviderInstaller(23797): Failed to load providerinstaller module: No acceptable module found. Local version is 0 and remote version is 0.
11-08 05:17:01.681: V/NativeCrypto(23797): Registering com/google/android/gms/org/conscrypt/NativeCrypto's 284 native methods...
11-08 05:17:01.685: W/Finsky(23770): [2] com.google.android.finsky.application.FinskyAppImpl.bx(1166): No account configured on this device.
11-08 05:17:01.691: W/Finsky(23770): [2] com.google.android.finsky.application.FinskyAppImpl.bx(1166): No account configured on this device.
11-08 05:17:01.693: D/NetworkSecurityConfig(23797): Using Network Security Config from resource network_security_config debugBuild: false
11-08 05:17:01.694: I/ProviderInstaller(23797): Installed default security provider GmsCore_OpenSSL
11-08 05:17:01.699: I/DynamiteModule(23784): Considering local module com.google.android.gms.googlecertificates:4 and remote module com.google.android.gms.googlecertificates:4
11-08 05:17:01.699: I/DynamiteModule(23784): Selected local version of com.google.android.gms.googlecertificates
11-08 05:17:01.699: I/Safeboot(23797): Checking safeboot...
11-08 05:17:01.700: I/Safeboot(23797): Not entering safeboot; wrong process.
11-08 05:17:01.702: W/Finsky(23770): [2] com.google.android.finsky.application.FinskyAppImpl.bx(1166): No account configured on this device.
11-08 05:17:01.713: I/dex2oat(23769): /system/bin/dex2oat --dex-file=/data/data/com.google.android.youtube/cache/1557357152169.jar --output-vdex-fd=67 --oat-fd=68 --oat-location=/data/data/com.google.android.youtube/cache/oat/arm64/1557357152169.odex --compiler-filter=quicken
11-08 05:17:01.713: W/Finsky(23770): [2] com.google.android.finsky.application.FinskyAppImpl.bx(1166): No account configured on this device.
11-08 05:17:01.737: I/chatty(23770): uid=10012(com.android.vending) identical 7 lines
11-08 05:17:01.740: W/Finsky(23770): [2] com.google.android.finsky.application.FinskyAppImpl.bx(1166): No account configured on this device.
11-08 05:17:01.747: W/Primes(23797): Primes not initialized, returning default (no-op) Primes instance which will ignore all calls. Please call Primes.initialize(...) before using any Primes API.
11-08 05:17:01.752: W/Settings(23770): Setting download_manager_max_bytes_over_mobile has moved from android.provider.Settings.Secure to android.provider.Settings.Global.
11-08 05:17:01.753: W/Settings(23770): Setting download_manager_recommended_max_bytes_over_mobile has moved from android.provider.Settings.Secure to android.provider.Settings.Global.
11-08 05:17:01.760: I/ChmraDebugLogger(23797): [71] null
11-08 05:17:01.763: W/Finsky(23770): [2] com.google.android.finsky.application.FinskyAppImpl.bx(1166): No account configured on this device.
11-08 05:17:01.770: I/chatty(23770): uid=10012(com.android.vending) identical 1 line
11-08 05:17:01.771: W/Finsky(23770): [2] com.google.android.finsky.application.FinskyAppImpl.bx(1166): No account configured on this device.
11-08 05:17:01.772: D/DownloadManager(23336): [15] Finished with status SUCCESS
11-08 05:17:01.775: W/Finsky(23770): [2] com.google.android.finsky.application.FinskyAppImpl.bx(1166): No account configured on this device.
11-08 05:17:01.785: I/chatty(23770): uid=10012(com.android.vending) identical 4 lines
11-08 05:17:01.786: W/Finsky(23770): [2] com.google.android.finsky.application.FinskyAppImpl.bx(1166): No account configured on this device.
11-08 05:17:01.787: I/Finsky(23770): [2] com.google.android.finsky.hygiene.DailyHygiene.a(30): No recent hygiene success, needs more hygiene.
11-08 05:17:01.787: W/zygote64(23797): Skipping duplicate class check due to unrecognized classloader
11-08 05:17:01.790: W/DynamiteModule(23840): Local module descriptor class for providerinstaller not found.
11-08 05:17:01.793: W/Finsky(23770): [2] com.google.android.finsky.application.FinskyAppImpl.bx(1166): No account configured on this device.
11-08 05:17:01.798: W/ProviderHelper(23840): Unknown dynamite feature providerinstaller
11-08 05:17:01.801: I/LocaleChangeIO(23784): Requesting GmsCore restart due to change in locale assets
11-08 05:17:01.802: I/DynamiteModule(23840): Considering local module providerinstaller:0 and remote module providerinstaller:0
11-08 05:17:01.802: W/ProviderInstaller(23840): Failed to load providerinstaller module: No acceptable module found. Local version is 0 and remote version is 0.
11-08 05:17:01.810: V/NativeCrypto(23840): Registering com/google/android/gms/org/conscrypt/NativeCrypto's 284 native methods...
11-08 05:17:01.814: W/Finsky(23770): [2] com.google.android.finsky.application.FinskyAppImpl.bx(1166): No account configured on this device.
11-08 05:17:01.817: I/chatty(23770): uid=10012(com.android.vending) identical 1 line
11-08 05:17:01.819: W/Finsky(23770): [2] com.google.android.finsky.application.FinskyAppImpl.bx(1166): No account configured on this device.
11-08 05:17:01.822: I/zygote64(1174): Background concurrent copying GC freed 23252(1785KB) AllocSpace objects, 3(60KB) LOS objects, 42% free, 13MB/23MB, paused 90us total 134.351ms
11-08 05:17:01.825: W/Finsky(23770): [2] com.google.android.finsky.application.FinskyAppImpl.bx(1166): No account configured on this device.
11-08 05:17:01.832: W/Finsky(23770): [2] com.google.android.finsky.application.FinskyAppImpl.bx(1166): No account configured on this device.
11-08 05:17:01.832: D/NetworkSecurityConfig(23840): Using Network Security Config from resource network_security_config debugBuild: false
11-08 05:17:01.833: W/Finsky(23770): [2] com.google.android.finsky.application.FinskyAppImpl.bx(1166): No account configured on this device.
11-08 05:17:01.834: I/ProviderInstaller(23840): Installed default security provider GmsCore_OpenSSL
11-08 05:17:01.836: W/Finsky(23770): [2] com.google.android.finsky.application.FinskyAppImpl.bx(1166): No account configured on this device.
11-08 05:17:01.839: I/chatty(23770): uid=10012(com.android.vending) identical 1 line
11-08 05:17:01.840: W/Finsky(23770): [2] com.google.android.finsky.application.FinskyAppImpl.bx(1166): No account configured on this device.
11-08 05:17:01.848: I/Safeboot(23840): Checking safeboot...
11-08 05:17:01.848: W/Finsky(23770): [2] com.google.android.finsky.application.FinskyAppImpl.bx(1166): No account configured on this device.
11-08 05:17:01.848: I/Safeboot(23840): Not entering safeboot; wrong process.
11-08 05:17:01.849: W/Finsky(23770): [2] com.google.android.finsky.application.FinskyAppImpl.bx(1166): No account configured on this device.
11-08 05:17:01.859: I/chatty(23770): uid=10012(com.android.vending) identical 2 lines
11-08 05:17:01.860: W/Finsky(23770): [2] com.google.android.finsky.application.FinskyAppImpl.bx(1166): No account configured on this device.
11-08 05:17:01.861: W/Finsky(23770): [2] com.google.android.finsky.application.FinskyAppImpl.a(891): No account configured on this device.
11-08 05:17:01.864: W/Finsky(23770): [2] com.google.android.finsky.application.FinskyAppImpl.bx(1166): No account configured on this device.
11-08 05:17:01.870: I/chatty(23770): uid=10012(com.android.vending) identical 5 lines
11-08 05:17:01.871: W/Finsky(23770): [2] com.google.android.finsky.application.FinskyAppImpl.bx(1166): No account configured on this device.
11-08 05:17:01.875: W/Finsky(23770): [603] com.google.android.finsky.application.FinskyAppImpl.bx(1166): No account configured on this device.
11-08 05:17:01.877: W/Finsky(23770): [2] com.google.android.finsky.application.FinskyAppImpl.bx(1166): No account configured on this device.
11-08 05:17:01.877: I/Finsky(23770): [603] com.google.android.finsky.contentfilter.impl.q.a(8): Received content filters request from com.google.android.play.games
11-08 05:17:01.881: W/Finsky(23770): [2] com.google.android.finsky.application.FinskyAppImpl.bx(1166): No account configured on this device.
11-08 05:17:01.881: I/Finsky(23770): [2] com.google.android.finsky.installer.a.r.a(873): Installer kick - no action, not running yet
11-08 05:17:01.885: W/Finsky(23770): [603] com.google.android.finsky.application.FinskyAppImpl.bx(1166): No account configured on this device.
11-08 05:17:01.887: W/Finsky(23770): [627] com.google.android.finsky.application.FinskyAppImpl.bx(1166): No account configured on this device.
11-08 05:17:01.900: W/Primes(23840): Primes not initialized, returning default (no-op) Primes instance which will ignore all calls. Please call Primes.initialize(...) before using any Primes API.
11-08 05:17:01.902: W/WearSignatureVerifier(23770): No package com.google.android.wearable.app.cn
11-08 05:17:01.913: W/Finsky(23770): [2] com.google.android.finsky.application.FinskyAppImpl.bx(1166): No account configured on this device.
11-08 05:17:01.913: W/WearSignatureVerifier(23770): No package com.google.android.wearable.app.cn
11-08 05:17:01.915: W/Finsky(23770): [2] com.google.android.finsky.application.FinskyAppImpl.bx(1166): No account configured on this device.
11-08 05:17:01.916: I/chatty(23770): uid=10012(com.android.vending) identical 1 line
11-08 05:17:01.918: W/Finsky(23770): [2] com.google.android.finsky.application.FinskyAppImpl.bx(1166): No account configured on this device.
11-08 05:17:01.918: W/WearSignatureVerifier(23770): No package com.google.android.wearable.app.cn
11-08 05:17:01.919: W/WearSignatureVerifier(23770): No package com.google.android.wearable.app.cn
11-08 05:17:01.932: W/AdvertisingIdClient(23770): Error while reading from SharedPreferences 
11-08 05:17:01.932: W/AdvertisingIdClient(23770): java.lang.SecurityException: MODE_WORLD_READABLE no longer supported
11-08 05:17:01.932: W/AdvertisingIdClient(23770): 	at android.app.ContextImpl.checkMode(ContextImpl.java:2411)
11-08 05:17:01.932: W/AdvertisingIdClient(23770): 	at android.app.ContextImpl.getSharedPreferences(ContextImpl.java:387)
11-08 05:17:01.932: W/AdvertisingIdClient(23770): 	at android.app.ContextImpl.getSharedPreferences(ContextImpl.java:370)
11-08 05:17:01.932: W/AdvertisingIdClient(23770): 	at com.google.android.gms.ads.b.a.a(Unknown Source:12)
11-08 05:17:01.932: W/AdvertisingIdClient(23770): 	at com.google.android.finsky.d.a.a.a(SourceFile:18)
11-08 05:17:01.932: W/AdvertisingIdClient(23770): 	at com.google.android.finsky.d.a.c.doInBackground(SourceFile:7)
11-08 05:17:01.932: W/AdvertisingIdClient(23770): 	at android.os.AsyncTask$2.call(AsyncTask.java:333)
11-08 05:17:01.932: W/AdvertisingIdClient(23770): 	at java.util.concurrent.FutureTask.run(FutureTask.java:266)
11-08 05:17:01.932: W/AdvertisingIdClient(23770): 	at java.util.concurrent.ThreadPoolExecutor.runWorker(ThreadPoolExecutor.java:1162)
11-08 05:17:01.932: W/AdvertisingIdClient(23770): 	at java.util.concurrent.ThreadPoolExecutor$Worker.run(ThreadPoolExecutor.java:636)
11-08 05:17:01.932: W/AdvertisingIdClient(23770): 	at java.lang.Thread.run(Thread.java:764)
11-08 05:17:01.936: W/Finsky(23770): [2] com.google.android.finsky.application.FinskyAppImpl.bx(1166): No account configured on this device.
11-08 05:17:01.936: I/Finsky(23770): [2] com.google.android.finsky.setup.be.run(91): Restore complete with 0 success and 0 failed.
11-08 05:17:01.938: W/Primes(23797): Primes not initialized, returning default (no-op) Primes instance which will ignore all calls. Please call Primes.initialize(...) before using any Primes API.
11-08 05:17:01.939: D/ContextHubService(1174): Added callback, total callbacks 1
11-08 05:17:01.941: D/DownloadManager(23336): [14] Finished with status SUCCESS
11-08 05:17:01.944: E/QtiImsExtUtils(1707): getConfigForPhoneId phoneId is invalid
11-08 05:17:01.944: E/QtiImsExtUtils(1707): isCarrierConfigEnabled bundle is null
11-08 05:17:01.949: D/ContextHubService(1174): System supports 1 hubs
11-08 05:17:01.950: D/ContextHubService(1174): Hub CHRE on SLPI is mapped to 0
11-08 05:17:01.963: I/zygote64(23784): Do partial code cache collection, code=59KB, data=52KB
11-08 05:17:01.970: I/zygote64(23784): After code cache collection, code=56KB, data=51KB
11-08 05:17:01.970: I/zygote64(23784): Increasing code cache capacity to 256KB
11-08 05:17:02.000: W/ContextHubService(1174): Found 0 apps on hub handle 0
11-08 05:17:02.000: E/ChreGmsCore(23784): Unable to find NanoApp with Id=0x476F6F676C001013
11-08 05:17:02.012: I/DynamiteModule(23797): Considering local module com.google.android.gms.googlecertificates:4 and remote module com.google.android.gms.googlecertificates:4
11-08 05:17:02.012: I/DynamiteModule(23797): Selected local version of com.google.android.gms.googlecertificates
11-08 05:17:02.101: I/CastDatabase(23797): Opening the database
11-08 05:17:02.113: I/zygote64(23840): Compiler allocated 4MB to compile void tbv.d(android.content.Context)
11-08 05:17:02.114: I/dex2oat(23769): dex2oat took 400.989ms (108.729ms cpu) (threads: 8) arena alloc=8KB (8824B) java alloc=48KB (49168B) native alloc=1135KB (1162384B) free=1936KB (1983344B)
11-08 05:17:02.124: D/WificondControl(1174): Scan result ready event
11-08 05:17:02.130: D/WificondScannerImpl(1174): Filtering out 39 scan results.
11-08 05:17:02.132: I/dex2oat(23764): dex2oat took 725.372ms (1.270s cpu) (threads: 8) arena alloc=125KB (128264B) java alloc=4MB (4970672B) native alloc=6MB (6541960B) free=3MB (3681656B)
11-08 05:17:02.136: W/zygote64(23610): Skipping duplicate class check due to unrecognized classloader
11-08 05:17:02.141: W/ContextHubService(1174): Found 1 apps on hub handle 0
11-08 05:17:02.144: I/SQLiteCastDBHelper(23797): Upgrading cast database from version 2 to 8
11-08 05:17:02.160: I/SQLiteCastDBHelper(23797): Creating cast database
11-08 05:17:02.186: D/ContextHubService(1174): System supports 1 hubs
11-08 05:17:02.186: D/ContextHubService(1174): Hub CHRE on SLPI is mapped to 0
11-08 05:17:02.186: W/Settings(23784): Setting airplane_mode_on has moved from android.provider.Settings.System to android.provider.Settings.Global, returning read-only value.
11-08 05:17:02.193: I/SQLiteCastStore(23797): 0 CastNetworkInfo instances loaded, 0 CastDeviceInfo instances loaded, 0 paired guest mode devices loaded.
11-08 05:17:02.232: W/Settings(23784): Setting airplane_mode_on has moved from android.provider.Settings.System to android.provider.Settings.Global, returning read-only value.
11-08 05:17:02.239: D/VoldConnector(1174): SND -> {14 volume remount_uid 10136 read}
11-08 05:17:02.239: D/vold(656): Remounting 10136 as mode read
11-08 05:17:02.239: I/GnssLocationProvider(1174): WakeLock acquired by sendMessage(SET_REQUEST, 0, com.android.server.location.GnssLocationProvider$GpsRequest@a06bcad)
11-08 05:17:02.246: I/GnssLocationProvider(1174): WakeLock released by handleMessage(SET_REQUEST, 0, com.android.server.location.GnssLocationProvider$GpsRequest@a06bcad)
11-08 05:17:02.247: W/ContextHubService(1174): Sending msg of type 0 len 18 to app 476f6f676c001004 on hub 0
11-08 05:17:02.247: V/ContextHubHal(765): sendMessageToHub
11-08 05:17:02.248: W/ContextHubService(1174): Sending msg of type 0 len 18 to app 476f6f676c001004 on hub 0
11-08 05:17:02.248: V/ContextHubHal(765): sendMessageToHub
11-08 05:17:02.252: I/AdvertisingIdClient(23610): GMS remote exception 
11-08 05:17:02.252: I/AdvertisingIdClient(23610): android.os.DeadObjectException
11-08 05:17:02.252: I/AdvertisingIdClient(23610): 	at android.os.BinderProxy.transactNative(Native Method)
11-08 05:17:02.252: I/AdvertisingIdClient(23610): 	at android.os.BinderProxy.transact(Binder.java:748)
11-08 05:17:02.252: I/AdvertisingIdClient(23610): 	at jz.a(:com.google.android.gms.policy_ads_fdr_dynamite@20461000@20461000.264725060.264725060:2)
11-08 05:17:02.252: I/AdvertisingIdClient(23610): 	at com.google.android.gms.ads.identifier.internal.a.b(Unknown Source:5)
11-08 05:17:02.252: I/AdvertisingIdClient(23610): 	at com.google.android.gms.ads.identifier.b.b(:com.google.android.gms.policy_ads_fdr_dynamite@20461000@20461000.264725060.264725060:8)
11-08 05:17:02.252: I/AdvertisingIdClient(23610): 	at com.google.android.ads.tasks.i.c(:com.google.android.gms.policy_ads_fdr_dynamite@20461000@20461000.264725060.264725060:2)
11-08 05:17:02.252: I/AdvertisingIdClient(23610): 	at com.google.android.ads.tasks.i.a(:com.google.android.gms.policy_ads_fdr_dynamite@20461000@20461000.264725060.264725060:8)
11-08 05:17:02.252: I/AdvertisingIdClient(23610): 	at com.google.android.ads.tasks.aa.b(:com.google.android.gms.policy_ads_fdr_dynamite@20461000@20461000.264725060.264725060:2)
11-08 05:17:02.252: I/AdvertisingIdClient(23610): 	at com.google.android.ads.tasks.i.b(:com.google.android.gms.policy_ads_fdr_dynamite@20461000@20461000.264725060.264725060:5)
11-08 05:17:02.252: I/AdvertisingIdClient(23610): 	at com.google.android.ads.tasks.i.call(Unknown Source:0)
11-08 05:17:02.252: I/AdvertisingIdClient(23610): 	at java.util.concurrent.FutureTask.run(FutureTask.java:266)
11-08 05:17:02.252: I/AdvertisingIdClient(23610): 	at java.util.concurrent.ThreadPoolExecutor.runWorker(ThreadPoolExecutor.java:1162)
11-08 05:17:02.252: I/AdvertisingIdClient(23610): 	at java.util.concurrent.ThreadPoolExecutor$Worker.run(ThreadPoolExecutor.java:636)
11-08 05:17:02.252: I/AdvertisingIdClient(23610): 	at java.lang.Thread.run(Thread.java:764)
11-08 05:17:02.252: D/CHRE(798): @ 12038.018: Parsed nanoapp message from host: app ID 0x476f6f676c001004, endpoint 0x4940, msgType 0, payload size 18
11-08 05:17:02.253: I/CHRE(798): @ 12038.019: [NanoMinion] received MSG Type 0x31, Version 0, 14 bytes
11-08 05:17:02.253: D/CHRE(798): @ 12038.019: [Platform] nlp: has 1, enabled 1
11-08 05:17:02.253: D/CHRE(798): @ 12038.020: [Platform] gps: has 1, enabled 1
11-08 05:17:02.253: D/VoldConnector(1174): RCV <- {200 14 Command succeeded}
11-08 05:17:02.253: D/CHRE(798): @ 12038.020: [Platform] wifi: has 1, enabled 1
11-08 05:17:02.253: D/CHRE(798): @ 12038.020: Parsed nanoapp message from host: app ID 0x476f6f676c001004, endpoint 0xa940, msgType 0, payload size 18
11-08 05:17:02.253: D/VoldConnector(1174): SND -> {15 volume remount_uid 10136 write}
11-08 05:17:02.254: D/vold(656): Remounting 10136 as mode write
11-08 05:17:02.254: I/GnssLocationProvider(1174): WakeLock acquired by sendMessage(SET_REQUEST, 0, com.android.server.location.GnssLocationProvider$GpsRequest@e23342e)
11-08 05:17:02.254: D/CHRE(798): @ 12038.021: [Platform] cell: has 1, enabled 1
11-08 05:17:02.254: I/GnssLocationProvider(1174): WakeLock released by handleMessage(SET_REQUEST, 0, com.android.server.location.GnssLocationProvider$GpsRequest@e23342e)
11-08 05:17:02.254: D/ContextHubService(1174): Sending message 1025 version 0 from hubHandle 0, appInstance 2, callBackCount 1
11-08 05:17:02.255: I/CHRE(798): @ 12038.021: [NanoMinion] sent MSG Type 0x30, Version 0, 2 bytes, MessageId 3
11-08 05:17:02.255: I/CHRE(798): @ 12038.022: [NanoMinion] received MSG Type 0x31, Version 0, 14 bytes
11-08 05:17:02.256: D/CHRE(798): @ 12038.022: [Platform] nlp: has 1, enabled 1
11-08 05:17:02.256: D/CHRE(798): @ 12038.022: [Platform] gps: has 1, enabled 1
11-08 05:17:02.256: D/CHRE(798): @ 12038.023: [Platform] wifi: has 1, enabled 1
11-08 05:17:02.256: D/CHRE(798): @ 12038.023: [Platform] cell: has 1, enabled 1
11-08 05:17:02.256: D/ContextHubService(1174): Sending message 1025 version 0 from hubHandle 0, appInstance 2, callBackCount 1
11-08 05:17:02.256: I/CHRE(798): @ 12038.023: [NanoMinion] sent MSG Type 0x30, Version 0, 2 bytes, MessageId 4
11-08 05:17:02.261: D/VoldConnector(1174): RCV <- {200 15 Command succeeded}
11-08 05:17:02.261: D/VoldConnector(1174): [ 11-08 05:17:02.262   857: 2108 E/         ]
11-08 05:17:02.261: D/VoldConnector(1174): Couldn't opendir /data/app/vmdl147493702.tmp: No such file or directory
11-08 05:17:02.262: E/installd(857): Failed to delete /data/app/vmdl147493702.tmp: No such file or directory
11-08 05:17:02.264: I/Pm(23681): Package com.example.concurrencyeval installed in 1156 ms
11-08 05:17:02.265: D/PackageInstaller(1174): Ignoring abandon after commit relinquished control
11-08 05:17:02.266: I/app_process(23681): System.exit called, status: 0
11-08 05:17:02.266: I/AndroidRuntime(23681): VM exiting with result code 0.
11-08 05:17:02.278: I/InputReader(1174): Reconfiguring input devices.  changes=0x00000010
11-08 05:17:02.298: W/ActivityManager(1174): Permission Denial: Accessing service ComponentInfo{com.google.android.music/com.google.android.music.dial.DialMediaRouteProviderService} from pid=23610, uid=10070 that is not exported from uid 10111
11-08 05:17:02.311: D/CarrierSvcBindHelper(1707): No carrier app for: 0
11-08 05:17:02.318: E/VvmPkgInstalledRcvr(1707): cannot create TelephonyManager from ComponentInfo{com.android.phone/com.android.services.telephony.TelephonyConnectionService}, [****], UserHandle{0}
11-08 05:17:02.318: D/ImsResolver(1707): maybeAddedImsService, packageName: com.example.concurrencyeval
11-08 05:17:02.319: D/CarrierConfigLoader(1707): mHandler: 9 phoneId: 0
11-08 05:17:02.319: W/SearchableInfo(1174): Invalid searchable metadata for com.google.android.gms/.nearby.sharing.ContactSelectActivity: Search label must be a resource reference.
11-08 05:17:02.321: I/Telecom(1174): DefaultDialerCache: Refreshing default dialer for user 0: now com.google.android.dialer: DDC.oR@AHw
11-08 05:17:02.324: I/CastSocket(23797): 26 >= 18. Adding new CastClientAuthKeyManager.
11-08 05:17:02.333: D/RegisteredNfcFServicesCache(2221): Service unchanged, not updating
11-08 05:17:02.342: I/DiscoveryManager(23797): WifiGuestModeDeviceScanner enabled.
11-08 05:17:02.355: I/ChmraDebugLogger(23797): [71] null
11-08 05:17:02.359: W/zygote64(23797): Skipping duplicate class check due to unrecognized classloader
11-08 05:17:02.387: W/Binder(1174): Outgoing transactions from this process must be FLAG_ONEWAY
11-08 05:17:02.387: W/Binder(1174): java.lang.Throwable
11-08 05:17:02.387: W/Binder(1174): 	at android.os.BinderProxy.transact(Binder.java:736)
11-08 05:17:02.387: W/Binder(1174): 	at com.android.internal.backup.IBackupTransport$Stub$Proxy.name(IBackupTransport.java:369)
11-08 05:17:02.387: W/Binder(1174): 	at com.android.server.backup.TransportManager$TransportConnection.onServiceConnected(TransportManager.java:339)
11-08 05:17:02.387: W/Binder(1174): 	at android.app.LoadedApk$ServiceDispatcher.doConnected(LoadedApk.java:1637)
11-08 05:17:02.387: W/Binder(1174): 	at android.app.LoadedApk$ServiceDispatcher$RunConnection.run(LoadedApk.java:1666)
11-08 05:17:02.387: W/Binder(1174): 	at android.os.Handler.handleCallback(Handler.java:789)
11-08 05:17:02.387: W/Binder(1174): 	at android.os.Handler.dispatchMessage(Handler.java:98)
11-08 05:17:02.387: W/Binder(1174): 	at android.os.Looper.loop(Looper.java:164)
11-08 05:17:02.387: W/Binder(1174): 	at com.android.server.SystemServer.run(SystemServer.java:424)
11-08 05:17:02.387: W/Binder(1174): 	at com.android.server.SystemServer.main(SystemServer.java:263)
11-08 05:17:02.387: W/Binder(1174): 	at java.lang.reflect.Method.invoke(Native Method)
11-08 05:17:02.387: W/Binder(1174): 	at com.android.internal.os.Zygote$MethodAndArgsCaller.run(Zygote.java:240)
11-08 05:17:02.387: W/Binder(1174): 	at com.android.internal.os.ZygoteInit.main(ZygoteInit.java:772)
11-08 05:17:02.389: D/BackupTransportManager(1174): Bound to transport: com.google.android.gms/.backup.BackupTransportService
11-08 05:17:02.391: I/zygote64(1174): Background concurrent copying GC freed 73752(3MB) AllocSpace objects, 8(160KB) LOS objects, 42% free, 14MB/25MB, paused 56us total 128.162ms
11-08 05:17:02.400: I/zygote64(23784): Deoptimizing java.lang.Object bect.a() due to JIT inline cache
11-08 05:17:02.407: W/ChimeraUtils(23784): Non Chimera context
11-08 05:17:02.410: I/chatty(23784): uid=10006 com.google.android.gms.persistent identical 2 lines
11-08 05:17:02.410: W/ChimeraUtils(23784): Non Chimera context
