11-08 05:18:48.866: I/ViewInteraction(24420): Performing 'replace text()' action on view with id: com.example.concurrencyeval:id/cs_et_tasks
11-08 05:18:48.885: I/ViewInteraction(24420): Performing 'type text(1)' action on view with id: com.example.concurrencyeval:id/cs_et_tasks
11-08 05:18:48.950: W/InputConnectionWrapper(1523): Fixing selection indices to 0, 0
11-08 05:18:49.166: D/UiControllerImpl(24420): Injecting string: "1"
11-08 05:18:49.196: I/ViewInteraction(24420): Performing 'single click' action on view with id: com.example.concurrencyeval:id/cs_et_tasks
11-08 05:18:49.266: I/CHRE(798): @ 12145.033: [AR_CHRE] detected still, confidence: 100, motionConfidence: 0
11-08 05:18:49.543: I/ViewInteraction(24420): Performing 'close keyboard' action on view is a root view.
11-08 05:18:49.873: I/ViewInteraction(24420): Performing 'single click' action on view with id: com.example.concurrencyeval:id/cs_run_button
11-08 05:18:50.649: I/Choreographer(24420): Skipped 42 frames!  The application may be doing too much work on its main thread.
11-08 05:18:51.112: I/ViewInteraction(24420): Performing 'single click' action on view with id: com.example.concurrencyeval:id/cs_run_button
11-08 05:18:51.597: E/QtiImsExtUtils(1707): getConfigForPhoneId phoneId is invalid
11-08 05:18:51.598: E/QtiImsExtUtils(1707): isCarrierConfigEnabled bundle is null
11-08 05:18:51.888: I/Choreographer(24420): Skipped 42 frames!  The application may be doing too much work on its main thread.
11-08 05:18:52.287: I/ViewInteraction(24420): Performing 'single click' action on view with id: com.example.concurrencyeval:id/cs_run_button
11-08 05:18:52.466: I/CHRE(798): @ 12148.233: [AR_CHRE] detected still, confidence: 100, motionConfidence: 0
11-08 05:18:53.047: I/Choreographer(24420): Skipped 41 frames!  The application may be doing too much work on its main thread.
11-08 05:18:53.448: I/ViewInteraction(24420): Performing 'single click' action on view with id: com.example.concurrencyeval:id/cs_run_button
11-08 05:18:54.210: I/Choreographer(24420): Skipped 41 frames!  The application may be doing too much work on its main thread.
11-08 05:18:54.610: I/ViewInteraction(24420): Performing 'single click' action on view with id: com.example.concurrencyeval:id/cs_run_button
11-08 05:18:55.378: I/Choreographer(24420): Skipped 42 frames!  The application may be doing too much work on its main thread.
11-08 05:18:55.676: I/CHRE(798): @ 12151.443: [AR_CHRE] detected still, confidence: 100, motionConfidence: 0
11-08 05:18:55.676: I/CHRE(798): @ 12151.443: [AR_CHRE] ON => IDLE
11-08 05:18:55.677: D/CHRE(798): @ 12151.444: Adding sensor status monitor for sensor ID 249
11-08 05:18:55.683: D/CHRE(798): @ 12151.451: -: id 0, prev 3 curr 2, mode 3, chre 0
11-08 05:18:55.772: I/ViewInteraction(24420): Performing 'single click' action on view with id: com.example.concurrencyeval:id/cs_run_button
11-08 05:18:56.537: I/Choreographer(24420): Skipped 42 frames!  The application may be doing too much work on its main thread.
11-08 05:18:56.969: I/ViewInteraction(24420): Performing 'single click' action on view with id: com.example.concurrencyeval:id/cs_run_button
11-08 05:18:57.738: I/Choreographer(24420): Skipped 42 frames!  The application may be doing too much work on its main thread.
11-08 05:18:58.128: I/Vision(23797): Requesting optional module download of ocr.
11-08 05:18:58.130: I/Vision(23797): Checking for download completion for 12200233 -- ocr
11-08 05:18:58.147: I/ViewInteraction(24420): Performing 'single click' action on view with id: com.example.concurrencyeval:id/cs_run_button
11-08 05:18:58.258: I/BlobLobber(2208): Received new velour config
11-08 05:18:58.261: I/BlobLobber(2208): Canceling downloads: [brain_en_us_201705_arm64_release_signed, odws1_en:us_2019-09-12_270573492_release_signed]
11-08 05:18:58.261: I/BlobLobber(2208): Failed to cancel [brain_en_us_201705_arm64_release_signed, odws1_en:us_2019-09-12_270573492_release_signed]
11-08 05:18:58.263: W/BroadcastQueue(1174): Background execution not allowed: receiving Intent { act=com.google.android.systemui.OPA_ENABLED flg=0x10000010 (has extras) } to com.google.android.apps.nexuslauncher/.qsb.OPAStatusReceiver
11-08 05:18:58.264: I/OpaEnabledReceiver(1542): Dispatching OPA eligble = false; AGSA = true; OPA enabled = false
11-08 05:18:58.264: I/OpaLayout(1542): Setting opa enabled to false
11-08 05:18:58.264: I/OpaLayout(1542): Setting opa enabled to false
11-08 05:18:58.276: I/OpaEnabledReceiver(1542): Dispatching OPA eligble = false; AGSA = true; OPA enabled = false
11-08 05:18:58.276: I/OpaLayout(1542): Setting opa enabled to false
11-08 05:18:58.276: I/OpaLayout(1542): Setting opa enabled to false
11-08 05:18:58.294: V/DownloadManager(23336): Deleting /data/data/com.android.providers.downloads/files/hotword.data via provider delete
11-08 05:18:58.361: E/anxw(23784): Phenotype API error. Event # caea@ea045107, EventCode: 7 [CONTEXT service_id=51 ]
11-08 05:18:58.361: E/anxw(23784): anwq: 29505: No config packages for log source, or config package not registered
11-08 05:18:58.361: E/anxw(23784): 	at anyh.b(:com.google.android.gms@19420019@19.4.20 (040400-271418971):10)
11-08 05:18:58.361: E/anxw(23784): 	at anyi.b(:com.google.android.gms@19420019@19.4.20 (040400-271418971):2)
11-08 05:18:58.361: E/anxw(23784): 	at anxw.a(:com.google.android.gms@19420019@19.4.20 (040400-271418971):90)
11-08 05:18:58.361: E/anxw(23784): 	at anxw.a(:com.google.android.gms@19420019@19.4.20 (040400-271418971):73)
11-08 05:18:58.361: E/anxw(23784): 	at aama.run(:com.google.android.gms@19420019@19.4.20 (040400-271418971):17)
11-08 05:18:58.361: E/anxw(23784): 	at blbc.run(:com.google.android.gms@19420019@19.4.20 (040400-271418971):2)
11-08 05:18:58.361: E/anxw(23784): 	at sxo.b(:com.google.android.gms@19420019@19.4.20 (040400-271418971):33)
11-08 05:18:58.361: E/anxw(23784): 	at sxo.run(:com.google.android.gms@19420019@19.4.20 (040400-271418971):21)
11-08 05:18:58.361: E/anxw(23784): 	at java.util.concurrent.ThreadPoolExecutor.runWorker(ThreadPoolExecutor.java:1162)
11-08 05:18:58.361: E/anxw(23784): 	at java.util.concurrent.ThreadPoolExecutor$Worker.run(ThreadPoolExecutor.java:636)
11-08 05:18:58.361: E/anxw(23784): 	at tdm.run(Unknown Source:7)
11-08 05:18:58.361: E/anxw(23784): 	at java.lang.Thread.run(Thread.java:764)
11-08 05:18:58.361: D/DownloadManager(23336): [17] Starting
11-08 05:18:58.362: E/AsyncOperation(23784): serviceID=51, operation=GetExperimentTokensOperationCall
11-08 05:18:58.362: E/AsyncOperation(23784): OperationException[Status{statusCode=No config packages for log source, or config package not registered, resolution=null}]
11-08 05:18:58.362: E/AsyncOperation(23784): 	at anxw.a(:com.google.android.gms@19420019@19.4.20 (040400-271418971):98)
11-08 05:18:58.362: E/AsyncOperation(23784): 	at anxw.a(:com.google.android.gms@19420019@19.4.20 (040400-271418971):73)
11-08 05:18:58.362: E/AsyncOperation(23784): 	at aama.run(:com.google.android.gms@19420019@19.4.20 (040400-271418971):17)
11-08 05:18:58.362: E/AsyncOperation(23784): 	at blbc.run(:com.google.android.gms@19420019@19.4.20 (040400-271418971):2)
11-08 05:18:58.362: E/AsyncOperation(23784): 	at sxo.b(:com.google.android.gms@19420019@19.4.20 (040400-271418971):33)
11-08 05:18:58.362: E/AsyncOperation(23784): 	at sxo.run(:com.google.android.gms@19420019@19.4.20 (040400-271418971):21)
11-08 05:18:58.362: E/AsyncOperation(23784): 	at java.util.concurrent.ThreadPoolExecutor.runWorker(ThreadPoolExecutor.java:1162)
11-08 05:18:58.362: E/AsyncOperation(23784): 	at java.util.concurrent.ThreadPoolExecutor$Worker.run(ThreadPoolExecutor.java:636)
11-08 05:18:58.362: E/AsyncOperation(23784): 	at tdm.run(Unknown Source:7)
11-08 05:18:58.362: E/AsyncOperation(23784): 	at java.lang.Thread.run(Thread.java:764)
11-08 05:18:58.390: D/NetworkSecurityConfig(23336): Using Network Security Config from resource network_security_config debugBuild: false
11-08 05:18:58.595: D/DownloadManager(23336): [17] Finished with status SUCCESS
11-08 05:18:58.614: W/BlobLobber(2208): Not processing download id 17, not a BlobLobber blob
11-08 05:18:58.615: W/BlobLobber(2208): Notification for download id 17 which we didn't know or failed
11-08 05:18:58.624: I/DownloadCompleteRrvr(2208): Download Completed
11-08 05:18:58.633: I/LanguagePackUpdateContr(2208): Not processing download: 17, not a language pack
11-08 05:18:58.655: V/DownloadManager(23336): Deleting /data/data/com.android.providers.downloads/cache/hotword.data via provider delete
11-08 05:18:58.675: I/MicroDetectionWorker(2208): #initializeDataManager [recognitionLocale: pt-BR, isForced: true, initGHRecognizer: false]
11-08 05:18:58.706: W/SearchService(2208): Abort, client detached.
11-08 05:18:58.706: W/SearchService(2208): Abort, client detached.
11-08 05:18:58.910: I/Choreographer(24420): Skipped 42 frames!  The application may be doing too much work on its main thread.
11-08 05:18:59.325: I/ViewInteraction(24420): Performing 'single click' action on view with id: com.example.concurrencyeval:id/cs_run_button
11-08 05:18:59.788: I/ClearcutLoggerApiImpl(2289): disconnect managed GoogleApiClient
11-08 05:19:00.096: I/Choreographer(24420): Skipped 42 frames!  The application may be doing too much work on its main thread.
11-08 05:19:00.520: I/ViewInteraction(24420): Performing 'single click' action on view with id: com.example.concurrencyeval:id/cs_run_button
11-08 05:19:01.295: I/Choreographer(24420): Skipped 42 frames!  The application may be doing too much work on its main thread.
11-08 05:19:01.698: I/ViewInteraction(24420): Performing 'single click' action on view with id: com.example.concurrencyeval:id/cs_run_button
11-08 05:19:02.464: I/Choreographer(24420): Skipped 42 frames!  The application may be doing too much work on its main thread.
11-08 05:19:02.861: I/ViewInteraction(24420): Performing 'replace text()' action on view with id: com.example.concurrencyeval:id/cs_et_tasks
11-08 05:19:02.878: I/ViewInteraction(24420): Performing 'type text(16)' action on view with id: com.example.concurrencyeval:id/cs_et_tasks
11-08 05:19:02.936: W/InputConnectionWrapper(1523): Fixing selection indices to 0, 0
11-08 05:19:03.142: D/UiControllerImpl(24420): Injecting string: "16"
11-08 05:19:03.183: I/ViewInteraction(24420): Performing 'single click' action on view with id: com.example.concurrencyeval:id/cs_et_tasks
11-08 05:19:03.515: I/ViewInteraction(24420): Performing 'close keyboard' action on view is a root view.
11-08 05:19:03.834: I/ViewInteraction(24420): Performing 'single click' action on view with id: com.example.concurrencyeval:id/cs_run_button
11-08 05:19:04.608: I/Choreographer(24420): Skipped 42 frames!  The application may be doing too much work on its main thread.
11-08 05:19:04.864: I/ViewInteraction(24420): Performing 'single click' action on view with id: com.example.concurrencyeval:id/cs_run_button
11-08 05:19:05.625: I/Choreographer(24420): Skipped 41 frames!  The application may be doing too much work on its main thread.
11-08 05:19:05.655: E/QtiImsExtUtils(1707): getConfigForPhoneId phoneId is invalid
11-08 05:19:05.656: E/QtiImsExtUtils(1707): isCarrierConfigEnabled bundle is null
11-08 05:19:05.875: I/ViewInteraction(24420): Performing 'single click' action on view with id: com.example.concurrencyeval:id/cs_run_button
11-08 05:19:06.645: I/Choreographer(24420): Skipped 42 frames!  The application may be doing too much work on its main thread.
11-08 05:19:06.885: I/ViewInteraction(24420): Performing 'single click' action on view with id: com.example.concurrencyeval:id/cs_run_button
11-08 05:19:07.650: I/Choreographer(24420): Skipped 42 frames!  The application may be doing too much work on its main thread.
11-08 05:19:07.929: I/ViewInteraction(24420): Performing 'single click' action on view with id: com.example.concurrencyeval:id/cs_run_button
11-08 05:19:08.677: W/NamedFutures(2208): Timeout future task has been cancelled: 10000 milliseconds
11-08 05:19:08.678: E/SearchServiceStarter(2208): Task 174 failed or timed out. Client 9712459903525173 disconnecting from SearchService!
11-08 05:19:08.678: E/SearchServiceStarter(2208): java.util.concurrent.CancellationException: Task was cancelled.
11-08 05:19:08.678: E/SearchServiceStarter(2208): 	at com.google.common.util.concurrent.d.cp(SourceFile:75)
11-08 05:19:08.678: E/SearchServiceStarter(2208): 	at com.google.common.util.concurrent.d.get(SourceFile:57)
11-08 05:19:08.678: E/SearchServiceStarter(2208): 	at com.google.common.util.concurrent.cj.n(SourceFile:2)
11-08 05:19:08.678: E/SearchServiceStarter(2208): 	at com.google.common.util.concurrent.ay.l(SourceFile:50)
11-08 05:19:08.678: E/SearchServiceStarter(2208): 	at com.google.common.util.concurrent.ba.run(SourceFile:5)
11-08 05:19:08.678: E/SearchServiceStarter(2208): 	at com.google.android.apps.gsa.shared.util.concurrent.a.bc.run(SourceFile:2)
11-08 05:19:08.678: E/SearchServiceStarter(2208): 	at android.os.Handler.handleCallback(Handler.java:789)
11-08 05:19:08.678: E/SearchServiceStarter(2208): 	at android.os.Handler.dispatchMessage(Handler.java:98)
11-08 05:19:08.678: E/SearchServiceStarter(2208): 	at android.os.Looper.loop(Looper.java:164)
11-08 05:19:08.678: E/SearchServiceStarter(2208): 	at android.app.ActivityThread.main(ActivityThread.java:6600)
11-08 05:19:08.678: E/SearchServiceStarter(2208): 	at java.lang.reflect.Method.invoke(Native Method)
11-08 05:19:08.678: E/SearchServiceStarter(2208): 	at com.android.internal.os.Zygote$MethodAndArgsCaller.run(Zygote.java:240)
11-08 05:19:08.678: E/SearchServiceStarter(2208): 	at com.android.internal.os.ZygoteInit.main(ZygoteInit.java:772)
11-08 05:19:08.679: W/SearchService(2208): Abort, client detached.
11-08 05:19:08.679: W/SearchService(2208): Abort, client detached.
11-08 05:19:08.692: I/Choreographer(24420): Skipped 41 frames!  The application may be doing too much work on its main thread.
11-08 05:19:08.694: E/DownloadManagerWrapper(2208): Can't find downloadId=17
11-08 05:19:08.957: I/ViewInteraction(24420): Performing 'single click' action on view with id: com.example.concurrencyeval:id/cs_run_button
11-08 05:19:08.960: I/zygote64(24420): Do full code cache collection, code=1005KB, data=631KB
11-08 05:19:08.962: I/zygote64(24420): After code cache collection, code=1001KB, data=578KB
11-08 05:19:09.716: I/Choreographer(24420): Skipped 41 frames!  The application may be doing too much work on its main thread.
11-08 05:19:09.967: I/ViewInteraction(24420): Performing 'single click' action on view with id: com.example.concurrencyeval:id/cs_run_button
11-08 05:19:10.727: I/Choreographer(24420): Skipped 41 frames!  The application may be doing too much work on its main thread.
11-08 05:19:10.994: I/ViewInteraction(24420): Performing 'single click' action on view with id: com.example.concurrencyeval:id/cs_run_button
11-08 05:19:11.754: I/Choreographer(24420): Skipped 41 frames!  The application may be doing too much work on its main thread.
11-08 05:19:12.022: I/ViewInteraction(24420): Performing 'single click' action on view with id: com.example.concurrencyeval:id/cs_run_button
11-08 05:19:12.776: I/Choreographer(24420): Skipped 41 frames!  The application may be doing too much work on its main thread.
11-08 05:19:13.048: I/ViewInteraction(24420): Performing 'single click' action on view with id: com.example.concurrencyeval:id/cs_run_button
11-08 05:19:13.721: W/SearchService(2208): Abort, client detached.
11-08 05:19:13.803: I/Choreographer(24420): Skipped 41 frames!  The application may be doing too much work on its main thread.
11-08 05:19:14.046: I/ViewInteraction(24420): Performing 'single click' action on view with id: com.example.concurrencyeval:id/cs_run_button
11-08 05:19:14.813: I/Choreographer(24420): Skipped 41 frames!  The application may be doing too much work on its main thread.
11-08 05:19:15.086: I/ViewInteraction(24420): Performing 'replace text()' action on view with id: com.example.concurrencyeval:id/cs_et_tasks
11-08 05:19:15.103: I/ViewInteraction(24420): Performing 'type text(256)' action on view with id: com.example.concurrencyeval:id/cs_et_tasks
11-08 05:19:15.168: W/InputConnectionWrapper(1523): Fixing selection indices to 0, 0
11-08 05:19:15.366: D/UiControllerImpl(24420): Injecting string: "256"
11-08 05:19:15.441: I/ViewInteraction(24420): Performing 'single click' action on view with id: com.example.concurrencyeval:id/cs_et_tasks
11-08 05:19:15.740: I/ViewInteraction(24420): Performing 'close keyboard' action on view is a root view.
11-08 05:19:16.061: I/ViewInteraction(24420): Performing 'single click' action on view with id: com.example.concurrencyeval:id/cs_run_button
11-08 05:19:16.817: I/Choreographer(24420): Skipped 41 frames!  The application may be doing too much work on its main thread.
11-08 05:19:17.073: I/ViewInteraction(24420): Performing 'single click' action on view with id: com.example.concurrencyeval:id/cs_run_button
11-08 05:19:17.830: I/Choreographer(24420): Skipped 41 frames!  The application may be doing too much work on its main thread.
11-08 05:19:18.082: I/ViewInteraction(24420): Performing 'single click' action on view with id: com.example.concurrencyeval:id/cs_run_button
11-08 05:19:18.842: I/Choreographer(24420): Skipped 41 frames!  The application may be doing too much work on its main thread.
11-08 05:19:19.093: I/ViewInteraction(24420): Performing 'single click' action on view with id: com.example.concurrencyeval:id/cs_run_button
11-08 05:19:19.575: E/QtiImsExtUtils(1707): getConfigForPhoneId phoneId is invalid
11-08 05:19:19.575: E/QtiImsExtUtils(1707): isCarrierConfigEnabled bundle is null
11-08 05:19:19.857: I/Choreographer(24420): Skipped 41 frames!  The application may be doing too much work on its main thread.
11-08 05:19:20.103: I/ViewInteraction(24420): Performing 'single click' action on view with id: com.example.concurrencyeval:id/cs_run_button
11-08 05:19:20.862: I/Choreographer(24420): Skipped 41 frames!  The application may be doing too much work on its main thread.
11-08 05:19:21.114: I/ViewInteraction(24420): Performing 'single click' action on view with id: com.example.concurrencyeval:id/cs_run_button
11-08 05:19:21.872: I/Choreographer(24420): Skipped 41 frames!  The application may be doing too much work on its main thread.
11-08 05:19:22.124: I/ViewInteraction(24420): Performing 'single click' action on view with id: com.example.concurrencyeval:id/cs_run_button
11-08 05:19:22.879: I/Choreographer(24420): Skipped 41 frames!  The application may be doing too much work on its main thread.
11-08 05:19:23.117: I/ViewInteraction(24420): Performing 'single click' action on view with id: com.example.concurrencyeval:id/cs_run_button
11-08 05:19:23.876: I/Choreographer(24420): Skipped 41 frames!  The application may be doing too much work on its main thread.
11-08 05:19:24.128: I/ViewInteraction(24420): Performing 'single click' action on view with id: com.example.concurrencyeval:id/cs_run_button
11-08 05:19:24.894: I/Choreographer(24420): Skipped 42 frames!  The application may be doing too much work on its main thread.
11-08 05:19:25.156: I/ViewInteraction(24420): Performing 'single click' action on view with id: com.example.concurrencyeval:id/cs_run_button
11-08 05:19:25.913: I/Choreographer(24420): Skipped 41 frames!  The application may be doing too much work on its main thread.
11-08 05:19:26.149: I/ViewInteraction(24420): Performing 'single click' action on view with id: com.example.concurrencyeval:id/cs_run_button
11-08 05:19:26.907: I/Choreographer(24420): Skipped 41 frames!  The application may be doing too much work on its main thread.
11-08 05:19:27.195: D/LifecycleMonitor(24420): Lifecycle status change: com.example.concurrencyeval.activities.ConcSumActivity@6fa661a in: PAUSED
11-08 05:19:27.195: D/LifecycleMonitor(24420): running callback: androidx.test.rule.ActivityTestRule$LifecycleCallback@d531ed3
11-08 05:19:27.196: D/LifecycleMonitor(24420): callback completes: androidx.test.rule.ActivityTestRule$LifecycleCallback@d531ed3
11-08 05:19:27.217: I/BackdropActivity(23410): onResume()
11-08 05:19:27.217: I/ActivityManager(1174): Activity requesting to dismiss Keyguard: ActivityRecord{31da3e1 u0 com.google.android.apps.mtaas.backdrop/.BackdropActivity t3}
11-08 05:19:27.236: I/ActivityManager(1174): START u0 {flg=0x10000000 cmp=com.example.concurrencyeval/.activities.ConcSumActivity (has extras)} from uid 10136
11-08 05:19:27.237: D/QCOM PowerHAL(779): LAUNCH HINT: ON
11-08 05:19:27.238: D/QCOM PowerHAL(779): Activity launch hint handled
11-08 05:19:27.267: D/LifecycleMonitor(24420): Lifecycle status change: com.example.concurrencyeval.activities.ConcSumActivity@8842821 in: PRE_ON_CREATE
11-08 05:19:27.267: D/LifecycleMonitor(24420): running callback: androidx.test.rule.ActivityTestRule$LifecycleCallback@d531ed3
11-08 05:19:27.267: D/LifecycleMonitor(24420): callback completes: androidx.test.rule.ActivityTestRule$LifecycleCallback@d531ed3
11-08 05:19:27.323: I/zygote64(24420): Do partial code cache collection, code=1005KB, data=605KB
11-08 05:19:27.325: I/zygote64(24420): After code cache collection, code=1005KB, data=605KB
11-08 05:19:27.325: I/zygote64(24420): Increasing code cache capacity to 3MB
11-08 05:19:27.326: I/zygote64(24420): Compiler allocated 4MB to compile void android.view.View.<init>(android.content.Context, android.util.AttributeSet, int, int)
11-08 05:19:27.329: D/LifecycleMonitor(24420): Lifecycle status change: com.example.concurrencyeval.activities.ConcSumActivity@8842821 in: CREATED
11-08 05:19:27.330: D/LifecycleMonitor(24420): running callback: androidx.test.rule.ActivityTestRule$LifecycleCallback@d531ed3
11-08 05:19:27.330: D/LifecycleMonitor(24420): callback completes: androidx.test.rule.ActivityTestRule$LifecycleCallback@d531ed3
11-08 05:19:27.331: D/LifecycleMonitor(24420): Lifecycle status change: com.example.concurrencyeval.activities.ConcSumActivity@8842821 in: STARTED
11-08 05:19:27.331: D/LifecycleMonitor(24420): running callback: androidx.test.rule.ActivityTestRule$LifecycleCallback@d531ed3
11-08 05:19:27.331: D/LifecycleMonitor(24420): callback completes: androidx.test.rule.ActivityTestRule$LifecycleCallback@d531ed3
11-08 05:19:27.333: D/LifecycleMonitor(24420): Lifecycle status change: com.example.concurrencyeval.activities.ConcSumActivity@8842821 in: RESUMED
11-08 05:19:27.333: D/LifecycleMonitor(24420): running callback: androidx.test.rule.ActivityTestRule$LifecycleCallback@d531ed3
11-08 05:19:27.333: D/LifecycleMonitor(24420): callback completes: androidx.test.rule.ActivityTestRule$LifecycleCallback@d531ed3
11-08 05:19:27.352: I/zygote64(23797): Deoptimizing void blak.close() due to JIT inline cache
11-08 05:19:27.388: I/ActivityManager(1174): Displayed com.example.concurrencyeval/.activities.ConcSumActivity: +141ms
11-08 05:19:27.400: D/QCOM PowerHAL(779): LAUNCH HINT: OFF
11-08 05:19:27.401: I/ViewInteraction(24420): Performing 'replace text()' action on view with id: com.example.concurrencyeval:id/cs_et_numbers
11-08 05:19:27.406: D/LifecycleMonitor(24420): Lifecycle status change: com.example.concurrencyeval.activities.ConcSumActivity@6fa661a in: STOPPED
11-08 05:19:27.406: D/LifecycleMonitor(24420): running callback: androidx.test.rule.ActivityTestRule$LifecycleCallback@d531ed3
11-08 05:19:27.406: D/LifecycleMonitor(24420): callback completes: androidx.test.rule.ActivityTestRule$LifecycleCallback@d531ed3
11-08 05:19:27.407: D/LifecycleMonitor(24420): Lifecycle status change: com.example.concurrencyeval.activities.ConcSumActivity@6fa661a in: DESTROYED
11-08 05:19:27.407: D/LifecycleMonitor(24420): running callback: androidx.test.rule.ActivityTestRule$LifecycleCallback@d531ed3
11-08 05:19:27.407: D/LifecycleMonitor(24420): callback completes: androidx.test.rule.ActivityTestRule$LifecycleCallback@d531ed3
11-08 05:19:27.413: E/SurfaceFlinger(605): Failed to find layer (com.google.android.apps.mtaas.backdrop/com.google.android.apps.mtaas.backdrop.BackdropActivity#0) in layer parent (no-parent).
11-08 05:19:27.414: I/ViewInteraction(24420): Performing 'type text(262144)' action on view with id: com.example.concurrencyeval:id/cs_et_numbers
11-08 05:19:27.416: W/IInputConnectionWrapper(24420): beginBatchEdit on inactive InputConnection
11-08 05:19:27.416: W/IInputConnectionWrapper(24420): getTextBeforeCursor on inactive InputConnection
11-08 05:19:27.417: W/IInputConnectionWrapper(24420): getTextAfterCursor on inactive InputConnection
11-08 05:19:27.418: W/IInputConnectionWrapper(24420): getSelectedText on inactive InputConnection
11-08 05:19:27.421: W/IInputConnectionWrapper(24420): endBatchEdit on inactive InputConnection
11-08 05:19:27.433: W/InputConnectionWrapper(1523): Fixing selection indices to 0, 0
11-08 05:19:27.474: I/Adreno(1174): QUALCOMM build                   : 982fa4b, I5209124ca6
11-08 05:19:27.474: I/Adreno(1174): Build Date                       : 07/28/17
11-08 05:19:27.474: I/Adreno(1174): OpenGL ES Shader Compiler Version: EV031.19.00.00
11-08 05:19:27.474: I/Adreno(1174): Local Branch                     : mybranch27470623
11-08 05:19:27.474: I/Adreno(1174): Remote Branch                    : quic/gfx-adreno.lnx.6.4.9-rel
11-08 05:19:27.474: I/Adreno(1174): Remote Branch                    : NONE
11-08 05:19:27.474: I/Adreno(1174): Reconstruct Branch               : NOTHING
11-08 05:19:27.477: I/Adreno(1174): PFP: 0x005ff087, ME: 0x005ff063
11-08 05:19:27.479: I/zygote64(1174): android::hardware::configstore::V1_0::ISurfaceFlingerConfigs::hasWideColorDisplay retrieved: 1
11-08 05:19:27.480: I/OpenGLRenderer(1174): Initialized EGL, version 1.4
11-08 05:19:27.480: D/OpenGLRenderer(1174): Swap behavior 2
11-08 05:19:27.691: D/UiControllerImpl(24420): Injecting string: "262144"
11-08 05:19:27.779: I/VSC(798): @ 12183.546: [VSC] Stopping sensor events for sensor 131074
11-08 05:19:27.780: I/VSC(798): @ 12183.547: [VSC] Request sensor 65537, sample_duration 14 ms, report_duration c80 ms
11-08 05:19:27.781: I/CHRE(798): @ 12183.548: [AR_CHRE] IDLE => ON
11-08 05:19:27.786: D/CHRE(798): @ 12183.554: +: id 0, prev 0 curr 1, mode 1, chre 3
11-08 05:19:27.804: I/ViewInteraction(24420): Performing 'single click' action on view with id: com.example.concurrencyeval:id/cs_et_numbers
11-08 05:19:28.131: I/ViewInteraction(24420): Performing 'replace text()' action on view with id: com.example.concurrencyeval:id/cs_et_tasks
11-08 05:19:28.135: I/ViewInteraction(24420): Performing 'type text(1)' action on view with id: com.example.concurrencyeval:id/cs_et_tasks
11-08 05:19:28.192: W/InputConnectionWrapper(1523): Fixing selection indices to 0, 0
11-08 05:19:28.323: W/ZappPhoneskyConn(23797): Timed out waiting for zapp response
11-08 05:19:28.323: I/ChmraDebugLogger(23797): [74] null
11-08 05:19:28.330: E/DynamicModuleDownloader(23797): Zapp module request failed: null
11-08 05:19:28.330: W/Binder(23770): Binder call failed.
11-08 05:19:28.330: W/Binder(23770): java.lang.NullPointerException
11-08 05:19:28.330: W/Binder(23770): 	at com.google.android.finsky.zapp.d.a(SourceFile:267)
11-08 05:19:28.330: W/Binder(23770): 	at com.google.android.finsky.zapp.a.e.onTransact(SourceFile:32)
11-08 05:19:28.330: W/Binder(23770): 	at android.os.Binder.execTransact(Binder.java:674)
11-08 05:19:28.330: I/ChmraDebugLogger(23797): [30] VisionOcr.optional:19420000400 permitMetered=true,
11-08 05:19:28.334: W/ChimeraConfigService(23797): Retry attempt was throttled.
11-08 05:19:28.346: I/GmsModuleFndr(23797): Beginning GMS chimera module scan
11-08 05:19:28.351: I/ModuleSetMgr(23797): Computing pending module set with APKs: {file:///data/app/com.google.android.gms-7S-SJxAXOyXlQRv9IfO4LA%3D%3D/base.apk}
11-08 05:19:28.373: I/ModuleSetUtils(23797): Assembling ModuleSetRecord for ads_fdr:210015,container:19420+vision.ocr: [zapp:/VisionOcr.optional/19420000400, zapp:/AdsFdrDynamite.integ/21001000000]
11-08 05:19:28.387: I/ModuleSetUtils(23797): Assembling ModuleSetRecord for container:19420: []
11-08 05:19:28.388: I/ModuleSetMgr(23797): Pending container Zapp APKs: []
11-08 05:19:28.388: I/ModuleSetMgr(23797): Pending non-container Zapp APKs: []
11-08 05:19:28.399: D/UiControllerImpl(24420): Injecting string: "1"
11-08 05:19:28.425: I/ViewInteraction(24420): Performing 'single click' action on view with id: com.example.concurrencyeval:id/cs_et_tasks
11-08 05:19:28.444: I/ModuleSetUtils(23797): Assembling ModuleSetRecord for ads_fdr:210015,container:19420+vision.ocr: [zapp:/VisionOcr.optional/19420000400, zapp:/AdsFdrDynamite.integ/21001000000]
11-08 05:19:28.755: I/ViewInteraction(24420): Performing 'close keyboard' action on view is a root view.
11-08 05:19:29.213: I/ViewInteraction(24420): Performing 'single click' action on view with id: com.example.concurrencyeval:id/cs_run_button
11-08 05:19:30.593: I/chatty(24420): uid=10136(com.example.concurrencyeval) identical 3 lines
11-08 05:19:31.050: I/ViewInteraction(24420): Performing 'single click' action on view with id: com.example.concurrencyeval:id/cs_run_button
11-08 05:19:31.084: E/QtiImsExtUtils(1707): getConfigForPhoneId phoneId is invalid
11-08 05:19:31.084: E/QtiImsExtUtils(1707): isCarrierConfigEnabled bundle is null
11-08 05:19:31.504: I/ViewInteraction(24420): Performing 'single click' action on view with id: com.example.concurrencyeval:id/cs_run_button
11-08 05:19:33.339: I/chatty(24420): uid=10136(com.example.concurrencyeval) identical 4 lines
11-08 05:19:33.813: I/ViewInteraction(24420): Performing 'single click' action on view with id: com.example.concurrencyeval:id/cs_run_button
11-08 05:19:34.263: I/ViewInteraction(24420): Performing 'replace text()' action on view with id: com.example.concurrencyeval:id/cs_et_tasks
11-08 05:19:34.287: I/ViewInteraction(24420): Performing 'type text(16)' action on view with id: com.example.concurrencyeval:id/cs_et_tasks
11-08 05:19:34.348: W/InputConnectionWrapper(1523): Fixing selection indices to 0, 0
11-08 05:19:34.565: D/UiControllerImpl(24420): Injecting string: "16"
11-08 05:19:34.609: I/ViewInteraction(24420): Performing 'single click' action on view with id: com.example.concurrencyeval:id/cs_et_tasks
11-08 05:19:34.935: I/ViewInteraction(24420): Performing 'close keyboard' action on view is a root view.
11-08 05:19:35.249: I/ViewInteraction(24420): Performing 'single click' action on view with id: com.example.concurrencyeval:id/cs_run_button
11-08 05:19:39.457: I/chatty(24420): uid=10136(com.example.concurrencyeval) identical 9 lines
11-08 05:19:39.937: I/ViewInteraction(24420): Performing 'single click' action on view with id: com.example.concurrencyeval:id/cs_run_button
11-08 05:19:40.409: I/ViewInteraction(24420): Performing 'replace text()' action on view with id: com.example.concurrencyeval:id/cs_et_tasks
11-08 05:19:40.430: I/ViewInteraction(24420): Performing 'type text(256)' action on view with id: com.example.concurrencyeval:id/cs_et_tasks
11-08 05:19:40.496: W/InputConnectionWrapper(1523): Fixing selection indices to 0, 0
11-08 05:19:40.631: I/VSC(798): @ 12196.397: [VSC] Request sensor 131074, sample_duration 0 ms, report_duration 0 ms
11-08 05:19:40.631: I/VSC(798): @ 12196.398: [VSC] Stopping sensor events for sensor 65537
11-08 05:19:40.641: I/ASH(798): @ 12196.408: sns_dd_reset: TMG4903 no reporters => ams_deviceInit
11-08 05:19:40.649: I/ASH(798): @ 12196.416: ccb_proximityInit: PROX initialized w/initData
11-08 05:19:40.651: I/ASH(798): @ 12196.418: ccb_alsInit: ALS initialized w/initData
11-08 05:19:40.696: D/UiControllerImpl(24420): Injecting string: "256"
11-08 05:19:40.754: I/ViewInteraction(24420): Performing 'single click' action on view with id: com.example.concurrencyeval:id/cs_et_tasks
11-08 05:19:41.083: I/ViewInteraction(24420): Performing 'close keyboard' action on view is a root view.
11-08 05:19:41.403: I/ViewInteraction(24420): Performing 'single click' action on view with id: com.example.concurrencyeval:id/cs_run_button
11-08 05:19:41.858: I/chatty(24420): uid=10136(com.example.concurrencyeval) identical 1 line
11-08 05:19:42.315: I/ViewInteraction(24420): Performing 'single click' action on view with id: com.example.concurrencyeval:id/cs_run_button
11-08 05:19:42.605: E/QtiImsExtUtils(1707): getConfigForPhoneId phoneId is invalid
11-08 05:19:42.605: E/QtiImsExtUtils(1707): isCarrierConfigEnabled bundle is null
11-08 05:19:42.768: I/ViewInteraction(24420): Performing 'single click' action on view with id: com.example.concurrencyeval:id/cs_run_button
11-08 05:19:45.583: I/chatty(24420): uid=10136(com.example.concurrencyeval) identical 6 lines
11-08 05:19:46.042: I/ViewInteraction(24420): Performing 'single click' action on view with id: com.example.concurrencyeval:id/cs_run_button
11-08 05:19:46.524: I/ViewInteraction(24420): Performing 'replace text()' action on view with id: com.example.concurrencyeval:id/cs_et_numbers
11-08 05:19:46.544: I/ViewInteraction(24420): Performing 'type text(1048576)' action on view with id: com.example.concurrencyeval:id/cs_et_numbers
11-08 05:19:46.621: W/InputConnectionWrapper(1523): Fixing selection indices to 0, 0
11-08 05:19:46.816: D/UiControllerImpl(24420): Injecting string: "1048576"
11-08 05:19:46.966: I/ViewInteraction(24420): Performing 'single click' action on view with id: com.example.concurrencyeval:id/cs_et_numbers
11-08 05:19:47.053: I/CHRE(798): @ 12202.820: [AR_CHRE] detected still, confidence: 100, motionConfidence: 0
11-08 05:19:47.054: I/CHRE(798): @ 12202.821: [AR_CHRE] ON => IDLE
11-08 05:19:47.059: D/CHRE(798): @ 12202.827: -: id 0, prev 3 curr 2, mode 3, chre 0
11-08 05:19:47.267: I/ViewInteraction(24420): Performing 'replace text()' action on view with id: com.example.concurrencyeval:id/cs_et_tasks
11-08 05:19:47.287: I/ViewInteraction(24420): Performing 'type text(1)' action on view with id: com.example.concurrencyeval:id/cs_et_tasks
11-08 05:19:47.359: W/InputConnectionWrapper(1523): Fixing selection indices to 0, 0
11-08 05:19:47.567: D/UiControllerImpl(24420): Injecting string: "1"
11-08 05:19:47.596: I/ViewInteraction(24420): Performing 'single click' action on view with id: com.example.concurrencyeval:id/cs_et_tasks
11-08 05:19:47.904: I/ViewInteraction(24420): Performing 'close keyboard' action on view is a root view.
11-08 05:19:48.221: I/ViewInteraction(24420): Performing 'single click' action on view with id: com.example.concurrencyeval:id/cs_run_button
11-08 05:19:48.984: I/Choreographer(24420): Skipped 41 frames!  The application may be doing too much work on its main thread.
11-08 05:19:49.505: I/ViewInteraction(24420): Performing 'single click' action on view with id: com.example.concurrencyeval:id/cs_run_button
11-08 05:19:50.259: I/Choreographer(24420): Skipped 41 frames!  The application may be doing too much work on its main thread.
11-08 05:19:50.785: I/ViewInteraction(24420): Performing 'single click' action on view with id: com.example.concurrencyeval:id/cs_run_button
11-08 05:19:51.536: I/Choreographer(24420): Skipped 41 frames!  The application may be doing too much work on its main thread.
11-08 05:19:52.065: I/ViewInteraction(24420): Performing 'single click' action on view with id: com.example.concurrencyeval:id/cs_run_button
11-08 05:19:52.812: I/Choreographer(24420): Skipped 40 frames!  The application may be doing too much work on its main thread.
11-08 05:19:53.327: I/ViewInteraction(24420): Performing 'single click' action on view with id: com.example.concurrencyeval:id/cs_run_button
11-08 05:19:54.073: I/Choreographer(24420): Skipped 40 frames!  The application may be doing too much work on its main thread.
11-08 05:19:54.142: E/QtiImsExtUtils(1707): getConfigForPhoneId phoneId is invalid
11-08 05:19:54.142: E/QtiImsExtUtils(1707): isCarrierConfigEnabled bundle is null
11-08 05:19:54.608: I/ViewInteraction(24420): Performing 'single click' action on view with id: com.example.concurrencyeval:id/cs_run_button
11-08 05:19:55.357: I/Choreographer(24420): Skipped 41 frames!  The application may be doing too much work on its main thread.
11-08 05:19:55.888: I/ViewInteraction(24420): Performing 'single click' action on view with id: com.example.concurrencyeval:id/cs_run_button
11-08 05:19:56.641: I/Choreographer(24420): Skipped 41 frames!  The application may be doing too much work on its main thread.
11-08 05:19:57.117: I/ViewInteraction(24420): Performing 'single click' action on view with id: com.example.concurrencyeval:id/cs_run_button
11-08 05:19:57.870: I/Choreographer(24420): Skipped 41 frames!  The application may be doing too much work on its main thread.
11-08 05:19:58.146: I/Vision(23797): Requesting optional module download of ocr.
11-08 05:19:58.147: I/Vision(23797): Checking for download completion for 12260251 -- ocr
11-08 05:19:58.396: I/ViewInteraction(24420): Performing 'single click' action on view with id: com.example.concurrencyeval:id/cs_run_button
11-08 05:19:59.148: I/Choreographer(24420): Skipped 41 frames!  The application may be doing too much work on its main thread.
11-08 05:19:59.677: I/ViewInteraction(24420): Performing 'single click' action on view with id: com.example.concurrencyeval:id/cs_run_button
11-08 05:20:00.428: I/Choreographer(24420): Skipped 41 frames!  The application may be doing too much work on its main thread.
11-08 05:20:00.990: I/ViewInteraction(24420): Performing 'single click' action on view with id: com.example.concurrencyeval:id/cs_run_button
11-08 05:20:01.737: I/Choreographer(24420): Skipped 40 frames!  The application may be doing too much work on its main thread.
11-08 05:20:02.046: D/WificondControl(1174): Scan result ready event
11-08 05:20:02.115: W/DatabaseProcessor(23797): processLocalDevices: failed to get the network info with non-null bssid.
11-08 05:20:02.252: I/ViewInteraction(24420): Performing 'replace text()' action on view with id: com.example.concurrencyeval:id/cs_et_tasks
11-08 05:20:02.271: I/ViewInteraction(24420): Performing 'type text(16)' action on view with id: com.example.concurrencyeval:id/cs_et_tasks
11-08 05:20:02.330: W/InputConnectionWrapper(1523): Fixing selection indices to 0, 0
11-08 05:20:02.535: D/UiControllerImpl(24420): Injecting string: "16"
11-08 05:20:02.579: I/ViewInteraction(24420): Performing 'single click' action on view with id: com.example.concurrencyeval:id/cs_et_tasks
11-08 05:20:02.906: I/ViewInteraction(24420): Performing 'close keyboard' action on view is a root view.
11-08 05:20:03.219: I/ViewInteraction(24420): Performing 'single click' action on view with id: com.example.concurrencyeval:id/cs_run_button
11-08 05:20:03.984: I/Choreographer(24420): Skipped 41 frames!  The application may be doing too much work on its main thread.
11-08 05:20:04.343: I/ViewInteraction(24420): Performing 'single click' action on view with id: com.example.concurrencyeval:id/cs_run_button
11-08 05:20:05.085: I/Choreographer(24420): Skipped 40 frames!  The application may be doing too much work on its main thread.
11-08 05:20:05.436: I/ViewInteraction(24420): Performing 'single click' action on view with id: com.example.concurrencyeval:id/cs_run_button
11-08 05:20:06.185: I/Choreographer(24420): Skipped 41 frames!  The application may be doing too much work on its main thread.
11-08 05:20:06.583: I/ViewInteraction(24420): Performing 'single click' action on view with id: com.example.concurrencyeval:id/cs_run_button
11-08 05:20:07.369: I/Choreographer(24420): Skipped 42 frames!  The application may be doing too much work on its main thread.
11-08 05:20:07.762: I/ViewInteraction(24420): Performing 'single click' action on view with id: com.example.concurrencyeval:id/cs_run_button
11-08 05:20:08.512: I/Choreographer(24420): Skipped 41 frames!  The application may be doing too much work on its main thread.
11-08 05:20:08.872: I/ViewInteraction(24420): Performing 'single click' action on view with id: com.example.concurrencyeval:id/cs_run_button
11-08 05:20:09.649: I/Choreographer(24420): Skipped 42 frames!  The application may be doing too much work on its main thread.
11-08 05:20:10.000: I/ViewInteraction(24420): Performing 'single click' action on view with id: com.example.concurrencyeval:id/cs_run_button
11-08 05:20:10.752: I/Choreographer(24420): Skipped 41 frames!  The application may be doing too much work on its main thread.
11-08 05:20:11.129: I/ViewInteraction(24420): Performing 'single click' action on view with id: com.example.concurrencyeval:id/cs_run_button
11-08 05:20:11.881: I/Choreographer(24420): Skipped 41 frames!  The application may be doing too much work on its main thread.
11-08 05:20:12.273: I/ViewInteraction(24420): Performing 'single click' action on view with id: com.example.concurrencyeval:id/cs_run_button
11-08 05:20:13.029: I/Choreographer(24420): Skipped 41 frames!  The application may be doing too much work on its main thread.
11-08 05:20:13.368: I/ViewInteraction(24420): Performing 'single click' action on view with id: com.example.concurrencyeval:id/cs_run_button
11-08 05:20:14.122: I/Choreographer(24420): Skipped 41 frames!  The application may be doing too much work on its main thread.
11-08 05:20:14.513: I/ViewInteraction(24420): Performing 'single click' action on view with id: com.example.concurrencyeval:id/cs_run_button
11-08 05:20:15.264: I/Choreographer(24420): Skipped 41 frames!  The application may be doing too much work on its main thread.
11-08 05:20:15.624: I/ViewInteraction(24420): Performing 'replace text()' action on view with id: com.example.concurrencyeval:id/cs_et_tasks
11-08 05:20:15.641: I/ViewInteraction(24420): Performing 'type text(256)' action on view with id: com.example.concurrencyeval:id/cs_et_tasks
11-08 05:20:15.704: W/InputConnectionWrapper(1523): Fixing selection indices to 0, 0
11-08 05:20:15.905: D/UiControllerImpl(24420): Injecting string: "256"
11-08 05:20:15.964: I/ViewInteraction(24420): Performing 'single click' action on view with id: com.example.concurrencyeval:id/cs_et_tasks
11-08 05:20:16.153: W/NetworkScheduler.TED(23784): Enforcing binder timeout for ComponentInfo{com.google.android.apps.photos/com.google.android.libraries.social.notifications.scheduled.GunsScheduledTaskService}
11-08 05:20:16.153: E/NetworkScheduler.TED(23784): Dropping task as app's play services SDK version does not support Android O. Either update the SDK or lower your app's target SDK version. Canceling all tasks for the service: ComponentInfo{com.google.android.apps.photos/com.google.android.libraries.social.notifications.scheduled.GunsScheduledTaskService}
11-08 05:20:16.156: E/NetworkScheduler.Stats(23784): Unknown result code received: 4
11-08 05:20:16.156: E/NetworkScheduler.ATC(23784): Called cancelTask for already completed task com.google.android.apps.photos/com.google.android.libraries.social.notifications.scheduled.GunsScheduledTaskService{u=0 tag="scheduled_sync_reg_status" trigger=window{start=0s,end=30s,earliest=-52s,latest=-22s} requirements=[NET_CONNECTED] attributes=[PERSISTED] scheduled=-52s last_run=-18s jid=N/A status=PENDING retries=2 client_lib=MANCHEGO_GCM-10400000} :5
11-08 05:20:16.264: I/ViewInteraction(24420): Performing 'close keyboard' action on view is a root view.
11-08 05:20:16.577: I/ViewInteraction(24420): Performing 'single click' action on view with id: com.example.concurrencyeval:id/cs_run_button
11-08 05:20:17.349: I/Choreographer(24420): Skipped 42 frames!  The application may be doing too much work on its main thread.
11-08 05:20:17.746: I/ViewInteraction(24420): Performing 'single click' action on view with id: com.example.concurrencyeval:id/cs_run_button
11-08 05:20:18.503: I/Choreographer(24420): Skipped 41 frames!  The application may be doing too much work on its main thread.
11-08 05:20:18.874: I/ViewInteraction(24420): Performing 'single click' action on view with id: com.example.concurrencyeval:id/cs_run_button
11-08 05:20:19.636: I/Choreographer(24420): Skipped 41 frames!  The application may be doing too much work on its main thread.
11-08 05:20:20.052: I/ViewInteraction(24420): Performing 'single click' action on view with id: com.example.concurrencyeval:id/cs_run_button
11-08 05:20:20.810: I/Choreographer(24420): Skipped 41 frames!  The application may be doing too much work on its main thread.
11-08 05:20:21.215: I/ViewInteraction(24420): Performing 'single click' action on view with id: com.example.concurrencyeval:id/cs_run_button
11-08 05:20:21.968: I/Choreographer(24420): Skipped 41 frames!  The application may be doing too much work on its main thread.
11-08 05:20:22.360: I/ViewInteraction(24420): Performing 'single click' action on view with id: com.example.concurrencyeval:id/cs_run_button
11-08 05:20:23.111: I/Choreographer(24420): Skipped 41 frames!  The application may be doing too much work on its main thread.
11-08 05:20:23.505: I/ViewInteraction(24420): Performing 'single click' action on view with id: com.example.concurrencyeval:id/cs_run_button
11-08 05:20:24.260: I/Choreographer(24420): Skipped 41 frames!  The application may be doing too much work on its main thread.
11-08 05:20:24.634: I/ViewInteraction(24420): Performing 'single click' action on view with id: com.example.concurrencyeval:id/cs_run_button
11-08 05:20:25.388: I/Choreographer(24420): Skipped 41 frames!  The application may be doing too much work on its main thread.
11-08 05:20:25.436: E/QtiImsExtUtils(1707): getConfigForPhoneId phoneId is invalid
11-08 05:20:25.436: E/QtiImsExtUtils(1707): isCarrierConfigEnabled bundle is null
11-08 05:20:25.813: I/ViewInteraction(24420): Performing 'single click' action on view with id: com.example.concurrencyeval:id/cs_run_button
11-08 05:20:26.567: I/Choreographer(24420): Skipped 41 frames!  The application may be doing too much work on its main thread.
11-08 05:20:26.992: I/ViewInteraction(24420): Performing 'single click' action on view with id: com.example.concurrencyeval:id/cs_run_button
11-08 05:20:27.749: I/Choreographer(24420): Skipped 41 frames!  The application may be doing too much work on its main thread.
11-08 05:20:28.119: I/ViewInteraction(24420): Performing 'single click' action on view with id: com.example.concurrencyeval:id/cs_run_button
11-08 05:20:28.870: I/Choreographer(24420): Skipped 41 frames!  The application may be doing too much work on its main thread.
11-08 05:20:29.334: D/LifecycleMonitor(24420): Lifecycle status change: com.example.concurrencyeval.activities.ConcSumActivity@8842821 in: PAUSED
11-08 05:20:29.334: D/LifecycleMonitor(24420): running callback: androidx.test.rule.ActivityTestRule$LifecycleCallback@d531ed3
11-08 05:20:29.335: D/LifecycleMonitor(24420): callback completes: androidx.test.rule.ActivityTestRule$LifecycleCallback@d531ed3
11-08 05:20:29.351: I/BackdropActivity(23410): onResume()
11-08 05:20:29.352: I/ActivityManager(1174): Activity requesting to dismiss Keyguard: ActivityRecord{31da3e1 u0 com.google.android.apps.mtaas.backdrop/.BackdropActivity t3}
11-08 05:20:29.373: I/ActivityManager(1174): START u0 {flg=0x10000000 cmp=com.example.concurrencyeval/.activities.ConcSumActivity (has extras)} from uid 10136
11-08 05:20:29.375: D/QCOM PowerHAL(779): LAUNCH HINT: ON
11-08 05:20:29.376: D/QCOM PowerHAL(779): Activity launch hint handled
11-08 05:20:29.406: D/LifecycleMonitor(24420): Lifecycle status change: com.example.concurrencyeval.activities.ConcSumActivity@e2825f6 in: PRE_ON_CREATE
11-08 05:20:29.406: D/LifecycleMonitor(24420): running callback: androidx.test.rule.ActivityTestRule$LifecycleCallback@d531ed3
11-08 05:20:29.406: D/LifecycleMonitor(24420): callback completes: androidx.test.rule.ActivityTestRule$LifecycleCallback@d531ed3
11-08 05:20:29.468: D/LifecycleMonitor(24420): Lifecycle status change: com.example.concurrencyeval.activities.ConcSumActivity@e2825f6 in: CREATED
11-08 05:20:29.468: D/LifecycleMonitor(24420): running callback: androidx.test.rule.ActivityTestRule$LifecycleCallback@d531ed3
11-08 05:20:29.468: D/LifecycleMonitor(24420): callback completes: androidx.test.rule.ActivityTestRule$LifecycleCallback@d531ed3
11-08 05:20:29.470: D/LifecycleMonitor(24420): Lifecycle status change: com.example.concurrencyeval.activities.ConcSumActivity@e2825f6 in: STARTED
11-08 05:20:29.470: D/LifecycleMonitor(24420): running callback: androidx.test.rule.ActivityTestRule$LifecycleCallback@d531ed3
11-08 05:20:29.470: D/LifecycleMonitor(24420): callback completes: androidx.test.rule.ActivityTestRule$LifecycleCallback@d531ed3
11-08 05:20:29.475: D/LifecycleMonitor(24420): Lifecycle status change: com.example.concurrencyeval.activities.ConcSumActivity@e2825f6 in: RESUMED
11-08 05:20:29.475: D/LifecycleMonitor(24420): running callback: androidx.test.rule.ActivityTestRule$LifecycleCallback@d531ed3
11-08 05:20:29.475: D/LifecycleMonitor(24420): callback completes: androidx.test.rule.ActivityTestRule$LifecycleCallback@d531ed3
11-08 05:20:29.498: D/SurfaceFlinger(605): duplicate layer name: changing com.example.concurrencyeval/com.example.concurrencyeval.activities.ConcSumActivity to com.example.concurrencyeval/com.example.concurrencyeval.activities.ConcSumActivity#1
11-08 05:20:29.527: I/ActivityManager(1174): Displayed com.example.concurrencyeval/.activities.ConcSumActivity: +141ms
11-08 05:20:29.539: D/QCOM PowerHAL(779): LAUNCH HINT: OFF
11-08 05:20:29.540: D/LifecycleMonitor(24420): Lifecycle status change: com.example.concurrencyeval.activities.ConcSumActivity@8842821 in: STOPPED
11-08 05:20:29.540: D/LifecycleMonitor(24420): running callback: androidx.test.rule.ActivityTestRule$LifecycleCallback@d531ed3
11-08 05:20:29.540: D/LifecycleMonitor(24420): callback completes: androidx.test.rule.ActivityTestRule$LifecycleCallback@d531ed3
11-08 05:20:29.540: D/LifecycleMonitor(24420): Lifecycle status change: com.example.concurrencyeval.activities.ConcSumActivity@8842821 in: DESTROYED
11-08 05:20:29.540: D/LifecycleMonitor(24420): running callback: androidx.test.rule.ActivityTestRule$LifecycleCallback@d531ed3
