11-08 05:16:59.941: I/zygote64(23410):   at java.lang.Object java.lang.reflect.Method.invoke(java.lang.Object, java.lang.Object[]) (Method.java:-2)
11-08 05:16:59.941: I/zygote64(23410):   at void com.android.internal.os.Zygote$MethodAndArgsCaller.run() (Zygote.java:240)
11-08 05:16:59.941: I/zygote64(23410):   at void com.android.internal.os.ZygoteInit.main(java.lang.String[]) (ZygoteInit.java:772)
11-08 05:16:59.942: I/zygote64(23410): Rejecting re-init on previously-failed class java.lang.Class<android.support.v4.view.ViewCompat$2>: java.lang.NoClassDefFoundError: Failed resolution of: Landroid/view/View$OnUnhandledKeyEventListener;
11-08 05:16:59.942: I/zygote64(23410):   at void android.support.v4.view.ViewCompat.setBackground(android.view.View, android.graphics.drawable.Drawable) (ViewCompat.java:2609)
11-08 05:16:59.942: I/zygote64(23410):   at void android.support.v7.widget.ActionBarContainer.<init>(android.content.Context, android.util.AttributeSet) (ActionBarContainer.java:63)
11-08 05:16:59.942: I/zygote64(23410):   at java.lang.Object java.lang.reflect.Constructor.newInstance0(java.lang.Object[]) (Constructor.java:-2)
11-08 05:16:59.942: I/zygote64(23410):   at java.lang.Object java.lang.reflect.Constructor.newInstance(java.lang.Object[]) (Constructor.java:334)
11-08 05:16:59.942: I/zygote64(23410):   at android.view.View android.view.LayoutInflater.createView(java.lang.String, java.lang.String, android.util.AttributeSet) (LayoutInflater.java:647)
11-08 05:16:59.942: I/zygote64(23410):   at android.view.View android.view.LayoutInflater.createViewFromTag(android.view.View, java.lang.String, android.content.Context, android.util.AttributeSet, boolean) (LayoutInflater.java:790)
11-08 05:16:59.942: I/zygote64(23410):   at android.view.View android.view.LayoutInflater.createViewFromTag(android.view.View, java.lang.String, android.content.Context, android.util.AttributeSet) (LayoutInflater.java:730)
11-08 05:16:59.942: I/zygote64(23410):   at void android.view.LayoutInflater.rInflate(org.xmlpull.v1.XmlPullParser, android.view.View, android.content.Context, android.util.AttributeSet, boolean) (LayoutInflater.java:863)
11-08 05:16:59.942: I/zygote64(23410):   at void android.view.LayoutInflater.rInflateChildren(org.xmlpull.v1.XmlPullParser, android.view.View, android.util.AttributeSet, boolean) (LayoutInflater.java:824)
11-08 05:16:59.942: I/zygote64(23410):   at android.view.View android.view.LayoutInflater.inflate(org.xmlpull.v1.XmlPullParser, android.view.ViewGroup, boolean) (LayoutInflater.java:515)
11-08 05:16:59.942: I/zygote64(23410):   at android.view.View android.view.LayoutInflater.inflate(int, android.view.ViewGroup, boolean) (LayoutInflater.java:423)
11-08 05:16:59.942: I/zygote64(23410):   at android.view.View android.view.LayoutInflater.inflate(int, android.view.ViewGroup) (LayoutInflater.java:374)
11-08 05:16:59.942: I/zygote64(23410):   at android.view.ViewGroup android.support.v7.app.AppCompatDelegateImpl.createSubDecor() (AppCompatDelegateImpl.java:739)
11-08 05:16:59.942: I/zygote64(23410):   at void android.support.v7.app.AppCompatDelegateImpl.ensureSubDecor() (AppCompatDelegateImpl.java:649)
11-08 05:16:59.942: I/zygote64(23410):   at void android.support.v7.app.AppCompatDelegateImpl.setContentView(int) (AppCompatDelegateImpl.java:542)
11-08 05:16:59.942: I/zygote64(23410):   at void android.support.v7.app.AppCompatActivity.setContentView(int) (AppCompatActivity.java:161)
11-08 05:16:59.942: I/zygote64(23410):   at void com.google.android.apps.mtaas.backdrop.BackdropActivity.showTestBackdrop() (BackdropActivity.java:139)
11-08 05:16:59.942: I/zygote64(23410):   at void com.google.android.apps.mtaas.backdrop.BackdropActivity.onCreate(android.os.Bundle) (BackdropActivity.java:68)
11-08 05:16:59.942: I/zygote64(23410):   at void android.app.Activity.performCreate(android.os.Bundle) (Activity.java:6975)
11-08 05:16:59.942: I/zygote64(23410):   at void android.app.Instrumentation.callActivityOnCreate(android.app.Activity, android.os.Bundle) (Instrumentation.java:1213)
11-08 05:16:59.942: I/zygote64(23410):   at android.app.Activity android.app.ActivityThread.performLaunchActivity(android.app.ActivityThread$ActivityClientRecord, android.content.Intent) (ActivityThread.java:2779)
11-08 05:16:59.942: I/zygote64(23410):   at void android.app.ActivityThread.handleLaunchActivity(android.app.ActivityThread$ActivityClientRecord, android.content.Intent, java.lang.String) (ActivityThread.java:2904)
11-08 05:16:59.942: I/zygote64(23410):   at void android.app.ActivityThread.-wrap11(android.app.ActivityThread, android.app.ActivityThread$ActivityClientRecord, android.content.Intent, java.lang.String) (ActivityThread.java:-1)
11-08 05:16:59.942: I/zygote64(23410):   at void android.app.ActivityThread$H.handleMessage(android.os.Message) (ActivityThread.java:1596)
11-08 05:16:59.942: I/zygote64(23410):   at void android.os.Handler.dispatchMessage(android.os.Message) (Handler.java:105)
11-08 05:16:59.942: I/zygote64(23410):   at void android.os.Looper.loop() (Looper.java:164)
11-08 05:16:59.942: I/zygote64(23410):   at void android.app.ActivityThread.main(java.lang.String[]) (ActivityThread.java:6600)
11-08 05:16:59.942: I/zygote64(23410):   at java.lang.Object java.lang.reflect.Method.invoke(java.lang.Object, java.lang.Object[]) (Method.java:-2)
11-08 05:16:59.942: I/zygote64(23410):   at void com.android.internal.os.Zygote$MethodAndArgsCaller.run() (Zygote.java:240)
11-08 05:16:59.942: I/zygote64(23410):   at void com.android.internal.os.ZygoteInit.main(java.lang.String[]) (ZygoteInit.java:772)
11-08 05:16:59.942: I/zygote64(23410): Caused by: java.lang.ClassNotFoundException: Didn't find class "android.view.View$OnUnhandledKeyEventListener" on path: DexPathList[[zip file "/data/app/com.google.android.apps.mtaas.backdrop-4M-6lD7jeuLwTxvyXVut9A==/base.apk"],nativeLibraryDirectories=[/data/app/com.google.android.apps.mtaas.backdrop-4M-6lD7jeuLwTxvyXVut9A==/lib/arm64, /system/lib64, /vendor/lib64]]
11-08 05:16:59.942: I/zygote64(23410):   at java.lang.Class dalvik.system.BaseDexClassLoader.findClass(java.lang.String) (BaseDexClassLoader.java:93)
11-08 05:16:59.942: I/zygote64(23410):   at java.lang.Class java.lang.ClassLoader.loadClass(java.lang.String, boolean) (ClassLoader.java:379)
11-08 05:16:59.942: I/zygote64(23410):   at java.lang.Class java.lang.ClassLoader.loadClass(java.lang.String) (ClassLoader.java:312)
11-08 05:16:59.942: I/zygote64(23410):   at void android.support.v4.view.ViewCompat.setBackground(android.view.View, android.graphics.drawable.Drawable) (ViewCompat.java:2609)
11-08 05:16:59.942: I/zygote64(23410):   at void android.support.v7.widget.ActionBarContainer.<init>(android.content.Context, android.util.AttributeSet) (ActionBarContainer.java:63)
11-08 05:16:59.942: I/zygote64(23410):   at java.lang.Object java.lang.reflect.Constructor.newInstance0(java.lang.Object[]) (Constructor.java:-2)
11-08 05:16:59.942: I/zygote64(23410):   at java.lang.Object java.lang.reflect.Constructor.newInstance(java.lang.Object[]) (Constructor.java:334)
11-08 05:16:59.942: I/zygote64(23410):   at android.view.View android.view.LayoutInflater.createView(java.lang.String, java.lang.String, android.util.AttributeSet) (LayoutInflater.java:647)
11-08 05:16:59.942: I/zygote64(23410):   at android.view.View android.view.LayoutInflater.createViewFromTag(android.view.View, java.lang.String, android.content.Context, android.util.AttributeSet, boolean) (LayoutInflater.java:790)
11-08 05:16:59.942: I/zygote64(23410):   at android.view.View android.view.LayoutInflater.createViewFromTag(android.view.View, java.lang.String, android.content.Context, android.util.AttributeSet) (LayoutInflater.java:730)
11-08 05:16:59.942: I/zygote64(23410):   at void android.view.LayoutInflater.rInflate(org.xmlpull.v1.XmlPullParser, android.view.View, android.content.Context, android.util.AttributeSet, boolean) (LayoutInflater.java:863)
11-08 05:16:59.942: I/zygote64(23410):   at void android.view.LayoutInflater.rInflateChildren(org.xmlpull.v1.XmlPullParser, android.view.View, android.util.AttributeSet, boolean) (LayoutInflater.java:824)
11-08 05:16:59.942: I/zygote64(23410):   at android.view.View android.view.LayoutInflater.inflate(org.xmlpull.v1.XmlPullParser, android.view.ViewGroup, boolean) (LayoutInflater.java:515)
11-08 05:16:59.942: I/zygote64(23410):   at android.view.View android.view.LayoutInflater.inflate(int, android.view.ViewGroup, boolean) (LayoutInflater.java:423)
11-08 05:16:59.942: I/zygote64(23410):   at android.view.View android.view.LayoutInflater.inflate(int, android.view.ViewGroup) (LayoutInflater.java:374)
11-08 05:16:59.942: I/zygote64(23410):   at android.view.ViewGroup android.support.v7.app.AppCompatDelegateImpl.createSubDecor() (AppCompatDelegateImpl.java:739)
11-08 05:16:59.942: I/zygote64(23410):   at void android.support.v7.app.AppCompatDelegateImpl.ensureSubDecor() (AppCompatDelegateImpl.java:649)
11-08 05:16:59.942: I/zygote64(23410):   at void android.support.v7.app.AppCompatDelegateImpl.setContentView(int) (AppCompatDelegateImpl.java:542)
11-08 05:16:59.942: I/zygote64(23410):   at void android.support.v7.app.AppCompatActivity.setContentView(int) (AppCompatActivity.java:161)
11-08 05:16:59.942: I/zygote64(23410):   at void com.google.android.apps.mtaas.backdrop.BackdropActivity.showTestBackdrop() (BackdropActivity.java:139)
11-08 05:16:59.942: I/zygote64(23410):   at void com.google.android.apps.mtaas.backdrop.BackdropActivity.onCreate(android.os.Bundle) (BackdropActivity.java:68)
11-08 05:16:59.942: I/zygote64(23410):   at void android.app.Activity.performCreate(android.os.Bundle) (Activity.java:6975)
11-08 05:16:59.942: I/zygote64(23410):   at void android.app.Instrumentation.callActivityOnCreate(android.app.Activity, android.os.Bundle) (Instrumentation.java:1213)
11-08 05:16:59.942: I/zygote64(23410):   at android.app.Activity android.app.ActivityThread.performLaunchActivity(android.app.ActivityThread$ActivityClientRecord, android.content.Intent) (ActivityThread.java:2779)
11-08 05:16:59.942: I/zygote64(23410):   at void android.app.ActivityThread.handleLaunchActivity(android.app.ActivityThread$ActivityClientRecord, android.content.Intent, java.lang.String) (ActivityThread.java:2904)
11-08 05:16:59.942: I/zygote64(23410):   at void android.app.ActivityThread.-wrap11(android.app.ActivityThread, android.app.ActivityThread$ActivityClientRecord, android.content.Intent, java.lang.String) (ActivityThread.java:-1)
11-08 05:16:59.942: I/zygote64(23410):   at void android.app.ActivityThread$H.handleMessage(android.os.Message) (ActivityThread.java:1596)
11-08 05:16:59.942: I/zygote64(23410):   at void android.os.Handler.dispatchMessage(android.os.Message) (Handler.java:105)
11-08 05:16:59.942: I/zygote64(23410):   at void android.os.Looper.loop() (Looper.java:164)
11-08 05:16:59.942: I/zygote64(23410):   at void android.app.ActivityThread.main(java.lang.String[]) (ActivityThread.java:6600)
11-08 05:16:59.942: I/zygote64(23410):   at java.lang.Object java.lang.reflect.Method.invoke(java.lang.Object, java.lang.Object[]) (Method.java:-2)
11-08 05:16:59.942: I/zygote64(23410):   at void com.android.internal.os.Zygote$MethodAndArgsCaller.run() (Zygote.java:240)
11-08 05:16:59.942: I/zygote64(23410):   at void com.android.internal.os.ZygoteInit.main(java.lang.String[]) (ZygoteInit.java:772)
11-08 05:16:59.942: I/zygote64(23410): Rejecting re-init on previously-failed class java.lang.Class<android.support.v4.view.ViewCompat$2>: java.lang.NoClassDefFoundError: Failed resolution of: Landroid/view/View$OnUnhandledKeyEventListener;
11-08 05:16:59.942: I/zygote64(23410):   at void android.support.v4.view.ViewCompat.setBackground(android.view.View, android.graphics.drawable.Drawable) (ViewCompat.java:2609)
11-08 05:16:59.942: I/zygote64(23410):   at void android.support.v7.widget.ActionBarContainer.<init>(android.content.Context, android.util.AttributeSet) (ActionBarContainer.java:63)
11-08 05:16:59.942: I/zygote64(23410):   at java.lang.Object java.lang.reflect.Constructor.newInstance0(java.lang.Object[]) (Constructor.java:-2)
11-08 05:16:59.942: I/zygote64(23410):   at java.lang.Object java.lang.reflect.Constructor.newInstance(java.lang.Object[]) (Constructor.java:334)
11-08 05:16:59.942: I/zygote64(23410):   at android.view.View android.view.LayoutInflater.createView(java.lang.String, java.lang.String, android.util.AttributeSet) (LayoutInflater.java:647)
11-08 05:16:59.942: I/zygote64(23410):   at android.view.View android.view.LayoutInflater.createViewFromTag(android.view.View, java.lang.String, android.content.Context, android.util.AttributeSet, boolean) (LayoutInflater.java:790)
11-08 05:16:59.942: I/zygote64(23410):   at android.view.View android.view.LayoutInflater.createViewFromTag(android.view.View, java.lang.String, android.content.Context, android.util.AttributeSet) (LayoutInflater.java:730)
11-08 05:16:59.942: I/zygote64(23410):   at void android.view.LayoutInflater.rInflate(org.xmlpull.v1.XmlPullParser, android.view.View, android.content.Context, android.util.AttributeSet, boolean) (LayoutInflater.java:863)
11-08 05:16:59.942: I/zygote64(23410):   at void android.view.LayoutInflater.rInflateChildren(org.xmlpull.v1.XmlPullParser, android.view.View, android.util.AttributeSet, boolean) (LayoutInflater.java:824)
11-08 05:16:59.942: I/zygote64(23410):   at android.view.View android.view.LayoutInflater.inflate(org.xmlpull.v1.XmlPullParser, android.view.ViewGroup, boolean) (LayoutInflater.java:515)
11-08 05:16:59.942: I/zygote64(23410):   at android.view.View android.view.LayoutInflater.inflate(int, android.view.ViewGroup, boolean) (LayoutInflater.java:423)
11-08 05:16:59.942: I/zygote64(23410):   at android.view.View android.view.LayoutInflater.inflate(int, android.view.ViewGroup) (LayoutInflater.java:374)
11-08 05:16:59.942: I/zygote64(23410):   at android.view.ViewGroup android.support.v7.app.AppCompatDelegateImpl.createSubDecor() (AppCompatDelegateImpl.java:739)
11-08 05:16:59.942: I/zygote64(23410):   at void android.support.v7.app.AppCompatDelegateImpl.ensureSubDecor() (AppCompatDelegateImpl.java:649)
11-08 05:16:59.942: I/zygote64(23410):   at void android.support.v7.app.AppCompatDelegateImpl.setContentView(int) (AppCompatDelegateImpl.java:542)
11-08 05:16:59.942: I/zygote64(23410):   at void android.support.v7.app.AppCompatActivity.setContentView(int) (AppCompatActivity.java:161)
11-08 05:16:59.942: I/zygote64(23410):   at void com.google.android.apps.mtaas.backdrop.BackdropActivity.showTestBackdrop() (BackdropActivity.java:139)
11-08 05:16:59.942: I/zygote64(23410):   at void com.google.android.apps.mtaas.backdrop.BackdropActivity.onCreate(android.os.Bundle) (BackdropActivity.java:68)
11-08 05:16:59.942: I/zygote64(23410):   at void android.app.Activity.performCreate(android.os.Bundle) (Activity.java:6975)
11-08 05:16:59.942: I/zygote64(23410):   at void android.app.Instrumentation.callActivityOnCreate(android.app.Activity, android.os.Bundle) (Instrumentation.java:1213)
11-08 05:16:59.942: I/zygote64(23410):   at android.app.Activity android.app.ActivityThread.performLaunchActivity(android.app.ActivityThread$ActivityClientRecord, android.content.Intent) (ActivityThread.java:2779)
11-08 05:16:59.942: I/zygote64(23410):   at void android.app.ActivityThread.handleLaunchActivity(android.app.ActivityThread$ActivityClientRecord, android.content.Intent, java.lang.String) (ActivityThread.java:2904)
11-08 05:16:59.942: I/zygote64(23410):   at void android.app.ActivityThread.-wrap11(android.app.ActivityThread, android.app.ActivityThread$ActivityClientRecord, android.content.Intent, java.lang.String) (ActivityThread.java:-1)
11-08 05:16:59.942: I/zygote64(23410):   at void android.app.ActivityThread$H.handleMessage(android.os.Message) (ActivityThread.java:1596)
11-08 05:16:59.942: I/zygote64(23410):   at void android.os.Handler.dispatchMessage(android.os.Message) (Handler.java:105)
11-08 05:16:59.942: I/zygote64(23410):   at void android.os.Looper.loop() (Looper.java:164)
11-08 05:16:59.942: I/zygote64(23410):   at void android.app.ActivityThread.main(java.lang.String[]) (ActivityThread.java:6600)
11-08 05:16:59.942: I/zygote64(23410):   at java.lang.Object java.lang.reflect.Method.invoke(java.lang.Object, java.lang.Object[]) (Method.java:-2)
11-08 05:16:59.942: I/zygote64(23410):   at void com.android.internal.os.Zygote$MethodAndArgsCaller.run() (Zygote.java:240)
11-08 05:16:59.942: I/zygote64(23410):   at void com.android.internal.os.ZygoteInit.main(java.lang.String[]) (ZygoteInit.java:772)
11-08 05:16:59.942: I/zygote64(23410): Caused by: java.lang.ClassNotFoundException: Didn't find class "android.view.View$OnUnhandledKeyEventListener" on path: DexPathList[[zip file "/data/app/com.google.android.apps.mtaas.backdrop-4M-6lD7jeuLwTxvyXVut9A==/base.apk"],nativeLibraryDirectories=[/data/app/com.google.android.apps.mtaas.backdrop-4M-6lD7jeuLwTxvyXVut9A==/lib/arm64, /system/lib64, /vendor/lib64]]
11-08 05:16:59.942: I/zygote64(23410):   at java.lang.Class dalvik.system.BaseDexClassLoader.findClass(java.lang.String) (BaseDexClassLoader.java:93)
11-08 05:16:59.942: I/zygote64(23410):   at java.lang.Class java.lang.ClassLoader.loadClass(java.lang.String, boolean) (ClassLoader.java:379)
11-08 05:16:59.942: I/zygote64(23410):   at java.lang.Class java.lang.ClassLoader.loadClass(java.lang.String) (ClassLoader.java:312)
11-08 05:16:59.942: I/zygote64(23410):   at void android.support.v4.view.ViewCompat.setBackground(android.view.View, android.graphics.drawable.Drawable) (ViewCompat.java:2609)
11-08 05:16:59.942: I/zygote64(23410):   at void android.support.v7.widget.ActionBarContainer.<init>(android.content.Context, android.util.AttributeSet) (ActionBarContainer.java:63)
11-08 05:16:59.942: I/zygote64(23410):   at java.lang.Object java.lang.reflect.Constructor.newInstance0(java.lang.Object[]) (Constructor.java:-2)
11-08 05:16:59.942: I/zygote64(23410):   at java.lang.Object java.lang.reflect.Constructor.newInstance(java.lang.Object[]) (Constructor.java:334)
11-08 05:16:59.942: I/zygote64(23410):   at android.view.View android.view.LayoutInflater.createView(java.lang.String, java.lang.String, android.util.AttributeSet) (LayoutInflater.java:647)
11-08 05:16:59.942: I/zygote64(23410):   at android.view.View android.view.LayoutInflater.createViewFromTag(android.view.View, java.lang.String, android.content.Context, android.util.AttributeSet, boolean) (LayoutInflater.java:790)
11-08 05:16:59.942: I/zygote64(23410):   at android.view.View android.view.LayoutInflater.createViewFromTag(android.view.View, java.lang.String, android.content.Context, android.util.AttributeSet) (LayoutInflater.java:730)
11-08 05:16:59.942: I/zygote64(23410):   at void android.view.LayoutInflater.rInflate(org.xmlpull.v1.XmlPullParser, android.view.View, android.content.Context, android.util.AttributeSet, boolean) (LayoutInflater.java:863)
11-08 05:16:59.942: I/zygote64(23410):   at void android.view.LayoutInflater.rInflateChildren(org.xmlpull.v1.XmlPullParser, android.view.View, android.util.AttributeSet, boolean) (LayoutInflater.java:824)
11-08 05:16:59.942: I/zygote64(23410):   at android.view.View android.view.LayoutInflater.inflate(org.xmlpull.v1.XmlPullParser, android.view.ViewGroup, boolean) (LayoutInflater.java:515)
11-08 05:16:59.942: I/zygote64(23410):   at android.view.View android.view.LayoutInflater.inflate(int, android.view.ViewGroup, boolean) (LayoutInflater.java:423)
11-08 05:16:59.942: I/zygote64(23410):   at android.view.View android.view.LayoutInflater.inflate(int, android.view.ViewGroup) (LayoutInflater.java:374)
11-08 05:16:59.942: I/zygote64(23410):   at android.view.ViewGroup android.support.v7.app.AppCompatDelegateImpl.createSubDecor() (AppCompatDelegateImpl.java:739)
11-08 05:16:59.942: I/zygote64(23410):   at void android.support.v7.app.AppCompatDelegateImpl.ensureSubDecor() (AppCompatDelegateImpl.java:649)
11-08 05:16:59.942: I/zygote64(23410):   at void android.support.v7.app.AppCompatDelegateImpl.setContentView(int) (AppCompatDelegateImpl.java:542)
11-08 05:16:59.942: I/zygote64(23410):   at void android.support.v7.app.AppCompatActivity.setContentView(int) (AppCompatActivity.java:161)
11-08 05:16:59.942: I/zygote64(23410):   at void com.google.android.apps.mtaas.backdrop.BackdropActivity.showTestBackdrop() (BackdropActivity.java:139)
11-08 05:16:59.942: I/zygote64(23410):   at void com.google.android.apps.mtaas.backdrop.BackdropActivity.onCreate(android.os.Bundle) (BackdropActivity.java:68)
11-08 05:16:59.942: I/zygote64(23410):   at void android.app.Activity.performCreate(android.os.Bundle) (Activity.java:6975)
11-08 05:16:59.942: I/zygote64(23410):   at void android.app.Instrumentation.callActivityOnCreate(android.app.Activity, android.os.Bundle) (Instrumentation.java:1213)
11-08 05:16:59.942: I/zygote64(23410):   at android.app.Activity android.app.ActivityThread.performLaunchActivity(android.app.ActivityThread$ActivityClientRecord, android.content.Intent) (ActivityThread.java:2779)
11-08 05:16:59.942: I/zygote64(23410):   at void android.app.ActivityThread.handleLaunchActivity(android.app.ActivityThread$ActivityClientRecord, android.content.Intent, java.lang.String) (ActivityThread.java:2904)
11-08 05:16:59.942: I/zygote64(23410):   at void android.app.ActivityThread.-wrap11(android.app.ActivityThread, android.app.ActivityThread$ActivityClientRecord, android.content.Intent, java.lang.String) (ActivityThread.java:-1)
11-08 05:16:59.942: I/zygote64(23410):   at void android.app.ActivityThread$H.handleMessage(android.os.Message) (ActivityThread.java:1596)
11-08 05:16:59.942: I/zygote64(23410):   at void android.os.Handler.dispatchMessage(android.os.Message) (Handler.java:105)
11-08 05:16:59.942: I/zygote64(23410):   at void android.os.Looper.loop() (Looper.java:164)
11-08 05:16:59.942: I/zygote64(23410):   at void android.app.ActivityThread.main(java.lang.String[]) (ActivityThread.java:6600)
11-08 05:16:59.942: I/zygote64(23410):   at java.lang.Object java.lang.reflect.Method.invoke(java.lang.Object, java.lang.Object[]) (Method.java:-2)
11-08 05:16:59.942: I/zygote64(23410):   at void com.android.internal.os.Zygote$MethodAndArgsCaller.run() (Zygote.java:240)
11-08 05:16:59.942: I/zygote64(23410):   at void com.android.internal.os.ZygoteInit.main(java.lang.String[]) (ZygoteInit.java:772)
11-08 05:16:59.955: I/MultiDex(23431): VM with version 2.1.0 has multidex support
11-08 05:16:59.955: I/MultiDex(23431): install
11-08 05:16:59.955: I/MultiDex(23431): VM has multidex support, MultiDex support library is disabled.
11-08 05:16:59.960: I/DeviceStateChecker(2208): DeviceStateChecker cancelled
11-08 05:16:59.960: I/MicroDetector(2208): Keeping mic open: false
11-08 05:16:59.962: D/FirebaseApp(23431): com.google.firebase.auth.FirebaseAuth is not linked. Skipping initialization.
11-08 05:16:59.962: D/FirebaseApp(23431): com.google.firebase.iid.FirebaseInstanceId is not linked. Skipping initialization.
11-08 05:16:59.962: E/ContentStoreEUAS(2208): Failed to commit the deferred actions
11-08 05:16:59.962: D/FirebaseApp(23431): com.google.firebase.crash.FirebaseCrash is not linked. Skipping initialization.
11-08 05:16:59.962: I/AudioController(2208): internalShutdown
11-08 05:16:59.962: I/MicrophoneInputStream(2208): mic_close com.google.android.apps.gsa.speech.audio.af@895d30f
11-08 05:16:59.962: D/FirebaseApp(23431): com.google.android.gms.measurement.AppMeasurement is not linked. Skipping initialization.
11-08 05:16:59.962: I/MicroRecognitionRunner(2208): Stopping hotword detection.
11-08 05:16:59.962: I/FirebaseInitProvider(23431): FirebaseApp initialization successful
11-08 05:16:59.972: I/FontsContentProvider(6284): Received query Google Sans, URI content://com.google.android.gms.fonts
11-08 05:16:59.975: I/zygote64(6284): Deoptimizing java.lang.Object bnhy.next() due to JIT inline cache
11-08 05:16:59.976: I/FontsContentProvider(6284): Query [Google Sans] resolved to {Google Sans, wdth 100.0, wght 400, ital 0.0, bestEffort false}
11-08 05:16:59.977: I/BugleBackup(23431): Registering preference change listener for "bugle".
11-08 05:16:59.983: D/audio_hw_primary(762): disable_audio_route: usecase(9) reset and update mixer path: audio-record
11-08 05:16:59.983: D/audio_hw_primary(762): disable_snd_device: snd_device(75: voice-rec-mic)
11-08 05:16:59.985: D/sound_trigger_platform(762): platform_stdev_check_and_update_concurrency: concurrency active 1, tx 0, rx 0, concurrency session_allowed 1
11-08 05:16:59.985: D/sound_trigger_hw(762): active_state_fn:[1] handle event id 12
11-08 05:16:59.985: D/sound_trigger_platform(762): platform_stdev_get_capture_device: available devices 0x80000004, device 0x80000004
11-08 05:16:59.985: D/sound_trigger_platform(762): platform_stdev_get_device_sample_rate: sample rate 48000
11-08 05:16:59.985: D/sound_trigger_platform(762): platform_stdev_send_hwmad_cal: previous acdb_id 128 matches new acdb_id 128 return
11-08 05:16:59.985: D/sound_trigger_platform(762): platform_stdev_send_calibration: sending device calibration for device(1) acdb_id(128)
11-08 05:16:59.985: D/ACDB-LOADER(762): ACDB -> GET_AFE_TOPOLOGY_ID for adcd_id 128, Topology Id 12e19
11-08 05:16:59.985: D/sound_trigger_hw(762): set_device: enable device (1) = listen-cpe-handset-mic
11-08 05:16:59.985: D/audio_route(762): Apply path: listen-cpe-handset-mic
11-08 05:16:59.987: I/Bugle(23431): GServicesValues:
11-08 05:16:59.987: I/Bugle(23431): bugle_enable_primes_battery_metrics: true
11-08 05:16:59.987: I/Bugle(23431): bugle_enable_primes_crash_metrics: true
11-08 05:16:59.987: I/Bugle(23431): bugle_enable_primes_latency_metrics: true
11-08 05:16:59.987: I/Bugle(23431): bugle_enable_primes_memory_metrics: true
11-08 05:16:59.987: I/Bugle(23431): bugle_enable_primes_network_metrics: true
11-08 05:16:59.987: I/Bugle(23431): bugle_enable_primes_package_metrics: true
11-08 05:16:59.987: I/Bugle(23431): bugle_max_telemetry_upload_retries: 10
11-08 05:16:59.987: I/Bugle(23431): bugle_sticker_set_list_version: 3
11-08 05:16:59.989: I/FontsContentProvider(6284): Fetch {Google Sans, wdth 100.0, wght 400, ital 0.0, bestEffort false} end status Status{statusCode=SUCCESS, resolution=null}
11-08 05:16:59.991: D/sound_trigger_hw(762): start:[1] gcs start VA engine, enable 1 token 2
11-08 05:16:59.991: D/sound_trigger_hw(762): start:[1] calling gcs_enable with handle 1, non-persist cal 0xeeff7d00, sz 24
11-08 05:16:59.991: D/ACDB-LOADER(762): ACDB -> ACDB_WDSP_CMD_GET_SUBGRAPH_MODULE_CALIBRATION_SIZE
11-08 05:16:59.991: D/ACDB-LOADER(762): ACDB -> ACDB_WDSP_CMD_GET_SUBGRAPH_MODULE_CALIBRATION
11-08 05:16:59.991: D/ACDB-LOADER(762): ACDB -> ACDB_WDSP_CMD_GET_SUBGRAPH_MODULE_CALIBRATION_SIZE
11-08 05:16:59.991: D/ACDB-LOADER(762): ACDB -> ACDB_WDSP_CMD_GET_SUBGRAPH_MODULE_CALIBRATION
11-08 05:16:59.991: D/ACDB-LOADER(762): ACDB -> ACDB_WDSP_CMD_GET_SUBGRAPH_MODULE_CONNECTION_SIZE
11-08 05:16:59.991: D/ACDB-LOADER(762): [ 11-08 05:16:59.991   762: 3252 E/         ]
11-08 05:16:59.991: D/ACDB-LOADER(762): gcs_get_sg_mod_conn_and_update_pld: subgraph mod conn size 0. Exiting
11-08 05:16:59.991: D/ACDB-LOADER(762): ACDB -> ACDB_WDSP_CMD_GET_SUBGRAPH_MODULE_CONNECTION_SIZE
11-08 05:16:59.991: D/ACDB-LOADER(762): ACDB -> ACDB_WDSP_CMD_GET_SUBGRAPH_MODULE_CONNECTION
11-08 05:16:59.991: D/ACDB-LOADER(762): ACDB -> ACDB_WDSP_CMD_GET_SUBGRAPH_CONNECTIONS_SIZE
11-08 05:16:59.991: D/ACDB-LOADER(762): ACDB -> ACDB_WDSP_CMD_GET_SUBGRAPHS_CONNECTION
11-08 05:16:59.991: D/ACDB-LOADER(762): ACDB -> ACDB_WDSP_CMD_GET_SUBGRAPH_CONNECTIONS_SIZE
11-08 05:16:59.991: D/ACDB-LOADER(762): [ 11-08 05:16:59.991   762: 3252 E/         ]
11-08 05:16:59.991: D/ACDB-LOADER(762): __gcs_get_sg_conn_and_update_pld: subgraph conn size 0. Exiting
11-08 05:16:59.994: I/FontsContentProvider(6284): Pulling font file for id = 1, cache size = 1
11-08 05:17:00.000: I/FontsContentProvider(6284): Received query Google Sans, URI content://com.google.android.gms.fonts
11-08 05:17:00.001: I/FontsContentProvider(6284): Query [Google Sans] resolved to {Google Sans, wdth 100.0, wght 400, ital 0.0, bestEffort false}
11-08 05:17:00.002: I/MicroRecognitionRunner(2208): Detection finished
11-08 05:17:00.004: I/FontsContentProvider(6284): Fetch {Google Sans, wdth 100.0, wght 400, ital 0.0, bestEffort false} end status Status{statusCode=SUCCESS, resolution=null}
11-08 05:17:00.009: I/FontsContentProvider(6284): Pulling font file for id = 2, cache size = 2
11-08 05:17:00.010: I/BackdropActivity(23410): android_id: 4295416808712105530
11-08 05:17:00.013: I/BackdropActivity(23410): onResume()
11-08 05:17:00.013: I/ActivityManager(1174): Activity requesting to dismiss Keyguard: ActivityRecord{31da3e1 u0 com.google.android.apps.mtaas.backdrop/.BackdropActivity t3}
11-08 05:17:00.021: D/OpenGLRenderer(23410): HWUI GL Pipeline
11-08 05:17:00.025: I/FTLNetworkMonitor(23410): NetworkMonitoringService was created
11-08 05:17:00.033: W/Bugle(23431): Factory.getPhoneUtils: invalid subId = -1
11-08 05:17:00.038: I/chatty(23431): uid=10010(com.google.android.apps.messaging) identical 1 line
11-08 05:17:00.044: W/Bugle(23431): Factory.getPhoneUtils: invalid subId = -1
11-08 05:17:00.045: I/Adreno(23410): QUALCOMM build                   : 982fa4b, I5209124ca6
11-08 05:17:00.045: I/Adreno(23410): Build Date                       : 07/28/17
11-08 05:17:00.045: I/Adreno(23410): OpenGL ES Shader Compiler Version: EV031.19.00.00
11-08 05:17:00.045: I/Adreno(23410): Local Branch                     : mybranch27470623
11-08 05:17:00.045: I/Adreno(23410): Remote Branch                    : quic/gfx-adreno.lnx.6.4.9-rel
11-08 05:17:00.045: I/Adreno(23410): Remote Branch                    : NONE
11-08 05:17:00.045: I/Adreno(23410): Reconstruct Branch               : NOTHING
11-08 05:17:00.046: I/BugleDataModel(23431): Fixup: Send failed - 0 Download failed - 0
11-08 05:17:00.047: W/Bugle(23431): Factory.getPhoneUtils: invalid subId = -1
11-08 05:17:00.048: I/Adreno(23410): PFP: 0x005ff087, ME: 0x005ff063
11-08 05:17:00.048: W/Bugle(23431): Factory.getPhoneUtils: invalid subId = -1
11-08 05:17:00.052: W/BugleDataModel(23431): tried to cancel job 100 that can't be found. already finished?
11-08 05:17:00.053: I/Bugle(23431): ApnsOta: OTA version -1
11-08 05:17:00.054: I/zygote64(23410): android::hardware::configstore::V1_0::ISurfaceFlingerConfigs::hasWideColorDisplay retrieved: 1
11-08 05:17:00.055: I/OpenGLRenderer(23410): Initialized EGL, version 1.4
11-08 05:17:00.055: D/OpenGLRenderer(23410): Swap behavior 2
11-08 05:17:00.060: I/CarrierServices(23431): [2] a.a: Initializing Carrier Services Library.
11-08 05:17:00.061: I/FTLNetworkMonitor(23410): Network Info: [type: WIFI[], state: CONNECTED/CONNECTED, reason: (unspecified), extra: "wl-ftl-mt44-1-5", failover: false, available: true, roaming: false, metered: false]
11-08 05:17:00.062: I/FTLNetworkMonitor(23410): Network Info: [type: WIFI[], state: CONNECTED/CONNECTED, reason: (unspecified), extra: "wl-ftl-mt44-1-5", failover: false, available: true, roaming: false, metered: false]
11-08 05:17:00.064: W/CarrierServices(23431): Trying to log through cs.apk when it has not been initialized yet
11-08 05:17:00.067: I/BugleDataModel(23431): ProcessPendingMessagesAction: process from cy due to scheduled processing with 0 earliest sending messages, and 0 earliest downloading messages
11-08 05:17:00.077: I/BugleRcs(23431): updating RCS availability
11-08 05:17:00.085: V/Bugle(23431): Executing sticker action: com.google.android.apps.messaging.shared.datamodel.d.c
11-08 05:17:00.086: W/Bugle(23431): Factory.getPhoneUtils: invalid subId = -1
11-08 05:17:00.087: W/Bugle(23431): Factory.getPhoneUtils: invalid subId = -1
11-08 05:17:00.091: V/Bugle(23431): Executing sticker action: com.google.android.apps.messaging.shared.datamodel.d.ah
11-08 05:17:00.100: W/Bugle(23431): Factory.getPhoneUtils: invalid subId = -1
11-08 05:17:00.106: V/BugleThrottledAction(23431): UpdateUnreadCounterAction scheduled to run now.
11-08 05:17:00.106: D/BugleThrottledAction(23431): UpdateUnreadCounterAction already scheduled in 0ms, not scheduling it again.
11-08 05:17:00.107: I/ShortcutBadger(23431): Checking if platform supports badge counters, attempt 1/3.
11-08 05:17:00.113: I/ShortcutBadger(23431): Checking if platform supports badge counters, attempt 2/3.
11-08 05:17:00.118: W/Bugle(23431): Factory.getPhoneUtils: invalid subId = -1
11-08 05:17:00.118: I/ShortcutBadger(23431): Checking if platform supports badge counters, attempt 3/3.
11-08 05:17:00.119: V/BugleThrottledAction(23431): RebuildShortcutsAction scheduled to run now.
11-08 05:17:00.125: V/BugleThrottledAction(23431): CountryCodeDetectorAction scheduled to run now.
11-08 05:17:00.125: D/BugleThrottledAction(23431): CountryCodeDetectorAction already scheduled in 0ms, not scheduling it again.
11-08 05:17:00.126: V/BugleThrottledAction(23431): SelfParticipantsRefreshAction scheduled to run now.
11-08 05:17:00.127: W/ShortcutBadger(23431): Badge counter seems not supported in this platform: unable to resolve intent: Intent { act=android.intent.action.BADGE_COUNT_UPDATE (has extras) }
11-08 05:17:00.128: W/Bugle(23431): Factory.getPhoneUtils: invalid subId = -1
11-08 05:17:00.128: I/ActivityManager(1174): Displayed com.google.android.apps.mtaas.backdrop/.BackdropActivity: +270ms
11-08 05:17:00.131: D/QCOM PowerHAL(779): LAUNCH HINT: OFF
11-08 05:17:00.137: I/BugleRcs(23431): RcsAvailability updated: RCS service version is old
11-08 05:17:00.137: I/BugleRcs(23431): Broadcast disable RCS for availability (8)
11-08 05:17:00.141: D/RcsService(5994): Received broadcast of intent rcs.intent.action.disableRcs
11-08 05:17:00.141: D/RcsService(5994): Disabling RCS connectivity setting
11-08 05:17:00.144: W/Bugle(23431): Factory.getPhoneUtils: invalid subId = -1
11-08 05:17:00.146: E/Bugle(23431): Get mms config failed: invalid subId. subId=-1, real subId=-1, map=[]
11-08 05:17:00.154: I/zygote64(2289): Deoptimizing void com.android.launcher3.compat.LauncherAppsCompatVL$WrappedCallback.onShortcutsChanged(java.lang.String, java.util.List, android.os.UserHandle) due to JIT inline cache
11-08 05:17:00.156: W/Bugle(23431): Factory.getPhoneUtils: invalid subId = -1
11-08 05:17:00.164: W/Bugle(23431): Factory.getPhoneUtils: invalid subId = -1
11-08 05:17:00.169: D/Primes(23431): Package metric: registered for startup notifications
11-08 05:17:00.169: D/Primes(23431): Battery metric disabled
11-08 05:17:00.169: D/Primes(23431): MagicEye logging metric disabled
11-08 05:17:00.169: D/CrashMetricService(23431): onPrimesInitialize
11-08 05:17:00.172: W/Bugle(23431): Factory.getPhoneUtils: invalid subId = -1
11-08 05:17:00.173: I/chatty(23431): uid=10010(com.google.android.apps.messaging) BackgroundThrea identical 1 line
11-08 05:17:00.175: W/Bugle(23431): Factory.getPhoneUtils: invalid subId = -1
11-08 05:17:00.179: W/Bugle(23431): Factory.getPhoneUtils: invalid subId = -1
11-08 05:17:00.193: I/ActivityManager(1174): Start proc 23477:com.google.android.calendar/u0a72 for broadcast com.google.android.calendar/.alerts.AlertReceiver
11-08 05:17:00.195: I/zygote64(1174): Background concurrent copying GC freed 22927(1387KB) AllocSpace objects, 10(200KB) LOS objects, 42% free, 13MB/24MB, paused 121us total 125.707ms
11-08 05:17:00.205: W/Bugle(23431): Factory.getPhoneUtils: invalid subId = -1
11-08 05:17:00.205: E/Bugle(23431): Get mms config failed: invalid subId. subId=-1, real subId=-1, map=[]
11-08 05:17:00.206: W/Bugle(23431): Factory.getPhoneUtils: invalid subId = -1
11-08 05:17:00.206: W/Bugle(23431): Factory.getPhoneUtils: invalid subId = -1
11-08 05:17:00.207: I/BugleBackup(23431): Registering preference change listener for "buglesub_-1".
11-08 05:17:00.223: W/Bugle(23431): PhoneUtils.getSelfRawNumber: subInfo is null for -1
11-08 05:17:00.226: I/Places(6300): ?: Couldn't find platform key file.
11-08 05:17:00.230: W/Bugle(23431): Factory.getPhoneUtils: invalid subId = -1
11-08 05:17:00.233: I/Places(6300): ?: Couldn't find platform key file.
11-08 05:17:00.243: I/PBSessionCacheImpl(2208): Deleted sessionId[428049050608] from persistence.
11-08 05:17:00.271: I/PerformanceMetricCollec(23477): Logging experiments memory-false, lantency-false
11-08 05:17:00.276: I/ActivityManager(1174): Start proc 23507:com.android.providers.calendar/u0a63 for content provider com.android.providers.calendar/.CalendarProvider2
11-08 05:17:00.278: W/SearchService(2208): Abort, client detached.
11-08 05:17:00.298: D/PhenotypeJobService(23477): Job scheduled successfully
11-08 05:17:00.302: E/PrefServiceImpl(23477): Primary account is null
11-08 05:17:00.302: I/PerformanceMetricCollec(23477): Logging experiments memory-false, lantency-false
11-08 05:17:00.336: I/CalendarProvider2(23507): Created com.android.providers.calendar.CalendarAlarmManager@237333d(com.android.providers.calendar.CalendarProvider2@14b9732)
11-08 05:17:00.355: I/zygote64(6300): Compiler allocated 11MB to compile void anzs.a(java.util.Set, java.util.List, java.lang.String, int, java.lang.String, boolean, cadn, anzz, java.util.LinkedHashMap, boolean)
11-08 05:17:00.361: I/ActivityManager(1174): Start proc 23536:com.google.android.deskclock/u0a79 for broadcast com.google.android.deskclock/com.android.deskclock.AlarmInitReceiver
11-08 05:17:00.393: I/GAv4(23536): Google Analytics 10.0.84 is starting up. To enable debug logging on a device run:
11-08 05:17:00.393: I/GAv4(23536):   adb shell setprop log.tag.GAv4 DEBUG
11-08 05:17:00.393: I/GAv4(23536):   adb logcat -s GAv4
11-08 05:17:00.403: W/GAv4(23536): AnalyticsReceiver is not registered or is disabled. Register the receiver for reliable dispatching on non-Google Play devices. See http://goo.gl/8Rd3yj for instructions.
11-08 05:17:00.405: W/GAv4(23536): CampaignTrackingReceiver is not registered, not exported or is disabled. Installation campaign tracking is not possible. See http://goo.gl/8Rd3yj for instructions.
11-08 05:17:00.406: I/AlarmClock(23536): AlarmInitReceiver android.intent.action.LOCALE_CHANGED
11-08 05:17:00.406: W/GAv4(23536): AnalyticsService not registered in the app manifest. Hits might not be delivered reliably. See http://goo.gl/8Rd3yj for instructions.
11-08 05:17:00.411: I/DigitalWidgetProvider(23536): onReceive: Intent { act=android.intent.action.LOCALE_CHANGED flg=0x11200010 cmp=com.google.android.deskclock/com.android.alarmclock.DigitalAppWidgetProvider }
11-08 05:17:00.423: I/ActivityManager(1174): Start proc 23556:com.google.android.gm/u0a80 for broadcast com.google.android.gm/.MailIntentReceiver
11-08 05:17:00.429: D/PhenotypeManager(23477): Registered: Status{statusCode=SUCCESS, resolution=null}
11-08 05:17:00.462: W/RingtoneManager(23536): No READ_EXTERNAL_STORAGE permission, ignoring ringtones on ext storage
11-08 05:17:00.471: W/EasBundling(23556): in EasBundling.init, isBundlingEnabled=true
11-08 05:17:00.477: D/ActivityThread(23556): Loading provider com.google.android.gmail.provider;com.android.mail.notifier;com.google.android.gm.email.provider;com.google.android.gm.tasks.provider;com.google.android.gm.email.notifier: com.android.email.provider.EmailProvider
11-08 05:17:00.481: W/ChimeraUtils(6300): Non Chimera context
11-08 05:17:00.481: W/ChimeraUtils(6300): Non Chimera context
11-08 05:17:00.483: D/NuPlayerDriver(863): NuPlayerDriver(0xeb3271c0) created, clientPid(23536)
11-08 05:17:00.486: D/GenericSource(863): FileSource remote
11-08 05:17:00.495: D/NuPlayerDriver(863): notifyListener_l(0xeb3271c0), (1, 0, 0, -1), loop setting(0, 0)
11-08 05:17:00.498: D/Ringtone(23536): Successfully created local player
11-08 05:17:00.508: I/irr(23556): Beginning new tracing period at 1.2022558525219E7.
11-08 05:17:00.508: W/irr(23556): START TRACE Inbox first results loaded <7ffd1ea38f829dbc0000016e4b292edb>@1.2022558525219E7
11-08 05:17:00.515: W/GAV2(23556): Thread[main,5,main]: Need to call initialize() and be in fallback mode to start dispatch.
11-08 05:17:00.523: W/ChimeraUtils(6300): Non Chimera context
11-08 05:17:00.524: W/ChimeraUtils(6300): Non Chimera context
11-08 05:17:00.543: I/PhenotypeFlagCommitter(23477): Experiment Configs successfully retrieved for com.google.android.calendar
11-08 05:17:00.555: W/ChimeraUtils(6300): Non Chimera context
11-08 05:17:00.555: W/ChimeraUtils(6300): Non Chimera context
11-08 05:17:00.562: W/ChimeraUtils(6284): Non Chimera context
11-08 05:17:00.562: W/ChimeraUtils(6284): Non Chimera context
11-08 05:17:00.569: I/PeopleDatabaseHelper(6284): Updating DB locale: en_US -> pt
11-08 05:17:00.579: I/MicroDetectionWorker(2208): #initializeDataManager [recognitionLocale: pt-BR, isForced: false, initGHRecognizer: false]
11-08 05:17:00.580: E/MicroModelsUtil(2208): No model available at /data/user/0/com.google.android.googlequicksearchbox/files/pt-BR/hotword.data
11-08 05:17:00.580: E/MicroModelsUtil(2208): java.io.FileNotFoundException: /data/user/0/com.google.android.googlequicksearchbox/files/pt-BR/hotword.data (No such file or directory)
11-08 05:17:00.580: E/MicroModelsUtil(2208): 	at java.io.FileInputStream.open0(Native Method)
11-08 05:17:00.580: E/MicroModelsUtil(2208): 	at java.io.FileInputStream.open(FileInputStream.java:200)
11-08 05:17:00.580: E/MicroModelsUtil(2208): 	at java.io.FileInputStream.<init>(FileInputStream.java:150)
11-08 05:17:00.580: E/MicroModelsUtil(2208): 	at com.google.common.i.z.bVz(SourceFile:4)
11-08 05:17:00.580: E/MicroModelsUtil(2208): 	at com.google.common.i.z.bVv(SourceFile:6)
11-08 05:17:00.580: E/MicroModelsUtil(2208): 	at com.google.common.i.w.af(SourceFile:20)
11-08 05:17:00.580: E/MicroModelsUtil(2208): 	at com.google.android.apps.gsa.speech.microdetection.t.b(SourceFile:41)
11-08 05:17:00.580: E/MicroModelsUtil(2208): 	at com.google.android.apps.gsa.speech.microdetection.t.b(SourceFile:6)
11-08 05:17:00.580: E/MicroModelsUtil(2208): 	at com.google.android.apps.gsa.speech.microdetection.q.run(SourceFile:14)
11-08 05:17:00.580: E/MicroModelsUtil(2208): 	at java.util.concurrent.Executors$RunnableAdapter.call(Executors.java:457)
11-08 05:17:00.580: E/MicroModelsUtil(2208): 	at java.util.concurrent.FutureTask.run(FutureTask.java:266)
11-08 05:17:00.580: E/MicroModelsUtil(2208): 	at com.google.android.apps.gsa.shared.util.concurrent.a.ax.run(SourceFile:14)
11-08 05:17:00.580: E/MicroModelsUtil(2208): 	at com.google.android.apps.gsa.shared.util.concurrent.a.bl.run(SourceFile:4)
11-08 05:17:00.580: E/MicroModelsUtil(2208): 	at com.google.android.apps.gsa.shared.util.concurrent.a.bl.run(SourceFile:4)
11-08 05:17:00.580: E/MicroModelsUtil(2208): 	at java.util.concurrent.ThreadPoolExecutor.runWorker(ThreadPoolExecutor.java:1162)
11-08 05:17:00.580: E/MicroModelsUtil(2208): 	at java.util.concurrent.ThreadPoolExecutor$Worker.run(ThreadPoolExecutor.java:636)
11-08 05:17:00.580: E/MicroModelsUtil(2208): 	at java.lang.Thread.run(Thread.java:764)
11-08 05:17:00.580: E/MicroModelsUtil(2208): 	at com.google.android.apps.gsa.shared.util.concurrent.a.ai.run(SourceFile:6)
11-08 05:17:00.583: I/LanguageSettingsHelper(2208): Removing enrollment utterances : Locale changed
11-08 05:17:00.583: E/MicroDataManager(2208): Called deleteEnrollmentUtterances for null account
11-08 05:17:00.589: W/ActivityManager(1174): Unable to start service Intent { cmp=com.google.android.gm.exchange/com.android.exchange.service.EasService } U=0: not found
11-08 05:17:00.598: W/ChimeraUtils(6300): Non Chimera context
11-08 05:17:00.598: W/ChimeraUtils(6300): Non Chimera context
11-08 05:17:00.605: I/OpaEnabledReceiver(1542): Dispatching OPA eligble = false; AGSA = true; OPA enabled = true
11-08 05:17:00.605: I/OpaLayout(1542): Setting opa enabled to false
11-08 05:17:00.605: I/OpaLayout(1542): Setting opa enabled to false
11-08 05:17:00.605: I/Elmyra/ElmyraService(1542): No available actions
11-08 05:17:00.607: I/AlarmClock(23536): Started indexing all application data.
11-08 05:17:00.610: I/ActivityManager(1174): Start proc 23610:com.google.android.youtube/u0a70 for broadcast com.google.android.youtube/com.google.android.apps.youtube.app.application.system.LocaleUpdatedReceiver
11-08 05:17:00.614: I/OpaEnabledReceiver(1542): Dispatching OPA eligble = false; AGSA = true; OPA enabled = false
11-08 05:17:00.614: I/OpaLayout(1542): Setting opa enabled to false
11-08 05:17:00.617: W/SoundModelDBHelper(1174): No SoundModel available for the given keyphrase
11-08 05:17:00.620: W/ActivityManager(1174): Unable to start service Intent { cmp=com.google.android.gm/com.android.email.service.AttachmentService } U=0: not found
11-08 05:17:00.637: I/ActivityManager(1174): Start proc 23633:com.google.android.play.games.ui/u0a132 for broadcast com.google.android.play.games/com.google.android.apps.play.games.features.experiments.PhenotypeBroadcastReceiver
11-08 05:17:00.614: I/OpaLayout(1542): Setting opa enabled to false
11-08 05:17:00.638: D/AppIndexApi(23536): Logging objectbjr@3e8792e
11-08 05:17:00.643: I/PeopleSearchIndexManage(6284): Marking for index update.
11-08 05:17:00.649: W/ChimeraUtils(6284): Non Chimera context
11-08 05:17:00.662: I/chatty(6284): uid=10006(com.google.android.gms) identical 4 lines
11-08 05:17:00.662: W/ChimeraUtils(6284): Non Chimera context
11-08 05:17:00.664: W/ChimeraUtils(6300): Non Chimera context
11-08 05:17:00.665: W/ChimeraUtils(6300): Non Chimera context
11-08 05:17:00.679: W/SearchService(2208): Abort, client detached.
11-08 05:17:00.691: I/VSC(798): @ 12036.458: [VSC] Stopping sensor events for sensor 131074
11-08 05:17:00.691: I/VSC(798): @ 12036.459: [VSC] Request sensor 65537, sample_duration 14 ms, report_duration c80 ms
11-08 05:17:00.693: W/SearchService(2208): Abort, client detached.
11-08 05:17:00.698: D/CHRE(798): @ 12036.465: +: id 0, prev 0 curr 1, mode 3, chre 2
11-08 05:17:00.705: W/ActivityManager(1174): Unable to start service Intent { cmp=com.google.android.gm.exchange/com.android.exchange.service.EasService } U=0: not found
11-08 05:17:00.712: I/zygote64(6284): Deoptimizing int woq.a(android.content.Context, java.lang.String) due to JIT inline cache
11-08 05:17:00.712: W/DynamiteModule(6284): Local module descriptor class for providerinstaller not found.
11-08 05:17:00.713: I/DynamiteModule(6284): Considering local module providerinstaller:0 and remote module providerinstaller:0
11-08 05:17:00.715: W/ProviderInstaller(6284): Failed to load providerinstaller module: No acceptable module found. Local version is 0 and remote version is 0.
11-08 05:17:00.722: I/anzn(6300): Scheduling adaptive one off task with window [14400, 604800] in seconds [CONTEXT service_id=51 ]
11-08 05:17:00.728: W/ChimeraUtils(6300): Non Chimera context
11-08 05:17:00.728: W/ChimeraUtils(6300): Non Chimera context
11-08 05:17:00.732: W/PrimesInit(23633): Primes instant initialization
11-08 05:17:00.732: W/Icing(6300): isOptedInForAppHistory: empty Account Name encountered
11-08 05:17:00.735: W/Primes(23633): background initialization
11-08 05:17:00.744: D/DownloadManager(23336): [13] Starting
11-08 05:17:00.766: I/PeopleSearchIndexManage(6284): Index version changed from 0
11-08 05:17:00.768: I/PeopleSearchIndexManage(6284): Rebuilding index...
11-08 05:17:00.772: W/YouTube(23610): Fetching the Gservices key 'failsafe_maxnumbercrash_12_15' before the end of the bulk initialization
11-08 05:17:00.777: I/AlarmClock(23536): Finished indexing all application data.
11-08 05:17:00.781: D/NetworkSecurityConfig(23336): Using Network Security Config from resource network_security_config debugBuild: false
11-08 05:17:00.786: I/zygote64(1174): Background concurrent copying GC freed 24717(1571KB) AllocSpace objects, 15(328KB) LOS objects, 42% free, 14MB/25MB, paused 48us total 156.157ms
11-08 05:17:00.795: I/anzs(6300): Removed 0 invalid users [CONTEXT service_id=51 ]
11-08 05:17:00.796: W/YouTube(23610): Fetching the Gservices key 'disable_binder_callback_flush' before the end of the bulk initialization
11-08 05:17:00.797: W/Icing(6300): isOptedInForAppHistory: empty Account Name encountered
11-08 05:17:00.803: I/PeopleASM(6284): Rebuilding autocomplete index...
11-08 05:17:00.806: I/PeopleSearchIndexManage(6284): Rebuilding index done.
11-08 05:17:00.820: I/zygote64(6300): Do partial code cache collection, code=1459KB, data=902KB
11-08 05:17:00.822: I/PrimesTesting(23633): GserviceFlagsSupplier.get()
11-08 05:17:00.822: I/zygote64(6300): After code cache collection, code=1449KB, data=899KB
11-08 05:17:00.822: I/zygote64(6300): Increasing code cache capacity to 4MB
11-08 05:17:00.839: I/GAv4-SVC(23633): Google Analytics 15.3.50 is starting up.
11-08 05:17:00.878: E/YouTube(23610): flushBinderConnectionCallbacks is unverified on SDK 26
11-08 05:17:00.907: V/NativeCrypto(23610): Registering com/google/android/gms/org/conscrypt/NativeCrypto's 284 native methods...
11-08 05:17:00.956: I/BlobLobber(2208): Received new velour config
11-08 05:17:00.957: I/zygote64(2208): Deoptimizing com.google.common.collect.dk com.google.common.collect.dk.c(int, java.lang.Object[]) due to JIT inline cache
11-08 05:17:00.961: I/OpaEnabledReceiver(1542): Dispatching OPA eligble = false; AGSA = true; OPA enabled = false
11-08 05:17:00.962: I/OpaLayout(1542): Setting opa enabled to false
11-08 05:17:00.962: I/OpaLayout(1542): Setting opa enabled to false
11-08 05:17:00.968: I/OpaEnabledReceiver(1542): Dispatching OPA eligble = false; AGSA = true; OPA enabled = false
11-08 05:17:00.968: I/OpaLayout(1542): Setting opa enabled to false
11-08 05:17:00.968: I/OpaLayout(1542): Setting opa enabled to false
11-08 05:17:00.972: I/zygote64(6300): Compiler allocated 4MB to compile braf braf.a(bnsb, braf, brao)
11-08 05:17:00.972: I/BlobLobber(2208): Canceling downloads: [odws1_en:us_2019-04-07_243067131_release_signed]
11-08 05:17:00.972: I/BlobLobber(2208): Failed to cancel [odws1_en:us_2019-04-07_243067131_release_signed]
11-08 05:17:00.979: W/zygote64(23610): Skipping duplicate class check due to unrecognized classloader
