11-08 05:17:04.097: W/Conscrypt(23797): 	at com.google.android.gms.org.conscrypt.Platform.setSocketWriteTimeout(:com.google.android.gms@19420019@19.4.20 (040400-271418971):2)
11-08 05:17:04.097: W/Conscrypt(23797): 	at com.google.android.gms.org.conscrypt.ConscryptFileDescriptorSocket.setSoWriteTimeout(:com.google.android.gms@19420019@19.4.20 (040400-271418971):2)
11-08 05:17:04.104: W/Conscrypt(23797): Could not set socket write timeout: java.net.SocketException: Socket closed
11-08 05:17:04.104: W/Conscrypt(23797): 	at com.google.android.gms.org.conscrypt.Platform.setSocketWriteTimeout(:com.google.android.gms@19420019@19.4.20 (040400-271418971):2)
11-08 05:17:04.104: W/Conscrypt(23797): 	at com.google.android.gms.org.conscrypt.ConscryptFileDescriptorSocket.setSoWriteTimeout(:com.google.android.gms@19420019@19.4.20 (040400-271418971):2)
11-08 05:17:04.112: W/Icing(23797): No valid account for uploading user actions: admc: Not signed in
11-08 05:17:04.125: I/Icing(23797): Usage reports ok 0, Failed Usage reports 0, indexed 0, rejected 0
11-08 05:17:04.142: W/Icing(23797): No valid account for uploading user actions: admc: Not signed in
11-08 05:17:04.149: I/aobm(23784): updateFromConfigurations using legacy put method [CONTEXT service_id=204 ]
11-08 05:17:04.152: E/Auth(23784): [GoogleAccountDataServiceImpl] getToken() -> BAD_AUTHENTICATION. Account: <ELLIDED:-818113082>, App: com.google.android.gms, Service: ^^_account_id_^^
11-08 05:17:04.152: E/Auth(23784): rzg: Long live credential not available.
11-08 05:17:04.152: E/Auth(23784): 	at hcg.a(:com.google.android.gms@19420019@19.4.20 (040400-271418971):131)
11-08 05:17:04.152: E/Auth(23784): 	at jak.a(:com.google.android.gms@19420019@19.4.20 (040400-271418971):126)
11-08 05:17:04.152: E/Auth(23784): 	at izn.a(:com.google.android.gms@19420019@19.4.20 (040400-271418971):2)
11-08 05:17:04.152: E/Auth(23784): 	at izl.a(:com.google.android.gms@19420019@19.4.20 (040400-271418971):17)
11-08 05:17:04.152: E/Auth(23784): 	at izl.a(:com.google.android.gms@19420019@19.4.20 (040400-271418971):11)
11-08 05:17:04.152: E/Auth(23784): 	at gyp.a(:com.google.android.gms@19420019@19.4.20 (040400-271418971):44)
11-08 05:17:04.152: E/Auth(23784): 	at gyp.a(:com.google.android.gms@19420019@19.4.20 (040400-271418971):175)
11-08 05:17:04.152: E/Auth(23784): 	at gyy.a(:com.google.android.gms@19420019@19.4.20 (040400-271418971):3)
11-08 05:17:04.152: E/Auth(23784): 	at gyz.a(:com.google.android.gms@19420019@19.4.20 (040400-271418971):3)
11-08 05:17:04.152: E/Auth(23784): 	at gyz.c(:com.google.android.gms@19420019@19.4.20 (040400-271418971):6)
11-08 05:17:04.152: E/Auth(23784): 	at gyz.b(:com.google.android.gms@19420019@19.4.20 (040400-271418971):1)
11-08 05:17:04.152: E/Auth(23784): 	at gyz.b(:com.google.android.gms@19420019@19.4.20 (040400-271418971):3)
11-08 05:17:04.152: E/Auth(23784): 	at gyz.f(Unknown Source:20)
11-08 05:17:04.152: E/Auth(23784): 	at awfj.call(Unknown Source:4)
11-08 05:17:04.152: E/Auth(23784): 	at java.util.concurrent.FutureTask.run(FutureTask.java:266)
11-08 05:17:04.152: E/Auth(23784): 	at sxo.b(:com.google.android.gms@19420019@19.4.20 (040400-271418971):33)
11-08 05:17:04.152: E/Auth(23784): 	at sxo.run(:com.google.android.gms@19420019@19.4.20 (040400-271418971):21)
11-08 05:17:04.152: E/Auth(23784): 	at java.util.concurrent.ThreadPoolExecutor.runWorker(ThreadPoolExecutor.java:1162)
11-08 05:17:04.152: E/Auth(23784): 	at java.util.concurrent.ThreadPoolExecutor$Worker.run(ThreadPoolExecutor.java:636)
11-08 05:17:04.152: E/Auth(23784): 	at tdm.run(Unknown Source:7)
11-08 05:17:04.152: E/Auth(23784): 	at java.lang.Thread.run(Thread.java:764)
11-08 05:17:04.154: W/Auth(23784): [GetToken] Failed to get account ID
11-08 05:17:04.156: I/Icing(23797): Usage reports ok 0, Failed Usage reports 0, indexed 0, rejected 0
11-08 05:17:04.164: I/zygote64(23797): Deoptimizing void bxjj.a(java.lang.Iterable, java.util.List) due to JIT inline cache
11-08 05:17:04.164: W/Icing(23797): No valid account for uploading user actions: admc: Not signed in
11-08 05:17:04.165: W/Auth(23784): [GoogleAuthUtil] GoogleAuthUtil
11-08 05:17:04.167: E/awfa(23784): Exception occurred while getting SettingsStore instance.
11-08 05:17:04.167: E/awfa(23784): java.util.concurrent.ExecutionException: com.google.android.gms.auth.UserRecoverableAuthException: BadAuthentication
11-08 05:17:04.167: E/awfa(23784): 	at java.util.concurrent.FutureTask.report(FutureTask.java:123)
11-08 05:17:04.167: E/awfa(23784): 	at java.util.concurrent.FutureTask.get(FutureTask.java:207)
11-08 05:17:04.167: E/awfa(23784): 	at awfa.b(:com.google.android.gms@19420019@19.4.20 (040400-271418971):2)
11-08 05:17:04.167: E/awfa(23784): 	at awfa.a(:com.google.android.gms@19420019@19.4.20 (040400-271418971):7)
11-08 05:17:04.167: E/awfa(23784): 	at awbj.a(:com.google.android.gms@19420019@19.4.20 (040400-271418971):15)
11-08 05:17:04.167: E/awfa(23784): 	at awbj.a(:com.google.android.gms@19420019@19.4.20 (040400-271418971):60)
11-08 05:17:04.167: E/awfa(23784): 	at aama.run(:com.google.android.gms@19420019@19.4.20 (040400-271418971):17)
11-08 05:17:04.167: E/awfa(23784): 	at blbc.run(:com.google.android.gms@19420019@19.4.20 (040400-271418971):2)
11-08 05:17:04.167: E/awfa(23784): 	at sxo.b(:com.google.android.gms@19420019@19.4.20 (040400-271418971):33)
11-08 05:17:04.167: E/awfa(23784): 	at sxo.run(:com.google.android.gms@19420019@19.4.20 (040400-271418971):21)
11-08 05:17:04.167: E/awfa(23784): 	at java.util.concurrent.ThreadPoolExecutor.runWorker(ThreadPoolExecutor.java:1162)
11-08 05:17:04.167: E/awfa(23784): 	at java.util.concurrent.ThreadPoolExecutor$Worker.run(ThreadPoolExecutor.java:636)
11-08 05:17:04.167: E/awfa(23784): 	at tdm.run(Unknown Source:7)
11-08 05:17:04.167: E/awfa(23784): 	at java.lang.Thread.run(Thread.java:764)
11-08 05:17:04.167: E/awfa(23784): Caused by: com.google.android.gms.auth.UserRecoverableAuthException: BadAuthentication
11-08 05:17:04.167: E/awfa(23784): 	at gyy.a(:com.google.android.gms@19420019@19.4.20 (040400-271418971):13)
11-08 05:17:04.167: E/awfa(23784): 	at gyz.a(:com.google.android.gms@19420019@19.4.20 (040400-271418971):3)
11-08 05:17:04.167: E/awfa(23784): 	at gyz.c(:com.google.android.gms@19420019@19.4.20 (040400-271418971):6)
11-08 05:17:04.167: E/awfa(23784): 	at gyz.b(:com.google.android.gms@19420019@19.4.20 (040400-271418971):1)
11-08 05:17:04.167: E/awfa(23784): 	at gyz.b(:com.google.android.gms@19420019@19.4.20 (040400-271418971):3)
11-08 05:17:04.167: E/awfa(23784): 	at gyz.f(Unknown Source:20)
11-08 05:17:04.167: E/awfa(23784): 	at awfj.call(Unknown Source:4)
11-08 05:17:04.167: E/awfa(23784): 	at java.util.concurrent.FutureTask.run(FutureTask.java:266)
11-08 05:17:04.167: E/awfa(23784): 	... 6 more
11-08 05:17:04.175: I/Icing(23797): Usage reports ok 0, Failed Usage reports 0, indexed 0, rejected 0
11-08 05:17:04.185: I/aobm(23784): updateFromConfigurations using legacy put method [CONTEXT service_id=204 ]
11-08 05:17:04.185: I/Icing(23797): Indexing done com.google.android.gms-internal.3p:MobileApplication
11-08 05:17:04.188: I/Icing(23797): Indexing com.google.android.gms-internal.3p:MobileApplication from com.google.android.gms using seqno 46
11-08 05:17:04.208: I/Icing(23797): Indexing done. Processed 1 requests in 22 ms
11-08 05:17:04.252: I/zygote64(23784): Compiler allocated 10MB to compile void rjf.a(android.content.Context)
11-08 05:17:04.262: I/zygote64(23797): Deoptimizing blaq blbj.a(blbq, blaq, boolean) due to JIT inline cache
11-08 05:17:04.280: I/zygote64(23784): Deoptimizing void rjf.a(android.content.Context) due to JIT inline cache
11-08 05:17:04.392: I/zygote64(23286): Waiting for a blocking GC ProfileSaver
11-08 05:17:04.398: I/zygote64(23286): WaitForGcToComplete blocked ProfileSaver on HeapTrim for 6.258ms
11-08 05:17:04.428: I/zygote64(23797): Compiler allocated 4MB to compile void bxnu.a(java.lang.Object, bxqf)
11-08 05:17:04.450: I/ChromeSync(23797): [Sync,SyncIntentOperation] Handling the intent: Intent { act=android.intent.action.PACKAGE_ADDED dat=package:com.example.concurrencyeval.test flg=0x4000010 cmp=com.google.android.gms/.chimera.GmsIntentOperationService (has extras) }.
11-08 05:17:04.451: I/Auth(23797): [SupervisedAccountIntentOperation] onHandleIntent(): android.intent.action.PACKAGE_ADDED
11-08 05:17:04.456: I/FontsPackageChangeOp(23797): Package com.example.concurrencyeval.test has no metadata
11-08 05:17:04.458: I/zygote64(23797): Do full code cache collection, code=252KB, data=128KB
11-08 05:17:04.458: I/zygote64(23797): After code cache collection, code=199KB, data=90KB
11-08 05:17:04.489: I/zygote64(23797): Deoptimizing void bxnf.a(java.lang.Object, java.lang.Object, long) due to JIT inline cache
11-08 05:17:04.489: I/Icing(23797): Indexing done. Processed 0 requests in 0 ms
11-08 05:17:04.779: I/zygote64(23361): Waiting for a blocking GC ProfileSaver
11-08 05:17:04.809: I/zygote64(23361): WaitForGcToComplete blocked ProfileSaver on AddRemoveAppImageSpace for 30.632ms
11-08 05:17:04.875: W/Finsky(23770): [2] com.google.android.finsky.application.FinskyAppImpl.bx(1166): No account configured on this device.
11-08 05:17:04.953: I/zygote64(23431): Waiting for a blocking GC ProfileSaver
11-08 05:17:04.970: I/zygote64(23431): WaitForGcToComplete blocked ProfileSaver on HeapTrim for 16.905ms
11-08 05:17:05.193: I/Icing(23797): Indexing com.google.android.gms-apps from com.google.android.gms
11-08 05:17:05.225: I/zygote64(23477): Waiting for a blocking GC ProfileSaver
11-08 05:17:05.236: I/zygote64(23477): WaitForGcToComplete blocked ProfileSaver on HeapTrim for 10.473ms
11-08 05:17:05.262: W/atrace(24263): type=1400 audit(0.0:43): avc: denied { write } for name="enable" dev="tracefs" ino=14755 scontext=u:r:shell:s0 tcontext=u:object_r:debugfs_tracing:s0 tclass=file permissive=0
11-08 05:17:05.280: I/Icing(23797): Indexing done com.google.android.gms-apps
11-08 05:17:05.281: I/EventLogSendingHelper(2208): Sending log events.
11-08 05:17:05.298: I/GAV2(23477): Thread[GAThread,5,main]: No campaign data found.
11-08 05:17:05.314: I/GAv4-SVC(23797): Google Analytics 19.4.20 is starting up.
11-08 05:17:05.374: I/zygote64(23536): Waiting for a blocking GC ProfileSaver
11-08 05:17:05.387: I/zygote64(23536): WaitForGcToComplete blocked ProfileSaver on HeapTrim for 12.636ms
11-08 05:17:05.392: V/MediaPlayer(23536): resetDrmState:  mDrmInfo=null mDrmProvisioningThread=null mPrepareDrmInProgress=false mActiveDrmScheme=false
11-08 05:17:05.392: V/MediaPlayer(23536): cleanDrmObj: mDrmObj=null mDrmSessionId=null
11-08 05:17:05.393: D/NuPlayerDriver(863): reset(0xeb3271c0) at state 4
11-08 05:17:05.393: D/NuPlayerDriver(863): notifyListener_l(0xeb3271c0), (8, 0, 0, -1), loop setting(1, 0)
11-08 05:17:05.395: D/NuPlayerDriver(863): notifyResetComplete(0xeb3271c0)
11-08 05:17:05.395: D/MediaAnalyticsService(862): MediaAnalyticsService::newSummarizerSet
11-08 05:17:05.405: I/zygote64(23784): Compiler allocated 10MB to compile void rjf.a(android.content.Context)
11-08 05:17:05.453: I/zygote64(23556): Waiting for a blocking GC ProfileSaver
11-08 05:17:05.494: I/Icing(23797): Indexing com.google.android.gms-apps from com.google.android.gms
11-08 05:17:05.500: I/zygote64(23556): WaitForGcToComplete blocked ProfileSaver on HeapTrim for 47.146ms
11-08 05:17:05.501: I/Icing(23797): Indexing done com.google.android.gms-apps
11-08 05:17:05.526: I/zygote64(23556): WaitForGcToComplete blocked HeapTrim on ProfileSaver for 25.882ms
11-08 05:17:05.658: W/AdaptiveDiscoveryWorker(23797): Exiting Adaptive Discovery. Current NetworkInfo is NULL.
11-08 05:17:05.692: I/zygote64(23633): Waiting for a blocking GC ProfileSaver
11-08 05:17:05.702: I/zygote64(23610): Waiting for a blocking GC ProfileSaver
11-08 05:17:05.735: I/zygote64(23633): WaitForGcToComplete blocked ProfileSaver on HeapTrim for 42.879ms
11-08 05:17:05.752: I/zygote64(23633): WaitForGcToComplete blocked HeapTrim on ProfileSaver for 9.705ms
11-08 05:17:05.787: I/zygote64(23610): WaitForGcToComplete blocked ProfileSaver on AddRemoveAppImageSpace for 84.440ms
11-08 05:17:05.809: I/zygote64(23610): WaitForGcToComplete blocked HeapTrim on ProfileSaver for 13.583ms
11-08 05:17:06.513: I/Icing(23797): IndexChimeraService.getServiceInterface callingPackage=com.google.android.inputmethod.latin componentName=null serviceId=66
11-08 05:17:06.527: W/Icing(23797): No valid account for uploading user actions: admc: Not signed in
11-08 05:17:06.533: I/zygote64(23770): Waiting for a blocking GC ProfileSaver
11-08 05:17:06.535: D/WificondControl(1174): Scan result ready event
11-08 05:17:06.541: I/zygote64(23770): WaitForGcToComplete blocked ProfileSaver on AddRemoveAppImageSpace for 7.749ms
11-08 05:17:06.543: D/WificondScannerImpl(1174): Filtering out 18 scan results.
11-08 05:17:06.553: I/Icing(23797): Usage reports ok 0, Failed Usage reports 0, indexed 0, rejected 0
11-08 05:17:06.558: W/DatabaseProcessor(23797): processLocalDevices: failed to get the network info with non-null bssid.
11-08 05:17:06.598: E/ActivityThread(23784): Failed to find provider info for instantapp-dev-manager
11-08 05:17:06.740: I/zygote64(23784): Do full code cache collection, code=506KB, data=312KB
11-08 05:17:06.741: I/zygote64(23784): After code cache collection, code=424KB, data=248KB
11-08 05:17:06.783: I/zygote64(23784): Do partial code cache collection, code=427KB, data=272KB
11-08 05:17:06.783: I/zygote64(23784): After code cache collection, code=427KB, data=272KB
11-08 05:17:06.783: I/zygote64(23784): Increasing code cache capacity to 2MB
11-08 05:17:06.783: I/zygote64(23784): Compiler allocated 7MB to compile bflo bgal.a(bflv, bflb)
11-08 05:17:06.846: E/SensorNotificationService(1174): Invalid local geomagnetic field, ignore.
11-08 05:17:06.874: I/Places(23784): Converted 65 out of 65 WiFi scans
11-08 05:17:06.892: I/zygote64(23784): Deoptimizing void bxoo.h(int, java.util.List, bxqf, boolean) due to JIT inline cache
11-08 05:17:06.894: I/Places(23784): ?: Couldn't find platform key file.
11-08 05:17:06.899: I/Places(23784): ?: Couldn't find platform key file.
11-08 05:17:06.911: I/PlaceInferenceEngine(23784): [anon] Changed inference mode: 1
11-08 05:17:06.911: I/Places(23784): ?: Couldn't find platform key file.
11-08 05:17:06.927: I/PlaceInferenceEngine(23784): Too few candidate results: percentageOfMissingArea 100
11-08 05:17:06.932: I/Places(23784): ?: Couldn't find platform key file.
11-08 05:17:06.932: I/Places(23784): ?: Couldn't find platform key file.
11-08 05:17:06.983: W/Conscrypt(23784): Could not set socket write timeout: java.net.SocketException: Socket closed
11-08 05:17:06.985: W/Conscrypt(23784): 	at com.google.android.gms.org.conscrypt.Platform.setSocketWriteTimeout(:com.google.android.gms@19420019@19.4.20 (040400-271418971):2)
11-08 05:17:06.985: W/Conscrypt(23784): 	at com.google.android.gms.org.conscrypt.ConscryptFileDescriptorSocket.setSoWriteTimeout(:com.google.android.gms@19420019@19.4.20 (040400-271418971):2)
11-08 05:17:06.995: W/Conscrypt(23784): Could not set socket write timeout: java.net.SocketException: Socket closed
11-08 05:17:06.996: W/Conscrypt(23784): 	at com.google.android.gms.org.conscrypt.Platform.setSocketWriteTimeout(:com.google.android.gms@19420019@19.4.20 (040400-271418971):2)
11-08 05:17:06.996: W/Conscrypt(23784): 	at com.google.android.gms.org.conscrypt.ConscryptFileDescriptorSocket.setSoWriteTimeout(:com.google.android.gms@19420019@19.4.20 (040400-271418971):2)
11-08 05:17:07.096: I/Places(23784): ?: Couldn't find platform key file.
11-08 05:17:07.139: I/PlaceInferenceEngine(23784): No beacon scan available - ignoring candidates.
11-08 05:17:07.139: I/Places(23784): ?: Couldn't find platform key file.
11-08 05:17:07.146: I/zygote64(23784): Compiler allocated 5MB to compile void bxnu.a(java.lang.Object, bxog, bxlc)
11-08 05:17:07.197: I/Places(23784): ?: Couldn't find platform key file.
11-08 05:17:07.601: I/ActivityManager(1174): Start proc 24302:com.google.android.configupdater/u0a27 for service com.google.android.configupdater/.MainJobService
11-08 05:17:07.678: I/ActivityManager(1174): Killing 22944:com.android.connectivity.metrics/u0a24 (adj 906): empty #17
11-08 05:17:07.679: W/zygote64(1174): kill(-22944, 9) failed: No such process
11-08 05:17:07.700: W/zygote64(1174): kill(-22944, 9) failed: No such process
11-08 05:17:07.700: I/zygote64(1174): Successfully killed process cgroup uid 10024 pid 22944 in 21ms
11-08 05:17:08.258: E/Backup(23784): [BackupTransportMigratorChimeraService] Could not migrate transport!
11-08 05:17:08.364: I/OMXClient(24352): Treble IOmx obtained
11-08 05:17:08.367: I/OMXMaster(866): makeComponentInstance(OMX.qcom.video.encoder.avc) in omx@1.0-service process
11-08 05:17:08.371: I/OMX-VENC(866): Video encode perflock acquired,handle=7
11-08 05:17:08.386: I/OMX-VENC(866): Component_init : OMX.qcom.video.encoder.avc : return = 0x0
11-08 05:17:08.390: E/OMXNodeInstance(866): setParameter(0xf34d0584:qcom.encoder.avc, OMX.google.android.index.allocateNativeHandle(0x7f00005d): Output:1 en=0) ERROR: UnsupportedSetting(0x80001019)
11-08 05:17:08.390: W/OMXNodeInstance(866): [0xf34d0584:qcom.encoder.avc] component does not support metadata mode; using fallback
11-08 05:17:08.391: W/OMXUtils(24352): do not know color format 0x7fa30c06 = 2141391878
11-08 05:17:08.391: W/OMXUtils(24352): do not know color format 0x7fa30c04 = 2141391876
11-08 05:17:08.391: W/OMXUtils(24352): do not know color format 0x7fa30c08 = 2141391880
11-08 05:17:08.392: W/OMXUtils(24352): do not know color format 0x7fa30c07 = 2141391879
11-08 05:17:08.392: W/OMXUtils(24352): do not know color format 0x7f000789 = 2130708361
11-08 05:17:08.404: I/ACodec(24352): setupAVCEncoderParameters with [profile: Baseline] [level: Level31]
11-08 05:17:08.406: I/ACodec(24352): [OMX.qcom.video.encoder.avc] cannot encode HDR static metadata. Ignoring.
11-08 05:17:08.406: I/ACodec(24352): setupVideoEncoder succeeded
11-08 05:17:08.408: W/OMXUtils(24352): do not know color format 0x7f000789 = 2130708361
11-08 05:17:08.408: E/OMXNodeInstance(866): getConfig(0xf34d0584:qcom.encoder.avc, ConfigLatency(0x6f800005)) ERROR: UnsupportedIndex(0x8000101a)
11-08 05:17:08.425: E/OMXNodeInstance(866): getConfig(0xf34d0584:qcom.encoder.avc, ??(0x7f000062)) ERROR: UnsupportedSetting(0x80001019)
11-08 05:17:08.426: E/OMXNodeInstance(866): getParameter(0xf34d0584:qcom.encoder.avc, ParamConsumerUsageBits(0x6f800004)) ERROR: UnsupportedIndex(0x8000101a)
11-08 05:17:08.427: D/GraphicBufferSource(866): setting dataspace: 0x104, acquired=0
11-08 05:17:08.428: E/OMXNodeInstance(866): getParameter(0xf34d0584:qcom.encoder.avc, ParamConsumerUsageBits(0x6f800004)) ERROR: UnsupportedIndex(0x8000101a)
11-08 05:17:08.428: D/GraphicBufferSource(866): requesting color aspects (R:2(Limited), P:1(BT709_5), M:1(BT709_5), T:3(SMPTE170M))
11-08 05:17:08.435: W//system/bin/hw/android.hidl.allocator@1.0-service(760): ashmem_create_region(8) returning hidl_memory(0x76d882c360, 8)
11-08 05:17:08.445: I/chatty(760): uid=1000(system) allocator@1.0-s identical 7 lines
11-08 05:17:08.446: W//system/bin/hw/android.hidl.allocator@1.0-service(760): ashmem_create_region(8) returning hidl_memory(0x76d882c360, 8)
11-08 05:17:08.449: W//system/bin/hw/android.hidl.allocator@1.0-service(760): ashmem_create_region(2764800) returning hidl_memory(0x76d882c360, 2764800)
11-08 05:17:08.450: I/chatty(760): uid=1000(system) allocator@1.0-s identical 2 lines
11-08 05:17:08.451: W//system/bin/hw/android.hidl.allocator@1.0-service(760): ashmem_create_region(2764800) returning hidl_memory(0x76d882c360, 2764800)
11-08 05:17:08.453: D/PermissionCache(605): checking android.permission.ACCESS_SURFACE_FLINGER for uid=2000 => granted (289 us)
11-08 05:17:08.453: D/PermissionCache(605): [ 11-08 05:17:08.456   605:  780 E/         ]
11-08 05:17:08.453: D/PermissionCache(605): HpInterface: Wrong interface type.
11-08 05:17:08.452: W/Binder:605_3(605): type=1400 audit(0.0:44): avc: denied { call } for scontext=u:r:surfaceflinger:s0 tcontext=u:r:mediacodec:s0 tclass=binder permissive=0
11-08 05:17:08.465: I/SurfaceFlinger(605): EGL information:
11-08 05:17:08.465: I/SurfaceFlinger(605): vendor    : Android
11-08 05:17:08.465: I/SurfaceFlinger(605): version   : 1.4 Android META-EGL
11-08 05:17:08.465: I/SurfaceFlinger(605): extensions: EGL_KHR_get_all_proc_addresses EGL_ANDROID_presentation_time EGL_KHR_swap_buffers_with_damage EGL_ANDROID_get_native_client_buffer EGL_ANDROID_front_buffer_auto_refresh EGL_ANDROID_get_frame_timestamps EGL_EXT_gl_colorspace_scrgb EGL_EXT_gl_colorspace_scrgb_linear EGL_EXT_gl_colorspace_display_p3_linear EGL_EXT_gl_colorspace_display_p3 EGL_KHR_image EGL_KHR_image_base EGL_KHR_lock_surface EGL_KHR_gl_colorspace EGL_KHR_gl_texture_2D_image EGL_KHR_gl_texture_3D_image EGL_KHR_gl_texture_cubemap_image EGL_KHR_gl_renderbuffer_image EGL_KHR_reusable_sync EGL_KHR_fence_sync EGL_KHR_create_context EGL_KHR_surfaceless_context EGL_EXT_create_context_robustness EGL_ANDROID_image_native_buffer EGL_KHR_wait_sync EGL_ANDROID_recordable EGL_KHR_partial_update EGL_EXT_pixel_format_float EGL_KHR_create_context_no_error EGL_KHR_mutable_render_buffer EGL_EXT_yuv_surface EGL_EXT_protected_content EGL_IMG_context_priority EGL_KHR_no_config_context 
11-08 05:17:08.465: I/SurfaceFlinger(605): Client API: OpenGL_ES
11-08 05:17:08.465: I/SurfaceFlinger(605): EGLSurface: 8-8-8-8, config=0x78d43bfda0
11-08 05:17:08.466: E/FrameEvents(605): Source mDeltas not empty.
11-08 05:17:08.466: E/FrameEvents(605): Source mDeltas not empty.
11-08 05:17:08.466: W/GraphicBufferSource(866): releasing an unpopulated slot: 0
11-08 05:17:08.466: W/GraphicBufferSource(866): releasing an unpopulated slot: 1
11-08 05:17:08.466: W/GraphicBufferSource(866): releasing an unpopulated slot: 2
11-08 05:17:08.466: W/GraphicBufferSource(866): releasing an unpopulated slot: 3
11-08 05:17:08.466: W/GraphicBufferSource(866): releasing an unpopulated slot: 4
11-08 05:17:08.466: W/GraphicBufferSource(866): releasing an unpopulated slot: 5
11-08 05:17:08.466: W/GraphicBufferSource(866): releasing an unpopulated slot: 6
11-08 05:17:08.466: W/GraphicBufferSource(866): releasing an unpopulated slot: 7
11-08 05:17:08.466: W/GraphicBufferSource(866): releasing an unpopulated slot: 8
11-08 05:17:08.466: W/GraphicBufferSource(866): releasing an unpopulated slot: 9
11-08 05:17:08.466: W/GraphicBufferSource(866): releasing an unpopulated slot: 10
11-08 05:17:08.466: W/GraphicBufferSource(866): releasing an unpopulated slot: 11
11-08 05:17:08.466: W/GraphicBufferSource(866): releasing an unpopulated slot: 12
11-08 05:17:08.466: W/GraphicBufferSource(866): releasing an unpopulated slot: 13
11-08 05:17:08.466: W/GraphicBufferSource(866): releasing an unpopulated slot: 14
11-08 05:17:08.467: W/GraphicBufferSource(866): releasing an unpopulated slot: 15
11-08 05:17:08.467: W/GraphicBufferSource(866): releasing an unpopulated slot: 16
11-08 05:17:08.467: W/GraphicBufferSource(866): releasing an unpopulated slot: 17
11-08 05:17:08.467: W/GraphicBufferSource(866): releasing an unpopulated slot: 18
11-08 05:17:08.467: W/GraphicBufferSource(866): releasing an unpopulated slot: 19
11-08 05:17:08.467: W/GraphicBufferSource(866): releasing an unpopulated slot: 20
11-08 05:17:08.467: W/GraphicBufferSource(866): releasing an unpopulated slot: 21
11-08 05:17:08.467: W/GraphicBufferSource(866): releasing an unpopulated slot: 22
11-08 05:17:08.467: W/GraphicBufferSource(866): releasing an unpopulated slot: 23
11-08 05:17:08.467: W/GraphicBufferSource(866): releasing an unpopulated slot: 24
11-08 05:17:08.467: W/GraphicBufferSource(866): releasing an unpopulated slot: 25
11-08 05:17:08.467: W/GraphicBufferSource(866): releasing an unpopulated slot: 26
11-08 05:17:08.467: W/GraphicBufferSource(866): releasing an unpopulated slot: 27
11-08 05:17:08.467: W/GraphicBufferSource(866): releasing an unpopulated slot: 28
11-08 05:17:08.467: W/GraphicBufferSource(866): releasing an unpopulated slot: 29
11-08 05:17:08.467: W/GraphicBufferSource(866): releasing an unpopulated slot: 30
11-08 05:17:08.467: W/GraphicBufferSource(866): releasing an unpopulated slot: 31
11-08 05:17:08.467: W/GraphicBufferSource(866): releasing an unpopulated slot: 32
11-08 05:17:08.467: W/GraphicBufferSource(866): releasing an unpopulated slot: 33
11-08 05:17:08.467: W/GraphicBufferSource(866): releasing an unpopulated slot: 34
11-08 05:17:08.467: W/GraphicBufferSource(866): releasing an unpopulated slot: 35
11-08 05:17:08.467: W/GraphicBufferSource(866): releasing an unpopulated slot: 36
11-08 05:17:08.467: W/GraphicBufferSource(866): releasing an unpopulated slot: 37
11-08 05:17:08.467: W/GraphicBufferSource(866): releasing an unpopulated slot: 38
11-08 05:17:08.467: W/GraphicBufferSource(866): releasing an unpopulated slot: 39
11-08 05:17:08.467: W/GraphicBufferSource(866): releasing an unpopulated slot: 40
11-08 05:17:08.467: W/GraphicBufferSource(866): releasing an unpopulated slot: 41
11-08 05:17:08.467: W/GraphicBufferSource(866): releasing an unpopulated slot: 42
11-08 05:17:08.467: W/GraphicBufferSource(866): releasing an unpopulated slot: 43
11-08 05:17:08.467: W/GraphicBufferSource(866): releasing an unpopulated slot: 44
11-08 05:17:08.467: W/GraphicBufferSource(866): releasing an unpopulated slot: 45
11-08 05:17:08.467: W/GraphicBufferSource(866): releasing an unpopulated slot: 46
11-08 05:17:08.467: W/GraphicBufferSource(866): releasing an unpopulated slot: 47
11-08 05:17:08.467: W/GraphicBufferSource(866): releasing an unpopulated slot: 48
11-08 05:17:08.467: W/GraphicBufferSource(866): releasing an unpopulated slot: 49
11-08 05:17:08.467: W/GraphicBufferSource(866): releasing an unpopulated slot: 50
11-08 05:17:08.467: W/GraphicBufferSource(866): releasing an unpopulated slot: 51
11-08 05:17:08.467: W/GraphicBufferSource(866): releasing an unpopulated slot: 52
11-08 05:17:08.467: W/GraphicBufferSource(866): releasing an unpopulated slot: 53
11-08 05:17:08.467: W/GraphicBufferSource(866): releasing an unpopulated slot: 54
11-08 05:17:08.467: W/GraphicBufferSource(866): releasing an unpopulated slot: 55
11-08 05:17:08.467: W/GraphicBufferSource(866): releasing an unpopulated slot: 56
11-08 05:17:08.467: W/GraphicBufferSource(866): releasing an unpopulated slot: 57
11-08 05:17:08.467: W/GraphicBufferSource(866): releasing an unpopulated slot: 58
11-08 05:17:08.467: W/GraphicBufferSource(866): releasing an unpopulated slot: 59
11-08 05:17:08.467: W/GraphicBufferSource(866): releasing an unpopulated slot: 60
11-08 05:17:08.467: W/GraphicBufferSource(866): releasing an unpopulated slot: 61
11-08 05:17:08.467: W/GraphicBufferSource(866): releasing an unpopulated slot: 62
11-08 05:17:08.467: W/GraphicBufferSource(866): releasing an unpopulated slot: 63
11-08 05:17:08.470: I/videocat(24352): Encoding 720x1280 video/avc at 1048576 bits per second
11-08 05:17:08.474: I/vndksupport(866): sphal namespace is not configured for this process. Loading /vendor/lib/hw/android.hardware.graphics.mapper@2.0-impl.so from the current namespace instead.
11-08 05:17:08.476: I/vndksupport(866): sphal namespace is not configured for this process. Loading /vendor/lib/hw/gralloc.msm8998.so from the current namespace instead.
11-08 05:17:08.483: I/vndksupport(24352): sphal namespace is not configured for this process. Loading /vendor/lib/hw/android.hardware.graphics.mapper@2.0-impl.so from the current namespace instead.
11-08 05:17:08.484: I/vndksupport(24352): sphal namespace is not configured for this process. Loading /vendor/lib/hw/gralloc.msm8998.so from the current namespace instead.
11-08 05:17:08.495: D/GraphicBufferSource(866): got buffer with new dataSpace #104
11-08 05:17:08.495: D/OMXNodeInstance(866): Codec resolved it to (R:2(??), P:3(??), M:3(??), T:3(??)) err=0(NO_ERROR)
11-08 05:17:08.495: E/OMXNodeInstance(866): setConfig(0xf34d0584:qcom.encoder.avc, ??(0x7f000062)) ERROR: UnsupportedSetting(0x80001019)
11-08 05:17:08.495: I/OMX-VENC(866): open Color conv forW: 720, H: 1280
11-08 05:17:08.495: D/ACodec(24352): dataspace changed to 0x10c10000 (R:2(Limited), P:3(BT601_6_625), M:3(BT601_6), T:3(SMPTE170M)) (R:2(Limited), S:1(BT709), T:3(SMPTE_170M))
11-08 05:17:09.181: D/AndroidRuntime(24406): >>>>>> START com.android.internal.os.RuntimeInit uid 2000 <<<<<<
11-08 05:17:09.263: D/AndroidRuntime(24406): Calling main entry com.android.commands.am.Am
11-08 05:17:09.269: I/ActivityManager(1174): Force stopping com.example.concurrencyeval appid=10136 user=0: start instr
11-08 05:17:09.278: I/ActivityManager(1174): Start proc 24420:com.example.concurrencyeval/u0a136 for added application com.example.concurrencyeval
11-08 05:17:09.282: I/zygote64(24420): Late-enabling -Xcheck:jni
11-08 05:17:09.299: I/ActivityManager(1174): Start proc 24432:com.google.android.contacts/u0a42 for service com.google.android.contacts/com.android.contacts.ContactsJobService
11-08 05:17:09.326: W/System(24420): ClassLoader referenced unknown path: 
11-08 05:17:09.342: I/GoogleContactsApp(24432): GoogleContactsApplication.onCreate
11-08 05:17:09.344: W/zygote64(24432): Class com.google.android.gms.analytics.a failed lock verification and will run slower.
11-08 05:17:09.344: W/zygote64(24432): Common causes for lock verification issues are non-optimized dex code
11-08 05:17:09.344: W/zygote64(24432): and incorrect proguard optimizations.
11-08 05:17:09.345: W/zygote64(24432): Class com.google.android.gms.analytics.internal.b failed lock verification and will run slower.
11-08 05:17:09.346: W/zygote64(24432): Class com.google.android.gms.analytics.internal.g failed lock verification and will run slower.
11-08 05:17:09.347: I/GAv4(24432): Google Analytics 10.0.84 is starting up. To enable debug logging on a device run:
11-08 05:17:09.347: I/GAv4(24432):   adb shell setprop log.tag.GAv4 DEBUG
11-08 05:17:09.347: I/GAv4(24432):   adb logcat -s GAv4
11-08 05:17:09.353: W/Binder(1174): Outgoing transactions from this process must be FLAG_ONEWAY
11-08 05:17:09.353: W/Binder(1174): java.lang.Throwable
11-08 05:17:09.353: W/Binder(1174): 	at android.os.BinderProxy.transact(Binder.java:736)
11-08 05:17:09.353: W/Binder(1174): 	at android.content.ContentProviderProxy.getType(ContentProviderNative.java:451)
11-08 05:17:09.353: W/Binder(1174): 	at com.android.server.am.ActivityManagerService.getProviderMimeType(ActivityManagerService.java:12171)
11-08 05:17:09.353: W/Binder(1174): 	at android.app.IActivityManager$Stub.onTransact(IActivityManager.java:1799)
11-08 05:17:09.353: W/Binder(1174): 	at com.android.server.am.ActivityManagerService.onTransact(ActivityManagerService.java:2919)
11-08 05:17:09.353: W/Binder(1174): 	at android.os.Binder.execTransact(Binder.java:674)
11-08 05:17:09.362: W/zygote64(24432): Class com.google.android.gms.analytics.internal.E failed lock verification and will run slower.
11-08 05:17:09.363: W/zygote64(24432): Class com.google.android.gms.analytics.k failed lock verification and will run slower.
11-08 05:17:09.366: W/GAv4(24432): AnalyticsReceiver is not registered or is disabled. Register the receiver for reliable dispatching on non-Google Play devices. See http://goo.gl/8Rd3yj for instructions.
11-08 05:17:09.367: W/zygote64(24432): Class android.support.v4.a.b failed lock verification and will run slower.
11-08 05:17:09.368: I/FirebaseInitProvider(24420): FirebaseApp initialization successful
11-08 05:17:09.369: W/GAv4(24432): CampaignTrackingReceiver is not registered, not exported or is disabled. Installation campaign tracking is not possible. See http://goo.gl/8Rd3yj for instructions.
11-08 05:17:09.372: W/zygote64(24432): Class com.google.android.gms.internal.bU failed lock verification and will run slower.
11-08 05:17:09.372: W/GAv4(24432): AnalyticsService not registered in the app manifest. Hits might not be delivered reliably. See http://goo.gl/8Rd3yj for instructions.
11-08 05:17:09.374: W/zygote64(24432): Class com.google.android.gms.common.p failed lock verification and will run slower.
11-08 05:17:09.375: I/MonitoringInstr(24420): Instrumentation started!
11-08 05:17:09.382: I/MonitoringInstr(24420): Setting context classloader to 'dalvik.system.PathClassLoader[DexPathList[[zip file "/system/framework/android.test.runner.jar", zip file "/data/app/com.example.concurrencyeval.test-ZO2LM-E_PzB-u0RRoJlMxA==/base.apk", zip file "/data/app/com.example.concurrencyeval-JathjvIUy8r8mw-YSLvY2A==/base.apk"],nativeLibraryDirectories=[/data/app/com.example.concurrencyeval.test-ZO2LM-E_PzB-u0RRoJlMxA==/lib/arm64, /data/app/com.example.concurrencyeval-JathjvIUy8r8mw-YSLvY2A==/lib/arm64, /system/lib64, /vendor/lib64]]]', Original: 'dalvik.system.PathClassLoader[DexPathList[[zip file "/system/framework/android.test.runner.jar", zip file "/data/app/com.example.concurrencyeval.test-ZO2LM-E_PzB-u0RRoJlMxA==/base.apk", zip file "/data/app/com.example.concurrencyeval-JathjvIUy8r8mw-YSLvY2A==/base.apk"],nativeLibraryDirectories=[/data/app/com.example.concurrencyeval.test-ZO2LM-E_PzB-u0RRoJlMxA==/lib/arm64, /data/app/com.example.concurrencyeval-JathjvIUy8r8mw-YSLvY2A==/lib/arm64, /system/lib64, /vendor/lib64]]]'
11-08 05:17:09.385: I/MonitoringInstr(24420): No JSBridge.
11-08 05:17:09.387: I/MonitoringInstr(24420): Setting context classloader to 'dalvik.system.PathClassLoader[DexPathList[[zip file "/system/framework/android.test.runner.jar", zip file "/data/app/com.example.concurrencyeval.test-ZO2LM-E_PzB-u0RRoJlMxA==/base.apk", zip file "/data/app/com.example.concurrencyeval-JathjvIUy8r8mw-YSLvY2A==/base.apk"],nativeLibraryDirectories=[/data/app/com.example.concurrencyeval.test-ZO2LM-E_PzB-u0RRoJlMxA==/lib/arm64, /data/app/com.example.concurrencyeval-JathjvIUy8r8mw-YSLvY2A==/lib/arm64, /system/lib64, /vendor/lib64]]]', Original: 'dalvik.system.PathClassLoader[DexPathList[[zip file "/system/framework/android.test.runner.jar", zip file "/data/app/com.example.concurrencyeval.test-ZO2LM-E_PzB-u0RRoJlMxA==/base.apk", zip file "/data/app/com.example.concurrencyeval-JathjvIUy8r8mw-YSLvY2A==/base.apk"],nativeLibraryDirectories=[/data/app/com.example.concurrencyeval.test-ZO2LM-E_PzB-u0RRoJlMxA==/lib/arm64, /data/app/com.example.concurrencyeval-JathjvIUy8r8mw-YSLvY2A==/lib/arm64, /system/lib64, /vendor/lib64]]]'
11-08 05:17:09.398: I/UsageTrackerFacilitator(24420): Usage tracking enabled
11-08 05:17:09.410: I/FA(24420): App measurement is starting up, version: 18202
11-08 05:17:09.410: I/FA(24420): To enable debug logging run: adb shell setprop log.tag.FA VERBOSE
11-08 05:17:09.410: I/FA(24420): Faster debug mode event logging enabled. To disable, run:
11-08 05:17:09.410: I/FA(24420):   adb shell setprop debug.firebase.analytics.app .none.
11-08 05:17:09.413: D/TestExecutor(24420): Adding listener androidx.test.internal.runner.listener.LogRunListener
11-08 05:17:09.413: D/TestExecutor(24420): Adding listener androidx.test.internal.runner.listener.InstrumentationResultPrinter
11-08 05:17:09.413: D/TestExecutor(24420): Adding listener androidx.test.internal.runner.listener.ActivityFinisherRunListener
11-08 05:17:09.415: I/TestRunner(24420): run started: 1 tests
11-08 05:17:09.419: I/TestRunner(24420): started: runTest(com.example.concurrencyeval.FinalSumTest)
11-08 05:17:09.421: I/MonitoringInstr(24420): Activities that are still in CREATED to STOPPED: 0
11-08 05:17:09.424: I/ActivityManager(1174): Killing 11802:com.google.android.partnersetup/u0a43 (adj 906): empty #17
11-08 05:17:09.424: I/ActivityManager(1174): START u0 {flg=0x14000000 cmp=com.example.concurrencyeval/.activities.ConcSumActivity (has extras)} from uid 10136
11-08 05:17:09.424: W/zygote64(1174): kill(-11802, 9) failed: No such process
11-08 05:17:09.427: D/QCOM PowerHAL(779): LAUNCH HINT: ON
11-08 05:17:09.428: D/QCOM PowerHAL(779): Activity launch hint handled
11-08 05:17:09.434: D/libEGL(24420): loaded /vendor/lib64/egl/libEGL_adreno.so
11-08 05:17:09.459: D/LifecycleMonitor(24420): Lifecycle status change: com.example.concurrencyeval.activities.ConcSumActivity@32bd19f in: PRE_ON_CREATE
11-08 05:17:09.464: D/libEGL(24420): loaded /vendor/lib64/egl/libGLESv1_CM_adreno.so
11-08 05:17:09.470: W/zygote64(1174): kill(-11802, 9) failed: No such process
11-08 05:17:09.470: I/zygote64(1174): Successfully killed process cgroup uid 10043 pid 11802 in 46ms
11-08 05:17:09.487: D/libEGL(24420): loaded /vendor/lib64/egl/libGLESv2_adreno.so
11-08 05:17:09.501: I/zygote64(24420): Rejecting re-init on previously-failed class java.lang.Class<androidx.core.view.ViewCompat$2>: java.lang.NoClassDefFoundError: Failed resolution of: Landroid/view/View$OnUnhandledKeyEventListener;
11-08 05:17:09.501: I/zygote64(24420):   at void androidx.core.view.ViewCompat.setBackground(android.view.View, android.graphics.drawable.Drawable) (ViewCompat.java:2559)
11-08 05:17:09.501: I/zygote64(24420):   at void androidx.appcompat.widget.ActionBarContainer.<init>(android.content.Context, android.util.AttributeSet) (ActionBarContainer.java:63)
11-08 05:17:09.501: I/zygote64(24420):   at java.lang.Object java.lang.reflect.Constructor.newInstance0(java.lang.Object[]) (Constructor.java:-2)
11-08 05:17:09.501: I/zygote64(24420):   at java.lang.Object java.lang.reflect.Constructor.newInstance(java.lang.Object[]) (Constructor.java:334)
11-08 05:17:09.501: I/zygote64(24420):   at android.view.View android.view.LayoutInflater.createView(java.lang.String, java.lang.String, android.util.AttributeSet) (LayoutInflater.java:647)
11-08 05:17:09.501: I/zygote64(24420):   at android.view.View android.view.LayoutInflater.createViewFromTag(android.view.View, java.lang.String, android.content.Context, android.util.AttributeSet, boolean) (LayoutInflater.java:790)
11-08 05:17:09.501: I/zygote64(24420):   at android.view.View android.view.LayoutInflater.createViewFromTag(android.view.View, java.lang.String, android.content.Context, android.util.AttributeSet) (LayoutInflater.java:730)
11-08 05:17:09.501: I/zygote64(24420):   at void android.view.LayoutInflater.rInflate(org.xmlpull.v1.XmlPullParser, android.view.View, android.content.Context, android.util.AttributeSet, boolean) (LayoutInflater.java:863)
11-08 05:17:09.501: I/zygote64(24420):   at void android.view.LayoutInflater.rInflateChildren(org.xmlpull.v1.XmlPullParser, android.view.View, android.util.AttributeSet, boolean) (LayoutInflater.java:824)
11-08 05:17:09.501: I/zygote64(24420):   at android.view.View android.view.LayoutInflater.inflate(org.xmlpull.v1.XmlPullParser, android.view.ViewGroup, boolean) (LayoutInflater.java:515)
11-08 05:17:09.501: I/zygote64(24420):   at android.view.View android.view.LayoutInflater.inflate(int, android.view.ViewGroup, boolean) (LayoutInflater.java:423)
11-08 05:17:09.501: I/zygote64(24420):   at android.view.View android.view.LayoutInflater.inflate(int, android.view.ViewGroup) (LayoutInflater.java:374)
11-08 05:17:09.501: I/zygote64(24420):   at android.view.ViewGroup androidx.appcompat.app.AppCompatDelegateImpl.createSubDecor() (AppCompatDelegateImpl.java:749)
11-08 05:17:09.501: I/zygote64(24420):   at void androidx.appcompat.app.AppCompatDelegateImpl.ensureSubDecor() (AppCompatDelegateImpl.java:659)
11-08 05:17:09.501: I/zygote64(24420):   at void androidx.appcompat.app.AppCompatDelegateImpl.setContentView(int) (AppCompatDelegateImpl.java:552)
11-08 05:17:09.501: I/zygote64(24420):   at void androidx.appcompat.app.AppCompatActivity.setContentView(int) (AppCompatActivity.java:161)
11-08 05:17:09.501: I/zygote64(24420):   at void com.example.concurrencyeval.activities.ConcSumActivity.onCreate(android.os.Bundle) (ConcSumActivity.kt:19)
11-08 05:17:09.501: I/zygote64(24420):   at void android.app.Activity.performCreate(android.os.Bundle) (Activity.java:6975)
11-08 05:17:09.501: I/zygote64(24420):   at void android.app.Instrumentation.callActivityOnCreate(android.app.Activity, android.os.Bundle) (Instrumentation.java:1213)
11-08 05:17:09.501: I/zygote64(24420):   at void androidx.test.runner.MonitoringInstrumentation.callActivityOnCreate(android.app.Activity, android.os.Bundle) (MonitoringInstrumentation.java:702)
11-08 05:17:09.501: I/zygote64(24420):   at android.app.Activity android.app.ActivityThread.performLaunchActivity(android.app.ActivityThread$ActivityClientRecord, android.content.Intent) (ActivityThread.java:2779)
11-08 05:17:09.501: I/zygote64(24420):   at void android.app.ActivityThread.handleLaunchActivity(android.app.ActivityThread$ActivityClientRecord, android.content.Intent, java.lang.String) (ActivityThread.java:2904)
11-08 05:17:09.501: I/zygote64(24420):   at void android.app.ActivityThread.-wrap11(android.app.ActivityThread, android.app.ActivityThread$ActivityClientRecord, android.content.Intent, java.lang.String) (ActivityThread.java:-1)
11-08 05:17:09.501: I/zygote64(24420):   at void android.app.ActivityThread$H.handleMessage(android.os.Message) (ActivityThread.java:1596)
11-08 05:17:09.501: I/zygote64(24420):   at void android.os.Handler.dispatchMessage(android.os.Message) (Handler.java:105)
11-08 05:17:09.501: I/zygote64(24420):   at void android.os.Looper.loop() (Looper.java:164)
11-08 05:17:09.501: I/zygote64(24420):   at void android.app.ActivityThread.main(java.lang.String[]) (ActivityThread.java:6600)
11-08 05:17:09.501: I/zygote64(24420):   at java.lang.Object java.lang.reflect.Method.invoke(java.lang.Object, java.lang.Object[]) (Method.java:-2)
11-08 05:17:09.501: I/zygote64(24420):   at void com.android.internal.os.Zygote$MethodAndArgsCaller.run() (Zygote.java:240)
11-08 05:17:09.501: I/zygote64(24420):   at void com.android.internal.os.ZygoteInit.main(java.lang.String[]) (ZygoteInit.java:772)
11-08 05:17:09.501: I/zygote64(24420): Caused by: java.lang.ClassNotFoundException: Didn't find class "android.view.View$OnUnhandledKeyEventListener" on path: DexPathList[[zip file "/system/framework/android.test.runner.jar", zip file "/data/app/com.example.concurrencyeval.test-ZO2LM-E_PzB-u0RRoJlMxA==/base.apk", zip file "/data/app/com.example.concurrencyeval-JathjvIUy8r8mw-YSLvY2A==/base.apk"],nativeLibraryDirectories=[/data/app/com.example.concurrencyeval.test-ZO2LM-E_PzB-u0RRoJlMxA==/lib/arm64, /data/app/com.example.concurrencyeval-JathjvIUy8r8mw-YSLvY2A==/lib/arm64, /system/lib64, /vendor/lib64]]
11-08 05:17:09.501: I/zygote64(24420):   at java.lang.Class dalvik.system.BaseDexClassLoader.findClass(java.lang.String) (BaseDexClassLoader.java:93)
11-08 05:17:09.501: I/zygote64(24420):   at java.lang.Class java.lang.ClassLoader.loadClass(java.lang.String, boolean) (ClassLoader.java:379)
11-08 05:17:09.501: I/zygote64(24420):   at java.lang.Class java.lang.ClassLoader.loadClass(java.lang.String) (ClassLoader.java:312)
11-08 05:17:09.501: I/zygote64(24420):   at void androidx.core.view.ViewCompat.setBackground(android.view.View, android.graphics.drawable.Drawable) (ViewCompat.java:2559)
11-08 05:17:09.501: I/zygote64(24420):   at void androidx.appcompat.widget.ActionBarContainer.<init>(android.content.Context, android.util.AttributeSet) (ActionBarContainer.java:63)
11-08 05:17:09.501: I/zygote64(24420):   at java.lang.Object java.lang.reflect.Constructor.newInstance0(java.lang.Object[]) (Constructor.java:-2)
11-08 05:17:09.501: I/zygote64(24420):   at java.lang.Object java.lang.reflect.Constructor.newInstance(java.lang.Object[]) (Constructor.java:334)
11-08 05:17:09.501: I/zygote64(24420):   at android.view.View android.view.LayoutInflater.createView(java.lang.String, java.lang.String, android.util.AttributeSet) (LayoutInflater.java:647)
11-08 05:17:09.501: I/zygote64(24420):   at android.view.View android.view.LayoutInflater.createViewFromTag(android.view.View, java.lang.String, android.content.Context, android.util.AttributeSet, boolean) (LayoutInflater.java:790)
11-08 05:17:09.501: I/zygote64(24420):   at android.view.View android.view.LayoutInflater.createViewFromTag(android.view.View, java.lang.String, android.content.Context, android.util.AttributeSet) (LayoutInflater.java:730)
11-08 05:17:09.501: I/zygote64(24420):   at void android.view.LayoutInflater.rInflate(org.xmlpull.v1.XmlPullParser, android.view.View, android.content.Context, android.util.AttributeSet, boolean) (LayoutInflater.java:863)
11-08 05:17:09.501: I/zygote64(24420):   at void android.view.LayoutInflater.rInflateChildren(org.xmlpull.v1.XmlPullParser, android.view.View, android.util.AttributeSet, boolean) (LayoutInflater.java:824)
11-08 05:17:09.501: I/zygote64(24420):   at android.view.View android.view.LayoutInflater.inflate(org.xmlpull.v1.XmlPullParser, android.view.ViewGroup, boolean) (LayoutInflater.java:515)
11-08 05:17:09.501: I/zygote64(24420):   at android.view.View android.view.LayoutInflater.inflate(int, android.view.ViewGroup, boolean) (LayoutInflater.java:423)
11-08 05:17:09.501: I/zygote64(24420):   at android.view.View android.view.LayoutInflater.inflate(int, android.view.ViewGroup) (LayoutInflater.java:374)
11-08 05:17:09.501: I/zygote64(24420):   at android.view.ViewGroup androidx.appcompat.app.AppCompatDelegateImpl.createSubDecor() (AppCompatDelegateImpl.java:749)
11-08 05:17:09.501: I/zygote64(24420):   at void androidx.appcompat.app.AppCompatDelegateImpl.ensureSubDecor() (AppCompatDelegateImpl.java:659)
11-08 05:17:09.501: I/zygote64(24420):   at void androidx.appcompat.app.AppCompatDelegateImpl.setContentView(int) (AppCompatDelegateImpl.java:552)
11-08 05:17:09.501: I/zygote64(24420):   at void androidx.appcompat.app.AppCompatActivity.setContentView(int) (AppCompatActivity.java:161)
11-08 05:17:09.501: I/zygote64(24420):   at void com.example.concurrencyeval.activities.ConcSumActivity.onCreate(android.os.Bundle) (ConcSumActivity.kt:19)
11-08 05:17:09.501: I/zygote64(24420):   at void android.app.Activity.performCreate(android.os.Bundle) (Activity.java:6975)
11-08 05:17:09.501: I/zygote64(24420):   at void android.app.Instrumentation.callActivityOnCreate(android.app.Activity, android.os.Bundle) (Instrumentation.java:1213)
11-08 05:17:09.501: I/zygote64(24420):   at void androidx.test.runner.MonitoringInstrumentation.callActivityOnCreate(android.app.Activity, android.os.Bundle) (MonitoringInstrumentation.java:702)
11-08 05:17:09.501: I/zygote64(24420):   at android.app.Activity android.app.ActivityThread.performLaunchActivity(android.app.ActivityThread$ActivityClientRecord, android.content.Intent) (ActivityThread.java:2779)
11-08 05:17:09.501: I/zygote64(24420):   at void android.app.ActivityThread.handleLaunchActivity(android.app.ActivityThread$ActivityClientRecord, android.content.Intent, java.lang.String) (ActivityThread.java:2904)
11-08 05:17:09.501: I/zygote64(24420):   at void android.app.ActivityThread.-wrap11(android.app.ActivityThread, android.app.ActivityThread$ActivityClientRecord, android.content.Intent, java.lang.String) (ActivityThread.java:-1)
11-08 05:17:09.501: I/zygote64(24420):   at void android.app.ActivityThread$H.handleMessage(android.os.Message) (ActivityThread.java:1596)
11-08 05:17:09.501: I/zygote64(24420):   at void android.os.Handler.dispatchMessage(android.os.Message) (Handler.java:105)
11-08 05:17:09.501: I/zygote64(24420):   at void android.os.Looper.loop() (Looper.java:164)
11-08 05:17:09.501: I/zygote64(24420):   at void android.app.ActivityThread.main(java.lang.String[]) (ActivityThread.java:6600)
11-08 05:17:09.501: I/zygote64(24420):   at java.lang.Object java.lang.reflect.Method.invoke(java.lang.Object, java.lang.Object[]) (Method.java:-2)
11-08 05:17:09.501: I/zygote64(24420):   at void com.android.internal.os.Zygote$MethodAndArgsCaller.run() (Zygote.java:240)
11-08 05:17:09.501: I/zygote64(24420):   at void com.android.internal.os.ZygoteInit.main(java.lang.String[]) (ZygoteInit.java:772)
11-08 05:17:09.502: I/zygote64(24420): Rejecting re-init on previously-failed class java.lang.Class<androidx.core.view.ViewCompat$2>: java.lang.NoClassDefFoundError: Failed resolution of: Landroid/view/View$OnUnhandledKeyEventListener;
11-08 05:17:09.502: I/zygote64(24420):   at void androidx.core.view.ViewCompat.setBackground(android.view.View, android.graphics.drawable.Drawable) (ViewCompat.java:2559)
11-08 05:17:09.502: I/zygote64(24420):   at void androidx.appcompat.widget.ActionBarContainer.<init>(android.content.Context, android.util.AttributeSet) (ActionBarContainer.java:63)
11-08 05:17:09.502: I/zygote64(24420):   at java.lang.Object java.lang.reflect.Constructor.newInstance0(java.lang.Object[]) (Constructor.java:-2)
11-08 05:17:09.502: I/zygote64(24420):   at java.lang.Object java.lang.reflect.Constructor.newInstance(java.lang.Object[]) (Constructor.java:334)
11-08 05:17:09.502: I/zygote64(24420):   at android.view.View android.view.LayoutInflater.createView(java.lang.String, java.lang.String, android.util.AttributeSet) (LayoutInflater.java:647)
11-08 05:17:09.502: I/zygote64(24420):   at android.view.View android.view.LayoutInflater.createViewFromTag(android.view.View, java.lang.String, android.content.Context, android.util.AttributeSet, boolean) (LayoutInflater.java:790)
11-08 05:17:09.502: I/zygote64(24420):   at android.view.View android.view.LayoutInflater.createViewFromTag(android.view.View, java.lang.String, android.content.Context, android.util.AttributeSet) (LayoutInflater.java:730)
11-08 05:17:09.502: I/zygote64(24420):   at void android.view.LayoutInflater.rInflate(org.xmlpull.v1.XmlPullParser, android.view.View, android.content.Context, android.util.AttributeSet, boolean) (LayoutInflater.java:863)
11-08 05:17:09.502: I/zygote64(24420):   at void android.view.LayoutInflater.rInflateChildren(org.xmlpull.v1.XmlPullParser, android.view.View, android.util.AttributeSet, boolean) (LayoutInflater.java:824)
11-08 05:17:09.502: I/zygote64(24420):   at android.view.View android.view.LayoutInflater.inflate(org.xmlpull.v1.XmlPullParser, android.view.ViewGroup, boolean) (LayoutInflater.java:515)
11-08 05:17:09.502: I/zygote64(24420):   at android.view.View android.view.LayoutInflater.inflate(int, android.view.ViewGroup, boolean) (LayoutInflater.java:423)
