11-09 08:14:11.095: I/ViewInteraction(8679): Performing 'close keyboard' action on view is a root view.
11-09 08:14:11.404: I/ViewInteraction(8679): Performing 'single click' action on view with id: com.example.concurrencyeval:id/mm_run_button
11-09 08:14:11.464: D/audio_hw_primary(376): out_set_parameters: enter: usecase(1: low-latency-playback) kvpairs: routing=131072
11-09 08:14:11.856: I/ViewInteraction(8679): Performing 'single click' action on view with id: com.example.concurrencyeval:id/mm_run_button
11-09 08:14:11.908: D/audio_hw_primary(376): out_set_parameters: enter: usecase(1: low-latency-playback) kvpairs: routing=131072
11-09 08:14:11.950: D/AudioFlinger(376): mixer(0xb3d80000) throttle end: throttle time(7)
11-09 08:14:12.292: I/ViewInteraction(8679): Performing 'single click' action on view with id: com.example.concurrencyeval:id/mm_run_button
11-09 08:14:12.352: D/audio_hw_primary(376): out_set_parameters: enter: usecase(1: low-latency-playback) kvpairs: routing=131072
11-09 08:14:12.730: I/ViewInteraction(8679): Performing 'single click' action on view with id: com.example.concurrencyeval:id/mm_run_button
11-09 08:14:12.796: D/audio_hw_primary(376): out_set_parameters: enter: usecase(1: low-latency-playback) kvpairs: routing=131072
11-09 08:14:12.838: D/AudioFlinger(376): mixer(0xb3d80000) throttle end: throttle time(7)
11-09 08:14:13.167: I/ViewInteraction(8679): Performing 'replace text()' action on view with id: com.example.concurrencyeval:id/mm_et_tasks
11-09 08:14:13.193: I/ViewInteraction(8679): Performing 'type text(64)' action on view with id: com.example.concurrencyeval:id/mm_et_tasks
11-09 08:14:13.238: I/Keyboard.Facilitator(1659): onStartInput()
11-09 08:14:13.243: I/LatinIME(1659): Starting input. Cursor position = 1,1
11-09 08:14:13.272: I/Keyboard.Facilitator(1659): resetDictionaries() : no-op
11-09 08:14:13.272: I/StatsUtilsManager(1659): onLoadSettings()
11-09 08:14:13.467: D/UiControllerImpl(8679): Injecting string: "64"
11-09 08:14:13.492: D/EmojiAltPhysicalKeyDetector(1659): onKeyUp() : KeyEvent { action=ACTION_UP, keyCode=KEYCODE_6, scanCode=0, metaState=0, flags=0x8, repeatCount=0, eventTime=42499553, downTime=42499529, deviceId=-1, source=0x101 }
11-09 08:14:13.492: D/EmojiAltPhysicalKeyDetector(1659): onKeyUp() : Not Mapped: 13
11-09 08:14:13.513: D/EmojiAltPhysicalKeyDetector(1659): onKeyUp() : KeyEvent { action=ACTION_UP, keyCode=KEYCODE_4, scanCode=0, metaState=0, flags=0x8, repeatCount=0, eventTime=42499574, downTime=42499529, deviceId=-1, source=0x101 }
11-09 08:14:13.513: D/EmojiAltPhysicalKeyDetector(1659): onKeyUp() : Not Mapped: 11
11-09 08:14:13.518: I/ViewInteraction(8679): Performing 'single click' action on view with id: com.example.concurrencyeval:id/mm_et_tasks
11-09 08:14:13.780: I/ViewInteraction(8679): Performing 'close keyboard' action on view is a root view.
11-09 08:14:14.087: I/ViewInteraction(8679): Performing 'single click' action on view with id: com.example.concurrencyeval:id/mm_run_button
11-09 08:14:14.140: D/audio_hw_primary(376): out_set_parameters: enter: usecase(1: low-latency-playback) kvpairs: routing=131072
11-09 08:14:14.182: D/AudioFlinger(376): mixer(0xb3d80000) throttle end: throttle time(7)
11-09 08:14:14.582: I/ViewInteraction(8679): Performing 'single click' action on view with id: com.example.concurrencyeval:id/mm_run_button
11-09 08:14:14.644: D/audio_hw_primary(376): out_set_parameters: enter: usecase(1: low-latency-playback) kvpairs: routing=131072
11-09 08:14:14.686: D/AudioFlinger(376): mixer(0xb3d80000) throttle end: throttle time(7)
11-09 08:14:15.069: I/ViewInteraction(8679): Performing 'single click' action on view with id: com.example.concurrencyeval:id/mm_run_button
11-09 08:14:15.124: D/audio_hw_primary(376): out_set_parameters: enter: usecase(1: low-latency-playback) kvpairs: routing=131072
11-09 08:14:15.166: D/AudioFlinger(376): mixer(0xb3d80000) throttle end: throttle time(7)
11-09 08:14:15.523: I/ViewInteraction(8679): Performing 'single click' action on view with id: com.example.concurrencyeval:id/mm_run_button
11-09 08:14:15.580: D/audio_hw_primary(376): out_set_parameters: enter: usecase(1: low-latency-playback) kvpairs: routing=131072
11-09 08:14:15.622: D/AudioFlinger(376): mixer(0xb3d80000) throttle end: throttle time(7)
11-09 08:14:16.016: I/ViewInteraction(8679): Performing 'replace text()' action on view with id: com.example.concurrencyeval:id/mm_et_size
11-09 08:14:16.037: I/ViewInteraction(8679): Performing 'type text(256)' action on view with id: com.example.concurrencyeval:id/mm_et_size
11-09 08:14:16.086: I/Keyboard.Facilitator(1659): onFinishInput()
11-09 08:14:16.087: I/Keyboard.Facilitator(1659): onStartInput()
11-09 08:14:16.091: I/LatinIME(1659): Starting input. Cursor position = 0,0
11-09 08:14:16.119: I/Keyboard.Facilitator(1659): resetDictionaries() : no-op
11-09 08:14:16.120: I/StatsUtilsManager(1659): onLoadSettings()
11-09 08:14:16.313: D/UiControllerImpl(8679): Injecting string: "256"
11-09 08:14:16.336: D/EmojiAltPhysicalKeyDetector(1659): onKeyUp() : KeyEvent { action=ACTION_UP, keyCode=KEYCODE_2, scanCode=0, metaState=0, flags=0x8, repeatCount=0, eventTime=42502398, downTime=42502375, deviceId=-1, source=0x101 }
11-09 08:14:16.336: D/EmojiAltPhysicalKeyDetector(1659): onKeyUp() : Not Mapped: 9
11-09 08:14:16.354: D/EmojiAltPhysicalKeyDetector(1659): onKeyUp() : KeyEvent { action=ACTION_UP, keyCode=KEYCODE_5, scanCode=0, metaState=0, flags=0x8, repeatCount=0, eventTime=42502416, downTime=42502375, deviceId=-1, source=0x101 }
11-09 08:14:16.354: D/EmojiAltPhysicalKeyDetector(1659): onKeyUp() : Not Mapped: 12
11-09 08:14:16.371: D/EmojiAltPhysicalKeyDetector(1659): onKeyUp() : KeyEvent { action=ACTION_UP, keyCode=KEYCODE_6, scanCode=0, metaState=0, flags=0x8, repeatCount=0, eventTime=42502433, downTime=42502375, deviceId=-1, source=0x101 }
11-09 08:14:16.372: D/EmojiAltPhysicalKeyDetector(1659): onKeyUp() : Not Mapped: 13
11-09 08:14:16.377: I/ViewInteraction(8679): Performing 'single click' action on view with id: com.example.concurrencyeval:id/mm_et_size
11-09 08:14:16.640: I/ViewInteraction(8679): Performing 'replace text()' action on view with id: com.example.concurrencyeval:id/mm_et_tasks
11-09 08:14:16.707: I/ViewInteraction(8679): Performing 'type text(1)' action on view with id: com.example.concurrencyeval:id/mm_et_tasks
11-09 08:14:16.759: I/Keyboard.Facilitator(1659): onFinishInput()
11-09 08:14:16.759: I/Keyboard.Facilitator(1659): onStartInput()
11-09 08:14:16.764: I/LatinIME(1659): Starting input. Cursor position = 0,0
11-09 08:14:16.795: I/Keyboard.Facilitator(1659): resetDictionaries() : no-op
11-09 08:14:16.795: I/StatsUtilsManager(1659): onLoadSettings()
11-09 08:14:16.987: D/UiControllerImpl(8679): Injecting string: "1"
11-09 08:14:17.013: D/EmojiAltPhysicalKeyDetector(1659): onKeyUp() : KeyEvent { action=ACTION_UP, keyCode=KEYCODE_1, scanCode=0, metaState=0, flags=0x8, repeatCount=0, eventTime=42503073, downTime=42503050, deviceId=-1, source=0x101 }
11-09 08:14:17.013: D/EmojiAltPhysicalKeyDetector(1659): onKeyUp() : Not Mapped: 8
11-09 08:14:17.019: I/ViewInteraction(8679): Performing 'single click' action on view with id: com.example.concurrencyeval:id/mm_et_tasks
11-09 08:14:17.283: I/ViewInteraction(8679): Performing 'close keyboard' action on view is a root view.
11-09 08:14:17.590: I/ViewInteraction(8679): Performing 'single click' action on view with id: com.example.concurrencyeval:id/mm_run_button
11-09 08:14:17.644: D/audio_hw_primary(376): out_set_parameters: enter: usecase(1: low-latency-playback) kvpairs: routing=131072
11-09 08:14:17.686: D/AudioFlinger(376): mixer(0xb3d80000) throttle end: throttle time(7)
11-09 08:14:20.022: I/ViewInteraction(8679): Performing 'single click' action on view with id: com.example.concurrencyeval:id/mm_run_button
11-09 08:14:20.080: D/audio_hw_primary(376): out_set_parameters: enter: usecase(1: low-latency-playback) kvpairs: routing=131072
11-09 08:14:22.613: I/ViewInteraction(8679): Performing 'single click' action on view with id: com.example.concurrencyeval:id/mm_run_button
11-09 08:14:22.672: D/audio_hw_primary(376): out_set_parameters: enter: usecase(1: low-latency-playback) kvpairs: routing=131072
11-09 08:14:24.063: D/NetlinkSocketObserver(891): NeighborEvent{elapsedMs=42510126, 10.13.128.1, [001C73000999], RTM_NEWNEIGH, NUD_STALE}
11-09 08:14:25.138: I/ViewInteraction(8679): Performing 'single click' action on view with id: com.example.concurrencyeval:id/mm_run_button
11-09 08:14:25.192: D/audio_hw_primary(376): out_set_parameters: enter: usecase(1: low-latency-playback) kvpairs: routing=131072
11-09 08:14:27.661: D/ConnectivityService(891): updateNetworkScore for NetworkAgentInfo [WIFI () - 101] to 56
11-09 08:14:27.663: I/ViewInteraction(8679): Performing 'replace text()' action on view with id: com.example.concurrencyeval:id/mm_et_tasks
11-09 08:14:27.684: I/ViewInteraction(8679): Performing 'type text(2)' action on view with id: com.example.concurrencyeval:id/mm_et_tasks
11-09 08:14:27.729: I/Keyboard.Facilitator(1659): onStartInput()
11-09 08:14:27.736: I/LatinIME(1659): Starting input. Cursor position = 1,1
11-09 08:14:27.753: I/Keyboard.Facilitator(1659): resetDictionaries() : no-op
11-09 08:14:27.753: I/StatsUtilsManager(1659): onLoadSettings()
11-09 08:14:27.949: D/UiControllerImpl(8679): Injecting string: "2"
11-09 08:14:27.972: D/EmojiAltPhysicalKeyDetector(1659): onKeyUp() : KeyEvent { action=ACTION_UP, keyCode=KEYCODE_2, scanCode=0, metaState=0, flags=0x8, repeatCount=0, eventTime=42514033, downTime=42514011, deviceId=-1, source=0x101 }
11-09 08:14:27.972: D/EmojiAltPhysicalKeyDetector(1659): onKeyUp() : Not Mapped: 9
11-09 08:14:27.975: I/ViewInteraction(8679): Performing 'single click' action on view with id: com.example.concurrencyeval:id/mm_et_tasks
11-09 08:14:28.237: I/ViewInteraction(8679): Performing 'close keyboard' action on view is a root view.
11-09 08:14:28.388: D/audio_hw_primary(376): disable_audio_route: reset and update mixer path: low-latency-playback
11-09 08:14:28.389: D/audio_hw_primary(376): disable_snd_device: snd_device(6: line)
11-09 08:14:28.553: I/ViewInteraction(8679): Performing 'single click' action on view with id: com.example.concurrencyeval:id/mm_run_button
11-09 08:14:28.598: D/audio_hw_primary(376): out_set_parameters: enter: usecase(1: low-latency-playback) kvpairs: routing=131072
11-09 08:14:28.611: D/audio_hw_primary(376): select_devices: out_snd_device(6: line) in_snd_device(0: none)
11-09 08:14:28.611: D/msm8974_platform(376): platform_send_audio_calibration: sending audio calibration for snd_device(6) acdb_id(77)
11-09 08:14:28.611: D/audio_hw_primary(376): enable_snd_device: snd_device(6: line)
11-09 08:14:28.621: D/audio_hw_primary(376): enable_audio_route: apply and update mixer path: low-latency-playback
11-09 08:14:28.697: D/AudioFlinger(376): mixer(0xb3d80000) throttle end: throttle time(12)
11-09 08:14:29.405: I/Vision(8064): Supported ABIS: [armeabi-v7a, armeabi]
11-09 08:14:29.456: I/Vision(8064): Requesting optional module download of ocr.
11-09 08:14:29.471: I/Vision(8064): Checking for download completion for 42575533 -- ocr
11-09 08:14:29.605: I/ModuleSetUtils(8064): Assembling ModuleSetRecord for container:19420+vision.ocr: [zapp:/VisionOcr.optional/19420000300]
11-09 08:14:29.622: I/DynamiteModule(8064): Considering local module com.google.android.gms.cronet_dynamite:0 and remote module com.google.android.gms.cronet_dynamite:1211
11-09 08:14:29.622: I/DynamiteModule(8064): Selected remote version of com.google.android.gms.cronet_dynamite, version >= 1211
11-09 08:14:29.625: W/System(8064): ClassLoader referenced unknown path: /data/data/com.google.android.gms/app_chimera/m/00000001/n/armeabi
11-09 08:14:29.660: I/cr_CronetLibraryLoader(8064): Cronet version: 76.0.3809.111, arch: armv7l
11-09 08:14:29.675: D/ConnectivityService(891): listenForNetwork for Listen from uid/pid:10014/8064 for NetworkRequest [ id=10, legacyType=-1, [ Capabilities: INTERNET&NOT_RESTRICTED&TRUSTED] ]
11-09 08:14:29.684: I/ModuleSetUtils(8064): Assembling ModuleSetRecord for container:19420+vision.ocr: [zapp:/VisionOcr.optional/19420000300]
11-09 08:14:29.729: I/ChmraDebugLogger(8064): [73] 80420700
11-09 08:14:29.732: I/ChmraDebugLogger(8064): [30] VisionOcr.optional:19420000300 permitMetered=true,
11-09 08:14:29.735: W/ChimeraConfigService(8064): Retry attempt was throttled.
11-09 08:14:29.757: I/GmsModuleFndr(8064): Beginning GMS chimera module scan
11-09 08:14:29.757: I/ModuleSetUtils(8064): Assembling ModuleSetRecord for ads_fdr:210015,container:19420+vision.ocr: [zapp:/VisionOcr.optional/19420000300, zapp:/AdsFdrDynamite.integ/21001000000]
11-09 08:14:29.764: I/ModuleSetMgr(8064): Computing pending module set with APKs: {file:///data/app/com.google.android.gms-1/base.apk}
11-09 08:14:29.779: I/ModuleSetUtils(8064): Assembling ModuleSetRecord for container:19420: []
11-09 08:14:29.780: I/ModuleSetMgr(8064): Pending container Zapp APKs: []
11-09 08:14:29.780: I/ModuleSetMgr(8064): Pending non-container Zapp APKs: []
11-09 08:14:29.823: D/WifiStateMachine(891): starting scan for "wl-ftl-mt88-1-5"WPA_PSK with 5580,5180,5785
11-09 08:14:29.829: I/ModuleSetUtils(8064): Assembling ModuleSetRecord for ads_fdr:210015,container:19420+vision.ocr: [zapp:/VisionOcr.optional/19420000300, zapp:/AdsFdrDynamite.integ/21001000000]
11-09 08:14:30.307: I/ViewInteraction(8679): Performing 'single click' action on view with id: com.example.concurrencyeval:id/mm_run_button
11-09 08:14:30.357: D/audio_hw_primary(376): out_set_parameters: enter: usecase(1: low-latency-playback) kvpairs: routing=131072
11-09 08:14:30.401: D/AudioFlinger(376): mixer(0xb3d80000) throttle end: throttle time(4)
11-09 08:14:31.873: I/ViewInteraction(8679): Performing 'single click' action on view with id: com.example.concurrencyeval:id/mm_run_button
11-09 08:14:31.929: D/audio_hw_primary(376): out_set_parameters: enter: usecase(1: low-latency-playback) kvpairs: routing=131072
11-09 08:14:33.489: I/ViewInteraction(8679): Performing 'single click' action on view with id: com.example.concurrencyeval:id/mm_run_button
11-09 08:14:33.548: D/audio_hw_primary(376): out_set_parameters: enter: usecase(1: low-latency-playback) kvpairs: routing=131072
11-09 08:14:33.593: D/AudioFlinger(376): mixer(0xb3d80000) throttle end: throttle time(4)
11-09 08:14:34.972: I/ViewInteraction(8679): Performing 'replace text()' action on view with id: com.example.concurrencyeval:id/mm_et_tasks
11-09 08:14:34.992: I/ViewInteraction(8679): Performing 'type text(8)' action on view with id: com.example.concurrencyeval:id/mm_et_tasks
11-09 08:14:35.037: I/Keyboard.Facilitator(1659): onStartInput()
11-09 08:14:35.044: I/LatinIME(1659): Starting input. Cursor position = 1,1
11-09 08:14:35.059: I/Keyboard.Facilitator(1659): resetDictionaries() : no-op
11-09 08:14:35.060: I/StatsUtilsManager(1659): onLoadSettings()
11-09 08:14:35.257: D/UiControllerImpl(8679): Injecting string: "8"
11-09 08:14:35.281: D/EmojiAltPhysicalKeyDetector(1659): onKeyUp() : KeyEvent { action=ACTION_UP, keyCode=KEYCODE_8, scanCode=0, metaState=0, flags=0x8, repeatCount=0, eventTime=42521342, downTime=42521320, deviceId=-1, source=0x101 }
11-09 08:14:35.281: D/EmojiAltPhysicalKeyDetector(1659): onKeyUp() : Not Mapped: 15
11-09 08:14:35.289: I/ViewInteraction(8679): Performing 'single click' action on view with id: com.example.concurrencyeval:id/mm_et_tasks
11-09 08:14:35.549: I/ViewInteraction(8679): Performing 'close keyboard' action on view is a root view.
11-09 08:14:35.856: I/ViewInteraction(8679): Performing 'single click' action on view with id: com.example.concurrencyeval:id/mm_run_button
11-09 08:14:35.913: D/audio_hw_primary(376): out_set_parameters: enter: usecase(1: low-latency-playback) kvpairs: routing=131072
11-09 08:14:37.007: I/ViewInteraction(8679): Performing 'single click' action on view with id: com.example.concurrencyeval:id/mm_run_button
11-09 08:14:37.065: D/audio_hw_primary(376): out_set_parameters: enter: usecase(1: low-latency-playback) kvpairs: routing=131072
11-09 08:14:38.221: I/ViewInteraction(8679): Performing 'single click' action on view with id: com.example.concurrencyeval:id/mm_run_button
11-09 08:14:38.276: D/audio_hw_primary(376): out_set_parameters: enter: usecase(1: low-latency-playback) kvpairs: routing=131072
11-09 08:14:38.321: D/AudioFlinger(376): mixer(0xb3d80000) throttle end: throttle time(4)
11-09 08:14:39.404: I/ViewInteraction(8679): Performing 'single click' action on view with id: com.example.concurrencyeval:id/mm_run_button
11-09 08:14:39.464: D/audio_hw_primary(376): out_set_parameters: enter: usecase(1: low-latency-playback) kvpairs: routing=131072
11-09 08:14:40.578: I/ViewInteraction(8679): Performing 'replace text()' action on view with id: com.example.concurrencyeval:id/mm_et_tasks
11-09 08:14:40.599: I/ViewInteraction(8679): Performing 'type text(64)' action on view with id: com.example.concurrencyeval:id/mm_et_tasks
11-09 08:14:40.643: I/Keyboard.Facilitator(1659): onStartInput()
11-09 08:14:40.649: I/LatinIME(1659): Starting input. Cursor position = 1,1
11-09 08:14:40.665: I/Keyboard.Facilitator(1659): resetDictionaries() : no-op
11-09 08:14:40.665: I/StatsUtilsManager(1659): onLoadSettings()
11-09 08:14:40.863: D/UiControllerImpl(8679): Injecting string: "64"
11-09 08:14:40.886: D/EmojiAltPhysicalKeyDetector(1659): onKeyUp() : KeyEvent { action=ACTION_UP, keyCode=KEYCODE_6, scanCode=0, metaState=0, flags=0x8, repeatCount=0, eventTime=42526948, downTime=42526926, deviceId=-1, source=0x101 }
11-09 08:14:40.887: D/EmojiAltPhysicalKeyDetector(1659): onKeyUp() : Not Mapped: 13
11-09 08:14:40.906: D/EmojiAltPhysicalKeyDetector(1659): onKeyUp() : KeyEvent { action=ACTION_UP, keyCode=KEYCODE_4, scanCode=0, metaState=0, flags=0x8, repeatCount=0, eventTime=42526967, downTime=42526926, deviceId=-1, source=0x101 }
11-09 08:14:40.906: D/EmojiAltPhysicalKeyDetector(1659): onKeyUp() : Not Mapped: 11
11-09 08:14:40.909: I/ViewInteraction(8679): Performing 'single click' action on view with id: com.example.concurrencyeval:id/mm_et_tasks
11-09 08:14:41.170: I/ViewInteraction(8679): Performing 'close keyboard' action on view is a root view.
11-09 08:14:41.477: I/ViewInteraction(8679): Performing 'single click' action on view with id: com.example.concurrencyeval:id/mm_run_button
11-09 08:14:41.528: D/audio_hw_primary(376): out_set_parameters: enter: usecase(1: low-latency-playback) kvpairs: routing=131072
11-09 08:14:42.581: I/ViewInteraction(8679): Performing 'single click' action on view with id: com.example.concurrencyeval:id/mm_run_button
11-09 08:14:42.632: D/audio_hw_primary(376): out_set_parameters: enter: usecase(1: low-latency-playback) kvpairs: routing=131072
11-09 08:14:43.676: I/ViewInteraction(8679): Performing 'single click' action on view with id: com.example.concurrencyeval:id/mm_run_button
11-09 08:14:43.736: D/audio_hw_primary(376): out_set_parameters: enter: usecase(1: low-latency-playback) kvpairs: routing=131072
11-09 08:14:44.791: I/ViewInteraction(8679): Performing 'single click' action on view with id: com.example.concurrencyeval:id/mm_run_button
11-09 08:14:44.840: D/audio_hw_primary(376): out_set_parameters: enter: usecase(1: low-latency-playback) kvpairs: routing=131072
11-09 08:14:45.882: I/ViewInteraction(8679): Performing 'replace text()' action on view with id: com.example.concurrencyeval:id/mm_et_size
11-09 08:14:45.903: I/ViewInteraction(8679): Performing 'type text(512)' action on view with id: com.example.concurrencyeval:id/mm_et_size
11-09 08:14:45.951: I/Keyboard.Facilitator(1659): onFinishInput()
11-09 08:14:45.953: I/Keyboard.Facilitator(1659): onStartInput()
11-09 08:14:45.960: I/LatinIME(1659): Starting input. Cursor position = 0,0
11-09 08:14:45.988: I/Keyboard.Facilitator(1659): resetDictionaries() : no-op
11-09 08:14:45.989: I/StatsUtilsManager(1659): onLoadSettings()
11-09 08:14:46.182: D/UiControllerImpl(8679): Injecting string: "512"
11-09 08:14:46.208: D/EmojiAltPhysicalKeyDetector(1659): onKeyUp() : KeyEvent { action=ACTION_UP, keyCode=KEYCODE_5, scanCode=0, metaState=0, flags=0x8, repeatCount=0, eventTime=42532269, downTime=42532244, deviceId=-1, source=0x101 }
11-09 08:14:46.208: D/EmojiAltPhysicalKeyDetector(1659): onKeyUp() : Not Mapped: 12
11-09 08:14:46.225: D/EmojiAltPhysicalKeyDetector(1659): onKeyUp() : KeyEvent { action=ACTION_UP, keyCode=KEYCODE_1, scanCode=0, metaState=0, flags=0x8, repeatCount=0, eventTime=42532286, downTime=42532244, deviceId=-1, source=0x101 }
11-09 08:14:46.225: D/EmojiAltPhysicalKeyDetector(1659): onKeyUp() : Not Mapped: 8
11-09 08:14:46.241: D/EmojiAltPhysicalKeyDetector(1659): onKeyUp() : KeyEvent { action=ACTION_UP, keyCode=KEYCODE_2, scanCode=0, metaState=0, flags=0x8, repeatCount=0, eventTime=42532302, downTime=42532244, deviceId=-1, source=0x101 }
11-09 08:14:46.241: D/EmojiAltPhysicalKeyDetector(1659): onKeyUp() : Not Mapped: 9
11-09 08:14:46.245: I/ViewInteraction(8679): Performing 'single click' action on view with id: com.example.concurrencyeval:id/mm_et_size
11-09 08:14:46.508: I/ViewInteraction(8679): Performing 'replace text()' action on view with id: com.example.concurrencyeval:id/mm_et_tasks
11-09 08:14:46.592: I/ViewInteraction(8679): Performing 'type text(1)' action on view with id: com.example.concurrencyeval:id/mm_et_tasks
11-09 08:14:46.643: I/Keyboard.Facilitator(1659): onFinishInput()
11-09 08:14:46.643: I/Keyboard.Facilitator(1659): onStartInput()
11-09 08:14:46.647: I/LatinIME(1659): Starting input. Cursor position = 0,0
11-09 08:14:46.678: I/Keyboard.Facilitator(1659): resetDictionaries() : no-op
11-09 08:14:46.678: I/StatsUtilsManager(1659): onLoadSettings()
11-09 08:14:46.872: D/UiControllerImpl(8679): Injecting string: "1"
11-09 08:14:46.896: D/EmojiAltPhysicalKeyDetector(1659): onKeyUp() : KeyEvent { action=ACTION_UP, keyCode=KEYCODE_1, scanCode=0, metaState=0, flags=0x8, repeatCount=0, eventTime=42532958, downTime=42532934, deviceId=-1, source=0x101 }
11-09 08:14:46.896: D/EmojiAltPhysicalKeyDetector(1659): onKeyUp() : Not Mapped: 8
11-09 08:14:46.899: I/ViewInteraction(8679): Performing 'single click' action on view with id: com.example.concurrencyeval:id/mm_et_tasks
11-09 08:14:47.161: I/ViewInteraction(8679): Performing 'close keyboard' action on view is a root view.
11-09 08:14:47.469: I/ViewInteraction(8679): Performing 'single click' action on view with id: com.example.concurrencyeval:id/mm_run_button
11-09 08:14:47.528: D/audio_hw_primary(376): out_set_parameters: enter: usecase(1: low-latency-playback) kvpairs: routing=131072
11-09 08:14:48.137: I/Choreographer(8679): Skipped 36 frames!  The application may be doing too much work on its main thread.
11-09 08:14:49.825: D/WifiStateMachine(891): starting scan for "wl-ftl-mt88-1-5"WPA_PSK with 5580,5180,5785
11-09 08:14:50.727: D/audio_hw_primary(376): disable_audio_route: reset and update mixer path: low-latency-playback
11-09 08:14:50.728: D/audio_hw_primary(376): disable_snd_device: snd_device(6: line)
11-09 08:15:08.465: I/ViewInteraction(8679): Performing 'single click' action on view with id: com.example.concurrencyeval:id/mm_run_button
11-09 08:15:08.514: D/audio_hw_primary(376): out_set_parameters: enter: usecase(1: low-latency-playback) kvpairs: routing=131072
11-09 08:15:08.526: D/audio_hw_primary(376): select_devices: out_snd_device(6: line) in_snd_device(0: none)
11-09 08:15:08.527: D/msm8974_platform(376): platform_send_audio_calibration: sending audio calibration for snd_device(6) acdb_id(77)
11-09 08:15:08.527: D/audio_hw_primary(376): enable_snd_device: snd_device(6: line)
11-09 08:15:08.544: D/audio_hw_primary(376): enable_audio_route: apply and update mixer path: low-latency-playback
11-09 08:15:09.173: I/Choreographer(8679): Skipped 39 frames!  The application may be doing too much work on its main thread.
11-09 08:15:09.827: D/WifiStateMachine(891): starting scan for "wl-ftl-mt88-1-5"WPA_PSK with 5580,5180,5785
11-09 08:15:11.777: D/audio_hw_primary(376): disable_audio_route: reset and update mixer path: low-latency-playback
11-09 08:15:11.778: D/audio_hw_primary(376): disable_snd_device: snd_device(6: line)
11-09 08:15:28.037: I/ViewInteraction(8679): Performing 'single click' action on view with id: com.example.concurrencyeval:id/mm_run_button
11-09 08:15:28.084: D/audio_hw_primary(376): out_set_parameters: enter: usecase(1: low-latency-playback) kvpairs: routing=131072
11-09 08:15:28.097: D/audio_hw_primary(376): select_devices: out_snd_device(6: line) in_snd_device(0: none)
11-09 08:15:28.097: D/msm8974_platform(376): platform_send_audio_calibration: sending audio calibration for snd_device(6) acdb_id(77)
11-09 08:15:28.097: D/audio_hw_primary(376): enable_snd_device: snd_device(6: line)
11-09 08:15:28.113: D/audio_hw_primary(376): enable_audio_route: apply and update mixer path: low-latency-playback
11-09 08:15:28.762: I/Choreographer(8679): Skipped 39 frames!  The application may be doing too much work on its main thread.
11-09 08:15:29.829: D/WifiStateMachine(891): starting scan for "wl-ftl-mt88-1-5"WPA_PSK with 5580,5180,5785
11-09 08:15:31.352: D/audio_hw_primary(376): disable_audio_route: reset and update mixer path: low-latency-playback
11-09 08:15:31.353: D/audio_hw_primary(376): disable_snd_device: snd_device(6: line)
11-09 08:15:37.648: I/Vision(8064): Requesting optional module download of ocr.
11-09 08:15:37.649: I/Vision(8064): Checking for download completion for 42643711 -- ocr
11-09 08:15:49.830: D/WifiStateMachine(891): starting scan for "wl-ftl-mt88-1-5"WPA_PSK with 5580,5180,5785
11-09 08:15:50.748: I/ViewInteraction(8679): Performing 'single click' action on view with id: com.example.concurrencyeval:id/mm_run_button
11-09 08:15:50.797: D/audio_hw_primary(376): out_set_parameters: enter: usecase(1: low-latency-playback) kvpairs: routing=131072
11-09 08:15:50.810: D/audio_hw_primary(376): select_devices: out_snd_device(6: line) in_snd_device(0: none)
11-09 08:15:50.810: D/msm8974_platform(376): platform_send_audio_calibration: sending audio calibration for snd_device(6) acdb_id(77)
11-09 08:15:50.810: D/audio_hw_primary(376): enable_snd_device: snd_device(6: line)
11-09 08:15:50.822: D/audio_hw_primary(376): enable_audio_route: apply and update mixer path: low-latency-playback
11-09 08:15:51.440: I/Choreographer(8679): Skipped 37 frames!  The application may be doing too much work on its main thread.
11-09 08:15:54.064: D/audio_hw_primary(376): disable_audio_route: reset and update mixer path: low-latency-playback
11-09 08:15:54.066: D/audio_hw_primary(376): disable_snd_device: snd_device(6: line)
11-09 08:16:09.833: D/WifiStateMachine(891): starting scan for "wl-ftl-mt88-1-5"WPA_PSK with 5580,5180,5785
11-09 08:16:10.054: I/ViewInteraction(8679): Performing 'replace text()' action on view with id: com.example.concurrencyeval:id/mm_et_tasks
11-09 08:16:10.072: I/ViewInteraction(8679): Performing 'type text(2)' action on view with id: com.example.concurrencyeval:id/mm_et_tasks
11-09 08:16:10.118: I/Keyboard.Facilitator(1659): onStartInput()
11-09 08:16:10.124: I/LatinIME(1659): Starting input. Cursor position = 1,1
11-09 08:16:10.153: I/Keyboard.Facilitator(1659): resetDictionaries() : no-op
11-09 08:16:10.153: I/StatsUtilsManager(1659): onLoadSettings()
11-09 08:16:10.349: D/UiControllerImpl(8679): Injecting string: "2"
11-09 08:16:10.373: D/EmojiAltPhysicalKeyDetector(1659): onKeyUp() : KeyEvent { action=ACTION_UP, keyCode=KEYCODE_2, scanCode=0, metaState=0, flags=0x8, repeatCount=0, eventTime=42616435, downTime=42616412, deviceId=-1, source=0x101 }
11-09 08:16:10.374: D/EmojiAltPhysicalKeyDetector(1659): onKeyUp() : Not Mapped: 9
11-09 08:16:10.376: I/ViewInteraction(8679): Performing 'single click' action on view with id: com.example.concurrencyeval:id/mm_et_tasks
11-09 08:16:10.639: I/ViewInteraction(8679): Performing 'close keyboard' action on view is a root view.
11-09 08:16:10.949: I/ViewInteraction(8679): Performing 'single click' action on view with id: com.example.concurrencyeval:id/mm_run_button
11-09 08:16:10.994: D/audio_hw_primary(376): out_set_parameters: enter: usecase(1: low-latency-playback) kvpairs: routing=131072
11-09 08:16:11.007: D/audio_hw_primary(376): select_devices: out_snd_device(6: line) in_snd_device(0: none)
11-09 08:16:11.007: D/msm8974_platform(376): platform_send_audio_calibration: sending audio calibration for snd_device(6) acdb_id(77)
11-09 08:16:11.007: D/audio_hw_primary(376): enable_snd_device: snd_device(6: line)
11-09 08:16:11.023: D/audio_hw_primary(376): enable_audio_route: apply and update mixer path: low-latency-playback
11-09 08:16:11.641: I/Choreographer(8679): Skipped 38 frames!  The application may be doing too much work on its main thread.
11-09 08:16:14.270: D/audio_hw_primary(376): disable_audio_route: reset and update mixer path: low-latency-playback
11-09 08:16:14.271: D/audio_hw_primary(376): disable_snd_device: snd_device(6: line)
11-09 08:16:21.404: I/ViewInteraction(8679): Performing 'single click' action on view with id: com.example.concurrencyeval:id/mm_run_button
11-09 08:16:21.451: D/audio_hw_primary(376): out_set_parameters: enter: usecase(1: low-latency-playback) kvpairs: routing=131072
11-09 08:16:21.463: D/audio_hw_primary(376): select_devices: out_snd_device(6: line) in_snd_device(0: none)
11-09 08:16:21.463: D/msm8974_platform(376): platform_send_audio_calibration: sending audio calibration for snd_device(6) acdb_id(77)
11-09 08:16:21.463: D/audio_hw_primary(376): enable_snd_device: snd_device(6: line)
11-09 08:16:21.480: D/audio_hw_primary(376): enable_audio_route: apply and update mixer path: low-latency-playback
11-09 08:16:22.048: I/Choreographer(8679): Skipped 35 frames!  The application may be doing too much work on its main thread.
11-09 08:16:24.714: D/audio_hw_primary(376): disable_audio_route: reset and update mixer path: low-latency-playback
11-09 08:16:24.715: D/audio_hw_primary(376): disable_snd_device: snd_device(6: line)
11-09 08:16:29.833: D/WifiStateMachine(891): starting scan for "wl-ftl-mt88-1-5"WPA_PSK with 5580,5180,5785
11-09 08:16:31.583: I/ViewInteraction(8679): Performing 'single click' action on view with id: com.example.concurrencyeval:id/mm_run_button
11-09 08:16:31.628: D/audio_hw_primary(376): out_set_parameters: enter: usecase(1: low-latency-playback) kvpairs: routing=131072
11-09 08:16:31.641: D/audio_hw_primary(376): select_devices: out_snd_device(6: line) in_snd_device(0: none)
11-09 08:16:31.641: D/msm8974_platform(376): platform_send_audio_calibration: sending audio calibration for snd_device(6) acdb_id(77)
11-09 08:16:31.641: D/audio_hw_primary(376): enable_snd_device: snd_device(6: line)
11-09 08:16:31.657: D/audio_hw_primary(376): enable_audio_route: apply and update mixer path: low-latency-playback
11-09 08:16:32.280: I/Choreographer(8679): Skipped 39 frames!  The application may be doing too much work on its main thread.
11-09 08:16:34.891: D/audio_hw_primary(376): disable_audio_route: reset and update mixer path: low-latency-playback
11-09 08:16:34.892: D/audio_hw_primary(376): disable_snd_device: snd_device(6: line)
11-09 08:16:37.673: I/Vision(8064): Requesting optional module download of ocr.
11-09 08:16:37.674: I/Vision(8064): Checking for download completion for 42703736 -- ocr
11-09 08:16:41.789: I/ViewInteraction(8679): Performing 'single click' action on view with id: com.example.concurrencyeval:id/mm_run_button
11-09 08:16:41.836: D/audio_hw_primary(376): out_set_parameters: enter: usecase(1: low-latency-playback) kvpairs: routing=131072
11-09 08:16:41.849: D/audio_hw_primary(376): select_devices: out_snd_device(6: line) in_snd_device(0: none)
11-09 08:16:41.849: D/msm8974_platform(376): platform_send_audio_calibration: sending audio calibration for snd_device(6) acdb_id(77)
11-09 08:16:41.849: D/audio_hw_primary(376): enable_snd_device: snd_device(6: line)
11-09 08:16:41.864: D/audio_hw_primary(376): enable_audio_route: apply and update mixer path: low-latency-playback
11-09 08:16:42.475: I/Choreographer(8679): Skipped 38 frames!  The application may be doing too much work on its main thread.
11-09 08:16:45.102: D/audio_hw_primary(376): disable_audio_route: reset and update mixer path: low-latency-playback
11-09 08:16:45.103: D/audio_hw_primary(376): disable_snd_device: snd_device(6: line)
11-09 08:16:49.835: D/WifiStateMachine(891): starting scan for "wl-ftl-mt88-1-5"WPA_PSK with 5580,5180,5785
11-09 08:16:54.395: I/ViewInteraction(8679): Performing 'replace text()' action on view with id: com.example.concurrencyeval:id/mm_et_tasks
11-09 08:16:54.415: I/ViewInteraction(8679): Performing 'type text(8)' action on view with id: com.example.concurrencyeval:id/mm_et_tasks
11-09 08:16:54.459: I/Keyboard.Facilitator(1659): onStartInput()
11-09 08:16:54.464: I/LatinIME(1659): Starting input. Cursor position = 1,1
11-09 08:16:54.496: I/Keyboard.Facilitator(1659): resetDictionaries() : no-op
11-09 08:16:54.497: I/StatsUtilsManager(1659): onLoadSettings()
11-09 08:16:54.691: D/UiControllerImpl(8679): Injecting string: "8"
11-09 08:16:54.718: D/EmojiAltPhysicalKeyDetector(1659): onKeyUp() : KeyEvent { action=ACTION_UP, keyCode=KEYCODE_8, scanCode=0, metaState=0, flags=0x8, repeatCount=0, eventTime=42660779, downTime=42660754, deviceId=-1, source=0x101 }
11-09 08:16:54.718: D/EmojiAltPhysicalKeyDetector(1659): onKeyUp() : Not Mapped: 15
11-09 08:16:54.720: I/ViewInteraction(8679): Performing 'single click' action on view with id: com.example.concurrencyeval:id/mm_et_tasks
11-09 08:16:54.981: I/ViewInteraction(8679): Performing 'close keyboard' action on view is a root view.
11-09 08:16:55.287: I/ViewInteraction(8679): Performing 'single click' action on view with id: com.example.concurrencyeval:id/mm_run_button
11-09 08:16:55.334: D/audio_hw_primary(376): out_set_parameters: enter: usecase(1: low-latency-playback) kvpairs: routing=131072
11-09 08:16:55.346: D/audio_hw_primary(376): select_devices: out_snd_device(6: line) in_snd_device(0: none)
11-09 08:16:55.346: D/msm8974_platform(376): platform_send_audio_calibration: sending audio calibration for snd_device(6) acdb_id(77)
11-09 08:16:55.346: D/audio_hw_primary(376): enable_snd_device: snd_device(6: line)
11-09 08:16:55.358: D/audio_hw_primary(376): enable_audio_route: apply and update mixer path: low-latency-playback
11-09 08:16:55.971: I/Choreographer(8679): Skipped 38 frames!  The application may be doing too much work on its main thread.
11-09 08:16:58.593: D/audio_hw_primary(376): disable_audio_route: reset and update mixer path: low-latency-playback
11-09 08:16:58.595: D/audio_hw_primary(376): disable_snd_device: snd_device(6: line)
11-09 08:17:02.051: I/ViewInteraction(8679): Performing 'single click' action on view with id: com.example.concurrencyeval:id/mm_run_button
11-09 08:17:02.098: D/audio_hw_primary(376): out_set_parameters: enter: usecase(1: low-latency-playback) kvpairs: routing=131072
11-09 08:17:02.111: D/audio_hw_primary(376): select_devices: out_snd_device(6: line) in_snd_device(0: none)
11-09 08:17:02.111: D/msm8974_platform(376): platform_send_audio_calibration: sending audio calibration for snd_device(6) acdb_id(77)
11-09 08:17:02.111: D/audio_hw_primary(376): enable_snd_device: snd_device(6: line)
11-09 08:17:02.122: D/audio_hw_primary(376): enable_audio_route: apply and update mixer path: low-latency-playback
11-09 08:17:02.755: I/Choreographer(8679): Skipped 38 frames!  The application may be doing too much work on its main thread.
11-09 08:17:05.358: D/audio_hw_primary(376): disable_audio_route: reset and update mixer path: low-latency-playback
11-09 08:17:05.359: D/audio_hw_primary(376): disable_snd_device: snd_device(6: line)
11-09 08:17:09.003: I/ViewInteraction(8679): Performing 'single click' action on view with id: com.example.concurrencyeval:id/mm_run_button
11-09 08:17:09.048: D/audio_hw_primary(376): out_set_parameters: enter: usecase(1: low-latency-playback) kvpairs: routing=131072
11-09 08:17:09.061: D/audio_hw_primary(376): select_devices: out_snd_device(6: line) in_snd_device(0: none)
11-09 08:17:09.061: D/msm8974_platform(376): platform_send_audio_calibration: sending audio calibration for snd_device(6) acdb_id(77)
11-09 08:17:09.061: D/audio_hw_primary(376): enable_snd_device: snd_device(6: line)
11-09 08:17:09.072: D/audio_hw_primary(376): enable_audio_route: apply and update mixer path: low-latency-playback
11-09 08:17:09.686: I/Choreographer(8679): Skipped 38 frames!  The application may be doing too much work on its main thread.
11-09 08:17:09.836: D/WifiStateMachine(891): starting scan for "wl-ftl-mt88-1-5"WPA_PSK with 5580,5180,5785
11-09 08:17:12.308: D/audio_hw_primary(376): disable_audio_route: reset and update mixer path: low-latency-playback
11-09 08:17:12.308: D/audio_hw_primary(376): disable_snd_device: snd_device(6: line)
11-09 08:17:16.836: I/ViewInteraction(8679): Performing 'single click' action on view with id: com.example.concurrencyeval:id/mm_run_button
11-09 08:17:16.881: D/audio_hw_primary(376): out_set_parameters: enter: usecase(1: low-latency-playback) kvpairs: routing=131072
11-09 08:17:16.893: D/audio_hw_primary(376): select_devices: out_snd_device(6: line) in_snd_device(0: none)
11-09 08:17:16.893: D/msm8974_platform(376): platform_send_audio_calibration: sending audio calibration for snd_device(6) acdb_id(77)
11-09 08:17:16.894: D/audio_hw_primary(376): enable_snd_device: snd_device(6: line)
11-09 08:17:16.908: D/audio_hw_primary(376): enable_audio_route: apply and update mixer path: low-latency-playback
11-09 08:17:17.521: I/Choreographer(8679): Skipped 38 frames!  The application may be doing too much work on its main thread.
11-09 08:17:20.145: D/audio_hw_primary(376): disable_audio_route: reset and update mixer path: low-latency-playback
11-09 08:17:20.147: D/audio_hw_primary(376): disable_snd_device: snd_device(6: line)
11-09 08:17:24.907: I/ViewInteraction(8679): Performing 'replace text()' action on view with id: com.example.concurrencyeval:id/mm_et_tasks
11-09 08:17:24.936: I/ViewInteraction(8679): Performing 'type text(64)' action on view with id: com.example.concurrencyeval:id/mm_et_tasks
11-09 08:17:24.985: I/Keyboard.Facilitator(1659): onStartInput()
11-09 08:17:24.990: I/LatinIME(1659): Starting input. Cursor position = 1,1
11-09 08:17:25.011: I/Keyboard.Facilitator(1659): resetDictionaries() : no-op
11-09 08:17:25.012: I/StatsUtilsManager(1659): onLoadSettings()
11-09 08:17:25.204: D/UiControllerImpl(8679): Injecting string: "64"
11-09 08:17:25.230: D/EmojiAltPhysicalKeyDetector(1659): onKeyUp() : KeyEvent { action=ACTION_UP, keyCode=KEYCODE_6, scanCode=0, metaState=0, flags=0x8, repeatCount=0, eventTime=42691292, downTime=42691266, deviceId=-1, source=0x101 }
11-09 08:17:25.231: D/EmojiAltPhysicalKeyDetector(1659): onKeyUp() : Not Mapped: 13
11-09 08:17:25.248: D/EmojiAltPhysicalKeyDetector(1659): onKeyUp() : KeyEvent { action=ACTION_UP, keyCode=KEYCODE_4, scanCode=0, metaState=0, flags=0x8, repeatCount=0, eventTime=42691309, downTime=42691266, deviceId=-1, source=0x101 }
11-09 08:17:25.248: D/EmojiAltPhysicalKeyDetector(1659): onKeyUp() : Not Mapped: 11
11-09 08:17:25.251: I/ViewInteraction(8679): Performing 'single click' action on view with id: com.example.concurrencyeval:id/mm_et_tasks
11-09 08:17:25.514: I/ViewInteraction(8679): Performing 'close keyboard' action on view is a root view.
11-09 08:17:25.820: I/ViewInteraction(8679): Performing 'single click' action on view with id: com.example.concurrencyeval:id/mm_run_button
11-09 08:17:25.865: D/audio_hw_primary(376): out_set_parameters: enter: usecase(1: low-latency-playback) kvpairs: routing=131072
11-09 08:17:25.877: D/audio_hw_primary(376): select_devices: out_snd_device(6: line) in_snd_device(0: none)
11-09 08:17:25.877: D/msm8974_platform(376): platform_send_audio_calibration: sending audio calibration for snd_device(6) acdb_id(77)
11-09 08:17:25.877: D/audio_hw_primary(376): enable_snd_device: snd_device(6: line)
11-09 08:17:25.890: D/audio_hw_primary(376): enable_audio_route: apply and update mixer path: low-latency-playback
11-09 08:17:26.543: I/Choreographer(8679): Skipped 40 frames!  The application may be doing too much work on its main thread.
11-09 08:17:29.127: D/audio_hw_primary(376): disable_audio_route: reset and update mixer path: low-latency-playback
11-09 08:17:29.129: D/audio_hw_primary(376): disable_snd_device: snd_device(6: line)
11-09 08:17:29.838: D/WifiStateMachine(891): starting scan for "wl-ftl-mt88-1-5"WPA_PSK with 5580,5180,5785
11-09 08:17:32.035: I/ViewInteraction(8679): Performing 'single click' action on view with id: com.example.concurrencyeval:id/mm_run_button
11-09 08:17:32.082: D/audio_hw_primary(376): out_set_parameters: enter: usecase(1: low-latency-playback) kvpairs: routing=131072
11-09 08:17:32.095: D/audio_hw_primary(376): select_devices: out_snd_device(6: line) in_snd_device(0: none)
11-09 08:17:32.095: D/msm8974_platform(376): platform_send_audio_calibration: sending audio calibration for snd_device(6) acdb_id(77)
11-09 08:17:32.095: D/audio_hw_primary(376): enable_snd_device: snd_device(6: line)
11-09 08:17:32.109: D/audio_hw_primary(376): enable_audio_route: apply and update mixer path: low-latency-playback
11-09 08:17:32.734: I/Choreographer(8679): Skipped 39 frames!  The application may be doing too much work on its main thread.
11-09 08:17:33.640: D/NetlinkSocketObserver(891): NeighborEvent{elapsedMs=42699703, 10.13.128.1, [001C73000999], RTM_NEWNEIGH, NUD_PROBE}
11-09 08:17:35.349: D/audio_hw_primary(376): disable_audio_route: reset and update mixer path: low-latency-playback
11-09 08:17:35.352: D/audio_hw_primary(376): disable_snd_device: snd_device(6: line)
11-09 08:17:37.721: I/Vision(8064): Requesting optional module download of ocr.
11-09 08:17:37.722: I/Vision(8064): Checking for download completion for 42763784 -- ocr
11-09 08:17:38.475: I/ViewInteraction(8679): Performing 'single click' action on view with id: com.example.concurrencyeval:id/mm_run_button
11-09 08:17:38.521: D/audio_hw_primary(376): out_set_parameters: enter: usecase(1: low-latency-playback) kvpairs: routing=131072
11-09 08:17:38.533: D/audio_hw_primary(376): select_devices: out_snd_device(6: line) in_snd_device(0: none)
11-09 08:17:38.533: D/msm8974_platform(376): platform_send_audio_calibration: sending audio calibration for snd_device(6) acdb_id(77)
11-09 08:17:38.533: D/audio_hw_primary(376): enable_snd_device: snd_device(6: line)
11-09 08:17:38.547: D/audio_hw_primary(376): enable_audio_route: apply and update mixer path: low-latency-playback
11-09 08:17:39.136: I/Choreographer(8679): Skipped 36 frames!  The application may be doing too much work on its main thread.
11-09 08:17:41.785: D/audio_hw_primary(376): disable_audio_route: reset and update mixer path: low-latency-playback
11-09 08:17:41.786: D/audio_hw_primary(376): disable_snd_device: snd_device(6: line)
11-09 08:17:44.424: I/ViewInteraction(8679): Performing 'single click' action on view with id: com.example.concurrencyeval:id/mm_run_button
11-09 08:17:44.471: D/audio_hw_primary(376): out_set_parameters: enter: usecase(1: low-latency-playback) kvpairs: routing=131072
11-09 08:17:44.483: D/audio_hw_primary(376): select_devices: out_snd_device(6: line) in_snd_device(0: none)
11-09 08:17:44.483: D/msm8974_platform(376): platform_send_audio_calibration: sending audio calibration for snd_device(6) acdb_id(77)
11-09 08:17:44.483: D/audio_hw_primary(376): enable_snd_device: snd_device(6: line)
11-09 08:17:44.498: D/audio_hw_primary(376): enable_audio_route: apply and update mixer path: low-latency-playback
11-09 08:17:44.502: I/art(8679): Background sticky concurrent mark sweep GC freed 3801(138KB) AllocSpace objects, 0(0B) LOS objects, 0% free, 48MB/48MB, paused 5.089ms total 23.376ms
11-09 08:17:45.091: I/Choreographer(8679): Skipped 37 frames!  The application may be doing too much work on its main thread.
11-09 08:17:47.735: D/audio_hw_primary(376): disable_audio_route: reset and update mixer path: low-latency-playback
11-09 08:17:47.744: D/audio_hw_primary(376): disable_snd_device: snd_device(6: line)
11-09 08:17:49.840: D/WifiStateMachine(891): starting scan for "wl-ftl-mt88-1-5"WPA_PSK with 5580,5180,5785
11-09 08:17:50.553: D/LifecycleMonitor(8679): Lifecycle status change: com.example.concurrencyeval.activities.MatMultActivity@70fcebf in: PAUSED
11-09 08:17:50.553: D/LifecycleMonitor(8679): running callback: androidx.test.rule.ActivityTestRule$LifecycleCallback@f651035
11-09 08:17:50.553: D/LifecycleMonitor(8679): callback completes: androidx.test.rule.ActivityTestRule$LifecycleCallback@f651035
11-09 08:17:50.558: I/BackdropActivity(8271): onResume()
11-09 08:17:50.569: I/ActivityManager(891): START u0 {flg=0x10000000 cmp=com.example.concurrencyeval/.activities.MatMultActivity (has extras)} from uid 10106 on display 0
11-09 08:17:50.628: I/Keyboard.Facilitator(1659): onFinishInput()
11-09 08:17:50.629: I/Keyboard.Facilitator(1659): onFinishInput()
11-09 08:17:50.629: I/Keyboard.Facilitator(1659): onFinishInput()
11-09 08:17:50.630: I/Keyboard.Facilitator(1659): onFinishInput()
11-09 08:17:50.631: I/Keyboard.Facilitator(1659): onFinishInput()
11-09 08:17:50.644: I/Keyboard.Facilitator(1659): onFinishInput()
11-09 08:17:50.645: I/Keyboard.Facilitator(1659): onFinishInput()
11-09 08:17:50.662: I/Keyboard.Facilitator(1659): onFinishInput()
11-09 08:17:50.663: I/Keyboard.Facilitator(1659): onFinishInput()
11-09 08:17:50.663: I/Keyboard.Facilitator(1659): onFinishInput()
11-09 08:17:50.665: I/Keyboard.Facilitator(1659): onFinishInput()
11-09 08:17:50.665: I/Keyboard.Facilitator(1659): onFinishInput()
11-09 08:17:50.665: I/Keyboard.Facilitator(1659): onFinishInput()
11-09 08:17:50.667: I/Keyboard.Facilitator(1659): onFinishInput()
11-09 08:17:50.668: I/Keyboard.Facilitator(1659): onFinishInput()
11-09 08:17:50.669: I/Keyboard.Facilitator(1659): onFinishInput()
11-09 08:17:50.670: I/Keyboard.Facilitator(1659): onFinishInput()
11-09 08:17:50.672: I/Keyboard.Facilitator(1659): onFinishInput()
11-09 08:17:50.674: I/Keyboard.Facilitator(1659): onFinishInput()
11-09 08:17:50.675: I/Keyboard.Facilitator(1659): onFinishInput()
11-09 08:17:50.675: I/Keyboard.Facilitator(1659): onFinishInput()
11-09 08:17:50.676: I/Keyboard.Facilitator(1659): onFinishInput()
11-09 08:17:50.677: I/Keyboard.Facilitator(1659): onFinishInput()
11-09 08:17:50.677: I/Keyboard.Facilitator(1659): onFinishInput()
11-09 08:17:50.677: I/Keyboard.Facilitator(1659): onFinishInput()
11-09 08:17:50.681: I/Keyboard.Facilitator(1659): onFinishInput()
11-09 08:17:50.681: I/Keyboard.Facilitator(1659): onFinishInput()
11-09 08:17:50.682: I/Keyboard.Facilitator(1659): onFinishInput()
11-09 08:17:50.682: I/Keyboard.Facilitator(1659): onFinishInput()
11-09 08:17:50.685: I/Keyboard.Facilitator(1659): onFinishInput()
11-09 08:17:50.694: I/Keyboard.Facilitator(1659): onFinishInput()
11-09 08:17:50.695: I/Keyboard.Facilitator(1659): onFinishInput()
11-09 08:17:50.701: I/Keyboard.Facilitator(1659): onFinishInput()
11-09 08:17:50.701: I/Keyboard.Facilitator(1659): onFinishInput()
11-09 08:17:50.702: I/Keyboard.Facilitator(1659): onFinishInput()
11-09 08:17:50.707: I/Keyboard.Facilitator(1659): onFinishInput()
11-09 08:17:50.709: I/Keyboard.Facilitator(1659): onFinishInput()
11-09 08:17:50.709: I/Keyboard.Facilitator(1659): onFinishInput()
11-09 08:17:50.711: I/Keyboard.Facilitator(1659): onFinishInput()
11-09 08:17:50.715: I/Keyboard.Facilitator(1659): onFinishInput()
11-09 08:17:50.716: I/Keyboard.Facilitator(1659): onFinishInput()
11-09 08:17:50.716: I/Keyboard.Facilitator(1659): onFinishInput()
11-09 08:17:50.717: I/Keyboard.Facilitator(1659): onFinishInput()
11-09 08:17:50.719: I/Keyboard.Facilitator(1659): onFinishInput()
11-09 08:17:50.727: I/Keyboard.Facilitator(1659): onFinishInput()
11-09 08:17:50.743: I/Keyboard.Facilitator(1659): onFinishInput()
11-09 08:17:50.744: I/Keyboard.Facilitator(1659): onFinishInput()
11-09 08:17:50.745: I/Keyboard.Facilitator(1659): onFinishInput()
11-09 08:17:50.747: I/Keyboard.Facilitator(1659): onFinishInput()
11-09 08:17:50.747: I/Keyboard.Facilitator(1659): onFinishInput()
11-09 08:17:50.749: I/Keyboard.Facilitator(1659): onFinishInput()
11-09 08:17:50.749: I/Keyboard.Facilitator(1659): onFinishInput()
11-09 08:17:50.751: I/Keyboard.Facilitator(1659): onFinishInput()
11-09 08:17:50.753: I/Keyboard.Facilitator(1659): onFinishInput()
11-09 08:17:50.756: I/Keyboard.Facilitator(1659): onFinishInput()
11-09 08:17:50.757: I/Keyboard.Facilitator(1659): onFinishInput()
11-09 08:17:50.760: I/Keyboard.Facilitator(1659): onFinishInput()
11-09 08:17:50.761: I/Keyboard.Facilitator(1659): onFinishInput()
11-09 08:17:50.764: I/Keyboard.Facilitator(1659): onFinishInput()
11-09 08:17:50.765: I/Keyboard.Facilitator(1659): onFinishInput()
11-09 08:17:50.766: I/Keyboard.Facilitator(1659): onFinishInput()
11-09 08:17:50.768: I/Keyboard.Facilitator(1659): onFinishInput()
11-09 08:17:50.769: I/Keyboard.Facilitator(1659): onFinishInput()
11-09 08:17:50.771: I/Keyboard.Facilitator(1659): onFinishInput()
11-09 08:17:50.773: I/Keyboard.Facilitator(1659): onFinishInput()
11-09 08:17:50.776: I/Keyboard.Facilitator(1659): onFinishInput()
11-09 08:17:50.777: I/Keyboard.Facilitator(1659): onFinishInput()
11-09 08:17:50.779: I/Keyboard.Facilitator(1659): onFinishInput()
11-09 08:17:50.781: I/Keyboard.Facilitator(1659): onFinishInput()
11-09 08:17:50.781: I/Keyboard.Facilitator(1659): onFinishInput()
11-09 08:17:50.783: I/Keyboard.Facilitator(1659): onFinishInput()
11-09 08:17:50.787: I/Keyboard.Facilitator(1659): onFinishInput()
11-09 08:17:50.787: I/Keyboard.Facilitator(1659): onFinishInput()
11-09 08:17:50.789: I/Keyboard.Facilitator(1659): onFinishInput()
11-09 08:17:50.789: I/Keyboard.Facilitator(1659): onFinishInput()
11-09 08:17:50.791: I/Keyboard.Facilitator(1659): onFinishInput()
