11-09 08:13:18.166: D/AndroidRuntime(7336): >>>>>> START com.android.internal.os.RuntimeInit uid 2000 <<<<<<
11-09 08:13:18.171: D/AndroidRuntime(7336): CheckJNI is OFF
11-09 08:13:18.249: D/ICU(7336): No timezone override file found: /data/misc/zoneinfo/current/icu/icu_tzdata.dat
11-09 08:13:18.312: I/Radio-JNI(7336): register_android_hardware_Radio DONE
11-09 08:13:18.335: D/AndroidRuntime(7336): Calling main entry com.android.commands.pm.Pm
11-09 08:13:18.364: I/ActivityManager(891): Start proc 7344:com.android.defcontainer/u0a9 for service com.android.defcontainer/.DefaultContainerService
11-09 08:13:18.467: D/DefContainer(7344): Copying /data/local/tmp/com.google.android.gms.policy_test_support.apk to base.apk
11-09 08:13:18.780: I/PackageManager.DexOptimizer(891): Running dexopt (dex2oat) on: /data/app/vmdl101231147.tmp/base.apk pkg=com.google.android.gms.policy_test_support isa=arm vmSafeMode=false debuggable=false oatDir = /data/app/vmdl101231147.tmp/oat bootComplete=true
11-09 08:13:18.835: I/dex2oat(7358): Starting dex2oat.
11-09 08:13:19.174: W/dex2oat(7358): No verified method for method calling String.<init>: java.lang.String android.text.TextUtils.substring(java.lang.CharSequence, int, int)
11-09 08:13:19.915: I/dex2oat(7358): dex2oat took 1.081s (threads: 4) arena alloc=3MB java alloc=1769KB native alloc=9MB free=2MB
11-09 08:13:20.221: W/Settings(891): Setting install_non_market_apps has moved from android.provider.Settings.Global to android.provider.Settings.Secure, returning read-only value.
11-09 08:13:20.222: I/art(891): Starting a blocking GC Explicit
11-09 08:13:20.333: I/art(891): Explicit concurrent mark sweep GC freed 216812(13MB) AllocSpace objects, 75(1924KB) LOS objects, 32% free, 33MB/49MB, paused 953us total 110.783ms
11-09 08:13:20.344: D/BuaReceiver(3274): ====== got intent:Intent { act=android.intent.action.PACKAGE_ADDED dat=package:com.google.android.gms.policy_test_support flg=0x4000010 cmp=com.motorola.android.buacontactadapter/.BuaReceiver (has extras) }
11-09 08:13:20.356: I/art(7336): System.exit called, status: 0
11-09 08:13:20.357: I/AndroidRuntime(7336): VM exiting with result code 0.
11-09 08:13:20.363: I/InputReader(891): Reconfiguring input devices.  changes=0x00000010
11-09 08:13:20.404: I/ActivityManager(891): Start proc 7366:android.process.acore/u0a4 for broadcast com.android.providers.contacts/.PackageIntentReceiver
11-09 08:13:20.408: D/CarrierServiceBindHelper(1725): Receive action: android.intent.action.PACKAGE_ADDED
11-09 08:13:20.409: D/CarrierServiceBindHelper(1725): mHandler: 3
11-09 08:13:20.409: D/CarrierConfigLoader(1725): mHandler: 9 phoneId: 0
11-09 08:13:20.447: W/System(7366): ClassLoader referenced unknown path: /system/priv-app/ContactsProvider/lib/arm
11-09 08:13:20.475: V/KeyValueBackupJob(891): Scheduling k/v pass in 241 minutes
11-09 08:13:20.478: W/System(7366): ClassLoader referenced unknown path: /system/app/UserDictionaryProvider/lib/arm
11-09 08:13:20.495: I/ActivityManager(891): Start proc 7384:com.google.android.partnersetup/u0a20 for broadcast com.google.android.partnersetup/.RlzPingBroadcastReceiver
11-09 08:13:20.496: I/ActivityManager(891): Killing 14697:com.android.chrome/u0a44 (adj 15): empty for 30993s
11-09 08:13:20.512: W/SearchableInfo(891): Invalid searchable metadata for com.google.android.gms/.nearby.sharing.ContactSelectActivity: Search label must be a resource reference.
11-09 08:13:20.571: I/ContactLocale(7366): AddressBook Labels [en-US]: [, A, B, C, D, E, F, G, H, I, J, K, L, M, N, O, P, Q, R, S, T, U, V, W, X, Y, Z, Α, Β, Γ, Δ, Ε, Ζ, Η, Θ, Ι, Κ, Λ, Μ, Ν, Ξ, Ο, Π, Ρ, Σ, Τ, Υ, Φ, Χ, Ψ, Ω, , А, Б, В, Г, Д, Ђ, Е, Є, Ж, З, И, І, Й, Ј, К, Л, Љ, М, Н, Њ, О, П, Р, С, Т, Ћ, У, Ф, Х, Ц, Ч, Џ, Ш, Щ, Ю, Я, , א, ב, ג, ד, ה, ו, ז, ח, ט, י, כ, ל, מ, נ, ס, ע, פ, צ, ק, ר, ש, ת, , ا, ب, ت, ث, ج, ح, خ, د, ذ, ر, ز, س, ش, ص, ض, ط, ظ, ع, غ, ف, ق, ك, ل, م, ن, ه, و, ي, , ก, ข, ฃ, ค, ฅ, ฆ, ง, จ, ฉ, ช, ซ, ฌ, ญ, ฎ, ฏ, ฐ, ฑ, ฒ, ณ, ด, ต, ถ, ท, ธ, น, บ, ป, ผ, ฝ, พ, ฟ, ภ, ม, ย, ร, ฤ, ล, ฦ, ว, ศ, ษ, ส, ห, ฬ, อ, ฮ, , ㄱ, ㄴ, ㄷ, ㄹ, ㅁ, ㅂ, ㅅ, ㅇ, ㅈ, ㅊ, ㅋ, ㅌ, ㅍ, ㅎ, , あ, か, さ, た, な, は, ま, や, ら, わ, #, ]
11-09 08:13:20.603: W/System(7384): ClassLoader referenced unknown path: /system/priv-app/GooglePartnerSetup/lib/arm
11-09 08:13:20.633: I/ActivityManager(891): Start proc 7397:com.android.musicfx/u0a23 for broadcast com.android.musicfx/.Compatibility$Receiver
11-09 08:13:20.655: I/ActivityManager(891): Killing 14711:com.google.android.apps.magazines/u0a71 (adj 15): empty for 30993s
11-09 08:13:20.729: W/System(7397): ClassLoader referenced unknown path: /system/priv-app/MusicFX/lib/arm
11-09 08:13:20.763: I/ActivityManager(891): Start proc 7413:com.android.vending/u0a24 for broadcast com.android.vending/com.google.android.finsky.receivers.PackageMonitorReceiver$RegisteredReceiver
11-09 08:13:20.772: I/ActivityManager(891): Killing 14762:com.google.android.apps.photos/u0a74 (adj 15): empty for 30993s
11-09 08:13:20.843: W/System(7413): ClassLoader referenced unknown path: /system/priv-app/Phonesky/lib/arm
11-09 08:13:20.893: W/Finsky(7413): [1] FinskyApp.getCurrentAccount: No account configured on this device.
11-09 08:13:20.927: D/Finsky(7413): [1] FinskyApp.onCreate: Initializing network with DFE https://android.clients.google.com/fdfe/
11-09 08:13:20.936: W/Finsky(7413): [1] FinskyApp.getCurrentAccount: No account configured on this device.
11-09 08:13:20.971: D/ContactDirectoryManager(7366): Found com.google.contacts.gal.provider
11-09 08:13:20.972: D/ContactDirectoryManager(7366): Found com.google.android.gm.exchange.directory.provider
11-09 08:13:20.978: W/Finsky(7413): [1] FinskyApp.getCurrentAccount: No account configured on this device.
11-09 08:13:20.982: W/Finsky(7413): [1] FinskyApp.getCurrentAccount: No account configured on this device.
11-09 08:13:20.985: W/Finsky(7413): [1] FinskyApp.getCurrentAccount: No account configured on this device.
11-09 08:13:20.986: W/Finsky(7413): [1] FinskyApp.getCurrentAccount: No account configured on this device.
11-09 08:13:20.995: W/Finsky(7413): [1] FinskyApp.getCurrentAccount: No account configured on this device.
11-09 08:13:20.996: W/Finsky(7413): [1] FinskyApp.getCurrentAccount: No account configured on this device.
11-09 08:13:20.998: D/Finsky(7413): [1] DailyHygiene.goMakeHygieneIfDirty: Dirty, need more hygiene.
11-09 08:13:21.017: I/ActivityManager(891): Start proc 7446:com.google.android.gm.exchange/u0a80 for content provider com.google.android.gm.exchange/com.android.exchange.provider.ExchangeDirectoryProvider
11-09 08:13:21.031: W/Settings(7413): Setting download_manager_max_bytes_over_mobile has moved from android.provider.Settings.Secure to android.provider.Settings.Global.
11-09 08:13:21.032: W/Settings(7413): Setting download_manager_recommended_max_bytes_over_mobile has moved from android.provider.Settings.Secure to android.provider.Settings.Global.
11-09 08:13:21.041: W/Finsky(7413): [1] FinskyApp.getCurrentAccount: No account configured on this device.
11-09 08:13:21.043: W/Finsky(7413): [1] FinskyApp.getCurrentAccount: No account configured on this device.
11-09 08:13:21.043: W/Finsky(7413): [1] FinskyApp.getDfeApi: No account configured on this device.
11-09 08:13:21.063: W/Finsky(7413): [1] FinskyApp.getCurrentAccount: No account configured on this device.
11-09 08:13:21.067: I/ActivityManager(891): Start proc 7460:com.google.android.googlequicksearchbox:search/u0a34 for broadcast com.google.android.googlequicksearchbox/com.google.android.search.core.icingsync.IcingCorporaChangedReceiver
11-09 08:13:21.078: I/ActivityManager(891): Killing 15878:com.google.android.keep/u0a82 (adj 15): empty for 29600s
11-09 08:13:21.091: D/Ads(7413): Skipping gmscore version check
11-09 08:13:21.107: D/Finsky(7413): [1] ExternalReferrer.access$200: Package state data is missing for com.google.android.gms.policy_test_support
11-09 08:13:21.151: I/ActivityManager(891): Killing 30984:com.google.android.gms.unstable/u0a14 (adj 15): empty for 10302s
11-09 08:13:21.177: W/System(7446): ClassLoader referenced unknown path: /system/app/PrebuiltExchange3Google/lib/arm
11-09 08:13:21.256: W/Finsky(7413): [1] FinskyApp.getCurrentAccount: No account configured on this device.
11-09 08:13:21.270: W/Finsky(7413): [1] FinskyApp.getCurrentAccount: No account configured on this device.
11-09 08:13:21.290: I/ActivityManager(891): Start proc 7473:com.google.android.gm/u0a81 for content provider com.google.android.gm/com.android.email.provider.EmailProvider
11-09 08:13:21.295: D/Finsky(7413): [1] GmsCoreHelper.cleanupNlp: result=false type=4
11-09 08:13:21.323: I/ActivityManager(891): Start proc 7487:com.google.process.gapps/u0a56 for content provider com.google.android.syncadapters.contacts/.GalProvider
11-09 08:13:21.338: D/Finsky(7413): [1] RestoreTracker.stopServiceIfDone: Restore complete with 0 success and 0 failed.
11-09 08:13:21.363: W/System(7473): ClassLoader referenced unknown path: /system/app/PrebuiltGmail/lib/arm
11-09 08:13:21.373: W/System(7487): ClassLoader referenced unknown path: /system/app/GoogleContactsSyncAdapter/lib/arm
11-09 08:13:21.384: D/AndroidRuntime(7427): >>>>>> START com.android.internal.os.RuntimeInit uid 2000 <<<<<<
11-09 08:13:21.388: D/AndroidRuntime(7427): CheckJNI is OFF
11-09 08:13:21.407: I/GoogleHttpClient(7487): GMS http client unavailable, use old client
11-09 08:13:21.430: D/ICU(7427): No timezone override file found: /data/misc/zoneinfo/current/icu/icu_tzdata.dat
11-09 08:13:21.436: I/ActivityManager(891): Start proc 7502:com.google.android.apps.docs/u0a49 for broadcast com.google.android.apps.docs/.receivers.AppPackageAddRemoveReceiver
11-09 08:13:21.466: I/Radio-JNI(7427): register_android_hardware_Radio DONE
11-09 08:13:21.487: D/AndroidRuntime(7427): Calling main entry com.android.commands.pm.Pm
11-09 08:13:21.504: I/ContactDirectoryManager(7366): deleted 0 stale rows which don't have any relevant directory
11-09 08:13:21.512: D/DefContainer(7344): Copying /data/local/tmp/com.google.android.gmscore.testing.testsupport.apk to base.apk
11-09 08:13:21.520: W/System(7502): ClassLoader referenced unknown path: /system/app/Drive/lib/arm
11-09 08:13:21.533: D/ActivityThread(7473): Loading provider com.google.android.gmail.provider;com.android.mail.notifier;com.google.android.gm.email.provider;com.google.android.gm.email.notifier: com.android.email.provider.EmailProvider
11-09 08:13:21.563: I/ContactDirectoryManager(7366): Discovered 0 contact directories in 851ms
11-09 08:13:21.605: I/PackageManager.DexOptimizer(891): Running dexopt (dex2oat) on: /data/app/vmdl869823830.tmp/base.apk pkg=com.google.android.gmscore.testing.testsupport isa=arm vmSafeMode=false debuggable=false oatDir = /data/app/vmdl869823830.tmp/oat bootComplete=true
11-09 08:13:21.634: I/dex2oat(7531): Starting dex2oat.
11-09 08:13:21.809: W/GAV2(7473): Thread[main,5,main]: Need to call initialize() and be in fallback mode to start dispatch.
11-09 08:13:21.822: I/UpdateIcingCorporaServi(7460): Updating corpora: APPS=com.google.android.gms.policy_test_support, CONTACTS=MAYBE
11-09 08:13:21.846: I/Gmail(7473): getAccountsCursor
11-09 08:13:21.881: E/Gmail(7473): Error finding the version of the Email provider.....
11-09 08:13:21.881: E/Gmail(7473): android.content.pm.PackageManager$NameNotFoundException: com.google.android.email
11-09 08:13:21.881: E/Gmail(7473): 	at android.app.ApplicationPackageManager.getPackageInfo(ApplicationPackageManager.java:137)
11-09 08:13:21.881: E/Gmail(7473): 	at com.google.android.gm.EmailMigrationService.a(SourceFile:1280)
11-09 08:13:21.881: E/Gmail(7473): 	at com.google.android.gm.EmailMigrationService.onHandleIntent(SourceFile:219)
11-09 08:13:21.881: E/Gmail(7473): 	at android.app.IntentService$ServiceHandler.handleMessage(IntentService.java:66)
11-09 08:13:21.881: E/Gmail(7473): 	at android.os.Handler.dispatchMessage(Handler.java:102)
11-09 08:13:21.881: E/Gmail(7473): 	at android.os.Looper.loop(Looper.java:148)
11-09 08:13:21.881: E/Gmail(7473): 	at android.os.HandlerThread.run(HandlerThread.java:61)
11-09 08:13:21.882: W/EmailMigration(7473): We do not support migrating this version of the Email provider.
11-09 08:13:21.938: W/ChimeraUtils(4813): Non Chimera context
11-09 08:13:21.961: W/ChimeraUtils(4813): Non Chimera context
11-09 08:13:21.989: I/UpdateIcingCorporaServi(7460): UpdateCorporaTask done [took 162 ms] updated apps [took 162 ms] 
11-09 08:13:22.115: I/GAv4(7502): Google Analytics 7.8.95 is starting up. To enable debug logging on a device run:
11-09 08:13:22.115: I/GAv4(7502):   adb shell setprop log.tag.GAv4 DEBUG
11-09 08:13:22.115: I/GAv4(7502):   adb logcat -s GAv4
11-09 08:13:22.138: W/ChimeraUtils(4813): Non Chimera context
11-09 08:13:22.144: W/GAv4(7502): AnalyticsReceiver is not registered or is disabled. Register the receiver for reliable dispatching on non-Google Play devices. See http://goo.gl/8Rd3yj for instructions.
11-09 08:13:22.156: W/GAv4(7502): CampaignTrackingReceiver is not registered, not exported or is disabled. Installation campaign tracking is not possible. See http://goo.gl/8Rd3yj for instructions.
11-09 08:13:22.173: W/AnalyticsTrackerProxyImpl(7502): Analytics setup for ID UA-21125203-2, app name Drive, version 2.3.327.05.36
11-09 08:13:22.199: W/GAv4(7502): AnalyticsService not registered in the app manifest. Hits might not be delivered reliably. See http://goo.gl/8Rd3yj for instructions.
11-09 08:13:22.232: W/ActivityManager(891): Unable to start service Intent { cmp=com.google.android.gm/com.android.email.service.AttachmentService } U=0: not found
11-09 08:13:22.252: W/GAV2(7446): Thread[main,5,main]: Need to call initialize() and be in fallback mode to start dispatch.
11-09 08:13:22.278: I/GmsModuleFndr(4871): Beginning GMS chimera module scan
11-09 08:13:22.283: W/GCM(4813): Unexpected forwarded intent: Intent { act=android.intent.action.PACKAGE_ADDED dat=package:com.google.android.gms.policy_test_support flg=0x4000010 cmp=com.google.android.gms/.chimera.PersistentIntentOperationService (has extras) }
11-09 08:13:22.286: I/ModuleSetMgr(4871): Computing pending module set with APKs: {file:///data/app/com.google.android.gms-1/base.apk}
11-09 08:13:22.287: W/GCM(4813): Unexpected forwarded intent: Intent { act=android.intent.action.PACKAGE_ADDED dat=package:com.google.android.gms.policy_test_support flg=0x4000010 cmp=com.google.android.gms/.chimera.PersistentIntentOperationService (has extras) }
11-09 08:13:22.302: I/ModuleSetUtils(4871): Assembling ModuleSetRecord for container:19420: []
11-09 08:13:22.303: I/ModuleSetMgr(4871): Pending container Zapp APKs: []
11-09 08:13:22.303: I/ModuleSetMgr(4871): Pending non-container Zapp APKs: []
11-09 08:13:22.319: I/Exchange(7446): EasService.onCreate
11-09 08:13:22.321: I/Gmail(7473): Observing account changes for notifications
11-09 08:13:22.338: I/Exchange(7446): RestartPingTask
11-09 08:13:22.346: I/Exchange(7446): RestartPingsTask did not start any pings.
11-09 08:13:22.346: I/Exchange(7446): PSS stopIfIdle
11-09 08:13:22.346: I/Exchange(7446): PSS has no active accounts; stopping service.
11-09 08:13:22.351: I/Exchange(7446): onDestroy
11-09 08:13:22.592: V/NativeCrypto(7502): Registering com/google/android/gms/org/conscrypt/NativeCrypto's 284 native methods...
11-09 08:13:22.624: E/DowngradeHelper(4871): isModuleDowngradeRequired false
11-09 08:13:22.624: E/ConfigFileUtils(4871): Failed to read config file: /data/data/com.google.android.gms/app_chimera/current_modules_init.pb: open failed: ENOENT (No such file or directory)
11-09 08:13:22.679: I/art(7502): Rejecting re-init on previously-failed class java.lang.Class<com.google.android.gms.org.conscrypt.Java7ExtendedSSLSession>
11-09 08:13:22.681: I/art(7502): Rejecting re-init on previously-failed class java.lang.Class<com.google.android.gms.org.conscrypt.Java7ExtendedSSLSession>
11-09 08:13:22.683: I/art(7502): Rejecting re-init on previously-failed class java.lang.Class<com.google.android.gms.org.conscrypt.Java8ExtendedSSLSession>
11-09 08:13:22.684: I/art(7502): Rejecting re-init on previously-failed class java.lang.Class<com.google.android.gms.org.conscrypt.Java8ExtendedSSLSession>
11-09 08:13:22.714: I/ProviderInstaller(7502): Installed default security provider GmsCore_OpenSSL
11-09 08:13:22.715: I/ChimeraCfgMgr(4871): Sending com.google.android.chimera.IntentOperation.NEW_MODULE Intents: 1,false,true
11-09 08:13:22.720: I/ChmraDebugLogger(4871): [46] container:19420
11-09 08:13:22.731: I/Auth(4871): [SupervisedAccountIntentOperation] onHandleIntent(): android.intent.action.PACKAGE_ADDED
11-09 08:13:22.731: I/ChromeSync(4871): [Sync,SyncIntentOperation] Handling the intent: Intent { act=android.intent.action.PACKAGE_ADDED dat=package:com.google.android.gms.policy_test_support flg=0x4000010 cmp=com.google.android.gms/.chimera.GmsIntentOperationService (has extras) }.
11-09 08:13:22.736: W/System(4871): ClassLoader referenced unknown path: /data/app/com.google.android.gms.policy_test_support-1/lib/arm
11-09 08:13:22.737: I/ChromeSync(4871): [Persistence,AffiliationManager] One of affiliation or grouping data for android://JQGPsg9dd2HvcQ3NOvpIBkUqO05p1z872yyCqMPGKyYTrXaagXb_cTSR6Tw7zvKHuN1SL7HTpLIIpZ7kfHKqVA==@com.google.android.gms.policy_test_support/ was not found. Marking affiliation data as stale...
11-09 08:13:22.796: I/ChromeSync(4871): [Persistence,AffiliationManager] Failed to get password domain for package: com.vzw.apnservice
11-09 08:13:22.855: I/ModuleSetUtils(4871): Assembling ModuleSetRecord for ads_fdr:210015,container:19420+vision.ocr: [zapp:/VisionOcr.optional/19420000300, zapp:/AdsFdrDynamite.integ/21001000000]
11-09 08:13:22.862: I/Icing(4871): IndexChimeraService.getServiceInterface callingPackage=com.google.android.gms componentName=AppsCorpus serviceId=36
11-09 08:13:22.870: I/TestSupport(4871): Activate: 1573286400000@1573316002862
11-09 08:13:22.870: I/TestSupport(4871): Boot time: 1573273553937
11-09 08:13:22.882: W/DynamiteModule(4871): Local module descriptor class for providerinstaller not found.
11-09 08:13:22.884: I/TestSupport(4871): Updated: /data/data/com.google.android.gms/app_testsupport/.startup
11-09 08:13:22.886: W/ProviderHelper(4871): Unknown dynamite feature providerinstaller
11-09 08:13:22.886: I/DynamiteModule(4871): Considering local module providerinstaller:0 and remote module providerinstaller:0
11-09 08:13:22.886: W/ProviderInstaller(4871): Failed to load providerinstaller module: No acceptable module found. Local version is 0 and remote version is 0.
11-09 08:13:22.890: I/ChimeraCfgMgr(4871): Received com.google.android.chimera.IntentOperation.NEW_MODULE(1/0): 1,false
11-09 08:13:22.893: W/ActivityManager(891): Unable to start service Intent { flg=0x4 cmp=com.android.vending/com.google.android.finsky.services.DailyHygiene (has extras) } U=0: not found
11-09 08:13:22.899: I/ChromeSync(4871): [Persistence,AffiliationManager] Fetching affiliations from the server.
11-09 08:13:22.901: W/DynamiteModule(4871): Local module descriptor class for providerinstaller not found.
11-09 08:13:22.901: I/DynamiteModule(4871): Considering local module providerinstaller:0 and remote module providerinstaller:0
11-09 08:13:22.901: W/ProviderInstaller(4871): Failed to load providerinstaller module: No acceptable module found. Local version is 0 and remote version is 0.
11-09 08:13:22.911: W/Icing(4871): No valid account for uploading user actions: admc: Not signed in
11-09 08:13:22.918: W/DynamiteModule(4871): Local module descriptor class for providerinstaller not found.
11-09 08:13:22.918: I/DynamiteModule(4871): Considering local module providerinstaller:0 and remote module providerinstaller:0
11-09 08:13:22.918: W/ProviderInstaller(4871): Failed to load providerinstaller module: No acceptable module found. Local version is 0 and remote version is 0.
11-09 08:13:22.932: I/Icing(4871): Usage reports ok 0, Failed Usage reports 0, indexed 0, rejected 0
11-09 08:13:22.936: E/PhenotypeRegOp(4871): Attempting to overwrite config package for com.google.android.gms.car
11-09 08:13:22.939: W/DynamiteModule(4871): Local module descriptor class for providerinstaller not found.
11-09 08:13:22.939: I/DynamiteModule(4871): Considering local module providerinstaller:0 and remote module providerinstaller:0
11-09 08:13:22.939: W/ProviderInstaller(4871): Failed to load providerinstaller module: No acceptable module found. Local version is 0 and remote version is 0.
11-09 08:13:22.954: W/Conscrypt(4871): Could not set socket write timeout: java.net.SocketException: Socket closed
11-09 08:13:22.955: W/Conscrypt(4871): 	at com.google.android.gms.org.conscrypt.Platform.setSocketWriteTimeout(:com.google.android.gms@19420015@19.4.20 (040300-271418971):2)
11-09 08:13:22.955: W/Conscrypt(4871): 	at com.google.android.gms.org.conscrypt.ConscryptFileDescriptorSocket.setSoWriteTimeout(:com.google.android.gms@19420015@19.4.20 (040300-271418971):2)
11-09 08:13:22.958: E/PhenotypeRegOp(4871): Attempting to overwrite config package for com.google.android.gms.mobile_data_plan
11-09 08:13:22.959: E/PhenotypeRegOp(4871): Attempting to overwrite config package for com.google.android.gms.signin
11-09 08:13:22.963: W/DynamiteModule(4871): Local module descriptor class for providerinstaller not found.
11-09 08:13:22.963: I/DynamiteModule(4871): Considering local module providerinstaller:0 and remote module providerinstaller:0
11-09 08:13:22.963: W/ProviderInstaller(4871): Failed to load providerinstaller module: No acceptable module found. Local version is 0 and remote version is 0.
11-09 08:13:22.981: W/DynamiteModule(4871): Local module descriptor class for providerinstaller not found.
11-09 08:13:22.981: I/DynamiteModule(4871): Considering local module providerinstaller:0 and remote module providerinstaller:0
11-09 08:13:22.981: W/ProviderInstaller(4871): Failed to load providerinstaller module: No acceptable module found. Local version is 0 and remote version is 0.
11-09 08:13:23.000: W/DynamiteModule(4871): Local module descriptor class for providerinstaller not found.
11-09 08:13:23.000: I/DynamiteModule(4871): Considering local module providerinstaller:0 and remote module providerinstaller:0
11-09 08:13:23.001: W/ProviderInstaller(4871): Failed to load providerinstaller module: No acceptable module found. Local version is 0 and remote version is 0.
11-09 08:13:23.018: W/DynamiteModule(4871): Local module descriptor class for providerinstaller not found.
11-09 08:13:23.019: I/DynamiteModule(4871): Considering local module providerinstaller:0 and remote module providerinstaller:0
11-09 08:13:23.019: W/ProviderInstaller(4871): Failed to load providerinstaller module: No acceptable module found. Local version is 0 and remote version is 0.
11-09 08:13:23.021: W/Conscrypt(4871): Could not set socket write timeout: java.net.SocketException: Socket closed
11-09 08:13:23.021: W/Conscrypt(4871): 	at com.google.android.gms.org.conscrypt.Platform.setSocketWriteTimeout(:com.google.android.gms@19420015@19.4.20 (040300-271418971):2)
11-09 08:13:23.021: W/Conscrypt(4871): 	at com.google.android.gms.org.conscrypt.ConscryptFileDescriptorSocket.setSoWriteTimeout(:com.google.android.gms@19420015@19.4.20 (040300-271418971):2)
11-09 08:13:23.022: I/art(4871): Background sticky concurrent mark sweep GC freed 11840(789KB) AllocSpace objects, 11(3MB) LOS objects, 10% free, 36MB/41MB, paused 5.079ms total 19.067ms
11-09 08:13:23.053: I/GmsModuleFndr(4871): Beginning GMS chimera module scan
11-09 08:13:23.059: I/ModuleSetMgr(4871): Computing pending module set with APKs: {file:///data/app/com.google.android.gms-1/base.apk}
11-09 08:13:23.066: I/ModuleSetUtils(4871): Assembling ModuleSetRecord for container:19420: []
11-09 08:13:23.067: I/ModuleSetMgr(4871): Pending container Zapp APKs: []
11-09 08:13:23.067: I/ModuleSetMgr(4871): Pending non-container Zapp APKs: []
11-09 08:13:23.093: W/DynamiteModule(4871): Local module descriptor class for providerinstaller not found.
11-09 08:13:23.093: I/DynamiteModule(4871): Considering local module providerinstaller:0 and remote module providerinstaller:0
11-09 08:13:23.093: W/ProviderInstaller(4871): Failed to load providerinstaller module: No acceptable module found. Local version is 0 and remote version is 0.
11-09 08:13:23.099: W/DynamiteModule(4871): Local module descriptor class for providerinstaller not found.
11-09 08:13:23.099: I/DynamiteModule(4871): Considering local module providerinstaller:0 and remote module providerinstaller:0
11-09 08:13:23.099: W/ProviderInstaller(4871): Failed to load providerinstaller module: No acceptable module found. Local version is 0 and remote version is 0.
11-09 08:13:23.105: W/DynamiteModule(4871): Local module descriptor class for providerinstaller not found.
11-09 08:13:23.105: I/DynamiteModule(4871): Considering local module providerinstaller:0 and remote module providerinstaller:0
11-09 08:13:23.105: W/ProviderInstaller(4871): Failed to load providerinstaller module: No acceptable module found. Local version is 0 and remote version is 0.
11-09 08:13:23.122: W/DynamiteModule(4871): Local module descriptor class for providerinstaller not found.
11-09 08:13:23.122: I/DynamiteModule(4871): Considering local module providerinstaller:0 and remote module providerinstaller:0
11-09 08:13:23.122: W/ProviderInstaller(4871): Failed to load providerinstaller module: No acceptable module found. Local version is 0 and remote version is 0.
11-09 08:13:23.145: W/DynamiteModule(4871): Local module descriptor class for providerinstaller not found.
11-09 08:13:23.145: I/DynamiteModule(4871): Considering local module providerinstaller:0 and remote module providerinstaller:0
11-09 08:13:23.146: W/ProviderInstaller(4871): Failed to load providerinstaller module: No acceptable module found. Local version is 0 and remote version is 0.
11-09 08:13:23.165: W/DynamiteModule(4871): Local module descriptor class for providerinstaller not found.
11-09 08:13:23.165: I/DynamiteModule(4871): Considering local module providerinstaller:0 and remote module providerinstaller:0
11-09 08:13:23.165: W/ProviderInstaller(4871): Failed to load providerinstaller module: No acceptable module found. Local version is 0 and remote version is 0.
11-09 08:13:23.189: W/DynamiteModule(4871): Local module descriptor class for providerinstaller not found.
11-09 08:13:23.190: I/DynamiteModule(4871): Considering local module providerinstaller:0 and remote module providerinstaller:0
11-09 08:13:23.190: W/ProviderInstaller(4871): Failed to load providerinstaller module: No acceptable module found. Local version is 0 and remote version is 0.
11-09 08:13:23.195: W/DynamiteModule(4871): Local module descriptor class for providerinstaller not found.
11-09 08:13:23.196: I/DynamiteModule(4871): Considering local module providerinstaller:0 and remote module providerinstaller:0
11-09 08:13:23.196: W/ProviderInstaller(4871): Failed to load providerinstaller module: No acceptable module found. Local version is 0 and remote version is 0.
11-09 08:13:23.267: I/GmsModuleFndr(4871): Beginning GMS chimera module scan
11-09 08:13:23.271: I/ModuleSetMgr(4871): Computing pending module set with APKs: {file:///data/app/com.google.android.gms-1/base.apk}
11-09 08:13:23.277: I/ModuleSetUtils(4871): Assembling ModuleSetRecord for container:19420: []
11-09 08:13:23.278: I/ModuleSetMgr(4871): Pending container Zapp APKs: []
11-09 08:13:23.278: I/ModuleSetMgr(4871): Pending non-container Zapp APKs: []
11-09 08:13:23.346: I/anzn(4813): Scheduling Phenotype for a PhenotypeSyncImmediately(6, com.google.android.gms.testsupport) one off with window [1, 2] in seconds [CONTEXT service_id=51 ]
11-09 08:13:23.937: I/Icing(4871): Indexing com.google.android.gms-apps from com.google.android.gms
11-09 08:13:23.951: I/Icing(4871): Indexing done com.google.android.gms-apps
11-09 08:13:24.234: D/ConnectivityService(891): updateNetworkScore for NetworkAgentInfo [WIFI () - 101] to 60
11-09 08:13:24.799: I/dex2oat(7531): dex2oat took 3.165s (threads: 4) arena alloc=2MB java alloc=2MB native alloc=16MB free=3MB
11-09 08:13:25.093: W/Settings(891): Setting install_non_market_apps has moved from android.provider.Settings.Global to android.provider.Settings.Secure, returning read-only value.
11-09 08:13:25.093: I/art(891): Starting a blocking GC Explicit
11-09 08:13:25.153: I/art(891): Explicit concurrent mark sweep GC freed 41710(3MB) AllocSpace objects, 5(100KB) LOS objects, 32% free, 33MB/49MB, paused 704us total 59.134ms
11-09 08:13:25.158: I/art(7427): System.exit called, status: 0
11-09 08:13:25.158: I/AndroidRuntime(7427): VM exiting with result code 0.
11-09 08:13:25.181: D/BuaReceiver(3274): ====== got intent:Intent { act=android.intent.action.PACKAGE_ADDED dat=package:com.google.android.gmscore.testing.testsupport flg=0x4000010 cmp=com.motorola.android.buacontactadapter/.BuaReceiver (has extras) }
11-09 08:13:25.190: I/InputReader(891): Reconfiguring input devices.  changes=0x00000010
11-09 08:13:25.219: D/CarrierServiceBindHelper(1725): Receive action: android.intent.action.PACKAGE_ADDED
11-09 08:13:25.220: D/CarrierServiceBindHelper(1725): mHandler: 3
11-09 08:13:25.220: D/CarrierConfigLoader(1725): mHandler: 9 phoneId: 0
11-09 08:13:25.247: D/Finsky(7413): [1] ExternalReferrer.access$200: Package state data is missing for com.google.android.gmscore.testing.testsupport
11-09 08:13:25.285: I/UpdateIcingCorporaServi(7460): Updating corpora: APPS=com.google.android.gmscore.testing.testsupport, CONTACTS=MAYBE
11-09 08:13:25.305: W/GCM(4813): Unexpected forwarded intent: Intent { act=android.intent.action.PACKAGE_ADDED dat=package:com.google.android.gmscore.testing.testsupport flg=0x4000010 cmp=com.google.android.gms/.chimera.PersistentIntentOperationService (has extras) }
11-09 08:13:25.306: W/GCM(4813): Unexpected forwarded intent: Intent { act=android.intent.action.PACKAGE_ADDED dat=package:com.google.android.gmscore.testing.testsupport flg=0x4000010 cmp=com.google.android.gms/.chimera.PersistentIntentOperationService (has extras) }
11-09 08:13:25.309: I/Auth(4871): [SupervisedAccountIntentOperation] onHandleIntent(): android.intent.action.PACKAGE_ADDED
11-09 08:13:25.309: I/ChromeSync(4871): [Sync,SyncIntentOperation] Handling the intent: Intent { act=android.intent.action.PACKAGE_ADDED dat=package:com.google.android.gmscore.testing.testsupport flg=0x4000010 cmp=com.google.android.gms/.chimera.GmsIntentOperationService (has extras) }.
11-09 08:13:25.311: I/ChromeSync(4871): [Persistence,AffiliationManager] One of affiliation or grouping data for android://7qg--Vdm54zxKo8avkCXCD_7ToNk-gSGsIINmMu_krBTT9yKXmXa5m1MzFNMIqP92nwcLB8-pgfDA4TXFVsmSw==@com.google.android.gmscore.testing.testsupport/ was not found. Marking affiliation data as stale...
11-09 08:13:25.317: W/SearchableInfo(891): Invalid searchable metadata for com.google.android.gms/.nearby.sharing.ContactSelectActivity: Search label must be a resource reference.
11-09 08:13:25.351: I/UpdateIcingCorporaServi(7460): UpdateCorporaTask done [took 65 ms] updated apps [took 65 ms] 
11-09 08:13:25.393: I/ChromeSync(4871): [Persistence,AffiliationManager] Failed to get password domain for package: com.vzw.apnservice
11-09 08:13:25.454: I/ChromeSync(4871): [Persistence,AffiliationManager] Fetching affiliations from the server.
11-09 08:13:25.496: I/anzs(4813): Removed 0 invalid users [CONTEXT service_id=51 ]
11-09 08:13:25.585: W/Conscrypt(4813): Could not set socket write timeout: java.net.SocketException: Socket closed
11-09 08:13:25.585: W/Conscrypt(4813): 	at com.google.android.gms.org.conscrypt.Platform.setSocketWriteTimeout(:com.google.android.gms@19420015@19.4.20 (040300-271418971):2)
11-09 08:13:25.585: W/Conscrypt(4813): 	at com.google.android.gms.org.conscrypt.ConscryptFileDescriptorSocket.setSoWriteTimeout(:com.google.android.gms@19420015@19.4.20 (040300-271418971):2)
11-09 08:13:25.590: W/Conscrypt(4813): Could not set socket write timeout: java.net.SocketException: Socket closed
11-09 08:13:25.590: W/Conscrypt(4813): 	at com.google.android.gms.org.conscrypt.Platform.setSocketWriteTimeout(:com.google.android.gms@19420015@19.4.20 (040300-271418971):2)
11-09 08:13:25.590: W/Conscrypt(4813): 	at com.google.android.gms.org.conscrypt.ConscryptFileDescriptorSocket.setSoWriteTimeout(:com.google.android.gms@19420015@19.4.20 (040300-271418971):2)
11-09 08:13:25.782: D/AndroidRuntime(7603): >>>>>> START com.android.internal.os.RuntimeInit uid 2000 <<<<<<
11-09 08:13:25.786: D/AndroidRuntime(7603): CheckJNI is OFF
11-09 08:13:25.823: D/ICU(7603): No timezone override file found: /data/misc/zoneinfo/current/icu/icu_tzdata.dat
11-09 08:13:25.850: I/anzn(4813): Scheduling adaptive one off task with window [14400, 604800] in seconds [CONTEXT service_id=51 ]
11-09 08:13:25.859: I/Radio-JNI(7603): register_android_hardware_Radio DONE
11-09 08:13:25.881: D/AndroidRuntime(7603): Calling main entry com.android.commands.am.Am
11-09 08:13:25.898: I/ActivityManager(891): Start proc 7619:com.google.android.gmscore.testing.testsupport/u0a105 for service com.google.android.gmscore.testing.testsupport/.CommandService
11-09 08:13:25.898: D/AndroidRuntime(7603): Shutting down VM
11-09 08:13:25.924: W/System(7619): ClassLoader referenced unknown path: /data/app/com.google.android.gmscore.testing.testsupport-1/lib/arm
11-09 08:13:25.927: I/TSDRIVER(7619): CommandService onHandleIntent()
11-09 08:13:25.928: I/TSDRIVER(7619): Got command: PACKAGE
11-09 08:13:25.933: I/TSDRIVER(7619): flag package: Eglnc2VydmljZXMaLAooZmluc2t5LnBsYXlfc2VydmljZXNfYXV0b191cGRhdGVfZW5hYmxlZBgAGjUKMWZpbnNreS5zZXR1cF93aXphcmRfYWRkaXRpb25hbF9hY2NvdW50X3ZwYV9lbmFibGUYABoxCi1maW5za3kuZGFpbHlfaHlnaWVuZV9zY2hlZHVsZV91bmF1dGhlbnRpY2F0ZWQYAA
11-09 08:13:25.937: I/TSDRIVER(7619): flag package: gservices
11-09 08:13:25.945: E/GooglePlayServicesUtil(7619): The Google Play services resources were not found. Check your project configuration to ensure that the resources are included.
11-09 08:13:25.968: W/Primes(4871): Primes not initialized, returning default (no-op) Primes instance which will ignore all calls. Please call Primes.initialize(...) before using any Primes API.
11-09 08:13:25.995: W/DynamiteModule(4871): Local module descriptor class for com.google.android.gms.googlecertificates not found.
11-09 08:13:26.001: I/DynamiteModule(4871): Considering local module com.google.android.gms.googlecertificates:0 and remote module com.google.android.gms.googlecertificates:4
11-09 08:13:26.001: I/DynamiteModule(4871): Selected remote version of com.google.android.gms.googlecertificates, version >= 4
11-09 08:13:26.005: W/System(4871): ClassLoader referenced unknown path: /data/data/com.google.android.gms/app_chimera/m/00000005/n/armeabi-v7a
11-09 08:13:26.005: W/System(4871): ClassLoader referenced unknown path: /data/data/com.google.android.gms/app_chimera/m/00000005/n/armeabi
11-09 08:13:26.112: I/TestSupport(4871): Activated: 1573286400000@1573316002862
11-09 08:13:26.113: I/TestSupport(4871): Boot time: 1573273553937
11-09 08:13:26.127: I/TestSupport(4871): Passing package and signature checks: com.google.android.gmscore.testing.testsupport
11-09 08:13:26.209: I/TestSupport(4871): SetOverrideOperation: finsky.play_services_auto_update_enabled = false
11-09 08:13:26.367: I/GservicesProvider(4853): override update completed
11-09 08:13:26.414: I/ActivityManager(891): Start proc 7636:com.google.android.configupdater/u0a7 for broadcast com.google.android.configupdater/.CertPin.CertPinUpdateRequestReceiver
11-09 08:13:26.429: I/TestSupport(4871): Broadcast sent: finsky.play_services_auto_update_enabled
11-09 08:13:26.438: I/TestSupport(4871): GServices override confirmed: finsky.play_services_auto_update_enabled=false
11-09 08:13:26.443: I/TestSupport(4871): SetOverrideOperation: finsky.setup_wizard_additional_account_vpa_enable = false
11-09 08:13:26.461: W/System(7636): ClassLoader referenced unknown path: /system/priv-app/ConfigUpdater/lib/arm
11-09 08:13:26.465: I/Icing(4871): Indexing com.google.android.gms-apps from com.google.android.gms
11-09 08:13:26.486: I/Icing(4871): Indexing done com.google.android.gms-apps
11-09 08:13:26.491: E/ConfigUpdater(7636): Received malformed URL while handling Gservices.CHANGED_ACTION intent_firewall: null null
11-09 08:13:26.500: E/ConfigUpdater(7636): Received malformed URL while handling Gservices.CHANGED_ACTION apn_db: null null
11-09 08:13:26.505: E/ConfigUpdater(7636): Received malformed URL while handling Gservices.CHANGED_ACTION tzdata: null null
11-09 08:13:26.511: E/ConfigUpdater(7636): Received malformed URL while handling Gservices.CHANGED_ACTION selinux: null null
11-09 08:13:26.513: E/ConfigUpdater(7636): Received malformed URL while handling Gservices.CHANGED_ACTION carrier_provisioning_urls: null null
11-09 08:13:26.586: I/ActivityManager(891): Start proc 7670:com.google.android.apps.photos/u0a74 for broadcast com.google.android.apps.photos/com.google.android.apps.moviemaker.app.ApplicationEnabler$Receiver
11-09 08:13:26.653: I/GeofencerStateMachine(4813): sendQueryLocationOptIn
11-09 08:13:26.680: I/GeofencerStateMachine(4813): sendQueryLocationOptIn
11-09 08:13:26.688: W/System(7670): ClassLoader referenced unknown path: /system/app/Photos/lib/arm
11-09 08:13:26.701: I/GeofencerStateMachine(4813): sendQueryLocationOptIn
11-09 08:13:26.763: I/GeofencerStateMachine(4813): sendQueryLocationOptIn
11-09 08:13:26.774: I/GeofencerStateMachine(4813): sendQueryLocationOptIn
11-09 08:13:26.786: I/GeofencerStateMachine(4813): sendQueryLocationOptIn
11-09 08:13:26.795: I/GeofencerStateMachine(4813): sendQueryLocationOptIn
11-09 08:13:26.805: I/GeofencerStateMachine(4813): sendQueryLocationOptIn
11-09 08:13:26.849: I/GAV2(7473): Thread[GAThread,5,main]: No campaign data found.
11-09 08:13:27.037: I/GservicesUpdateTask(7460): Updating Gservices keys
11-09 08:13:27.113: I/Backup(4871): [GmsBackupStatusChangeReceiver] Going to enable gms backup transport.
11-09 08:13:27.134: W/LocationOracleImpl(7460): Best location was null
11-09 08:13:27.150: I/Herrevad(4813): [596] acas.a: updateListenState
11-09 08:13:27.155: I/NetRec(4813): [591] akrh.a: onConfigChanged()
11-09 08:13:27.164: I/NetRec(4813): [591] akrh.a: Cancelling all NetRec GCM tasks
11-09 08:13:27.165: I/Backup(4813): [BackupTransportMigratorChimeraService] Starting migration...
11-09 08:13:27.172: I/NetRec(4813): [595] ClearDatabaseService.onHandleIntent: Clearing score cache
11-09 08:13:27.177: I/WebViewFactory(7460): Loading com.google.android.webview version 44.0.2403.117 (code 246011700)
11-09 08:13:27.181: I/GmsModuleFndr(4871): Beginning GMS chimera module scan
11-09 08:13:27.187: I/ModuleSetMgr(4871): Computing pending module set with APKs: {file:///data/app/com.google.android.gms-1/base.apk}
11-09 08:13:27.206: I/ModuleSetUtils(4871): Assembling ModuleSetRecord for container:19420: []
11-09 08:13:27.207: I/ModuleSetMgr(4871): Pending container Zapp APKs: []
11-09 08:13:27.207: I/ModuleSetMgr(4871): Pending non-container Zapp APKs: []
11-09 08:13:27.215: I/GCoreUlr(4813): WorldUpdater received intent Intent { act=com.google.android.location.reporting.ACTION_UPDATE_WORLD cmp=com.google.android.gms/com.google.android.location.reporting.service.DispatchingService (has extras) } with receiverAction com.google.gservices.intent.action.GSERVICES_CHANGED
11-09 08:13:27.219: I/GCoreUlr(4813): Successfully sent flags updated to controllers.
11-09 08:13:27.229: W/ChimeraUtils(4871): Non Chimera context
11-09 08:13:27.247: W/DynamiteModule(4871): Local module descriptor class for providerinstaller not found.
11-09 08:13:27.247: W/ProviderHelper(4871): Unknown dynamite feature providerinstaller
11-09 08:13:27.247: I/DynamiteModule(4871): Considering local module providerinstaller:0 and remote module providerinstaller:0
11-09 08:13:27.247: W/ProviderInstaller(4871): Failed to load providerinstaller module: No acceptable module found. Local version is 0 and remote version is 0.
11-09 08:13:27.256: I/CAR.SETUP(4871): update Car DrivingMode components to false [CONTEXT service_id=13 ]
11-09 08:13:27.258: I/ChromeSync(4871): [Sync,SyncIntentOperation] Handling the intent: Intent { act=com.google.gservices.intent.action.GSERVICES_CHANGED flg=0x10 cmp=com.google.android.gms/.chimera.GmsIntentOperationService$PersistentInternalReceiver }.
11-09 08:13:27.262: W/DynamiteModule(4871): Local module descriptor class for providerinstaller not found.
11-09 08:13:27.263: I/DynamiteModule(4871): Considering local module providerinstaller:0 and remote module providerinstaller:0
11-09 08:13:27.263: W/ProviderInstaller(4871): Failed to load providerinstaller module: No acceptable module found. Local version is 0 and remote version is 0.
11-09 08:13:27.274: I/GCoreUlr(4813): WorldUpdater:com.google.gservices.intent.action.GSERVICES_CHANGED: Ensuring that reporting is stopped because of reasons: (no Google accounts)
11-09 08:13:27.275: W/DynamiteModule(4871): Local module descriptor class for providerinstaller not found.
11-09 08:13:27.275: I/DynamiteModule(4871): Considering local module providerinstaller:0 and remote module providerinstaller:0
11-09 08:13:27.276: W/ProviderInstaller(4871): Failed to load providerinstaller module: No acceptable module found. Local version is 0 and remote version is 0.
11-09 08:13:27.285: W/DynamiteModule(4871): Local module descriptor class for providerinstaller not found.
11-09 08:13:27.285: I/DynamiteModule(4871): Considering local module providerinstaller:0 and remote module providerinstaller:0
11-09 08:13:27.285: W/ProviderInstaller(4871): Failed to load providerinstaller module: No acceptable module found. Local version is 0 and remote version is 0.
11-09 08:13:27.301: I/MobileDataHub(4871): Scheduling periodic tasks
11-09 08:13:27.301: W/DynamiteModule(4871): Local module descriptor class for providerinstaller not found.
11-09 08:13:27.301: I/DynamiteModule(4871): Considering local module providerinstaller:0 and remote module providerinstaller:0
11-09 08:13:27.301: W/ProviderInstaller(4871): Failed to load providerinstaller module: No acceptable module found. Local version is 0 and remote version is 0.
11-09 08:13:27.328: I/GservicesProvider(4853): override update completed
11-09 08:13:27.332: I/GCoreUlr(4813): Unbound from all signal providers.
11-09 08:13:27.333: I/GCoreUlr(4813): Successfully accounts update
11-09 08:13:27.334: W/DynamiteModule(4871): Local module descriptor class for providerinstaller not found.
11-09 08:13:27.344: I/DynamiteModule(4871): Considering local module providerinstaller:0 and remote module providerinstaller:0
11-09 08:13:27.344: I/TestSupport(4871): Broadcast sent: finsky.setup_wizard_additional_account_vpa_enable
11-09 08:13:27.344: W/ProviderInstaller(4871): Failed to load providerinstaller module: No acceptable module found. Local version is 0 and remote version is 0.
11-09 08:13:27.354: I/GAV2(7446): Thread[GAThread,5,main]: No campaign data found.
11-09 08:13:27.363: I/TestSupport(4871): GServices override confirmed: finsky.setup_wizard_additional_account_vpa_enable=false
11-09 08:13:27.371: I/TestSupport(4871): SetOverrideOperation: finsky.daily_hygiene_schedule_unauthenticated = false
11-09 08:13:27.371: W/DynamiteModule(4871): Local module descriptor class for providerinstaller not found.
11-09 08:13:27.371: I/DynamiteModule(4871): Considering local module providerinstaller:0 and remote module providerinstaller:0
11-09 08:13:27.372: W/ProviderInstaller(4871): Failed to load providerinstaller module: No acceptable module found. Local version is 0 and remote version is 0.
11-09 08:13:27.380: E/ConfigUpdater(7636): Received malformed URL while handling Gservices.CHANGED_ACTION intent_firewall: null null
11-09 08:13:27.383: E/ConfigUpdater(7636): Received malformed URL while handling Gservices.CHANGED_ACTION apn_db: null null
11-09 08:13:27.384: E/ConfigUpdater(7636): Received malformed URL while handling Gservices.CHANGED_ACTION tzdata: null null
11-09 08:13:27.387: E/ConfigUpdater(7636): Received malformed URL while handling Gservices.CHANGED_ACTION selinux: null null
11-09 08:13:27.388: W/DynamiteModule(4871): Local module descriptor class for providerinstaller not found.
11-09 08:13:27.388: I/DynamiteModule(4871): Considering local module providerinstaller:0 and remote module providerinstaller:0
11-09 08:13:27.388: W/ProviderInstaller(4871): Failed to load providerinstaller module: No acceptable module found. Local version is 0 and remote version is 0.
11-09 08:13:27.389: E/ConfigUpdater(7636): Received malformed URL while handling Gservices.CHANGED_ACTION carrier_provisioning_urls: null null
11-09 08:13:27.396: I/MS_RegisterService(4871): Tachyon host: instantmessaging-pa.googleapis.com, Tachyon port: 443
11-09 08:13:27.399: I/GCoreUlr(4813): Unbound from all signal providers.
11-09 08:13:27.399: I/GCoreUlr(4813): Stopping handler for UlrDispSvcFast
11-09 08:13:27.403: I/GCoreUlr(4813): Successfully accounts update
11-09 08:13:27.414: I/GCoreUlr(4813): DispatchingService ignoring Intent { act=android.net.wifi.WIFI_STATE_CHANGED flg=0x4000010 (has extras) } because ULR inactive
11-09 08:13:27.418: I/MS_RegisterService(4871): RegisterService intent:Intent { act=com.google.android.gms.matchstick.register_intent_action cat=[targeted_intent_op_prefix:com.google.android.libraries.matchstick.net.SilentRegisterIntentOperation] cmp=com.google.android.gms/.chimera.GmsIntentOperationService } isPeriodic:false
11-09 08:13:27.420: I/GservicesUpdateTask(7460): Updating Gservices keys
11-09 08:13:27.433: I/Backup(4871): [GmsBackupStatusChangeReceiver] Going to enable gms backup transport.
11-09 08:13:27.444: I/MS_Utils(4871): version of com.google.android.apps.maps = 913012024
11-09 08:13:27.467: W/MS_RegisterService(4871): Not eligible for registration.
11-09 08:13:27.484: I/Herrevad(4813): [591] acas.a: updateListenState
11-09 08:13:27.484: I/NetRec(4813): [593] akrh.a: onConfigChanged()
11-09 08:13:27.495: I/NetRec(4813): [593] akrh.a: Cancelling all NetRec GCM tasks
11-09 08:13:27.496: I/NetRec(4813): [595] ClearDatabaseService.onHandleIntent: Clearing score cache
11-09 08:13:27.499: I/GmsModuleFndr(4871): Beginning GMS chimera module scan
11-09 08:13:27.507: I/ModuleSetMgr(4871): Computing pending module set with APKs: {file:///data/app/com.google.android.gms-1/base.apk}
11-09 08:13:27.519: I/OcrModelUpStIntentOp(4871): Updating ocr activity enabled=true (phenotypeFlag=true, lowRamDevice=false, prereqCheck=true)
11-09 08:13:27.522: I/OcrModelUpStIntentOp(4871): Downloading text recognizer
11-09 08:13:27.524: I/SystemUpdate(4871): [Installation,ReceiverIntentOperation] Received intent: Intent { act=com.google.gservices.intent.action.GSERVICES_CHANGED flg=0x10 cmp=com.google.android.gms/.chimera.GmsIntentOperationService$PersistentInternalReceiver }.
11-09 08:13:27.556: I/ModuleSetUtils(4871): Assembling ModuleSetRecord for container:19420: []
11-09 08:13:27.557: I/ModuleSetMgr(4871): Pending container Zapp APKs: []
11-09 08:13:27.557: I/ModuleSetMgr(4871): Pending non-container Zapp APKs: []
11-09 08:13:27.559: W/ChimeraUtils(4871): Non Chimera context
11-09 08:13:27.560: W/ChimeraUtils(4871): Non Chimera context
11-09 08:13:27.576: I/GCoreUlr(4813): WorldUpdater received intent Intent { act=com.google.android.location.reporting.ACTION_UPDATE_WORLD cmp=com.google.android.gms/com.google.android.location.reporting.service.DispatchingService (has extras) } with receiverAction com.google.gservices.intent.action.GSERVICES_CHANGED
11-09 08:13:27.586: I/GeofencerStateMachine(4813): sendQueryLocationOptIn
11-09 08:13:27.590: I/GCoreUlr(4813): Successfully sent flags updated to controllers.
11-09 08:13:27.598: I/GeofencerStateMachine(4813): sendQueryLocationOptIn
11-09 08:13:27.604: I/GservicesProvider(4853): override update completed
11-09 08:13:27.609: I/TestSupport(4871): Broadcast sent: finsky.daily_hygiene_schedule_unauthenticated
11-09 08:13:27.613: I/GeofencerStateMachine(4813): sendQueryLocationOptIn
11-09 08:13:27.624: I/GeofencerStateMachine(4813): sendQueryLocationOptIn
11-09 08:13:27.634: I/GeofencerStateMachine(4813): sendQueryLocationOptIn
11-09 08:13:27.636: I/TestSupport(4871): GServices override confirmed: finsky.daily_hygiene_schedule_unauthenticated=false
11-09 08:13:27.638: I/TSDRIVER(7619): Handled command: PACKAGE
11-09 08:13:27.640: W/System(7460): ClassLoader referenced unknown path: /system/app/WebViewGoogle/lib/arm
11-09 08:13:27.650: E/ConfigUpdater(7636): Received malformed URL while handling Gservices.CHANGED_ACTION intent_firewall: null null
11-09 08:13:27.652: I/GeofencerStateMachine(4813): sendQueryLocationOptIn
11-09 08:13:27.656: E/ConfigUpdater(7636): Received malformed URL while handling Gservices.CHANGED_ACTION apn_db: null null
11-09 08:13:27.660: W/DynamiteModule(4871): Local module descriptor class for providerinstaller not found.
11-09 08:13:27.660: I/DynamiteModule(4871): Considering local module providerinstaller:0 and remote module providerinstaller:0
11-09 08:13:27.660: W/ProviderInstaller(4871): Failed to load providerinstaller module: No acceptable module found. Local version is 0 and remote version is 0.
11-09 08:13:27.665: E/ConfigUpdater(7636): Received malformed URL while handling Gservices.CHANGED_ACTION tzdata: null null
11-09 08:13:27.666: E/ConfigUpdater(7636): Received malformed URL while handling Gservices.CHANGED_ACTION selinux: null null
11-09 08:13:27.666: W/DynamiteModule(4871): Local module descriptor class for providerinstaller not found.
11-09 08:13:27.667: I/DynamiteModule(4871): Considering local module providerinstaller:0 and remote module providerinstaller:0
11-09 08:13:27.667: W/ProviderInstaller(4871): Failed to load providerinstaller module: No acceptable module found. Local version is 0 and remote version is 0.
11-09 08:13:27.669: E/ConfigUpdater(7636): Received malformed URL while handling Gservices.CHANGED_ACTION carrier_provisioning_urls: null null
