11-09 08:13:27.675: W/DynamiteModule(4871): Local module descriptor class for providerinstaller not found.
11-09 08:13:27.675: I/DynamiteModule(4871): Considering local module providerinstaller:0 and remote module providerinstaller:0
11-09 08:13:27.675: W/ProviderInstaller(4871): Failed to load providerinstaller module: No acceptable module found. Local version is 0 and remote version is 0.
11-09 08:13:27.687: I/GeofencerStateMachine(4813): sendQueryLocationOptIn
11-09 08:13:27.691: W/DynamiteModule(4871): Local module descriptor class for providerinstaller not found.
11-09 08:13:27.691: I/DynamiteModule(4871): Considering local module providerinstaller:0 and remote module providerinstaller:0
11-09 08:13:27.691: W/ProviderInstaller(4871): Failed to load providerinstaller module: No acceptable module found. Local version is 0 and remote version is 0.
11-09 08:13:27.701: I/GeofencerStateMachine(4813): sendQueryLocationOptIn
11-09 08:13:27.707: W/DynamiteModule(4871): Local module descriptor class for providerinstaller not found.
11-09 08:13:27.708: I/DynamiteModule(4871): Considering local module providerinstaller:0 and remote module providerinstaller:0
11-09 08:13:27.708: W/ProviderInstaller(4871): Failed to load providerinstaller module: No acceptable module found. Local version is 0 and remote version is 0.
11-09 08:13:27.718: I/GservicesUpdateTask(7460): Updating Gservices keys
11-09 08:13:27.722: I/Backup(4871): [GmsBackupStatusChangeReceiver] Going to enable gms backup transport.
11-09 08:13:27.726: W/DynamiteModule(4871): Local module descriptor class for providerinstaller not found.
11-09 08:13:27.726: I/DynamiteModule(4871): Considering local module providerinstaller:0 and remote module providerinstaller:0
11-09 08:13:27.726: W/ProviderInstaller(4871): Failed to load providerinstaller module: No acceptable module found. Local version is 0 and remote version is 0.
11-09 08:13:27.736: I/NetRec(4813): [591] akrh.a: onConfigChanged()
11-09 08:13:27.736: I/Herrevad(4813): [596] acas.a: updateListenState
11-09 08:13:27.741: I/NetRec(4813): [591] akrh.a: Cancelling all NetRec GCM tasks
11-09 08:13:27.742: I/NetRec(4813): [596] ClearDatabaseService.onHandleIntent: Clearing score cache
11-09 08:13:27.742: W/DynamiteModule(4871): Local module descriptor class for providerinstaller not found.
11-09 08:13:27.743: I/DynamiteModule(4871): Considering local module providerinstaller:0 and remote module providerinstaller:0
11-09 08:13:27.744: W/ProviderInstaller(4871): Failed to load providerinstaller module: No acceptable module found. Local version is 0 and remote version is 0.
11-09 08:13:27.755: W/DynamiteModule(4871): Local module descriptor class for providerinstaller not found.
11-09 08:13:27.756: I/DynamiteModule(4871): Considering local module providerinstaller:0 and remote module providerinstaller:0
11-09 08:13:27.756: W/ProviderInstaller(4871): Failed to load providerinstaller module: No acceptable module found. Local version is 0 and remote version is 0.
11-09 08:13:27.768: I/Vision(4871): Requesting optional module download of ocr.
11-09 08:13:27.778: I/Vision(4871): Checking for download completion for 42513839 -- ocr
11-09 08:13:27.786: I/GmsModuleFndr(4871): Beginning GMS chimera module scan
11-09 08:13:27.790: I/ModuleSetMgr(4871): Computing pending module set with APKs: {file:///data/app/com.google.android.gms-1/base.apk}
11-09 08:13:27.805: I/ModuleSetUtils(4871): Assembling ModuleSetRecord for container:19420: []
11-09 08:13:27.806: I/ModuleSetMgr(4871): Pending container Zapp APKs: []
11-09 08:13:27.806: I/ModuleSetMgr(4871): Pending non-container Zapp APKs: []
11-09 08:13:27.823: I/GCoreUlr(4813): WorldUpdater:com.google.gservices.intent.action.GSERVICES_CHANGED: Ensuring that reporting is stopped because of reasons: (no Google accounts)
11-09 08:13:27.827: I/GmsModuleFndr(4871): Beginning GMS chimera module scan
11-09 08:13:27.831: W/ChimeraUtils(4871): Non Chimera context
11-09 08:13:27.835: I/ModuleSetMgr(4871): Computing pending module set with APKs: {file:///data/app/com.google.android.gms-1/base.apk}
11-09 08:13:27.845: I/ModuleSetUtils(4871): Assembling ModuleSetRecord for container:19420: []
11-09 08:13:27.848: I/ModuleSetMgr(4871): Pending container Zapp APKs: []
11-09 08:13:27.848: I/ModuleSetMgr(4871): Pending non-container Zapp APKs: []
11-09 08:13:27.848: I/ChromeSync(4871): [Sync,SyncIntentOperation] Handling the intent: Intent { act=com.google.gservices.intent.action.GSERVICES_CHANGED flg=0x10 cmp=com.google.android.gms/.chimera.GmsIntentOperationService$PersistentInternalReceiver }.
11-09 08:13:27.855: I/CAR.SETUP(4871): update Car DrivingMode components to false [CONTEXT service_id=13 ]
11-09 08:13:27.858: I/GCoreUlr(4813): Unbound from all signal providers.
11-09 08:13:27.859: I/GCoreUlr(4813): Successfully accounts update
11-09 08:13:27.882: W/DynamiteModule(4871): Local module descriptor class for providerinstaller not found.
11-09 08:13:27.882: I/DynamiteModule(4871): Considering local module providerinstaller:0 and remote module providerinstaller:0
11-09 08:13:27.882: W/ProviderInstaller(4871): Failed to load providerinstaller module: No acceptable module found. Local version is 0 and remote version is 0.
11-09 08:13:27.888: I/MobileDataHub(4871): Scheduling periodic tasks
11-09 08:13:27.890: W/DynamiteModule(4871): Local module descriptor class for providerinstaller not found.
11-09 08:13:27.890: I/DynamiteModule(4871): Considering local module providerinstaller:0 and remote module providerinstaller:0
11-09 08:13:27.890: W/ProviderInstaller(4871): Failed to load providerinstaller module: No acceptable module found. Local version is 0 and remote version is 0.
11-09 08:13:27.902: W/DynamiteModule(4871): Local module descriptor class for providerinstaller not found.
11-09 08:13:27.902: I/DynamiteModule(4871): Considering local module providerinstaller:0 and remote module providerinstaller:0
11-09 08:13:27.902: W/ProviderInstaller(4871): Failed to load providerinstaller module: No acceptable module found. Local version is 0 and remote version is 0.
11-09 08:13:27.915: W/DynamiteModule(4871): Local module descriptor class for providerinstaller not found.
11-09 08:13:27.916: I/DynamiteModule(4871): Considering local module providerinstaller:0 and remote module providerinstaller:0
11-09 08:13:27.916: W/ProviderInstaller(4871): Failed to load providerinstaller module: No acceptable module found. Local version is 0 and remote version is 0.
11-09 08:13:27.923: I/GCoreUlr(4813): DispatchingService ignoring Intent { act=android.net.wifi.WIFI_STATE_CHANGED flg=0x4000010 (has extras) } because ULR inactive
11-09 08:13:27.933: I/MS_RegisterService(4871): Tachyon host: instantmessaging-pa.googleapis.com, Tachyon port: 443
11-09 08:13:27.937: W/DynamiteModule(4871): Local module descriptor class for providerinstaller not found.
11-09 08:13:27.937: I/DynamiteModule(4871): Considering local module providerinstaller:0 and remote module providerinstaller:0
11-09 08:13:27.937: W/ProviderInstaller(4871): Failed to load providerinstaller module: No acceptable module found. Local version is 0 and remote version is 0.
11-09 08:13:27.943: D/NetlinkSocketObserver(891): NeighborEvent{elapsedMs=42454005, 10.13.128.1, [001C73000999], RTM_NEWNEIGH, NUD_REACHABLE}
11-09 08:13:27.950: I/MS_Utils(4871): version of com.google.android.apps.maps = 913012024
11-09 08:13:27.952: I/SystemUpdate(4871): [Installation,ReceiverIntentOperation] Received intent: Intent { act=com.google.gservices.intent.action.GSERVICES_CHANGED flg=0x10 cmp=com.google.android.gms/.chimera.GmsIntentOperationService$PersistentInternalReceiver }.
11-09 08:13:27.953: I/MS_RegisterService(4871): RegisterService intent:Intent { act=com.google.android.gms.matchstick.register_intent_action cat=[targeted_intent_op_prefix:com.google.android.libraries.matchstick.net.SilentRegisterIntentOperation] cmp=com.google.android.gms/.chimera.GmsIntentOperationService } isPeriodic:false
11-09 08:13:27.967: W/MS_RegisterService(4871): Not eligible for registration.
11-09 08:13:27.967: W/ChimeraUtils(4871): Non Chimera context
11-09 08:13:27.969: W/ChimeraUtils(4871): Non Chimera context
11-09 08:13:27.973: W/DynamiteModule(4871): Local module descriptor class for providerinstaller not found.
11-09 08:13:27.973: I/DynamiteModule(4871): Considering local module providerinstaller:0 and remote module providerinstaller:0
11-09 08:13:27.973: W/ProviderInstaller(4871): Failed to load providerinstaller module: No acceptable module found. Local version is 0 and remote version is 0.
11-09 08:13:27.990: I/GeofencerStateMachine(4813): sendQueryLocationOptIn
11-09 08:13:27.995: W/DynamiteModule(4871): Local module descriptor class for providerinstaller not found.
11-09 08:13:27.996: I/DynamiteModule(4871): Considering local module providerinstaller:0 and remote module providerinstaller:0
11-09 08:13:27.996: W/ProviderInstaller(4871): Failed to load providerinstaller module: No acceptable module found. Local version is 0 and remote version is 0.
11-09 08:13:28.004: W/DynamiteModule(4871): Local module descriptor class for providerinstaller not found.
11-09 08:13:28.004: I/DynamiteModule(4871): Considering local module providerinstaller:0 and remote module providerinstaller:0
11-09 08:13:28.004: W/ProviderInstaller(4871): Failed to load providerinstaller module: No acceptable module found. Local version is 0 and remote version is 0.
11-09 08:13:28.015: I/GCoreUlr(4813): WorldUpdater received intent Intent { act=com.google.android.location.reporting.ACTION_UPDATE_WORLD cmp=com.google.android.gms/com.google.android.location.reporting.service.DispatchingService (has extras) } with receiverAction com.google.gservices.intent.action.GSERVICES_CHANGED
11-09 08:13:28.023: I/GeofencerStateMachine(4813): sendQueryLocationOptIn
11-09 08:13:28.036: I/GCoreUlr(4813): Successfully sent flags updated to controllers.
11-09 08:13:28.040: I/GeofencerStateMachine(4813): sendQueryLocationOptIn
11-09 08:13:28.050: I/GCoreUlr(4813): WorldUpdater:com.google.gservices.intent.action.GSERVICES_CHANGED: Ensuring that reporting is stopped because of reasons: (no Google accounts)
11-09 08:13:28.054: I/GeofencerStateMachine(4813): sendQueryLocationOptIn
11-09 08:13:28.071: I/GeofencerStateMachine(4813): sendQueryLocationOptIn
11-09 08:13:28.077: I/GCoreUlr(4813): Unbound from all signal providers.
11-09 08:13:28.077: I/GCoreUlr(4813): Successfully accounts update
11-09 08:13:28.092: I/GeofencerStateMachine(4813): sendQueryLocationOptIn
11-09 08:13:28.104: I/GeofencerStateMachine(4813): sendQueryLocationOptIn
11-09 08:13:28.114: I/GeofencerStateMachine(4813): sendQueryLocationOptIn
11-09 08:13:28.127: I/GCoreUlr(4813): Unbound from all signal providers.
11-09 08:13:28.127: I/GCoreUlr(4813): Stopping handler for UlrDispSvcFast
11-09 08:13:28.135: I/GCoreUlr(4813): Successfully accounts update
11-09 08:13:28.136: I/OcrModelUpStIntentOp(4871): Updating ocr activity enabled=true (phenotypeFlag=true, lowRamDevice=false, prereqCheck=true)
11-09 08:13:28.137: I/OcrModelUpStIntentOp(4871): Downloading text recognizer
11-09 08:13:28.146: I/GmsModuleFndr(4871): Beginning GMS chimera module scan
11-09 08:13:28.147: I/GmsModuleFndr(4871): Beginning GMS chimera module scan
11-09 08:13:28.148: I/Vision(4871): Requesting optional module download of ocr.
11-09 08:13:28.148: I/Vision(4871): Checking for download completion for 42514211 -- ocr
11-09 08:13:28.153: I/ModuleSetMgr(4871): Computing pending module set with APKs: {file:///data/app/com.google.android.gms-1/base.apk}
11-09 08:13:28.161: I/ModuleSetUtils(4871): Assembling ModuleSetRecord for container:19420: []
11-09 08:13:28.162: I/ModuleSetMgr(4871): Pending container Zapp APKs: []
11-09 08:13:28.162: I/ModuleSetMgr(4871): Pending non-container Zapp APKs: []
11-09 08:13:28.185: W/ChimeraUtils(4871): Non Chimera context
11-09 08:13:28.187: I/CAR.SETUP(4871): update Car DrivingMode components to false [CONTEXT service_id=13 ]
11-09 08:13:28.188: I/ChromeSync(4871): [Sync,SyncIntentOperation] Handling the intent: Intent { act=com.google.gservices.intent.action.GSERVICES_CHANGED flg=0x10 cmp=com.google.android.gms/.chimera.GmsIntentOperationService$PersistentInternalReceiver }.
11-09 08:13:28.188: I/ModuleSetMgr(4871): Computing pending module set with APKs: {file:///data/app/com.google.android.gms-1/base.apk}
11-09 08:13:28.197: I/MobileDataHub(4871): Scheduling periodic tasks
11-09 08:13:28.198: I/ModuleSetUtils(4871): Assembling ModuleSetRecord for container:19420: []
11-09 08:13:28.198: I/OcrModelUpStIntentOp(4871): Updating ocr activity enabled=true (phenotypeFlag=true, lowRamDevice=false, prereqCheck=true)
11-09 08:13:28.200: I/OcrModelUpStIntentOp(4871): Downloading text recognizer
11-09 08:13:28.201: I/ModuleSetMgr(4871): Pending container Zapp APKs: []
11-09 08:13:28.201: I/ModuleSetMgr(4871): Pending non-container Zapp APKs: []
11-09 08:13:28.202: I/SystemUpdate(4871): [Installation,ReceiverIntentOperation] Received intent: Intent { act=com.google.gservices.intent.action.GSERVICES_CHANGED flg=0x10 cmp=com.google.android.gms/.chimera.GmsIntentOperationService$PersistentInternalReceiver }.
11-09 08:13:28.209: I/MS_RegisterService(4871): Tachyon host: instantmessaging-pa.googleapis.com, Tachyon port: 443
11-09 08:13:28.209: I/Vision(4871): Requesting optional module download of ocr.
11-09 08:13:28.209: I/Vision(4871): Checking for download completion for 42514272 -- ocr
11-09 08:13:28.213: I/MS_Utils(4871): version of com.google.android.apps.maps = 913012024
11-09 08:13:28.215: W/ChimeraUtils(4871): Non Chimera context
11-09 08:13:28.216: W/ChimeraUtils(4871): Non Chimera context
11-09 08:13:28.231: I/MS_RegisterService(4871): RegisterService intent:Intent { act=com.google.android.gms.matchstick.register_intent_action cat=[targeted_intent_op_prefix:com.google.android.libraries.matchstick.net.SilentRegisterIntentOperation] cmp=com.google.android.gms/.chimera.GmsIntentOperationService } isPeriodic:false
11-09 08:13:28.237: I/LibraryLoader(7460): Time to load native libraries: 74 ms (timestamps 4225-4299)
11-09 08:13:28.237: I/LibraryLoader(7460): Expected native library version number "",actual native library version number ""
11-09 08:13:28.239: W/DynamiteModule(4871): Local module descriptor class for providerinstaller not found.
11-09 08:13:28.240: I/DynamiteModule(4871): Considering local module providerinstaller:0 and remote module providerinstaller:0
11-09 08:13:28.240: W/ProviderInstaller(4871): Failed to load providerinstaller module: No acceptable module found. Local version is 0 and remote version is 0.
11-09 08:13:28.243: W/MS_RegisterService(4871): Not eligible for registration.
11-09 08:13:28.248: W/DynamiteModule(4871): Local module descriptor class for providerinstaller not found.
11-09 08:13:28.249: I/DynamiteModule(4871): Considering local module providerinstaller:0 and remote module providerinstaller:0
11-09 08:13:28.249: W/ProviderInstaller(4871): Failed to load providerinstaller module: No acceptable module found. Local version is 0 and remote version is 0.
11-09 08:13:28.257: W/DynamiteModule(4871): Local module descriptor class for providerinstaller not found.
11-09 08:13:28.257: I/DynamiteModule(4871): Considering local module providerinstaller:0 and remote module providerinstaller:0
11-09 08:13:28.257: W/ProviderInstaller(4871): Failed to load providerinstaller module: No acceptable module found. Local version is 0 and remote version is 0.
11-09 08:13:28.266: W/DynamiteModule(4871): Local module descriptor class for providerinstaller not found.
11-09 08:13:28.266: I/DynamiteModule(4871): Considering local module providerinstaller:0 and remote module providerinstaller:0
11-09 08:13:28.266: W/ProviderInstaller(4871): Failed to load providerinstaller module: No acceptable module found. Local version is 0 and remote version is 0.
11-09 08:13:28.286: W/Search.SearchUrlHelper(7460): Auth token not ready, no auth header set.
11-09 08:13:28.288: W/DynamiteModule(4871): Local module descriptor class for providerinstaller not found.
11-09 08:13:28.288: I/DynamiteModule(4871): Considering local module providerinstaller:0 and remote module providerinstaller:0
11-09 08:13:28.288: W/ProviderInstaller(4871): Failed to load providerinstaller module: No acceptable module found. Local version is 0 and remote version is 0.
11-09 08:13:28.307: W/DynamiteModule(4871): Local module descriptor class for providerinstaller not found.
11-09 08:13:28.307: I/DynamiteModule(4871): Considering local module providerinstaller:0 and remote module providerinstaller:0
11-09 08:13:28.307: W/ProviderInstaller(4871): Failed to load providerinstaller module: No acceptable module found. Local version is 0 and remote version is 0.
11-09 08:13:28.319: W/DynamiteModule(4871): Local module descriptor class for providerinstaller not found.
11-09 08:13:28.319: I/DynamiteModule(4871): Considering local module providerinstaller:0 and remote module providerinstaller:0
11-09 08:13:28.319: W/ProviderInstaller(4871): Failed to load providerinstaller module: No acceptable module found. Local version is 0 and remote version is 0.
11-09 08:13:28.325: D/WifiService(891): New client listening to asynchronous messages
11-09 08:13:28.325: W/DynamiteModule(4871): Local module descriptor class for providerinstaller not found.
11-09 08:13:28.325: I/DynamiteModule(4871): Considering local module providerinstaller:0 and remote module providerinstaller:0
11-09 08:13:28.325: W/ProviderInstaller(4871): Failed to load providerinstaller module: No acceptable module found. Local version is 0 and remote version is 0.
11-09 08:13:28.353: I/GmsModuleFndr(4871): Beginning GMS chimera module scan
11-09 08:13:28.357: I/ModuleSetMgr(4871): Computing pending module set with APKs: {file:///data/app/com.google.android.gms-1/base.apk}
11-09 08:13:28.363: I/ModuleSetUtils(4871): Assembling ModuleSetRecord for container:19420: []
11-09 08:13:28.364: I/ModuleSetMgr(4871): Pending container Zapp APKs: []
11-09 08:13:28.364: I/ModuleSetMgr(4871): Pending non-container Zapp APKs: []
11-09 08:13:28.385: D/AndroidRuntime(7730): >>>>>> START com.android.internal.os.RuntimeInit uid 2000 <<<<<<
11-09 08:13:28.385: W/DynamiteModule(4871): Local module descriptor class for providerinstaller not found.
11-09 08:13:28.385: I/DynamiteModule(4871): Considering local module providerinstaller:0 and remote module providerinstaller:0
11-09 08:13:28.385: W/ProviderInstaller(4871): Failed to load providerinstaller module: No acceptable module found. Local version is 0 and remote version is 0.
11-09 08:13:28.388: D/AndroidRuntime(7730): CheckJNI is OFF
11-09 08:13:28.389: W/DynamiteModule(4871): Local module descriptor class for providerinstaller not found.
11-09 08:13:28.389: I/DynamiteModule(4871): Considering local module providerinstaller:0 and remote module providerinstaller:0
11-09 08:13:28.389: W/ProviderInstaller(4871): Failed to load providerinstaller module: No acceptable module found. Local version is 0 and remote version is 0.
11-09 08:13:28.394: W/DynamiteModule(4871): Local module descriptor class for providerinstaller not found.
11-09 08:13:28.394: I/DynamiteModule(4871): Considering local module providerinstaller:0 and remote module providerinstaller:0
11-09 08:13:28.394: W/ProviderInstaller(4871): Failed to load providerinstaller module: No acceptable module found. Local version is 0 and remote version is 0.
11-09 08:13:28.402: W/DynamiteModule(4871): Local module descriptor class for providerinstaller not found.
11-09 08:13:28.402: I/DynamiteModule(4871): Considering local module providerinstaller:0 and remote module providerinstaller:0
11-09 08:13:28.402: W/ProviderInstaller(4871): Failed to load providerinstaller module: No acceptable module found. Local version is 0 and remote version is 0.
11-09 08:13:28.416: W/DynamiteModule(4871): Local module descriptor class for providerinstaller not found.
11-09 08:13:28.416: I/DynamiteModule(4871): Considering local module providerinstaller:0 and remote module providerinstaller:0
11-09 08:13:28.416: W/ProviderInstaller(4871): Failed to load providerinstaller module: No acceptable module found. Local version is 0 and remote version is 0.
11-09 08:13:28.427: D/ICU(7730): No timezone override file found: /data/misc/zoneinfo/current/icu/icu_tzdata.dat
11-09 08:13:28.433: W/DynamiteModule(4871): Local module descriptor class for providerinstaller not found.
11-09 08:13:28.433: I/DynamiteModule(4871): Considering local module providerinstaller:0 and remote module providerinstaller:0
11-09 08:13:28.433: W/ProviderInstaller(4871): Failed to load providerinstaller module: No acceptable module found. Local version is 0 and remote version is 0.
11-09 08:13:28.448: W/DynamiteModule(4871): Local module descriptor class for providerinstaller not found.
11-09 08:13:28.448: I/DynamiteModule(4871): Considering local module providerinstaller:0 and remote module providerinstaller:0
11-09 08:13:28.448: W/ProviderInstaller(4871): Failed to load providerinstaller module: No acceptable module found. Local version is 0 and remote version is 0.
11-09 08:13:28.455: W/DynamiteModule(4871): Local module descriptor class for providerinstaller not found.
11-09 08:13:28.455: I/DynamiteModule(4871): Considering local module providerinstaller:0 and remote module providerinstaller:0
11-09 08:13:28.455: W/ProviderInstaller(4871): Failed to load providerinstaller module: No acceptable module found. Local version is 0 and remote version is 0.
11-09 08:13:28.465: I/Radio-JNI(7730): register_android_hardware_Radio DONE
11-09 08:13:28.485: D/AndroidRuntime(7730): Calling main entry com.android.commands.am.Am
11-09 08:13:28.489: D/AndroidRuntime(7730): Shutting down VM
11-09 08:13:28.490: I/TSDRIVER(7619): CommandService onHandleIntent()
11-09 08:13:28.490: I/TSDRIVER(7619): Got command: PACKAGE
11-09 08:13:28.491: I/TSDRIVER(7619): flag package: Eitjb20uZ29vZ2xlLmFuZHJvaWQuZ21zLmF1dGguYXBpLmNyZWRlbnRpYWxzGh4KGlNhdmVTdHJhdGVneV9fZW5hYmxlU2F2aW5nGAA
11-09 08:13:28.491: I/TSDRIVER(7619): flag package: com.google.android.gms.auth.api.credentials
11-09 08:13:28.493: I/GmsModuleFndr(4871): Beginning GMS chimera module scan
11-09 08:13:28.498: I/ModuleSetMgr(4871): Computing pending module set with APKs: {file:///data/app/com.google.android.gms-1/base.apk}
11-09 08:13:28.508: I/ModuleSetUtils(4871): Assembling ModuleSetRecord for container:19420: []
11-09 08:13:28.509: I/ModuleSetMgr(4871): Pending container Zapp APKs: []
11-09 08:13:28.509: I/ModuleSetMgr(4871): Pending non-container Zapp APKs: []
11-09 08:13:28.539: W/DynamiteModule(4871): Local module descriptor class for providerinstaller not found.
11-09 08:13:28.540: I/DynamiteModule(4871): Considering local module providerinstaller:0 and remote module providerinstaller:0
11-09 08:13:28.540: W/ProviderInstaller(4871): Failed to load providerinstaller module: No acceptable module found. Local version is 0 and remote version is 0.
11-09 08:13:28.545: I/TestSupport(4871): SetOverrideOperation: gms:phenotype:phenotype_flag:debug_bypass_phenotype = false
11-09 08:13:28.545: W/DynamiteModule(4871): Local module descriptor class for providerinstaller not found.
11-09 08:13:28.545: I/DynamiteModule(4871): Considering local module providerinstaller:0 and remote module providerinstaller:0
11-09 08:13:28.545: W/ProviderInstaller(4871): Failed to load providerinstaller module: No acceptable module found. Local version is 0 and remote version is 0.
11-09 08:13:28.550: W/DynamiteModule(4871): Local module descriptor class for providerinstaller not found.
11-09 08:13:28.550: I/DynamiteModule(4871): Considering local module providerinstaller:0 and remote module providerinstaller:0
11-09 08:13:28.550: W/ProviderInstaller(4871): Failed to load providerinstaller module: No acceptable module found. Local version is 0 and remote version is 0.
11-09 08:13:28.557: W/DynamiteModule(4871): Local module descriptor class for providerinstaller not found.
11-09 08:13:28.557: I/DynamiteModule(4871): Considering local module providerinstaller:0 and remote module providerinstaller:0
11-09 08:13:28.558: W/ProviderInstaller(4871): Failed to load providerinstaller module: No acceptable module found. Local version is 0 and remote version is 0.
11-09 08:13:28.571: W/DynamiteModule(4871): Local module descriptor class for providerinstaller not found.
11-09 08:13:28.571: I/DynamiteModule(4871): Considering local module providerinstaller:0 and remote module providerinstaller:0
11-09 08:13:28.571: W/ProviderInstaller(4871): Failed to load providerinstaller module: No acceptable module found. Local version is 0 and remote version is 0.
11-09 08:13:28.587: W/DynamiteModule(4871): Local module descriptor class for providerinstaller not found.
11-09 08:13:28.587: I/DynamiteModule(4871): Considering local module providerinstaller:0 and remote module providerinstaller:0
11-09 08:13:28.587: W/ProviderInstaller(4871): Failed to load providerinstaller module: No acceptable module found. Local version is 0 and remote version is 0.
11-09 08:13:28.599: W/DynamiteModule(4871): Local module descriptor class for providerinstaller not found.
11-09 08:13:28.599: I/DynamiteModule(4871): Considering local module providerinstaller:0 and remote module providerinstaller:0
11-09 08:13:28.600: W/ProviderInstaller(4871): Failed to load providerinstaller module: No acceptable module found. Local version is 0 and remote version is 0.
11-09 08:13:28.606: W/DynamiteModule(4871): Local module descriptor class for providerinstaller not found.
11-09 08:13:28.606: I/DynamiteModule(4871): Considering local module providerinstaller:0 and remote module providerinstaller:0
11-09 08:13:28.607: W/ProviderInstaller(4871): Failed to load providerinstaller module: No acceptable module found. Local version is 0 and remote version is 0.
11-09 08:13:28.635: I/GmsModuleFndr(4871): Beginning GMS chimera module scan
11-09 08:13:28.639: I/ModuleSetMgr(4871): Computing pending module set with APKs: {file:///data/app/com.google.android.gms-1/base.apk}
11-09 08:13:28.646: I/ModuleSetUtils(4871): Assembling ModuleSetRecord for container:19420: []
11-09 08:13:28.648: I/ModuleSetMgr(4871): Pending container Zapp APKs: []
11-09 08:13:28.648: I/ModuleSetMgr(4871): Pending non-container Zapp APKs: []
11-09 08:13:28.654: I/GservicesProvider(4853): override update completed
11-09 08:13:28.662: E/ConfigUpdater(7636): Received malformed URL while handling Gservices.CHANGED_ACTION intent_firewall: null null
11-09 08:13:28.670: E/ConfigUpdater(7636): Received malformed URL while handling Gservices.CHANGED_ACTION apn_db: null null
11-09 08:13:28.673: E/ConfigUpdater(7636): Received malformed URL while handling Gservices.CHANGED_ACTION tzdata: null null
11-09 08:13:28.679: E/ConfigUpdater(7636): Received malformed URL while handling Gservices.CHANGED_ACTION selinux: null null
11-09 08:13:28.680: I/TestSupport(4871): Broadcast sent: gms:phenotype:phenotype_flag:debug_bypass_phenotype
11-09 08:13:28.680: I/TestSupport(4871): GServices override confirmed: gms:phenotype:phenotype_flag:debug_bypass_phenotype=false
11-09 08:13:28.684: E/ConfigUpdater(7636): Received malformed URL while handling Gservices.CHANGED_ACTION carrier_provisioning_urls: null null
11-09 08:13:28.688: I/TestSupport(4871): SetFlagOverridesOperation: com.google.android.gms.auth.api.credentials, '', [Flag(SaveStrategy__enableSaving, false, 2, 0)]
11-09 08:13:28.726: I/GservicesUpdateTask(7460): Updating Gservices keys
11-09 08:13:28.730: I/Backup(4871): [GmsBackupStatusChangeReceiver] Going to enable gms backup transport.
11-09 08:13:28.752: I/Herrevad(4813): [596] acas.a: updateListenState
11-09 08:13:28.752: I/NetRec(4813): [591] akrh.a: onConfigChanged()
11-09 08:13:28.758: I/NetRec(4813): [591] akrh.a: Cancelling all NetRec GCM tasks
11-09 08:13:28.759: I/NetRec(4813): [592] ClearDatabaseService.onHandleIntent: Clearing score cache
11-09 08:13:28.765: I/GeofencerStateMachine(4813): sendQueryLocationOptIn
11-09 08:13:28.802: I/GmsModuleFndr(4871): Beginning GMS chimera module scan
11-09 08:13:28.807: I/ModuleSetMgr(4871): Computing pending module set with APKs: {file:///data/app/com.google.android.gms-1/base.apk}
11-09 08:13:28.827: I/GCoreUlr(4813): WorldUpdater received intent Intent { act=com.google.android.location.reporting.ACTION_UPDATE_WORLD cmp=com.google.android.gms/com.google.android.location.reporting.service.DispatchingService (has extras) } with receiverAction com.google.gservices.intent.action.GSERVICES_CHANGED
11-09 08:13:28.832: I/ActivityManager(891): Start proc 7779:com.google.android.gms.ui/u0a14 for service com.google.android.gms/.chimera.UiIntentOperationService
11-09 08:13:28.833: I/ModuleSetUtils(4871): Assembling ModuleSetRecord for container:19420: []
11-09 08:13:28.834: I/TestSupport(4871): AwaitCommitOperation: SaveStrategy__enableSaving
11-09 08:13:28.835: I/ModuleSetMgr(4871): Pending container Zapp APKs: []
11-09 08:13:28.835: I/GeofencerStateMachine(4813): sendQueryLocationOptIn
11-09 08:13:28.835: I/ModuleSetMgr(4871): Pending non-container Zapp APKs: []
11-09 08:13:28.836: I/GeofencerStateMachine(4813): sendQueryLocationOptIn
11-09 08:13:28.843: I/GCoreUlr(4813): Successfully sent flags updated to controllers.
11-09 08:13:28.851: I/TestSupport(4871): AwaitCommitOperation: uncommitted: FlagOverride(com.google.android.gms.auth.api.credentials, , Flag(SaveStrategy__enableSaving, false, 2, 0), false)
11-09 08:13:28.863: I/TestSupport(4871): AwaitCommitOperation:  sleeping for 10 msec.
11-09 08:13:28.875: W/ChimeraUtils(4871): Non Chimera context
11-09 08:13:28.881: I/GeofencerStateMachine(4813): sendQueryLocationOptIn
11-09 08:13:28.883: W/DynamiteModule(4871): Local module descriptor class for providerinstaller not found.
11-09 08:13:28.883: I/DynamiteModule(4871): Considering local module providerinstaller:0 and remote module providerinstaller:0
11-09 08:13:28.883: W/ProviderInstaller(4871): Failed to load providerinstaller module: No acceptable module found. Local version is 0 and remote version is 0.
11-09 08:13:28.890: I/ChromeSync(4871): [Sync,SyncIntentOperation] Handling the intent: Intent { act=com.google.gservices.intent.action.GSERVICES_CHANGED flg=0x10 cmp=com.google.android.gms/.chimera.GmsIntentOperationService$PersistentInternalReceiver }.
11-09 08:13:28.893: W/DynamiteModule(4871): Local module descriptor class for providerinstaller not found.
11-09 08:13:28.893: I/DynamiteModule(4871): Considering local module providerinstaller:0 and remote module providerinstaller:0
11-09 08:13:28.893: W/ProviderInstaller(4871): Failed to load providerinstaller module: No acceptable module found. Local version is 0 and remote version is 0.
11-09 08:13:28.899: I/CAR.SETUP(4871): update Car DrivingMode components to false [CONTEXT service_id=13 ]
11-09 08:13:28.908: W/DynamiteModule(4871): Local module descriptor class for providerinstaller not found.
11-09 08:13:28.908: I/DynamiteModule(4871): Considering local module providerinstaller:0 and remote module providerinstaller:0
11-09 08:13:28.908: W/ProviderInstaller(4871): Failed to load providerinstaller module: No acceptable module found. Local version is 0 and remote version is 0.
11-09 08:13:28.925: I/MobileDataHub(4871): Scheduling periodic tasks
11-09 08:13:28.928: W/DynamiteModule(4871): Local module descriptor class for providerinstaller not found.
11-09 08:13:28.929: I/DynamiteModule(4871): Considering local module providerinstaller:0 and remote module providerinstaller:0
11-09 08:13:28.929: W/ProviderInstaller(4871): Failed to load providerinstaller module: No acceptable module found. Local version is 0 and remote version is 0.
11-09 08:13:28.931: I/TestSupport(4871): AwaitCommitOperation: FlagOverride(com.google.android.gms.auth.api.credentials, , Flag(SaveStrategy__enableSaving, false, 2, 0), true) committed
11-09 08:13:28.931: I/TestSupport(4871): AwaitCommitOperation: no more uncommitted overrides
11-09 08:13:28.951: W/DynamiteModule(4871): Local module descriptor class for providerinstaller not found.
11-09 08:13:28.951: I/DynamiteModule(4871): Considering local module providerinstaller:0 and remote module providerinstaller:0
11-09 08:13:28.951: W/ProviderInstaller(4871): Failed to load providerinstaller module: No acceptable module found. Local version is 0 and remote version is 0.
11-09 08:13:28.960: I/GeofencerStateMachine(4813): sendQueryLocationOptIn
11-09 08:13:28.989: I/PTCommittedOperation(4813): Receive new configuration for com.google.android.gms.auth.api.credentials
11-09 08:13:28.991: I/GeofencerStateMachine(4813): sendQueryLocationOptIn
11-09 08:13:28.995: W/DynamiteModule(4871): Local module descriptor class for providerinstaller not found.
11-09 08:13:28.995: I/DynamiteModule(4871): Considering local module providerinstaller:0 and remote module providerinstaller:0
11-09 08:13:28.995: W/ProviderInstaller(4871): Failed to load providerinstaller module: No acceptable module found. Local version is 0 and remote version is 0.
11-09 08:13:29.018: I/GeofencerStateMachine(4813): sendQueryLocationOptIn
11-09 08:13:29.022: W/DynamiteModule(4871): Local module descriptor class for providerinstaller not found.
11-09 08:13:29.022: I/DynamiteModule(4871): Considering local module providerinstaller:0 and remote module providerinstaller:0
11-09 08:13:29.022: W/ProviderInstaller(4871): Failed to load providerinstaller module: No acceptable module found. Local version is 0 and remote version is 0.
11-09 08:13:29.039: I/GeofencerStateMachine(4813): sendQueryLocationOptIn
11-09 08:13:29.046: W/DynamiteModule(4871): Local module descriptor class for providerinstaller not found.
11-09 08:13:29.046: I/DynamiteModule(4871): Considering local module providerinstaller:0 and remote module providerinstaller:0
11-09 08:13:29.046: W/ProviderInstaller(4871): Failed to load providerinstaller module: No acceptable module found. Local version is 0 and remote version is 0.
11-09 08:13:29.061: I/GCoreUlr(4813): WorldUpdater:com.google.gservices.intent.action.GSERVICES_CHANGED: Ensuring that reporting is stopped because of reasons: (no Google accounts)
11-09 08:13:29.072: I/TestSupport(4871): AwaitCommitOperation: *
11-09 08:13:29.092: I/GCoreUlr(4813): Unbound from all signal providers.
11-09 08:13:29.092: I/GCoreUlr(4813): Successfully accounts update
11-09 08:13:29.119: I/TestSupport(4871): AwaitCommitOperation: FlagOverride(com.google.android.gms.auth.api.credentials, , Flag(SaveStrategy__enableSaving, false, 2, 0), true) committed
11-09 08:13:29.120: I/TestSupport(4871): AwaitCommitOperation: no more uncommitted overrides
11-09 08:13:29.126: I/aobm(4813): updateFromConfigurations using legacy put method [CONTEXT service_id=204 ]
11-09 08:13:29.129: I/GCoreUlr(4813): Unbound from all signal providers.
11-09 08:13:29.130: I/GCoreUlr(4813): Stopping handler for UlrDispSvcFast
11-09 08:13:29.134: I/GCoreUlr(4813): Successfully accounts update
11-09 08:13:29.139: W/DynamiteModule(7779): Local module descriptor class for providerinstaller not found.
11-09 08:13:29.140: I/MS_RegisterService(4871): Tachyon host: instantmessaging-pa.googleapis.com, Tachyon port: 443
11-09 08:13:29.140: W/ModuleInitIntentOp(4871): Dropping unexpected action com.google.android.gms.phenotype.COMMITTED
11-09 08:13:29.154: W/ProviderHelper(7779): Unknown dynamite feature providerinstaller
11-09 08:13:29.157: I/DynamiteModule(7779): Considering local module providerinstaller:0 and remote module providerinstaller:0
11-09 08:13:29.157: W/ProviderInstaller(7779): Failed to load providerinstaller module: No acceptable module found. Local version is 0 and remote version is 0.
11-09 08:13:29.177: I/MS_Utils(4871): version of com.google.android.apps.maps = 913012024
11-09 08:13:29.180: V/NativeCrypto(7779): Registering com/google/android/gms/org/conscrypt/NativeCrypto's 284 native methods...
11-09 08:13:29.188: I/GmsModuleFndr(4871): Beginning GMS chimera module scan
11-09 08:13:29.188: I/MS_RegisterService(4871): RegisterService intent:Intent { act=com.google.android.gms.matchstick.register_intent_action cat=[targeted_intent_op_prefix:com.google.android.libraries.matchstick.net.SilentRegisterIntentOperation] cmp=com.google.android.gms/.chimera.GmsIntentOperationService } isPeriodic:false
11-09 08:13:29.195: I/GCoreUlr(4813): DispatchingService ignoring Intent { act=android.net.wifi.WIFI_STATE_CHANGED flg=0x4000010 (has extras) } because ULR inactive
11-09 08:13:29.197: I/ModuleSetMgr(4871): Computing pending module set with APKs: {file:///data/app/com.google.android.gms-1/base.apk}
11-09 08:13:29.208: I/ModuleSetUtils(4871): Assembling ModuleSetRecord for container:19420: []
11-09 08:13:29.209: I/ModuleSetMgr(4871): Pending container Zapp APKs: []
11-09 08:13:29.209: I/ModuleSetMgr(4871): Pending non-container Zapp APKs: []
11-09 08:13:29.226: W/MS_RegisterService(4871): Not eligible for registration.
11-09 08:13:29.233: I/art(7779): Rejecting re-init on previously-failed class java.lang.Class<com.google.android.gms.org.conscrypt.Java7ExtendedSSLSession>
11-09 08:13:29.234: I/art(7779): Rejecting re-init on previously-failed class java.lang.Class<com.google.android.gms.org.conscrypt.Java7ExtendedSSLSession>
11-09 08:13:29.234: I/aobm(4813): updateFromConfigurations using legacy put method [CONTEXT service_id=204 ]
11-09 08:13:29.234: I/art(7779): Rejecting re-init on previously-failed class java.lang.Class<com.google.android.gms.org.conscrypt.Java8ExtendedSSLSession>
11-09 08:13:29.235: I/art(7779): Rejecting re-init on previously-failed class java.lang.Class<com.google.android.gms.org.conscrypt.Java8ExtendedSSLSession>
11-09 08:13:29.243: I/TSDRIVER(7619): Handled command: PACKAGE
11-09 08:13:29.254: I/ProviderInstaller(7779): Installed default security provider GmsCore_OpenSSL
11-09 08:13:29.261: I/Safeboot(7779): Checking safeboot...
11-09 08:13:29.262: I/Safeboot(7779): Not entering safeboot; wrong process.
11-09 08:13:29.279: W/DynamiteModule(4871): Local module descriptor class for providerinstaller not found.
11-09 08:13:29.279: I/DynamiteModule(4871): Considering local module providerinstaller:0 and remote module providerinstaller:0
11-09 08:13:29.280: W/ProviderInstaller(4871): Failed to load providerinstaller module: No acceptable module found. Local version is 0 and remote version is 0.
11-09 08:13:29.286: W/DynamiteModule(4871): Local module descriptor class for providerinstaller not found.
11-09 08:13:29.286: I/DynamiteModule(4871): Considering local module providerinstaller:0 and remote module providerinstaller:0
11-09 08:13:29.286: W/ProviderInstaller(4871): Failed to load providerinstaller module: No acceptable module found. Local version is 0 and remote version is 0.
11-09 08:13:29.291: W/DynamiteModule(4871): Local module descriptor class for providerinstaller not found.
11-09 08:13:29.292: I/DynamiteModule(4871): Considering local module providerinstaller:0 and remote module providerinstaller:0
11-09 08:13:29.292: W/ProviderInstaller(4871): Failed to load providerinstaller module: No acceptable module found. Local version is 0 and remote version is 0.
11-09 08:13:29.301: W/DynamiteModule(4871): Local module descriptor class for providerinstaller not found.
11-09 08:13:29.302: I/DynamiteModule(4871): Considering local module providerinstaller:0 and remote module providerinstaller:0
11-09 08:13:29.302: W/ProviderInstaller(4871): Failed to load providerinstaller module: No acceptable module found. Local version is 0 and remote version is 0.
11-09 08:13:29.316: I/SystemUpdate(4871): [Installation,ReceiverIntentOperation] Received intent: Intent { act=com.google.gservices.intent.action.GSERVICES_CHANGED flg=0x10 cmp=com.google.android.gms/.chimera.GmsIntentOperationService$PersistentInternalReceiver }.
11-09 08:13:29.328: W/NativeLibraryUtils(7779): Failed to open lock file
11-09 08:13:29.328: W/NativeLibraryUtils(7779): java.io.FileNotFoundException: /data/user/0/com.google.android.gms/cache/.lib.lock: open failed: EACCES (Permission denied)
11-09 08:13:29.328: W/NativeLibraryUtils(7779): 	at libcore.io.IoBridge.open(IoBridge.java:452)
11-09 08:13:29.328: W/NativeLibraryUtils(7779): 	at java.io.RandomAccessFile.<init>(RandomAccessFile.java:117)
11-09 08:13:29.328: W/NativeLibraryUtils(7779): 	at tbv.d(:com.google.android.gms@19420015@19.4.20 (040300-271418971):5)
11-09 08:13:29.328: W/NativeLibraryUtils(7779): 	at rxr.run(:com.google.android.gms@19420015@19.4.20 (040300-271418971))
11-09 08:13:29.328: W/NativeLibraryUtils(7779): Caused by: android.system.ErrnoException: open failed: EACCES (Permission denied)
11-09 08:13:29.328: W/NativeLibraryUtils(7779): 	at libcore.io.Posix.open(Native Method)
11-09 08:13:29.328: W/NativeLibraryUtils(7779): 	at libcore.io.BlockGuardOs.open(BlockGuardOs.java:186)
11-09 08:13:29.328: W/NativeLibraryUtils(7779): 	at libcore.io.IoBridge.open(IoBridge.java:438)
11-09 08:13:29.328: W/NativeLibraryUtils(7779): 	... 3 more
11-09 08:13:29.320: W/Thread-537(7802): type=1400 audit(0.0:35): avc: denied { write } for name=".lib.lock" dev="dm-1" ino=408380 scontext=u:r:untrusted_app:s0:c512,c768 tcontext=u:object_r:system_data_file:s0 tclass=file permissive=0
11-09 08:13:29.340: W/ChimeraUtils(4871): Non Chimera context
11-09 08:13:29.340: W/ChimeraUtils(4871): Non Chimera context
11-09 08:13:29.347: W/Primes(7779): Primes not initialized, returning default (no-op) Primes instance which will ignore all calls. Please call Primes.initialize(...) before using any Primes API.
11-09 08:13:29.349: W/DynamiteModule(4871): Local module descriptor class for providerinstaller not found.
11-09 08:13:29.349: I/DynamiteModule(4871): Considering local module providerinstaller:0 and remote module providerinstaller:0
11-09 08:13:29.349: W/ProviderInstaller(4871): Failed to load providerinstaller module: No acceptable module found. Local version is 0 and remote version is 0.
11-09 08:13:29.371: W/DynamiteModule(4871): Local module descriptor class for providerinstaller not found.
11-09 08:13:29.371: I/DynamiteModule(4871): Considering local module providerinstaller:0 and remote module providerinstaller:0
11-09 08:13:29.371: W/ProviderInstaller(4871): Failed to load providerinstaller module: No acceptable module found. Local version is 0 and remote version is 0.
11-09 08:13:29.376: I/OcrModelUpStIntentOp(4871): Updating ocr activity enabled=true (phenotypeFlag=true, lowRamDevice=false, prereqCheck=true)
11-09 08:13:29.381: I/OcrModelUpStIntentOp(4871): Downloading text recognizer
11-09 08:13:29.388: I/Vision(4871): Requesting optional module download of ocr.
11-09 08:13:29.392: I/Vision(4871): Checking for download completion for 42515455 -- ocr
11-09 08:13:29.402: W/DynamiteModule(4871): Local module descriptor class for providerinstaller not found.
11-09 08:13:29.402: I/DynamiteModule(4871): Considering local module providerinstaller:0 and remote module providerinstaller:0
11-09 08:13:29.402: W/ProviderInstaller(4871): Failed to load providerinstaller module: No acceptable module found. Local version is 0 and remote version is 0.
11-09 08:13:29.411: W/DynamiteModule(4871): Local module descriptor class for providerinstaller not found.
11-09 08:13:29.411: I/DynamiteModule(4871): Considering local module providerinstaller:0 and remote module providerinstaller:0
11-09 08:13:29.411: W/ProviderInstaller(4871): Failed to load providerinstaller module: No acceptable module found. Local version is 0 and remote version is 0.
11-09 08:13:29.457: I/GmsModuleFndr(4871): Beginning GMS chimera module scan
11-09 08:13:29.461: I/ModuleSetMgr(4871): Computing pending module set with APKs: {file:///data/app/com.google.android.gms-1/base.apk}
11-09 08:13:29.467: I/ModuleSetUtils(4871): Assembling ModuleSetRecord for container:19420: []
11-09 08:13:29.468: I/ModuleSetMgr(4871): Pending container Zapp APKs: []
11-09 08:13:29.468: I/ModuleSetMgr(4871): Pending non-container Zapp APKs: []
11-09 08:13:29.542: D/AndroidRuntime(7777): >>>>>> START com.android.internal.os.RuntimeInit uid 2000 <<<<<<
11-09 08:13:29.546: D/AndroidRuntime(7777): CheckJNI is OFF
11-09 08:13:29.576: D/ICU(7777): No timezone override file found: /data/misc/zoneinfo/current/icu/icu_tzdata.dat
11-09 08:13:29.619: I/Radio-JNI(7777): register_android_hardware_Radio DONE
11-09 08:13:29.641: D/AndroidRuntime(7777): Calling main entry com.android.commands.am.Am
11-09 08:13:29.655: D/AndroidRuntime(7777): Shutting down VM
11-09 08:13:29.660: I/TSDRIVER(7619): CommandService onHandleIntent()
11-09 08:13:29.660: I/TSDRIVER(7619): Got command: PACKAGE
11-09 08:13:29.661: I/TSDRIVER(7619): flag package: Eh9jb20uZ29vZ2xlLmFuZHJvaWQuZ21zLmF1dG9maWxsGhQKEGF1dG9maWxsX2VuYWJsZWQYAA
11-09 08:13:29.661: I/TSDRIVER(7619): flag package: com.google.android.gms.autofill
11-09 08:13:29.670: I/TestSupport(4871): SetFlagOverridesOperation: com.google.android.gms.autofill, '', [Flag(autofill_enabled, false, 2, 0)]
11-09 08:13:29.719: I/TestSupport(4871): AwaitCommitOperation: autofill_enabled
11-09 08:13:29.732: I/TestSupport(4871): AwaitCommitOperation: uncommitted: FlagOverride(com.google.android.gms.autofill, , Flag(autofill_enabled, false, 2, 0), false)
11-09 08:13:29.732: I/TestSupport(4871): AwaitCommitOperation:  sleeping for 10 msec.
11-09 08:13:29.766: I/PTCommittedOperation(4813): Receive new configuration for com.google.android.gms.autofill
11-09 08:13:29.775: W/ModuleInitIntentOp(4871): Dropping unexpected action com.google.android.gms.phenotype.COMMITTED
11-09 08:13:29.789: I/aobm(4813): updateFromConfigurations using legacy put method [CONTEXT service_id=204 ]
11-09 08:13:29.793: I/TestSupport(4871): AwaitCommitOperation: FlagOverride(com.google.android.gms.autofill, , Flag(autofill_enabled, false, 2, 0), true) committed
11-09 08:13:29.793: I/TestSupport(4871): AwaitCommitOperation: no more uncommitted overrides
11-09 08:13:29.811: I/aobm(4813): updateFromConfigurations using legacy put method [CONTEXT service_id=204 ]
11-09 08:13:29.817: D/WifiStateMachine(891): starting scan for "wl-ftl-mt88-1-5"WPA_PSK with 5580,5180,5785
11-09 08:13:29.928: I/TestSupport(4871): AwaitCommitOperation: *
11-09 08:13:29.938: I/TestSupport(4871): AwaitCommitOperation: FlagOverride(com.google.android.gms.autofill, , Flag(autofill_enabled, false, 2, 0), true) committed
11-09 08:13:29.938: I/TestSupport(4871): AwaitCommitOperation: no more uncommitted overrides
11-09 08:13:30.055: I/TSDRIVER(7619): Handled command: PACKAGE
11-09 08:13:30.272: D/ConnectivityService(891): updateNetworkScore for NetworkAgentInfo [WIFI () - 101] to 56
11-09 08:13:30.608: D/AndroidRuntime(7820): >>>>>> START com.android.internal.os.RuntimeInit uid 2000 <<<<<<
11-09 08:13:30.612: D/AndroidRuntime(7820): CheckJNI is OFF
11-09 08:13:30.655: D/ICU(7820): No timezone override file found: /data/misc/zoneinfo/current/icu/icu_tzdata.dat
11-09 08:13:30.706: I/Radio-JNI(7820): register_android_hardware_Radio DONE
11-09 08:13:30.728: D/AndroidRuntime(7820): Calling main entry com.android.commands.am.Am
11-09 08:13:30.735: D/AndroidRuntime(7820): Shutting down VM
11-09 08:13:30.742: I/TSDRIVER(7619): CommandService onHandleIntent()
11-09 08:13:30.745: I/TSDRIVER(7619): Got command: PACKAGE
11-09 08:13:30.746: I/TSDRIVER(7619): flag package: EiNjb20uZ29vZ2xlLmFuZHJvaWQuZ21zLmF1dGhfYWNjb3VudBodChlhdXRoX3NpZ19vdmVycmlkZV9lbmFibGVkGAA
11-09 08:13:30.748: I/TSDRIVER(7619): flag package: com.google.android.gms.auth_account
11-09 08:13:30.755: I/TestSupport(4871): SetFlagOverridesOperation: com.google.android.gms.auth_account, '', [Flag(auth_sig_override_enabled, false, 2, 0)]
11-09 08:13:30.810: I/TestSupport(4871): AwaitCommitOperation: auth_sig_override_enabled
11-09 08:13:30.815: I/TestSupport(4871): AwaitCommitOperation: uncommitted: FlagOverride(com.google.android.gms.auth_account, , Flag(auth_sig_override_enabled, false, 2, 0), false)
11-09 08:13:30.815: I/TestSupport(4871): AwaitCommitOperation:  sleeping for 10 msec.
11-09 08:13:30.872: I/PTCommittedOperation(4813): Receive new configuration for com.google.android.gms.auth_account
11-09 08:13:30.880: W/ModuleInitIntentOp(4871): Dropping unexpected action com.google.android.gms.phenotype.COMMITTED
11-09 08:13:30.885: I/TestSupport(4871): AwaitCommitOperation: FlagOverride(com.google.android.gms.auth_account, , Flag(auth_sig_override_enabled, false, 2, 0), true) committed
11-09 08:13:30.885: I/TestSupport(4871): AwaitCommitOperation: no more uncommitted overrides
11-09 08:13:30.893: I/aobm(4813): updateFromConfigurations using legacy put method [CONTEXT service_id=204 ]
11-09 08:13:30.934: I/aobm(4813): updateFromConfigurations using legacy put method [CONTEXT service_id=204 ]
11-09 08:13:30.988: I/TestSupport(4871): AwaitCommitOperation: *
11-09 08:13:30.992: I/TestSupport(4871): AwaitCommitOperation: FlagOverride(com.google.android.gms.auth_account, , Flag(auth_sig_override_enabled, false, 2, 0), true) committed
11-09 08:13:30.992: I/TestSupport(4871): AwaitCommitOperation: no more uncommitted overrides
11-09 08:13:31.106: I/TSDRIVER(7619): Handled command: PACKAGE
11-09 08:13:31.562: D/AndroidRuntime(7835): >>>>>> START com.android.internal.os.RuntimeInit uid 2000 <<<<<<
11-09 08:13:31.567: D/AndroidRuntime(7835): CheckJNI is OFF
11-09 08:13:31.609: D/ICU(7835): No timezone override file found: /data/misc/zoneinfo/current/icu/icu_tzdata.dat
11-09 08:13:31.654: I/Radio-JNI(7835): register_android_hardware_Radio DONE
11-09 08:13:31.677: D/AndroidRuntime(7835): Calling main entry com.android.commands.pm.Pm
11-09 08:13:31.688: I/art(7835): System.exit called, status: 0
11-09 08:13:31.688: I/AndroidRuntime(7835): VM exiting with result code 0.
11-09 08:13:32.217: E/Backup(4813): [BackupTransportMigratorChimeraService] Could not migrate transport!
11-09 08:13:32.243: I/Backup(4813): [BackupTransportMigratorChimeraService] Starting migration...
