11-09 08:21:39.941: I/ThermalEngine(386): ACTION: CPU - Setting CPU[3] to 2496000
11-09 08:21:40.007: I/ThermalEngine(386): ACTION: CPU - Setting CPU[0] to 2572800
11-09 08:21:40.007: I/ThermalEngine(386): ACTION: CPU - Setting CPU[1] to 2572800
11-09 08:21:40.007: I/ThermalEngine(386): ACTION: CPU - Setting CPU[2] to 2572800
11-09 08:21:40.007: I/ThermalEngine(386): ACTION: CPU - Setting CPU[3] to 2572800
11-09 08:21:40.072: I/ThermalEngine(386): ACTION: CPU - Setting CPU[0] to 2649600
11-09 08:21:40.072: I/ThermalEngine(386): ACTION: CPU - Setting CPU[1] to 2649600
11-09 08:21:40.072: I/ThermalEngine(386): ACTION: CPU - Setting CPU[2] to 2649600
11-09 08:21:40.072: I/ThermalEngine(386): ACTION: CPU - Setting CPU[3] to 2649600
11-09 08:21:40.138: I/ThermalEngine(386): ACTION: CPU - Setting CPU[0] to 2572800
11-09 08:21:40.138: I/ThermalEngine(386): ACTION: CPU - Setting CPU[1] to 2572800
11-09 08:21:40.138: I/ThermalEngine(386): ACTION: CPU - Setting CPU[2] to 2572800
11-09 08:21:40.138: I/ThermalEngine(386): ACTION: CPU - Setting CPU[3] to 2572800
11-09 08:21:40.203: I/ThermalEngine(386): ACTION: CPU - Setting CPU[0] to 2496000
11-09 08:21:40.204: I/ThermalEngine(386): ACTION: CPU - Setting CPU[1] to 2496000
11-09 08:21:40.204: I/ThermalEngine(386): ACTION: CPU - Setting CPU[2] to 2496000
11-09 08:21:40.204: I/ThermalEngine(386): ACTION: CPU - Setting CPU[3] to 2496000
11-09 08:21:40.269: I/ThermalEngine(386): ACTION: CPU - Setting CPU[0] to 2572800
11-09 08:21:40.269: I/ThermalEngine(386): ACTION: CPU - Setting CPU[1] to 2572800
11-09 08:21:40.269: I/ThermalEngine(386): ACTION: CPU - Setting CPU[2] to 2572800
11-09 08:21:40.269: I/ThermalEngine(386): ACTION: CPU - Setting CPU[3] to 2572800
11-09 08:21:40.335: I/ThermalEngine(386): ACTION: CPU - Setting CPU[0] to 2649600
11-09 08:21:40.335: I/ThermalEngine(386): ACTION: CPU - Setting CPU[1] to 2649600
11-09 08:21:40.335: I/ThermalEngine(386): ACTION: CPU - Setting CPU[2] to 2649600
11-09 08:21:40.335: I/ThermalEngine(386): ACTION: CPU - Setting CPU[3] to 2649600
11-09 08:21:40.401: I/ThermalEngine(386): ACTION: CPU - Setting CPU[0] to 2572800
11-09 08:21:40.401: I/ThermalEngine(386): ACTION: CPU - Setting CPU[1] to 2572800
11-09 08:21:40.401: I/ThermalEngine(386): ACTION: CPU - Setting CPU[2] to 2572800
11-09 08:21:40.401: I/ThermalEngine(386): ACTION: CPU - Setting CPU[3] to 2572800
11-09 08:21:40.467: I/ThermalEngine(386): ACTION: CPU - Setting CPU[0] to 2496000
11-09 08:21:40.467: I/ThermalEngine(386): ACTION: CPU - Setting CPU[1] to 2496000
11-09 08:21:40.467: I/ThermalEngine(386): ACTION: CPU - Setting CPU[2] to 2496000
11-09 08:21:40.467: I/ThermalEngine(386): ACTION: CPU - Setting CPU[3] to 2496000
11-09 08:21:40.533: I/ThermalEngine(386): ACTION: CPU - Setting CPU[0] to 2572800
11-09 08:21:40.533: I/ThermalEngine(386): ACTION: CPU - Setting CPU[1] to 2572800
11-09 08:21:40.533: I/ThermalEngine(386): ACTION: CPU - Setting CPU[2] to 2572800
11-09 08:21:40.533: I/ThermalEngine(386): ACTION: CPU - Setting CPU[3] to 2572800
11-09 08:21:40.664: I/ThermalEngine(386): ACTION: CPU - Setting CPU[0] to 2496000
11-09 08:21:40.664: I/ThermalEngine(386): ACTION: CPU - Setting CPU[1] to 2496000
11-09 08:21:40.664: I/ThermalEngine(386): ACTION: CPU - Setting CPU[2] to 2496000
11-09 08:21:40.664: I/ThermalEngine(386): ACTION: CPU - Setting CPU[3] to 2496000
11-09 08:21:40.730: I/ThermalEngine(386): ACTION: CPU - Setting CPU[0] to 2572800
11-09 08:21:40.730: I/ThermalEngine(386): ACTION: CPU - Setting CPU[1] to 2572800
11-09 08:21:40.730: I/ThermalEngine(386): ACTION: CPU - Setting CPU[2] to 2572800
11-09 08:21:40.730: I/ThermalEngine(386): ACTION: CPU - Setting CPU[3] to 2572800
11-09 08:21:40.797: I/ThermalEngine(386): ACTION: CPU - Setting CPU[0] to 2649600
11-09 08:21:40.808: I/ThermalEngine(386): ACTION: CPU - Setting CPU[1] to 2649600
11-09 08:21:40.808: I/ThermalEngine(386): ACTION: CPU - Setting CPU[2] to 2649600
11-09 08:21:40.808: I/ThermalEngine(386): ACTION: CPU - Setting CPU[3] to 2649600
11-09 08:21:40.959: I/ViewInteraction(8679): Performing 'single click' action on view with id: com.example.concurrencyeval:id/mm_run_button
11-09 08:21:41.005: D/audio_hw_primary(376): out_set_parameters: enter: usecase(1: low-latency-playback) kvpairs: routing=131072
11-09 08:21:41.018: D/audio_hw_primary(376): select_devices: out_snd_device(6: line) in_snd_device(0: none)
11-09 08:21:41.018: D/msm8974_platform(376): platform_send_audio_calibration: sending audio calibration for snd_device(6) acdb_id(77)
11-09 08:21:41.018: D/audio_hw_primary(376): enable_snd_device: snd_device(6: line)
11-09 08:21:41.033: D/audio_hw_primary(376): enable_audio_route: apply and update mixer path: low-latency-playback
11-09 08:21:41.034: W/art(8679): Suspending all threads took: 6.219ms
11-09 08:21:41.052: I/art(8679): Background partial concurrent mark sweep GC freed 10489(24MB) AllocSpace objects, 0(0B) LOS objects, 38% free, 25MB/41MB, paused 6.909ms total 32.363ms
11-09 08:21:41.647: I/Choreographer(8679): Skipped 38 frames!  The application may be doing too much work on its main thread.
11-09 08:21:42.418: I/ThermalEngine(386): ACTION: CPU - Setting CPU[0] to 2572800
11-09 08:21:42.418: I/ThermalEngine(386): ACTION: CPU - Setting CPU[1] to 2572800
11-09 08:21:42.418: I/ThermalEngine(386): ACTION: CPU - Setting CPU[2] to 2572800
11-09 08:21:42.418: I/ThermalEngine(386): ACTION: CPU - Setting CPU[3] to 2572800
11-09 08:21:42.483: I/ThermalEngine(386): ACTION: CPU - Setting CPU[0] to 2649600
11-09 08:21:42.483: I/ThermalEngine(386): ACTION: CPU - Setting CPU[1] to 2649600
11-09 08:21:42.483: I/ThermalEngine(386): ACTION: CPU - Setting CPU[2] to 2649600
11-09 08:21:42.483: I/ThermalEngine(386): ACTION: CPU - Setting CPU[3] to 2649600
11-09 08:21:42.871: I/ThermalEngine(386): ACTION: CPU - Setting CPU[0] to 2572800
11-09 08:21:42.871: I/ThermalEngine(386): ACTION: CPU - Setting CPU[1] to 2572800
11-09 08:21:42.872: I/ThermalEngine(386): ACTION: CPU - Setting CPU[2] to 2572800
11-09 08:21:42.872: I/ThermalEngine(386): ACTION: CPU - Setting CPU[3] to 2572800
11-09 08:21:42.937: I/ThermalEngine(386): ACTION: CPU - Setting CPU[0] to 2496000
11-09 08:21:42.937: I/ThermalEngine(386): ACTION: CPU - Setting CPU[1] to 2496000
11-09 08:21:42.937: I/ThermalEngine(386): ACTION: CPU - Setting CPU[2] to 2496000
11-09 08:21:42.937: I/ThermalEngine(386): ACTION: CPU - Setting CPU[3] to 2496000
11-09 08:21:43.002: I/ThermalEngine(386): ACTION: CPU - Setting CPU[0] to 2572800
11-09 08:21:43.002: I/ThermalEngine(386): ACTION: CPU - Setting CPU[1] to 2572800
11-09 08:21:43.002: I/ThermalEngine(386): ACTION: CPU - Setting CPU[2] to 2572800
11-09 08:21:43.002: I/ThermalEngine(386): ACTION: CPU - Setting CPU[3] to 2572800
11-09 08:21:43.067: I/ThermalEngine(386): ACTION: CPU - Setting CPU[0] to 2649600
11-09 08:21:43.068: I/ThermalEngine(386): ACTION: CPU - Setting CPU[1] to 2649600
11-09 08:21:43.068: I/ThermalEngine(386): ACTION: CPU - Setting CPU[2] to 2649600
11-09 08:21:43.068: I/ThermalEngine(386): ACTION: CPU - Setting CPU[3] to 2649600
11-09 08:21:43.133: I/ThermalEngine(386): ACTION: CPU - Setting CPU[0] to 2572800
11-09 08:21:43.133: I/ThermalEngine(386): ACTION: CPU - Setting CPU[1] to 2572800
11-09 08:21:43.133: I/ThermalEngine(386): ACTION: CPU - Setting CPU[2] to 2572800
11-09 08:21:43.133: I/ThermalEngine(386): ACTION: CPU - Setting CPU[3] to 2572800
11-09 08:21:43.198: I/ThermalEngine(386): ACTION: CPU - Setting CPU[0] to 2649600
11-09 08:21:43.199: I/ThermalEngine(386): ACTION: CPU - Setting CPU[1] to 2649600
11-09 08:21:43.199: I/ThermalEngine(386): ACTION: CPU - Setting CPU[2] to 2649600
11-09 08:21:43.199: I/ThermalEngine(386): ACTION: CPU - Setting CPU[3] to 2649600
11-09 08:21:43.264: I/ThermalEngine(386): ACTION: CPU - Setting CPU[0] to 2572800
11-09 08:21:43.264: I/ThermalEngine(386): ACTION: CPU - Setting CPU[1] to 2572800
11-09 08:21:43.264: I/ThermalEngine(386): ACTION: CPU - Setting CPU[2] to 2572800
11-09 08:21:43.264: I/ThermalEngine(386): ACTION: CPU - Setting CPU[3] to 2572800
11-09 08:21:43.329: I/ThermalEngine(386): ACTION: CPU - Setting CPU[0] to 2649600
11-09 08:21:43.330: I/ThermalEngine(386): ACTION: CPU - Setting CPU[1] to 2649600
11-09 08:21:43.330: I/ThermalEngine(386): ACTION: CPU - Setting CPU[2] to 2649600
11-09 08:21:43.330: I/ThermalEngine(386): ACTION: CPU - Setting CPU[3] to 2649600
11-09 08:21:43.395: I/ThermalEngine(386): ACTION: CPU - Setting CPU[0] to 2572800
11-09 08:21:43.395: I/ThermalEngine(386): ACTION: CPU - Setting CPU[1] to 2572800
11-09 08:21:43.395: I/ThermalEngine(386): ACTION: CPU - Setting CPU[2] to 2572800
11-09 08:21:43.395: I/ThermalEngine(386): ACTION: CPU - Setting CPU[3] to 2572800
11-09 08:21:43.461: I/ThermalEngine(386): ACTION: CPU - Setting CPU[0] to 2496000
11-09 08:21:43.461: I/ThermalEngine(386): ACTION: CPU - Setting CPU[1] to 2496000
11-09 08:21:43.461: I/ThermalEngine(386): ACTION: CPU - Setting CPU[2] to 2496000
11-09 08:21:43.461: I/ThermalEngine(386): ACTION: CPU - Setting CPU[3] to 2496000
11-09 08:21:43.526: I/ThermalEngine(386): ACTION: CPU - Setting CPU[0] to 2572800
11-09 08:21:43.526: I/ThermalEngine(386): ACTION: CPU - Setting CPU[1] to 2572800
11-09 08:21:43.526: I/ThermalEngine(386): ACTION: CPU - Setting CPU[2] to 2572800
11-09 08:21:43.526: I/ThermalEngine(386): ACTION: CPU - Setting CPU[3] to 2572800
11-09 08:21:43.591: I/ThermalEngine(386): ACTION: CPU - Setting CPU[0] to 2496000
11-09 08:21:43.591: I/ThermalEngine(386): ACTION: CPU - Setting CPU[1] to 2496000
11-09 08:21:43.591: I/ThermalEngine(386): ACTION: CPU - Setting CPU[2] to 2496000
11-09 08:21:43.591: I/ThermalEngine(386): ACTION: CPU - Setting CPU[3] to 2496000
11-09 08:21:43.657: I/ThermalEngine(386): ACTION: CPU - Setting CPU[0] to 2457600
11-09 08:21:43.657: I/ThermalEngine(386): ACTION: CPU - Setting CPU[1] to 2457600
11-09 08:21:43.657: I/ThermalEngine(386): ACTION: CPU - Setting CPU[2] to 2457600
11-09 08:21:43.657: I/ThermalEngine(386): ACTION: CPU - Setting CPU[3] to 2457600
11-09 08:21:43.722: I/ThermalEngine(386): ACTION: CPU - Setting CPU[0] to 2496000
11-09 08:21:43.722: I/ThermalEngine(386): ACTION: CPU - Setting CPU[1] to 2496000
11-09 08:21:43.722: I/ThermalEngine(386): ACTION: CPU - Setting CPU[2] to 2496000
11-09 08:21:43.722: I/ThermalEngine(386): ACTION: CPU - Setting CPU[3] to 2496000
11-09 08:21:43.787: I/ThermalEngine(386): ACTION: CPU - Setting CPU[0] to 2572800
11-09 08:21:43.788: I/ThermalEngine(386): ACTION: CPU - Setting CPU[1] to 2572800
11-09 08:21:43.788: I/ThermalEngine(386): ACTION: CPU - Setting CPU[2] to 2572800
11-09 08:21:43.788: I/ThermalEngine(386): ACTION: CPU - Setting CPU[3] to 2572800
11-09 08:21:43.853: I/ThermalEngine(386): ACTION: CPU - Setting CPU[0] to 2649600
11-09 08:21:43.853: I/ThermalEngine(386): ACTION: CPU - Setting CPU[1] to 2649600
11-09 08:21:43.853: I/ThermalEngine(386): ACTION: CPU - Setting CPU[2] to 2649600
11-09 08:21:43.853: I/ThermalEngine(386): ACTION: CPU - Setting CPU[3] to 2649600
11-09 08:21:43.918: I/ThermalEngine(386): ACTION: CPU - Setting CPU[0] to 2572800
11-09 08:21:43.919: I/ThermalEngine(386): ACTION: CPU - Setting CPU[1] to 2572800
11-09 08:21:43.919: I/ThermalEngine(386): ACTION: CPU - Setting CPU[2] to 2572800
11-09 08:21:43.919: I/ThermalEngine(386): ACTION: CPU - Setting CPU[3] to 2572800
11-09 08:21:43.984: I/ThermalEngine(386): ACTION: CPU - Setting CPU[0] to 2496000
11-09 08:21:43.984: I/ThermalEngine(386): ACTION: CPU - Setting CPU[1] to 2496000
11-09 08:21:43.984: I/ThermalEngine(386): ACTION: CPU - Setting CPU[2] to 2496000
11-09 08:21:43.984: I/ThermalEngine(386): ACTION: CPU - Setting CPU[3] to 2496000
11-09 08:21:44.049: I/ThermalEngine(386): ACTION: CPU - Setting CPU[0] to 2572800
11-09 08:21:44.049: I/ThermalEngine(386): ACTION: CPU - Setting CPU[1] to 2572800
11-09 08:21:44.049: I/ThermalEngine(386): ACTION: CPU - Setting CPU[2] to 2572800
11-09 08:21:44.049: I/ThermalEngine(386): ACTION: CPU - Setting CPU[3] to 2572800
11-09 08:21:44.115: I/ThermalEngine(386): ACTION: CPU - Setting CPU[0] to 2496000
11-09 08:21:44.115: I/ThermalEngine(386): ACTION: CPU - Setting CPU[1] to 2496000
11-09 08:21:44.115: I/ThermalEngine(386): ACTION: CPU - Setting CPU[2] to 2496000
11-09 08:21:44.115: I/ThermalEngine(386): ACTION: CPU - Setting CPU[3] to 2496000
11-09 08:21:44.180: I/ThermalEngine(386): ACTION: CPU - Setting CPU[0] to 2457600
11-09 08:21:44.180: I/ThermalEngine(386): ACTION: CPU - Setting CPU[1] to 2457600
11-09 08:21:44.180: I/ThermalEngine(386): ACTION: CPU - Setting CPU[2] to 2457600
11-09 08:21:44.180: I/ThermalEngine(386): ACTION: CPU - Setting CPU[3] to 2457600
11-09 08:21:44.246: I/ThermalEngine(386): ACTION: CPU - Setting CPU[0] to 2496000
11-09 08:21:44.246: I/ThermalEngine(386): ACTION: CPU - Setting CPU[1] to 2496000
11-09 08:21:44.246: I/ThermalEngine(386): ACTION: CPU - Setting CPU[2] to 2496000
11-09 08:21:44.246: I/ThermalEngine(386): ACTION: CPU - Setting CPU[3] to 2496000
11-09 08:21:44.268: D/audio_hw_primary(376): disable_audio_route: reset and update mixer path: low-latency-playback
11-09 08:21:44.268: D/audio_hw_primary(376): disable_snd_device: snd_device(6: line)
11-09 08:21:44.311: I/ThermalEngine(386): ACTION: CPU - Setting CPU[0] to 2572800
11-09 08:21:44.311: I/ThermalEngine(386): ACTION: CPU - Setting CPU[1] to 2572800
11-09 08:21:44.311: I/ThermalEngine(386): ACTION: CPU - Setting CPU[2] to 2572800
11-09 08:21:44.312: I/ThermalEngine(386): ACTION: CPU - Setting CPU[3] to 2572800
11-09 08:21:44.377: I/ThermalEngine(386): ACTION: CPU - Setting CPU[0] to 2649600
11-09 08:21:44.377: I/ThermalEngine(386): ACTION: CPU - Setting CPU[1] to 2649600
11-09 08:21:44.377: I/ThermalEngine(386): ACTION: CPU - Setting CPU[2] to 2649600
11-09 08:21:44.377: I/ThermalEngine(386): ACTION: CPU - Setting CPU[3] to 2649600
11-09 08:21:44.473: I/ThermalEngine(386): ACTION: CPU - Setting CPU[0] to 2572800
11-09 08:21:44.473: I/ThermalEngine(386): ACTION: CPU - Setting CPU[1] to 2572800
11-09 08:21:44.473: I/ThermalEngine(386): ACTION: CPU - Setting CPU[2] to 2572800
11-09 08:21:44.473: I/ThermalEngine(386): ACTION: CPU - Setting CPU[3] to 2572800
11-09 08:21:44.539: I/ThermalEngine(386): ACTION: CPU - Setting CPU[0] to 2649600
11-09 08:21:44.539: I/ThermalEngine(386): ACTION: CPU - Setting CPU[1] to 2649600
11-09 08:21:44.539: I/ThermalEngine(386): ACTION: CPU - Setting CPU[2] to 2649600
11-09 08:21:44.539: I/ThermalEngine(386): ACTION: CPU - Setting CPU[3] to 2649600
11-09 08:21:44.604: I/ThermalEngine(386): ACTION: CPU - Setting CPU[0] to 2572800
11-09 08:21:44.604: I/ThermalEngine(386): ACTION: CPU - Setting CPU[1] to 2572800
11-09 08:21:44.604: I/ThermalEngine(386): ACTION: CPU - Setting CPU[2] to 2572800
11-09 08:21:44.605: I/ThermalEngine(386): ACTION: CPU - Setting CPU[3] to 2572800
11-09 08:21:44.670: I/ThermalEngine(386): ACTION: CPU - Setting CPU[0] to 2496000
11-09 08:21:44.670: I/ThermalEngine(386): ACTION: CPU - Setting CPU[1] to 2496000
11-09 08:21:44.670: I/ThermalEngine(386): ACTION: CPU - Setting CPU[2] to 2496000
11-09 08:21:44.670: I/ThermalEngine(386): ACTION: CPU - Setting CPU[3] to 2496000
11-09 08:21:44.735: I/ThermalEngine(386): ACTION: CPU - Setting CPU[0] to 2572800
11-09 08:21:44.735: I/ThermalEngine(386): ACTION: CPU - Setting CPU[1] to 2572800
11-09 08:21:44.735: I/ThermalEngine(386): ACTION: CPU - Setting CPU[2] to 2572800
11-09 08:21:44.735: I/ThermalEngine(386): ACTION: CPU - Setting CPU[3] to 2572800
11-09 08:21:44.801: I/ThermalEngine(386): ACTION: CPU - Setting CPU[0] to 2649600
11-09 08:21:44.801: I/ThermalEngine(386): ACTION: CPU - Setting CPU[1] to 2649600
11-09 08:21:44.801: I/ThermalEngine(386): ACTION: CPU - Setting CPU[2] to 2649600
11-09 08:21:44.801: I/ThermalEngine(386): ACTION: CPU - Setting CPU[3] to 2649600
11-09 08:21:44.867: I/ThermalEngine(386): ACTION: CPU - Setting CPU[0] to 2572800
11-09 08:21:44.867: I/ThermalEngine(386): ACTION: CPU - Setting CPU[1] to 2572800
11-09 08:21:44.867: I/ThermalEngine(386): ACTION: CPU - Setting CPU[2] to 2572800
11-09 08:21:44.867: I/ThermalEngine(386): ACTION: CPU - Setting CPU[3] to 2572800
11-09 08:21:44.933: I/ThermalEngine(386): ACTION: CPU - Setting CPU[0] to 2649600
11-09 08:21:44.933: I/ThermalEngine(386): ACTION: CPU - Setting CPU[1] to 2649600
11-09 08:21:44.933: I/ThermalEngine(386): ACTION: CPU - Setting CPU[2] to 2649600
11-09 08:21:44.933: I/ThermalEngine(386): ACTION: CPU - Setting CPU[3] to 2649600
11-09 08:21:44.999: I/ThermalEngine(386): ACTION: CPU - Setting CPU[0] to 2572800
11-09 08:21:44.999: I/ThermalEngine(386): ACTION: CPU - Setting CPU[1] to 2572800
11-09 08:21:44.999: I/ThermalEngine(386): ACTION: CPU - Setting CPU[2] to 2572800
11-09 08:21:44.999: I/ThermalEngine(386): ACTION: CPU - Setting CPU[3] to 2572800
11-09 08:21:45.064: I/ThermalEngine(386): ACTION: CPU - Setting CPU[0] to 2496000
11-09 08:21:45.064: I/ThermalEngine(386): ACTION: CPU - Setting CPU[1] to 2496000
11-09 08:21:45.064: I/ThermalEngine(386): ACTION: CPU - Setting CPU[2] to 2496000
11-09 08:21:45.064: I/ThermalEngine(386): ACTION: CPU - Setting CPU[3] to 2496000
11-09 08:21:45.130: I/ThermalEngine(386): ACTION: CPU - Setting CPU[0] to 2572800
11-09 08:21:45.130: I/ThermalEngine(386): ACTION: CPU - Setting CPU[1] to 2572800
11-09 08:21:45.130: I/ThermalEngine(386): ACTION: CPU - Setting CPU[2] to 2572800
11-09 08:21:45.130: I/ThermalEngine(386): ACTION: CPU - Setting CPU[3] to 2572800
11-09 08:21:45.195: I/ThermalEngine(386): ACTION: CPU - Setting CPU[0] to 2649600
11-09 08:21:45.196: I/ThermalEngine(386): ACTION: CPU - Setting CPU[1] to 2649600
11-09 08:21:45.196: I/ThermalEngine(386): ACTION: CPU - Setting CPU[2] to 2649600
11-09 08:21:45.196: I/ThermalEngine(386): ACTION: CPU - Setting CPU[3] to 2649600
11-09 08:21:45.261: I/ThermalEngine(386): ACTION: CPU - Setting CPU[0] to 2572800
11-09 08:21:45.261: I/ThermalEngine(386): ACTION: CPU - Setting CPU[1] to 2572800
11-09 08:21:45.261: I/ThermalEngine(386): ACTION: CPU - Setting CPU[2] to 2572800
11-09 08:21:45.261: I/ThermalEngine(386): ACTION: CPU - Setting CPU[3] to 2572800
11-09 08:21:45.327: I/ThermalEngine(386): ACTION: CPU - Setting CPU[0] to 2496000
11-09 08:21:45.327: I/ThermalEngine(386): ACTION: CPU - Setting CPU[1] to 2496000
11-09 08:21:45.327: I/ThermalEngine(386): ACTION: CPU - Setting CPU[2] to 2496000
11-09 08:21:45.327: I/ThermalEngine(386): ACTION: CPU - Setting CPU[3] to 2496000
11-09 08:21:45.392: I/ThermalEngine(386): ACTION: CPU - Setting CPU[0] to 2572800
11-09 08:21:45.392: I/ThermalEngine(386): ACTION: CPU - Setting CPU[1] to 2572800
11-09 08:21:45.392: I/ThermalEngine(386): ACTION: CPU - Setting CPU[2] to 2572800
11-09 08:21:45.393: I/ThermalEngine(386): ACTION: CPU - Setting CPU[3] to 2572800
11-09 08:21:45.458: I/ThermalEngine(386): ACTION: CPU - Setting CPU[0] to 2649600
11-09 08:21:45.458: I/ThermalEngine(386): ACTION: CPU - Setting CPU[1] to 2649600
11-09 08:21:45.458: I/ThermalEngine(386): ACTION: CPU - Setting CPU[2] to 2649600
11-09 08:21:45.458: I/ThermalEngine(386): ACTION: CPU - Setting CPU[3] to 2649600
11-09 08:21:45.524: I/ThermalEngine(386): ACTION: CPU - Setting CPU[0] to 2572800
11-09 08:21:45.524: I/ThermalEngine(386): ACTION: CPU - Setting CPU[1] to 2572800
11-09 08:21:45.524: I/ThermalEngine(386): ACTION: CPU - Setting CPU[2] to 2572800
11-09 08:21:45.524: I/ThermalEngine(386): ACTION: CPU - Setting CPU[3] to 2572800
11-09 08:21:45.589: I/ThermalEngine(386): ACTION: CPU - Setting CPU[0] to 2496000
11-09 08:21:45.590: I/ThermalEngine(386): ACTION: CPU - Setting CPU[1] to 2496000
11-09 08:21:45.590: I/ThermalEngine(386): ACTION: CPU - Setting CPU[2] to 2496000
11-09 08:21:45.590: I/ThermalEngine(386): ACTION: CPU - Setting CPU[3] to 2496000
11-09 08:21:45.655: I/ThermalEngine(386): ACTION: CPU - Setting CPU[0] to 2457600
11-09 08:21:45.655: I/ThermalEngine(386): ACTION: CPU - Setting CPU[1] to 2457600
11-09 08:21:45.655: I/ThermalEngine(386): ACTION: CPU - Setting CPU[2] to 2457600
11-09 08:21:45.655: I/ThermalEngine(386): ACTION: CPU - Setting CPU[3] to 2457600
11-09 08:21:45.720: I/ThermalEngine(386): ACTION: CPU - Setting CPU[0] to 2265600
11-09 08:21:45.720: I/ThermalEngine(386): ACTION: CPU - Setting CPU[1] to 2265600
11-09 08:21:45.720: I/ThermalEngine(386): ACTION: CPU - Setting CPU[2] to 2265600
11-09 08:21:45.720: I/ThermalEngine(386): ACTION: CPU - Setting CPU[3] to 2265600
11-09 08:21:45.786: I/ThermalEngine(386): ACTION: CPU - Setting CPU[0] to 2457600
11-09 08:21:45.786: I/ThermalEngine(386): ACTION: CPU - Setting CPU[1] to 2457600
11-09 08:21:45.786: I/ThermalEngine(386): ACTION: CPU - Setting CPU[2] to 2457600
11-09 08:21:45.786: I/ThermalEngine(386): ACTION: CPU - Setting CPU[3] to 2457600
11-09 08:21:45.851: I/ThermalEngine(386): ACTION: CPU - Setting CPU[0] to 2496000
11-09 08:21:45.851: I/ThermalEngine(386): ACTION: CPU - Setting CPU[1] to 2496000
11-09 08:21:45.851: I/ThermalEngine(386): ACTION: CPU - Setting CPU[2] to 2496000
11-09 08:21:45.851: I/ThermalEngine(386): ACTION: CPU - Setting CPU[3] to 2496000
11-09 08:21:45.917: I/ThermalEngine(386): ACTION: CPU - Setting CPU[0] to 2572800
11-09 08:21:45.917: I/ThermalEngine(386): ACTION: CPU - Setting CPU[1] to 2572800
11-09 08:21:45.917: I/ThermalEngine(386): ACTION: CPU - Setting CPU[2] to 2572800
11-09 08:21:45.917: I/ThermalEngine(386): ACTION: CPU - Setting CPU[3] to 2572800
11-09 08:21:45.982: I/ThermalEngine(386): ACTION: CPU - Setting CPU[0] to 2649600
11-09 08:21:45.982: I/ThermalEngine(386): ACTION: CPU - Setting CPU[1] to 2649600
11-09 08:21:45.982: I/ThermalEngine(386): ACTION: CPU - Setting CPU[2] to 2649600
11-09 08:21:45.982: I/ThermalEngine(386): ACTION: CPU - Setting CPU[3] to 2649600
11-09 08:21:46.078: I/ThermalEngine(386): ACTION: CPU - Setting CPU[0] to 2572800
11-09 08:21:46.078: I/ThermalEngine(386): ACTION: CPU - Setting CPU[1] to 2572800
11-09 08:21:46.078: I/ThermalEngine(386): ACTION: CPU - Setting CPU[2] to 2572800
11-09 08:21:46.078: I/ThermalEngine(386): ACTION: CPU - Setting CPU[3] to 2572800
11-09 08:21:46.143: I/ThermalEngine(386): ACTION: CPU - Setting CPU[0] to 2496000
11-09 08:21:46.144: I/ThermalEngine(386): ACTION: CPU - Setting CPU[1] to 2496000
11-09 08:21:46.144: I/ThermalEngine(386): ACTION: CPU - Setting CPU[2] to 2496000
11-09 08:21:46.144: I/ThermalEngine(386): ACTION: CPU - Setting CPU[3] to 2496000
11-09 08:21:46.209: I/ThermalEngine(386): ACTION: CPU - Setting CPU[0] to 2572800
11-09 08:21:46.209: I/ThermalEngine(386): ACTION: CPU - Setting CPU[1] to 2572800
11-09 08:21:46.209: I/ThermalEngine(386): ACTION: CPU - Setting CPU[2] to 2572800
11-09 08:21:46.210: I/ThermalEngine(386): ACTION: CPU - Setting CPU[3] to 2572800
11-09 08:21:46.275: I/ThermalEngine(386): ACTION: CPU - Setting CPU[0] to 2649600
11-09 08:21:46.275: I/ThermalEngine(386): ACTION: CPU - Setting CPU[1] to 2649600
11-09 08:21:46.275: I/ThermalEngine(386): ACTION: CPU - Setting CPU[2] to 2649600
11-09 08:21:46.275: I/ThermalEngine(386): ACTION: CPU - Setting CPU[3] to 2649600
11-09 08:21:46.340: I/ThermalEngine(386): ACTION: CPU - Setting CPU[0] to 2572800
11-09 08:21:46.341: I/ThermalEngine(386): ACTION: CPU - Setting CPU[1] to 2572800
11-09 08:21:46.341: I/ThermalEngine(386): ACTION: CPU - Setting CPU[2] to 2572800
11-09 08:21:46.341: I/ThermalEngine(386): ACTION: CPU - Setting CPU[3] to 2572800
11-09 08:21:46.406: I/ThermalEngine(386): ACTION: CPU - Setting CPU[0] to 2496000
11-09 08:21:46.406: I/ThermalEngine(386): ACTION: CPU - Setting CPU[1] to 2496000
11-09 08:21:46.406: I/ThermalEngine(386): ACTION: CPU - Setting CPU[2] to 2496000
11-09 08:21:46.406: I/ThermalEngine(386): ACTION: CPU - Setting CPU[3] to 2496000
11-09 08:21:46.472: I/ThermalEngine(386): ACTION: CPU - Setting CPU[0] to 2572800
11-09 08:21:46.472: I/ThermalEngine(386): ACTION: CPU - Setting CPU[1] to 2572800
11-09 08:21:46.472: I/ThermalEngine(386): ACTION: CPU - Setting CPU[2] to 2572800
11-09 08:21:46.472: I/ThermalEngine(386): ACTION: CPU - Setting CPU[3] to 2572800
11-09 08:21:46.538: I/ThermalEngine(386): ACTION: CPU - Setting CPU[0] to 2649600
11-09 08:21:46.538: I/ThermalEngine(386): ACTION: CPU - Setting CPU[1] to 2649600
11-09 08:21:46.538: I/ThermalEngine(386): ACTION: CPU - Setting CPU[2] to 2649600
11-09 08:21:46.538: I/ThermalEngine(386): ACTION: CPU - Setting CPU[3] to 2649600
11-09 08:21:46.603: I/ThermalEngine(386): ACTION: CPU - Setting CPU[0] to 2572800
11-09 08:21:46.604: I/ThermalEngine(386): ACTION: CPU - Setting CPU[1] to 2572800
11-09 08:21:46.604: I/ThermalEngine(386): ACTION: CPU - Setting CPU[2] to 2572800
11-09 08:21:46.604: I/ThermalEngine(386): ACTION: CPU - Setting CPU[3] to 2572800
11-09 08:21:46.669: I/ThermalEngine(386): ACTION: CPU - Setting CPU[0] to 2496000
11-09 08:21:46.669: I/ThermalEngine(386): ACTION: CPU - Setting CPU[1] to 2496000
11-09 08:21:46.669: I/ThermalEngine(386): ACTION: CPU - Setting CPU[2] to 2496000
11-09 08:21:46.669: I/ThermalEngine(386): ACTION: CPU - Setting CPU[3] to 2496000
11-09 08:21:46.734: I/ThermalEngine(386): ACTION: CPU - Setting CPU[0] to 2572800
11-09 08:21:46.734: I/ThermalEngine(386): ACTION: CPU - Setting CPU[1] to 2572800
11-09 08:21:46.735: I/ThermalEngine(386): ACTION: CPU - Setting CPU[2] to 2572800
11-09 08:21:46.735: I/ThermalEngine(386): ACTION: CPU - Setting CPU[3] to 2572800
11-09 08:21:46.800: I/ThermalEngine(386): ACTION: CPU - Setting CPU[0] to 2649600
11-09 08:21:46.800: I/ThermalEngine(386): ACTION: CPU - Setting CPU[1] to 2649600
11-09 08:21:46.800: I/ThermalEngine(386): ACTION: CPU - Setting CPU[2] to 2649600
11-09 08:21:46.800: I/ThermalEngine(386): ACTION: CPU - Setting CPU[3] to 2649600
11-09 08:21:46.866: I/ThermalEngine(386): ACTION: CPU - Setting CPU[0] to 2572800
11-09 08:21:46.866: I/ThermalEngine(386): ACTION: CPU - Setting CPU[1] to 2572800
11-09 08:21:46.866: I/ThermalEngine(386): ACTION: CPU - Setting CPU[2] to 2572800
11-09 08:21:46.866: I/ThermalEngine(386): ACTION: CPU - Setting CPU[3] to 2572800
11-09 08:21:46.931: I/ThermalEngine(386): ACTION: CPU - Setting CPU[0] to 2496000
11-09 08:21:46.932: I/ThermalEngine(386): ACTION: CPU - Setting CPU[1] to 2496000
11-09 08:21:46.932: I/ThermalEngine(386): ACTION: CPU - Setting CPU[2] to 2496000
11-09 08:21:46.932: I/ThermalEngine(386): ACTION: CPU - Setting CPU[3] to 2496000
11-09 08:21:46.997: I/ThermalEngine(386): ACTION: CPU - Setting CPU[0] to 2572800
11-09 08:21:46.997: I/ThermalEngine(386): ACTION: CPU - Setting CPU[1] to 2572800
11-09 08:21:46.997: I/ThermalEngine(386): ACTION: CPU - Setting CPU[2] to 2572800
11-09 08:21:46.997: I/ThermalEngine(386): ACTION: CPU - Setting CPU[3] to 2572800
11-09 08:21:47.063: I/ThermalEngine(386): ACTION: CPU - Setting CPU[0] to 2496000
11-09 08:21:47.063: I/ThermalEngine(386): ACTION: CPU - Setting CPU[1] to 2496000
11-09 08:21:47.063: I/ThermalEngine(386): ACTION: CPU - Setting CPU[2] to 2496000
11-09 08:21:47.063: I/ThermalEngine(386): ACTION: CPU - Setting CPU[3] to 2496000
11-09 08:21:47.128: I/ThermalEngine(386): ACTION: CPU - Setting CPU[0] to 2457600
11-09 08:21:47.128: I/ThermalEngine(386): ACTION: CPU - Setting CPU[1] to 2457600
11-09 08:21:47.128: I/ThermalEngine(386): ACTION: CPU - Setting CPU[2] to 2457600
11-09 08:21:47.128: I/ThermalEngine(386): ACTION: CPU - Setting CPU[3] to 2457600
11-09 08:21:47.194: I/ThermalEngine(386): ACTION: CPU - Setting CPU[0] to 2496000
11-09 08:21:47.194: I/ThermalEngine(386): ACTION: CPU - Setting CPU[1] to 2496000
11-09 08:21:47.194: I/ThermalEngine(386): ACTION: CPU - Setting CPU[2] to 2496000
11-09 08:21:47.194: I/ThermalEngine(386): ACTION: CPU - Setting CPU[3] to 2496000
11-09 08:21:47.259: I/ThermalEngine(386): ACTION: CPU - Setting CPU[0] to 2572800
11-09 08:21:47.259: I/ThermalEngine(386): ACTION: CPU - Setting CPU[1] to 2572800
11-09 08:21:47.259: I/ThermalEngine(386): ACTION: CPU - Setting CPU[2] to 2572800
11-09 08:21:47.259: I/ThermalEngine(386): ACTION: CPU - Setting CPU[3] to 2572800
11-09 08:21:47.325: I/ThermalEngine(386): ACTION: CPU - Setting CPU[0] to 2649600
11-09 08:21:47.325: I/ThermalEngine(386): ACTION: CPU - Setting CPU[1] to 2649600
11-09 08:21:47.325: I/ThermalEngine(386): ACTION: CPU - Setting CPU[2] to 2649600
11-09 08:21:47.325: I/ThermalEngine(386): ACTION: CPU - Setting CPU[3] to 2649600
11-09 08:21:47.391: I/ThermalEngine(386): ACTION: CPU - Setting CPU[0] to 2572800
11-09 08:21:47.391: I/ThermalEngine(386): ACTION: CPU - Setting CPU[1] to 2572800
11-09 08:21:47.391: I/ThermalEngine(386): ACTION: CPU - Setting CPU[2] to 2572800
11-09 08:21:47.391: I/ThermalEngine(386): ACTION: CPU - Setting CPU[3] to 2572800
11-09 08:21:47.456: I/ThermalEngine(386): ACTION: CPU - Setting CPU[0] to 2496000
11-09 08:21:47.456: I/ThermalEngine(386): ACTION: CPU - Setting CPU[1] to 2496000
11-09 08:21:47.456: I/ThermalEngine(386): ACTION: CPU - Setting CPU[2] to 2496000
11-09 08:21:47.456: I/ThermalEngine(386): ACTION: CPU - Setting CPU[3] to 2496000
11-09 08:21:47.522: I/ThermalEngine(386): ACTION: CPU - Setting CPU[0] to 2572800
11-09 08:21:47.522: I/ThermalEngine(386): ACTION: CPU - Setting CPU[1] to 2572800
11-09 08:21:47.522: I/ThermalEngine(386): ACTION: CPU - Setting CPU[2] to 2572800
11-09 08:21:47.522: I/ThermalEngine(386): ACTION: CPU - Setting CPU[3] to 2572800
11-09 08:21:47.587: I/ThermalEngine(386): ACTION: CPU - Setting CPU[0] to 2649600
11-09 08:21:47.587: I/ThermalEngine(386): ACTION: CPU - Setting CPU[1] to 2649600
11-09 08:21:47.587: I/ThermalEngine(386): ACTION: CPU - Setting CPU[2] to 2649600
11-09 08:21:47.587: I/ThermalEngine(386): ACTION: CPU - Setting CPU[3] to 2649600
11-09 08:21:47.653: I/ThermalEngine(386): ACTION: CPU - Setting CPU[0] to 2572800
11-09 08:21:47.653: I/ThermalEngine(386): ACTION: CPU - Setting CPU[1] to 2572800
11-09 08:21:47.653: I/ThermalEngine(386): ACTION: CPU - Setting CPU[2] to 2572800
11-09 08:21:47.653: I/ThermalEngine(386): ACTION: CPU - Setting CPU[3] to 2572800
11-09 08:21:47.719: I/ThermalEngine(386): ACTION: CPU - Setting CPU[0] to 2496000
11-09 08:21:47.719: I/ThermalEngine(386): ACTION: CPU - Setting CPU[1] to 2496000
11-09 08:21:47.719: I/ThermalEngine(386): ACTION: CPU - Setting CPU[2] to 2496000
11-09 08:21:47.719: I/ThermalEngine(386): ACTION: CPU - Setting CPU[3] to 2496000
11-09 08:21:47.785: I/ThermalEngine(386): ACTION: CPU - Setting CPU[0] to 2457600
11-09 08:21:47.785: I/ThermalEngine(386): ACTION: CPU - Setting CPU[1] to 2457600
11-09 08:21:47.785: I/ThermalEngine(386): ACTION: CPU - Setting CPU[2] to 2457600
11-09 08:21:47.785: I/ThermalEngine(386): ACTION: CPU - Setting CPU[3] to 2457600
11-09 08:21:47.850: I/ThermalEngine(386): ACTION: CPU - Setting CPU[0] to 2496000
11-09 08:21:47.851: I/ThermalEngine(386): ACTION: CPU - Setting CPU[1] to 2496000
11-09 08:21:47.851: I/ThermalEngine(386): ACTION: CPU - Setting CPU[2] to 2496000
11-09 08:21:47.851: I/ThermalEngine(386): ACTION: CPU - Setting CPU[3] to 2496000
11-09 08:21:47.916: I/ThermalEngine(386): ACTION: CPU - Setting CPU[0] to 2572800
11-09 08:21:47.916: I/ThermalEngine(386): ACTION: CPU - Setting CPU[1] to 2572800
11-09 08:21:47.916: I/ThermalEngine(386): ACTION: CPU - Setting CPU[2] to 2572800
11-09 08:21:47.916: I/ThermalEngine(386): ACTION: CPU - Setting CPU[3] to 2572800
11-09 08:21:47.981: I/ThermalEngine(386): ACTION: CPU - Setting CPU[0] to 2496000
11-09 08:21:47.982: I/ThermalEngine(386): ACTION: CPU - Setting CPU[1] to 2496000
11-09 08:21:47.982: I/ThermalEngine(386): ACTION: CPU - Setting CPU[2] to 2496000
11-09 08:21:47.982: I/ThermalEngine(386): ACTION: CPU - Setting CPU[3] to 2496000
11-09 08:21:48.047: I/ThermalEngine(386): ACTION: CPU - Setting CPU[0] to 2572800
11-09 08:21:48.047: I/ThermalEngine(386): ACTION: CPU - Setting CPU[1] to 2572800
11-09 08:21:48.047: I/ThermalEngine(386): ACTION: CPU - Setting CPU[2] to 2572800
11-09 08:21:48.047: I/ThermalEngine(386): ACTION: CPU - Setting CPU[3] to 2572800
11-09 08:21:48.112: I/ThermalEngine(386): ACTION: CPU - Setting CPU[0] to 2649600
11-09 08:21:48.113: I/ThermalEngine(386): ACTION: CPU - Setting CPU[1] to 2649600
11-09 08:21:48.113: I/ThermalEngine(386): ACTION: CPU - Setting CPU[2] to 2649600
11-09 08:21:48.113: I/ThermalEngine(386): ACTION: CPU - Setting CPU[3] to 2649600
11-09 08:21:48.391: D/LifecycleMonitor(8679): Lifecycle status change: com.example.concurrencyeval.activities.MatMultActivity@2319b22 in: PAUSED
11-09 08:21:48.391: D/LifecycleMonitor(8679): running callback: androidx.test.rule.ActivityTestRule$LifecycleCallback@f651035
11-09 08:21:48.391: D/LifecycleMonitor(8679): callback completes: androidx.test.rule.ActivityTestRule$LifecycleCallback@f651035
11-09 08:21:48.405: I/BackdropActivity(8271): onResume()
11-09 08:21:48.423: I/Keyboard.Facilitator(1659): onFinishInput()
11-09 08:21:48.424: I/ActivityManager(891): START u0 {flg=0x10000000 cmp=com.example.concurrencyeval/.activities.MatMultActivity (has extras)} from uid 10106 on display 0
11-09 08:21:48.481: I/art(891): Background partial concurrent mark sweep GC freed 78209(7MB) AllocSpace objects, 276(5MB) LOS objects, 32% free, 33MB/49MB, paused 2.307ms total 107.061ms
11-09 08:21:48.755: I/WindowManager(891): Screenshot max retries 4 of Token{cc52f26 ActivityRecord{f012281 u0 com.google.android.apps.mtaas.backdrop/.BackdropActivity t2}} appWin=Window{7b71f44 u0 com.google.android.apps.mtaas.backdrop/com.google.android.apps.mtaas.backdrop.BackdropActivity} drawState=3
11-09 08:21:48.798: D/LifecycleMonitor(8679): Lifecycle status change: com.example.concurrencyeval.activities.MatMultActivity@1c5000e in: PRE_ON_CREATE
11-09 08:21:48.799: D/LifecycleMonitor(8679): running callback: androidx.test.rule.ActivityTestRule$LifecycleCallback@f651035
11-09 08:21:48.799: D/LifecycleMonitor(8679): callback completes: androidx.test.rule.ActivityTestRule$LifecycleCallback@f651035
11-09 08:21:48.838: D/LifecycleMonitor(8679): Lifecycle status change: com.example.concurrencyeval.activities.MatMultActivity@1c5000e in: CREATED
11-09 08:21:48.838: D/LifecycleMonitor(8679): running callback: androidx.test.rule.ActivityTestRule$LifecycleCallback@f651035
11-09 08:21:48.838: D/LifecycleMonitor(8679): callback completes: androidx.test.rule.ActivityTestRule$LifecycleCallback@f651035
11-09 08:21:48.839: D/LifecycleMonitor(8679): Lifecycle status change: com.example.concurrencyeval.activities.MatMultActivity@1c5000e in: STARTED
11-09 08:21:48.839: D/LifecycleMonitor(8679): running callback: androidx.test.rule.ActivityTestRule$LifecycleCallback@f651035
11-09 08:21:48.839: D/LifecycleMonitor(8679): callback completes: androidx.test.rule.ActivityTestRule$LifecycleCallback@f651035
11-09 08:21:48.839: D/LifecycleMonitor(8679): Lifecycle status change: com.example.concurrencyeval.activities.MatMultActivity@1c5000e in: RESUMED
11-09 08:21:48.839: D/LifecycleMonitor(8679): running callback: androidx.test.rule.ActivityTestRule$LifecycleCallback@f651035
11-09 08:21:48.839: D/LifecycleMonitor(8679): callback completes: androidx.test.rule.ActivityTestRule$LifecycleCallback@f651035
11-09 08:21:48.843: D/LifecycleMonitor(8679): Lifecycle status change: com.example.concurrencyeval.activities.MatMultActivity@2319b22 in: STOPPED
11-09 08:21:48.843: D/LifecycleMonitor(8679): running callback: androidx.test.rule.ActivityTestRule$LifecycleCallback@f651035
11-09 08:21:48.843: D/LifecycleMonitor(8679): callback completes: androidx.test.rule.ActivityTestRule$LifecycleCallback@f651035
11-09 08:21:48.843: D/LifecycleMonitor(8679): Lifecycle status change: com.example.concurrencyeval.activities.MatMultActivity@2319b22 in: DESTROYED
11-09 08:21:48.843: D/LifecycleMonitor(8679): running callback: androidx.test.rule.ActivityTestRule$LifecycleCallback@f651035
11-09 08:21:48.843: D/LifecycleMonitor(8679): callback completes: androidx.test.rule.ActivityTestRule$LifecycleCallback@f651035
11-09 08:21:48.911: I/ActivityManager(891): Displayed com.example.concurrencyeval/.activities.MatMultActivity: +141ms
11-09 08:21:48.912: I/Keyboard.Facilitator(1659): onFinishInput()
11-09 08:21:48.913: I/Keyboard.Facilitator(1659): onStartInput()
11-09 08:21:48.917: I/LatinIME(1659): Starting input. Cursor position = 0,0
11-09 08:21:48.943: I/ViewInteraction(8679): Performing 'replace text()' action on view with id: com.example.concurrencyeval:id/mm_et_size
11-09 08:21:48.946: W/IInputConnectionWrapper(8679): getSelectedText on inactive InputConnection
11-09 08:21:48.948: I/Keyboard.Facilitator(1659): resetDictionaries() : no-op
11-09 08:21:48.948: I/StatsUtilsManager(1659): onLoadSettings()
11-09 08:21:48.958: I/ViewInteraction(8679): Performing 'type text(128)' action on view with id: com.example.concurrencyeval:id/mm_et_size
11-09 08:21:48.982: I/Keyboard.Facilitator(1659): onStartInput()
11-09 08:21:48.988: I/LatinIME(1659): Starting input. Cursor position = 0,0
11-09 08:21:49.305: D/UiControllerImpl(8679): Injecting string: "128"
11-09 08:21:49.330: D/EmojiAltPhysicalKeyDetector(1659): onKeyUp() : KeyEvent { action=ACTION_UP, keyCode=KEYCODE_1, scanCode=0, metaState=0, flags=0x8, repeatCount=0, eventTime=42955391, downTime=42955367, deviceId=-1, source=0x101 }
11-09 08:21:49.330: D/EmojiAltPhysicalKeyDetector(1659): onKeyUp() : Not Mapped: 8
11-09 08:21:49.347: D/EmojiAltPhysicalKeyDetector(1659): onKeyUp() : KeyEvent { action=ACTION_UP, keyCode=KEYCODE_2, scanCode=0, metaState=0, flags=0x8, repeatCount=0, eventTime=42955408, downTime=42955367, deviceId=-1, source=0x101 }
11-09 08:21:49.347: D/EmojiAltPhysicalKeyDetector(1659): onKeyUp() : Not Mapped: 9
11-09 08:21:49.372: D/EmojiAltPhysicalKeyDetector(1659): onKeyUp() : KeyEvent { action=ACTION_UP, keyCode=KEYCODE_8, scanCode=0, metaState=0, flags=0x8, repeatCount=0, eventTime=42955432, downTime=42955367, deviceId=-1, source=0x101 }
11-09 08:21:49.372: D/EmojiAltPhysicalKeyDetector(1659): onKeyUp() : Not Mapped: 15
11-09 08:21:49.383: I/ViewInteraction(8679): Performing 'single click' action on view with id: com.example.concurrencyeval:id/mm_et_size
11-09 08:21:49.647: I/ViewInteraction(8679): Performing 'replace text()' action on view with id: com.example.concurrencyeval:id/mm_et_tasks
11-09 08:21:49.716: I/ViewInteraction(8679): Performing 'type text(1)' action on view with id: com.example.concurrencyeval:id/mm_et_tasks
11-09 08:21:49.770: I/Keyboard.Facilitator(1659): onFinishInput()
11-09 08:21:49.770: I/Keyboard.Facilitator(1659): onStartInput()
11-09 08:21:49.777: I/LatinIME(1659): Starting input. Cursor position = 0,0
11-09 08:21:49.804: I/Keyboard.Facilitator(1659): resetDictionaries() : no-op
11-09 08:21:49.805: I/StatsUtilsManager(1659): onLoadSettings()
11-09 08:21:49.865: D/WifiStateMachine(891): starting scan for "wl-ftl-mt88-1-5"WPA_PSK with 5580,5180,5785
11-09 08:21:49.998: D/UiControllerImpl(8679): Injecting string: "1"
11-09 08:21:50.021: D/EmojiAltPhysicalKeyDetector(1659): onKeyUp() : KeyEvent { action=ACTION_UP, keyCode=KEYCODE_1, scanCode=0, metaState=0, flags=0x8, repeatCount=0, eventTime=42956083, downTime=42956060, deviceId=-1, source=0x101 }
11-09 08:21:50.021: D/EmojiAltPhysicalKeyDetector(1659): onKeyUp() : Not Mapped: 8
11-09 08:21:50.023: I/ViewInteraction(8679): Performing 'single click' action on view with id: com.example.concurrencyeval:id/mm_et_tasks
11-09 08:21:50.287: I/ViewInteraction(8679): Performing 'close keyboard' action on view is a root view.
11-09 08:21:50.727: I/ViewInteraction(8679): Performing 'single click' action on view with id: com.example.concurrencyeval:id/mm_run_button
11-09 08:21:50.774: D/audio_hw_primary(376): out_set_parameters: enter: usecase(1: low-latency-playback) kvpairs: routing=131072
11-09 08:21:50.787: D/audio_hw_primary(376): select_devices: out_snd_device(6: line) in_snd_device(0: none)
11-09 08:21:50.787: D/msm8974_platform(376): platform_send_audio_calibration: sending audio calibration for snd_device(6) acdb_id(77)
11-09 08:21:50.787: D/audio_hw_primary(376): enable_snd_device: snd_device(6: line)
11-09 08:21:50.800: D/audio_hw_primary(376): enable_audio_route: apply and update mixer path: low-latency-playback
11-09 08:21:51.301: I/ViewInteraction(8679): Performing 'single click' action on view with id: com.example.concurrencyeval:id/mm_run_button
11-09 08:21:51.360: D/audio_hw_primary(376): out_set_parameters: enter: usecase(1: low-latency-playback) kvpairs: routing=131072
11-09 08:21:51.405: D/AudioFlinger(376): mixer(0xb3d80000) throttle end: throttle time(4)
11-09 08:21:51.837: I/ViewInteraction(8679): Performing 'single click' action on view with id: com.example.concurrencyeval:id/mm_run_button
11-09 08:21:51.888: D/audio_hw_primary(376): out_set_parameters: enter: usecase(1: low-latency-playback) kvpairs: routing=131072
11-09 08:21:51.933: D/AudioFlinger(376): mixer(0xb3d80000) throttle end: throttle time(4)
11-09 08:21:52.445: I/ViewInteraction(8679): Performing 'single click' action on view with id: com.example.concurrencyeval:id/mm_run_button
11-09 08:21:52.500: D/audio_hw_primary(376): out_set_parameters: enter: usecase(1: low-latency-playback) kvpairs: routing=131072
11-09 08:21:53.003: I/ViewInteraction(8679): Performing 'replace text()' action on view with id: com.example.concurrencyeval:id/mm_et_tasks
11-09 08:21:53.024: I/ViewInteraction(8679): Performing 'type text(2)' action on view with id: com.example.concurrencyeval:id/mm_et_tasks
11-09 08:21:53.069: I/Keyboard.Facilitator(1659): onStartInput()
11-09 08:21:53.076: I/LatinIME(1659): Starting input. Cursor position = 1,1
11-09 08:21:53.092: I/Keyboard.Facilitator(1659): resetDictionaries() : no-op
11-09 08:21:53.092: I/StatsUtilsManager(1659): onLoadSettings()
11-09 08:21:53.287: D/UiControllerImpl(8679): Injecting string: "2"
11-09 08:21:53.313: D/EmojiAltPhysicalKeyDetector(1659): onKeyUp() : KeyEvent { action=ACTION_UP, keyCode=KEYCODE_2, scanCode=0, metaState=0, flags=0x8, repeatCount=0, eventTime=42959374, downTime=42959350, deviceId=-1, source=0x101 }
11-09 08:21:53.314: D/EmojiAltPhysicalKeyDetector(1659): onKeyUp() : Not Mapped: 9
11-09 08:21:53.317: I/ViewInteraction(8679): Performing 'single click' action on view with id: com.example.concurrencyeval:id/mm_et_tasks
11-09 08:21:53.580: I/ViewInteraction(8679): Performing 'close keyboard' action on view is a root view.
11-09 08:21:53.889: I/ViewInteraction(8679): Performing 'single click' action on view with id: com.example.concurrencyeval:id/mm_run_button
11-09 08:21:53.940: D/audio_hw_primary(376): out_set_parameters: enter: usecase(1: low-latency-playback) kvpairs: routing=131072
11-09 08:21:54.334: I/ViewInteraction(8679): Performing 'single click' action on view with id: com.example.concurrencyeval:id/mm_run_button
11-09 08:21:54.384: D/audio_hw_primary(376): out_set_parameters: enter: usecase(1: low-latency-playback) kvpairs: routing=131072
11-09 08:21:54.429: D/AudioFlinger(376): mixer(0xb3d80000) throttle end: throttle time(4)
11-09 08:21:54.777: I/ViewInteraction(8679): Performing 'single click' action on view with id: com.example.concurrencyeval:id/mm_run_button
11-09 08:21:54.840: D/audio_hw_primary(376): out_set_parameters: enter: usecase(1: low-latency-playback) kvpairs: routing=131072
11-09 08:21:54.885: D/AudioFlinger(376): mixer(0xb3d80000) throttle end: throttle time(4)
11-09 08:21:55.023: D/NetlinkSocketObserver(891): NeighborEvent{elapsedMs=42961085, 10.13.128.1, [001C73000999], RTM_NEWNEIGH, NUD_REACHABLE}
11-09 08:21:55.229: I/ViewInteraction(8679): Performing 'single click' action on view with id: com.example.concurrencyeval:id/mm_run_button
11-09 08:21:55.284: D/audio_hw_primary(376): out_set_parameters: enter: usecase(1: low-latency-playback) kvpairs: routing=131072
11-09 08:21:55.382: I/art(8679): Background sticky concurrent mark sweep GC freed 32803(6MB) AllocSpace objects, 5(100KB) LOS objects, 17% free, 34MB/41MB, paused 6.021ms total 38.917ms
11-09 08:21:55.717: I/ViewInteraction(8679): Performing 'replace text()' action on view with id: com.example.concurrencyeval:id/mm_et_tasks
11-09 08:21:55.740: I/ViewInteraction(8679): Performing 'type text(8)' action on view with id: com.example.concurrencyeval:id/mm_et_tasks
11-09 08:21:55.785: I/Keyboard.Facilitator(1659): onStartInput()
11-09 08:21:55.795: I/LatinIME(1659): Starting input. Cursor position = 1,1
11-09 08:21:55.810: I/Keyboard.Facilitator(1659): resetDictionaries() : no-op
11-09 08:21:55.811: I/StatsUtilsManager(1659): onLoadSettings()
11-09 08:21:56.006: D/UiControllerImpl(8679): Injecting string: "8"
11-09 08:21:56.028: D/EmojiAltPhysicalKeyDetector(1659): onKeyUp() : KeyEvent { action=ACTION_UP, keyCode=KEYCODE_8, scanCode=0, metaState=0, flags=0x8, repeatCount=0, eventTime=42962089, downTime=42962068, deviceId=-1, source=0x101 }
11-09 08:21:56.028: D/EmojiAltPhysicalKeyDetector(1659): onKeyUp() : Not Mapped: 15
11-09 08:21:56.033: I/ViewInteraction(8679): Performing 'single click' action on view with id: com.example.concurrencyeval:id/mm_et_tasks
11-09 08:21:56.295: I/ViewInteraction(8679): Performing 'close keyboard' action on view is a root view.
11-09 08:21:56.604: I/ViewInteraction(8679): Performing 'single click' action on view with id: com.example.concurrencyeval:id/mm_run_button
11-09 08:21:56.652: D/audio_hw_primary(376): out_set_parameters: enter: usecase(1: low-latency-playback) kvpairs: routing=131072
11-09 08:21:57.034: I/ViewInteraction(8679): Performing 'single click' action on view with id: com.example.concurrencyeval:id/mm_run_button
11-09 08:21:57.084: D/audio_hw_primary(376): out_set_parameters: enter: usecase(1: low-latency-playback) kvpairs: routing=131072
11-09 08:21:57.456: I/ViewInteraction(8679): Performing 'single click' action on view with id: com.example.concurrencyeval:id/mm_run_button
11-09 08:21:57.540: D/audio_hw_primary(376): out_set_parameters: enter: usecase(1: low-latency-playback) kvpairs: routing=131072
11-09 08:21:57.944: I/ViewInteraction(8679): Performing 'single click' action on view with id: com.example.concurrencyeval:id/mm_run_button
11-09 08:21:57.996: D/audio_hw_primary(376): out_set_parameters: enter: usecase(1: low-latency-playback) kvpairs: routing=131072
11-09 08:21:58.417: I/ViewInteraction(8679): Performing 'replace text()' action on view with id: com.example.concurrencyeval:id/mm_et_tasks
11-09 08:21:58.447: I/ViewInteraction(8679): Performing 'type text(64)' action on view with id: com.example.concurrencyeval:id/mm_et_tasks
11-09 08:21:58.492: I/Keyboard.Facilitator(1659): onStartInput()
11-09 08:21:58.499: I/LatinIME(1659): Starting input. Cursor position = 1,1
11-09 08:21:58.522: I/Keyboard.Facilitator(1659): resetDictionaries() : no-op
11-09 08:21:58.523: I/StatsUtilsManager(1659): onLoadSettings()
11-09 08:21:58.718: D/UiControllerImpl(8679): Injecting string: "64"
11-09 08:21:58.745: D/EmojiAltPhysicalKeyDetector(1659): onKeyUp() : KeyEvent { action=ACTION_UP, keyCode=KEYCODE_6, scanCode=0, metaState=0, flags=0x8, repeatCount=0, eventTime=42964806, downTime=42964781, deviceId=-1, source=0x101 }
11-09 08:21:58.745: D/EmojiAltPhysicalKeyDetector(1659): onKeyUp() : Not Mapped: 13
11-09 08:21:58.760: D/EmojiAltPhysicalKeyDetector(1659): onKeyUp() : KeyEvent { action=ACTION_UP, keyCode=KEYCODE_4, scanCode=0, metaState=0, flags=0x8, repeatCount=0, eventTime=42964821, downTime=42964781, deviceId=-1, source=0x101 }
11-09 08:21:58.760: D/EmojiAltPhysicalKeyDetector(1659): onKeyUp() : Not Mapped: 11
11-09 08:21:58.762: I/ViewInteraction(8679): Performing 'single click' action on view with id: com.example.concurrencyeval:id/mm_et_tasks
11-09 08:21:59.024: I/ViewInteraction(8679): Performing 'close keyboard' action on view is a root view.
11-09 08:21:59.333: I/ViewInteraction(8679): Performing 'single click' action on view with id: com.example.concurrencyeval:id/mm_run_button
11-09 08:21:59.388: D/audio_hw_primary(376): out_set_parameters: enter: usecase(1: low-latency-playback) kvpairs: routing=131072
11-09 08:21:59.751: I/ViewInteraction(8679): Performing 'single click' action on view with id: com.example.concurrencyeval:id/mm_run_button
11-09 08:21:59.808: D/audio_hw_primary(376): out_set_parameters: enter: usecase(1: low-latency-playback) kvpairs: routing=131072
11-09 08:21:59.853: D/AudioFlinger(376): mixer(0xb3d80000) throttle end: throttle time(4)
11-09 08:22:00.204: I/ViewInteraction(8679): Performing 'single click' action on view with id: com.example.concurrencyeval:id/mm_run_button
11-09 08:22:00.264: D/audio_hw_primary(376): out_set_parameters: enter: usecase(1: low-latency-playback) kvpairs: routing=131072
11-09 08:22:00.309: D/AudioFlinger(376): mixer(0xb3d80000) throttle end: throttle time(4)
11-09 08:22:00.677: I/ViewInteraction(8679): Performing 'single click' action on view with id: com.example.concurrencyeval:id/mm_run_button
11-09 08:22:00.732: D/audio_hw_primary(376): out_set_parameters: enter: usecase(1: low-latency-playback) kvpairs: routing=131072
11-09 08:22:01.152: I/ViewInteraction(8679): Performing 'replace text()' action on view with id: com.example.concurrencyeval:id/mm_et_size
11-09 08:22:01.175: I/ViewInteraction(8679): Performing 'type text(256)' action on view with id: com.example.concurrencyeval:id/mm_et_size
11-09 08:22:01.224: I/Keyboard.Facilitator(1659): onFinishInput()
11-09 08:22:01.225: I/Keyboard.Facilitator(1659): onStartInput()
11-09 08:22:01.230: I/LatinIME(1659): Starting input. Cursor position = 0,0
11-09 08:22:01.258: I/Keyboard.Facilitator(1659): resetDictionaries() : no-op
11-09 08:22:01.258: I/StatsUtilsManager(1659): onLoadSettings()
11-09 08:22:01.450: D/UiControllerImpl(8679): Injecting string: "256"
11-09 08:22:01.475: D/EmojiAltPhysicalKeyDetector(1659): onKeyUp() : KeyEvent { action=ACTION_UP, keyCode=KEYCODE_2, scanCode=0, metaState=0, flags=0x8, repeatCount=0, eventTime=42967536, downTime=42967513, deviceId=-1, source=0x101 }
11-09 08:22:01.475: D/EmojiAltPhysicalKeyDetector(1659): onKeyUp() : Not Mapped: 9
