10-30 17:02:54.691: I/zygote64(27893):   at void android.support.v7.app.AppCompatDelegateImpl.ensureSubDecor() (AppCompatDelegateImpl.java:649)
10-30 17:02:54.691: I/zygote64(27893):   at void android.support.v7.app.AppCompatDelegateImpl.setContentView(int) (AppCompatDelegateImpl.java:542)
10-30 17:02:54.691: I/zygote64(27893):   at void android.support.v7.app.AppCompatActivity.setContentView(int) (AppCompatActivity.java:161)
10-30 17:02:54.691: I/zygote64(27893):   at void com.google.android.apps.mtaas.backdrop.BackdropActivity.showTestBackdrop() (BackdropActivity.java:139)
10-30 17:02:54.691: I/zygote64(27893):   at void com.google.android.apps.mtaas.backdrop.BackdropActivity.onCreate(android.os.Bundle) (BackdropActivity.java:68)
10-30 17:02:54.691: I/zygote64(27893):   at void android.app.Activity.performCreate(android.os.Bundle) (Activity.java:6975)
10-30 17:02:54.691: I/zygote64(27893):   at void android.app.Instrumentation.callActivityOnCreate(android.app.Activity, android.os.Bundle) (Instrumentation.java:1213)
10-30 17:02:54.691: I/zygote64(27893):   at android.app.Activity android.app.ActivityThread.performLaunchActivity(android.app.ActivityThread$ActivityClientRecord, android.content.Intent) (ActivityThread.java:2779)
10-30 17:02:54.691: I/zygote64(27893):   at void android.app.ActivityThread.handleLaunchActivity(android.app.ActivityThread$ActivityClientRecord, android.content.Intent, java.lang.String) (ActivityThread.java:2904)
10-30 17:02:54.691: I/zygote64(27893):   at void android.app.ActivityThread.-wrap11(android.app.ActivityThread, android.app.ActivityThread$ActivityClientRecord, android.content.Intent, java.lang.String) (ActivityThread.java:-1)
10-30 17:02:54.691: I/zygote64(27893):   at void android.app.ActivityThread$H.handleMessage(android.os.Message) (ActivityThread.java:1596)
10-30 17:02:54.691: I/zygote64(27893):   at void android.os.Handler.dispatchMessage(android.os.Message) (Handler.java:105)
10-30 17:02:54.691: I/zygote64(27893):   at void android.os.Looper.loop() (Looper.java:164)
10-30 17:02:54.691: I/zygote64(27893):   at void android.app.ActivityThread.main(java.lang.String[]) (ActivityThread.java:6600)
10-30 17:02:54.691: I/zygote64(27893):   at java.lang.Object java.lang.reflect.Method.invoke(java.lang.Object, java.lang.Object[]) (Method.java:-2)
10-30 17:02:54.691: I/zygote64(27893):   at void com.android.internal.os.Zygote$MethodAndArgsCaller.run() (Zygote.java:240)
10-30 17:02:54.691: I/zygote64(27893):   at void com.android.internal.os.ZygoteInit.main(java.lang.String[]) (ZygoteInit.java:772)
10-30 17:02:54.691: I/zygote64(27893): Rejecting re-init on previously-failed class java.lang.Class<android.support.v4.view.ViewCompat$2>: java.lang.NoClassDefFoundError: Failed resolution of: Landroid/view/View$OnUnhandledKeyEventListener;
10-30 17:02:54.691: I/zygote64(27893):   at void android.support.v4.view.ViewCompat.setBackground(android.view.View, android.graphics.drawable.Drawable) (ViewCompat.java:2609)
10-30 17:02:54.691: I/zygote64(27893):   at void android.support.v7.widget.ActionBarContainer.<init>(android.content.Context, android.util.AttributeSet) (ActionBarContainer.java:63)
10-30 17:02:54.691: I/zygote64(27893):   at java.lang.Object java.lang.reflect.Constructor.newInstance0(java.lang.Object[]) (Constructor.java:-2)
10-30 17:02:54.691: I/zygote64(27893):   at java.lang.Object java.lang.reflect.Constructor.newInstance(java.lang.Object[]) (Constructor.java:334)
10-30 17:02:54.691: I/zygote64(27893):   at android.view.View android.view.LayoutInflater.createView(java.lang.String, java.lang.String, android.util.AttributeSet) (LayoutInflater.java:647)
10-30 17:02:54.691: I/zygote64(27893):   at android.view.View android.view.LayoutInflater.createViewFromTag(android.view.View, java.lang.String, android.content.Context, android.util.AttributeSet, boolean) (LayoutInflater.java:790)
10-30 17:02:54.691: I/zygote64(27893):   at android.view.View android.view.LayoutInflater.createViewFromTag(android.view.View, java.lang.String, android.content.Context, android.util.AttributeSet) (LayoutInflater.java:730)
10-30 17:02:54.691: I/zygote64(27893):   at void android.view.LayoutInflater.rInflate(org.xmlpull.v1.XmlPullParser, android.view.View, android.content.Context, android.util.AttributeSet, boolean) (LayoutInflater.java:863)
10-30 17:02:54.691: I/zygote64(27893):   at void android.view.LayoutInflater.rInflateChildren(org.xmlpull.v1.XmlPullParser, android.view.View, android.util.AttributeSet, boolean) (LayoutInflater.java:824)
10-30 17:02:54.691: I/zygote64(27893):   at android.view.View android.view.LayoutInflater.inflate(org.xmlpull.v1.XmlPullParser, android.view.ViewGroup, boolean) (LayoutInflater.java:515)
10-30 17:02:54.691: I/zygote64(27893):   at android.view.View android.view.LayoutInflater.inflate(int, android.view.ViewGroup, boolean) (LayoutInflater.java:423)
10-30 17:02:54.691: I/zygote64(27893):   at android.view.View android.view.LayoutInflater.inflate(int, android.view.ViewGroup) (LayoutInflater.java:374)
10-30 17:02:54.691: I/zygote64(27893):   at android.view.ViewGroup android.support.v7.app.AppCompatDelegateImpl.createSubDecor() (AppCompatDelegateImpl.java:739)
10-30 17:02:54.691: I/zygote64(27893):   at void android.support.v7.app.AppCompatDelegateImpl.ensureSubDecor() (AppCompatDelegateImpl.java:649)
10-30 17:02:54.691: I/zygote64(27893):   at void android.support.v7.app.AppCompatDelegateImpl.setContentView(int) (AppCompatDelegateImpl.java:542)
10-30 17:02:54.691: I/zygote64(27893):   at void android.support.v7.app.AppCompatActivity.setContentView(int) (AppCompatActivity.java:161)
10-30 17:02:54.691: I/zygote64(27893):   at void com.google.android.apps.mtaas.backdrop.BackdropActivity.showTestBackdrop() (BackdropActivity.java:139)
10-30 17:02:54.691: I/zygote64(27893):   at void com.google.android.apps.mtaas.backdrop.BackdropActivity.onCreate(android.os.Bundle) (BackdropActivity.java:68)
10-30 17:02:54.691: I/zygote64(27893):   at void android.app.Activity.performCreate(android.os.Bundle) (Activity.java:6975)
10-30 17:02:54.691: I/zygote64(27893):   at void android.app.Instrumentation.callActivityOnCreate(android.app.Activity, android.os.Bundle) (Instrumentation.java:1213)
10-30 17:02:54.691: I/zygote64(27893):   at android.app.Activity android.app.ActivityThread.performLaunchActivity(android.app.ActivityThread$ActivityClientRecord, android.content.Intent) (ActivityThread.java:2779)
10-30 17:02:54.691: I/zygote64(27893):   at void android.app.ActivityThread.handleLaunchActivity(android.app.ActivityThread$ActivityClientRecord, android.content.Intent, java.lang.String) (ActivityThread.java:2904)
10-30 17:02:54.691: I/zygote64(27893):   at void android.app.ActivityThread.-wrap11(android.app.ActivityThread, android.app.ActivityThread$ActivityClientRecord, android.content.Intent, java.lang.String) (ActivityThread.java:-1)
10-30 17:02:54.691: I/zygote64(27893):   at void android.app.ActivityThread$H.handleMessage(android.os.Message) (ActivityThread.java:1596)
10-30 17:02:54.691: I/zygote64(27893):   at void android.os.Handler.dispatchMessage(android.os.Message) (Handler.java:105)
10-30 17:02:54.691: I/zygote64(27893):   at void android.os.Looper.loop() (Looper.java:164)
10-30 17:02:54.691: I/zygote64(27893):   at void android.app.ActivityThread.main(java.lang.String[]) (ActivityThread.java:6600)
10-30 17:02:54.691: I/zygote64(27893):   at java.lang.Object java.lang.reflect.Method.invoke(java.lang.Object, java.lang.Object[]) (Method.java:-2)
10-30 17:02:54.691: I/zygote64(27893):   at void com.android.internal.os.Zygote$MethodAndArgsCaller.run() (Zygote.java:240)
10-30 17:02:54.691: I/zygote64(27893):   at void com.android.internal.os.ZygoteInit.main(java.lang.String[]) (ZygoteInit.java:772)
10-30 17:02:54.691: I/zygote64(27893): Caused by: java.lang.ClassNotFoundException: Didn't find class "android.view.View$OnUnhandledKeyEventListener" on path: DexPathList[[zip file "/data/app/com.google.android.apps.mtaas.backdrop-xTuNdLu74wRTMJwfQ4Zqgw==/base.apk"],nativeLibraryDirectories=[/data/app/com.google.android.apps.mtaas.backdrop-xTuNdLu74wRTMJwfQ4Zqgw==/lib/arm64, /system/lib64, /vendor/lib64]]
10-30 17:02:54.691: I/zygote64(27893):   at java.lang.Class dalvik.system.BaseDexClassLoader.findClass(java.lang.String) (BaseDexClassLoader.java:93)
10-30 17:02:54.691: I/zygote64(27893):   at java.lang.Class java.lang.ClassLoader.loadClass(java.lang.String, boolean) (ClassLoader.java:379)
10-30 17:02:54.691: I/zygote64(27893):   at java.lang.Class java.lang.ClassLoader.loadClass(java.lang.String) (ClassLoader.java:312)
10-30 17:02:54.691: I/zygote64(27893):   at void android.support.v4.view.ViewCompat.setBackground(android.view.View, android.graphics.drawable.Drawable) (ViewCompat.java:2609)
10-30 17:02:54.691: I/zygote64(27893):   at void android.support.v7.widget.ActionBarContainer.<init>(android.content.Context, android.util.AttributeSet) (ActionBarContainer.java:63)
10-30 17:02:54.691: I/zygote64(27893):   at java.lang.Object java.lang.reflect.Constructor.newInstance0(java.lang.Object[]) (Constructor.java:-2)
10-30 17:02:54.691: I/zygote64(27893):   at java.lang.Object java.lang.reflect.Constructor.newInstance(java.lang.Object[]) (Constructor.java:334)
10-30 17:02:54.691: I/zygote64(27893):   at android.view.View android.view.LayoutInflater.createView(java.lang.String, java.lang.String, android.util.AttributeSet) (LayoutInflater.java:647)
10-30 17:02:54.691: I/zygote64(27893):   at android.view.View android.view.LayoutInflater.createViewFromTag(android.view.View, java.lang.String, android.content.Context, android.util.AttributeSet, boolean) (LayoutInflater.java:790)
10-30 17:02:54.691: I/zygote64(27893):   at android.view.View android.view.LayoutInflater.createViewFromTag(android.view.View, java.lang.String, android.content.Context, android.util.AttributeSet) (LayoutInflater.java:730)
10-30 17:02:54.691: I/zygote64(27893):   at void android.view.LayoutInflater.rInflate(org.xmlpull.v1.XmlPullParser, android.view.View, android.content.Context, android.util.AttributeSet, boolean) (LayoutInflater.java:863)
10-30 17:02:54.691: I/zygote64(27893):   at void android.view.LayoutInflater.rInflateChildren(org.xmlpull.v1.XmlPullParser, android.view.View, android.util.AttributeSet, boolean) (LayoutInflater.java:824)
10-30 17:02:54.691: I/zygote64(27893):   at android.view.View android.view.LayoutInflater.inflate(org.xmlpull.v1.XmlPullParser, android.view.ViewGroup, boolean) (LayoutInflater.java:515)
10-30 17:02:54.691: I/zygote64(27893):   at android.view.View android.view.LayoutInflater.inflate(int, android.view.ViewGroup, boolean) (LayoutInflater.java:423)
10-30 17:02:54.691: I/zygote64(27893):   at android.view.View android.view.LayoutInflater.inflate(int, android.view.ViewGroup) (LayoutInflater.java:374)
10-30 17:02:54.691: I/zygote64(27893):   at android.view.ViewGroup android.support.v7.app.AppCompatDelegateImpl.createSubDecor() (AppCompatDelegateImpl.java:739)
10-30 17:02:54.691: I/zygote64(27893):   at void android.support.v7.app.AppCompatDelegateImpl.ensureSubDecor() (AppCompatDelegateImpl.java:649)
10-30 17:02:54.691: I/zygote64(27893):   at void android.support.v7.app.AppCompatDelegateImpl.setContentView(int) (AppCompatDelegateImpl.java:542)
10-30 17:02:54.691: I/zygote64(27893):   at void android.support.v7.app.AppCompatActivity.setContentView(int) (AppCompatActivity.java:161)
10-30 17:02:54.691: I/zygote64(27893):   at void com.google.android.apps.mtaas.backdrop.BackdropActivity.showTestBackdrop() (BackdropActivity.java:139)
10-30 17:02:54.691: I/zygote64(27893):   at void com.google.android.apps.mtaas.backdrop.BackdropActivity.onCreate(android.os.Bundle) (BackdropActivity.java:68)
10-30 17:02:54.691: I/zygote64(27893):   at void android.app.Activity.performCreate(android.os.Bundle) (Activity.java:6975)
10-30 17:02:54.691: I/zygote64(27893):   at void android.app.Instrumentation.callActivityOnCreate(android.app.Activity, android.os.Bundle) (Instrumentation.java:1213)
10-30 17:02:54.691: I/zygote64(27893):   at android.app.Activity android.app.ActivityThread.performLaunchActivity(android.app.ActivityThread$ActivityClientRecord, android.content.Intent) (ActivityThread.java:2779)
10-30 17:02:54.691: I/zygote64(27893):   at void android.app.ActivityThread.handleLaunchActivity(android.app.ActivityThread$ActivityClientRecord, android.content.Intent, java.lang.String) (ActivityThread.java:2904)
10-30 17:02:54.691: I/zygote64(27893):   at void android.app.ActivityThread.-wrap11(android.app.ActivityThread, android.app.ActivityThread$ActivityClientRecord, android.content.Intent, java.lang.String) (ActivityThread.java:-1)
10-30 17:02:54.691: I/zygote64(27893):   at void android.app.ActivityThread$H.handleMessage(android.os.Message) (ActivityThread.java:1596)
10-30 17:02:54.691: I/zygote64(27893):   at void android.os.Handler.dispatchMessage(android.os.Message) (Handler.java:105)
10-30 17:02:54.691: I/zygote64(27893):   at void android.os.Looper.loop() (Looper.java:164)
10-30 17:02:54.691: I/zygote64(27893):   at void android.app.ActivityThread.main(java.lang.String[]) (ActivityThread.java:6600)
10-30 17:02:54.691: I/zygote64(27893):   at java.lang.Object java.lang.reflect.Method.invoke(java.lang.Object, java.lang.Object[]) (Method.java:-2)
10-30 17:02:54.691: I/zygote64(27893):   at void com.android.internal.os.Zygote$MethodAndArgsCaller.run() (Zygote.java:240)
10-30 17:02:54.691: I/zygote64(27893):   at void com.android.internal.os.ZygoteInit.main(java.lang.String[]) (ZygoteInit.java:772)
10-30 17:02:54.713: E/ContentStoreEUAS(2210): Failed to commit the deferred actions
10-30 17:02:54.716: I/MicroDetector(2210): Keeping mic open: false
10-30 17:02:54.717: I/AudioController(2210): internalShutdown
10-30 17:02:54.717: I/MicrophoneInputStream(2210): mic_close com.google.android.apps.gsa.speech.audio.af@5bd2c0e
10-30 17:02:54.717: I/DeviceStateChecker(2210): DeviceStateChecker cancelled
10-30 17:02:54.717: I/MicroRecognitionRunner(2210): Stopping hotword detection.
10-30 17:02:54.719: I/FontsContentProvider(6292): Received query Google Sans, URI content://com.google.android.gms.fonts
10-30 17:02:54.719: I/zygote64(6292): Deoptimizing bnhu bmxk.b(int) due to JIT inline cache
10-30 17:02:54.720: I/FontsContentProvider(6292): Query [Google Sans] resolved to {Google Sans, wdth 100.0, wght 400, ital 0.0, bestEffort false}
10-30 17:02:54.732: D/DownloadManager(27861): [12] Starting
10-30 17:02:54.739: I/PerformanceMetricCollec(27912): Logging experiments memory-false, lantency-false
10-30 17:02:54.744: D/audio_hw_primary(749): disable_audio_route: usecase(9) reset and update mixer path: audio-record
10-30 17:02:54.744: D/audio_hw_primary(749): disable_snd_device: snd_device(75: voice-rec-mic)
10-30 17:02:54.745: D/sound_trigger_platform(749): platform_stdev_check_and_update_concurrency: concurrency active 0, tx 0, rx 0, concurrency session_allowed 1
10-30 17:02:54.747: I/MicroRecognitionRunner(2210): Detection finished
10-30 17:02:54.748: I/ActivityManager(1159): Start proc 27937:com.android.providers.calendar/u0a63 for content provider com.android.providers.calendar/.CalendarProvider2
10-30 17:02:54.754: I/FontsContentProvider(6292): Fetch {Google Sans, wdth 100.0, wght 400, ital 0.0, bestEffort false} end status Status{statusCode=SUCCESS, resolution=null}
10-30 17:02:54.758: I/FontsContentProvider(6292): Pulling font file for id = 1, cache size = 1
10-30 17:02:54.765: I/FontsContentProvider(6292): Received query Google Sans, URI content://com.google.android.gms.fonts
10-30 17:02:54.765: I/FontsContentProvider(6292): Query [Google Sans] resolved to {Google Sans, wdth 100.0, wght 400, ital 0.0, bestEffort false}
10-30 17:02:54.766: D/NetworkSecurityConfig(27861): No Network Security Config specified, using platform default
10-30 17:02:54.770: I/FontsContentProvider(6292): Fetch {Google Sans, wdth 100.0, wght 400, ital 0.0, bestEffort false} end status Status{statusCode=SUCCESS, resolution=null}
10-30 17:02:54.771: D/NetworkSecurityConfig(27861): No Network Security Config specified, using platform default
10-30 17:02:54.774: I/BackdropActivity(27893): android_id: 4210689119186370789
10-30 17:02:54.778: I/BackdropActivity(27893): onResume()
10-30 17:02:54.778: I/FontsContentProvider(6292): Pulling font file for id = 2, cache size = 2
10-30 17:02:54.779: D/PhenotypeJobService(27912): Job scheduled successfully
10-30 17:02:54.782: I/ActivityManager(1159): Activity requesting to dismiss Keyguard: ActivityRecord{b89c906 u0 com.google.android.apps.mtaas.backdrop/.BackdropActivity t3}
10-30 17:02:54.782: E/PrefServiceImpl(27912): Primary account is null
10-30 17:02:54.783: I/PerformanceMetricCollec(27912): Logging experiments memory-false, lantency-false
10-30 17:02:54.791: D/OpenGLRenderer(27893): HWUI GL Pipeline
10-30 17:02:54.794: I/FTLNetworkMonitor(27893): NetworkMonitoringService was created
10-30 17:02:54.798: I/CalendarProvider2(27937): Created com.android.providers.calendar.CalendarAlarmManager@b218a4f(com.android.providers.calendar.CalendarProvider2@d8625dc)
10-30 17:02:54.801: I/Adreno(27893): QUALCOMM build                   : 982fa4b, I5209124ca6
10-30 17:02:54.801: I/Adreno(27893): Build Date                       : 07/28/17
10-30 17:02:54.801: I/Adreno(27893): OpenGL ES Shader Compiler Version: EV031.19.00.00
10-30 17:02:54.801: I/Adreno(27893): Local Branch                     : mybranch27470623
10-30 17:02:54.801: I/Adreno(27893): Remote Branch                    : quic/gfx-adreno.lnx.6.4.9-rel
10-30 17:02:54.801: I/Adreno(27893): Remote Branch                    : NONE
10-30 17:02:54.801: I/Adreno(27893): Reconstruct Branch               : NOTHING
10-30 17:02:54.804: I/Adreno(27893): PFP: 0x005ff087, ME: 0x005ff063
10-30 17:02:54.806: I/zygote64(27893): android::hardware::configstore::V1_0::ISurfaceFlingerConfigs::hasWideColorDisplay retrieved: 1
10-30 17:02:54.807: I/OpenGLRenderer(27893): Initialized EGL, version 1.4
10-30 17:02:54.807: D/OpenGLRenderer(27893): Swap behavior 2
10-30 17:02:54.819: I/FTLNetworkMonitor(27893): Network Info: [type: WIFI[], state: CONNECTED/CONNECTED, reason: (unspecified), extra: "wl-ftl-mt62-1-5", failover: false, available: true, roaming: false, metered: false]
10-30 17:02:54.819: I/FTLNetworkMonitor(27893): Network Info: [type: WIFI[], state: CONNECTED/CONNECTED, reason: (unspecified), extra: "wl-ftl-mt62-1-5", failover: false, available: true, roaming: false, metered: false]
10-30 17:02:54.830: D/PhenotypeManager(27912): Registered: Status{statusCode=SUCCESS, resolution=null}
10-30 17:02:54.848: I/ActivityManager(1159): Start proc 27976:com.google.android.deskclock/u0a79 for broadcast com.google.android.deskclock/com.android.deskclock.AlarmInitReceiver
10-30 17:02:54.879: I/GAv4(27976): Google Analytics 10.0.84 is starting up. To enable debug logging on a device run:
10-30 17:02:54.879: I/GAv4(27976):   adb shell setprop log.tag.GAv4 DEBUG
10-30 17:02:54.879: I/GAv4(27976):   adb logcat -s GAv4
10-30 17:02:54.880: I/PhenotypeFlagCommitter(27912): Experiment Configs successfully retrieved for com.google.android.calendar
10-30 17:02:54.882: I/ActivityManager(1159): Displayed com.google.android.apps.mtaas.backdrop/.BackdropActivity: +274ms
10-30 17:02:54.883: D/QCOM PowerHAL(774): LAUNCH HINT: OFF
10-30 17:02:54.892: W/GAv4(27976): AnalyticsReceiver is not registered or is disabled. Register the receiver for reliable dispatching on non-Google Play devices. See http://goo.gl/8Rd3yj for instructions.
10-30 17:02:54.897: I/AlarmClock(27976): AlarmInitReceiver android.intent.action.LOCALE_CHANGED
10-30 17:02:54.897: W/GAv4(27976): CampaignTrackingReceiver is not registered, not exported or is disabled. Installation campaign tracking is not possible. See http://goo.gl/8Rd3yj for instructions.
10-30 17:02:54.899: W/GAv4(27976): AnalyticsService not registered in the app manifest. Hits might not be delivered reliably. See http://goo.gl/8Rd3yj for instructions.
10-30 17:02:54.909: I/DigitalWidgetProvider(27976): onReceive: Intent { act=android.intent.action.LOCALE_CHANGED flg=0x11200010 cmp=com.google.android.deskclock/com.android.alarmclock.DigitalAppWidgetProvider }
10-30 17:02:54.921: I/ActivityManager(1159): Start proc 27997:com.google.android.gm/u0a80 for broadcast com.google.android.gm/.MailIntentReceiver
10-30 17:02:54.924: W/RingtoneManager(27976): No READ_EXTERNAL_STORAGE permission, ignoring ringtones on ext storage
10-30 17:02:54.943: D/NuPlayerDriver(856): NuPlayerDriver(0xe94a7070) created, clientPid(27976)
10-30 17:02:54.962: D/GenericSource(856): FileSource remote
10-30 17:02:54.966: W/EasBundling(27997): in EasBundling.init, isBundlingEnabled=true
10-30 17:02:54.966: D/NuPlayerDriver(856): notifyListener_l(0xe94a7070), (1, 0, 0, -1), loop setting(0, 0)
10-30 17:02:54.972: D/Ringtone(27976): Successfully created local player
10-30 17:02:54.976: W/ChimeraUtils(6306): Non Chimera context
10-30 17:02:54.976: D/ActivityThread(27997): Loading provider com.google.android.gmail.provider;com.android.mail.notifier;com.google.android.gm.email.provider;com.google.android.gm.tasks.provider;com.google.android.gm.email.notifier: com.android.email.provider.EmailProvider
10-30 17:02:54.976: W/ChimeraUtils(6306): Non Chimera context
10-30 17:02:54.995: I/PBSessionCacheImpl(2210): Deleted sessionId[428041662156] from persistence.
10-30 17:02:55.020: W/SearchService(2210): Abort, client detached.
10-30 17:02:55.027: I/irr(27997): Beginning new tracing period at 1.6111057578498E7.
10-30 17:02:55.028: W/irr(27997): START TRACE Inbox first results loaded <8773fd7a3ef384440000016e1f1f4bb3>@1.6111057578498E7
10-30 17:02:55.033: W/GAV2(27997): Thread[main,5,main]: Need to call initialize() and be in fallback mode to start dispatch.
10-30 17:02:55.074: W/ActivityManager(1159): Unable to start service Intent { cmp=com.google.android.gm.exchange/com.android.exchange.service.EasService } U=0: not found
10-30 17:02:55.081: W/ChimeraUtils(6292): Non Chimera context
10-30 17:02:55.081: W/ChimeraUtils(6292): Non Chimera context
10-30 17:02:55.099: I/AlarmClock(27976): Started indexing all application data.
10-30 17:02:55.105: I/PeopleDatabaseHelper(6292): Updating DB locale: en_US -> pt
10-30 17:02:55.108: I/MicroDetectionWorker(2210): #initializeDataManager [recognitionLocale: pt-BR, isForced: false, initGHRecognizer: false]
10-30 17:02:55.111: W/ActivityManager(1159): Unable to start service Intent { cmp=com.google.android.gm/com.android.email.service.AttachmentService } U=0: not found
10-30 17:02:55.111: I/LanguageSettingsHelper(2210): Removing enrollment utterances : Locale changed
10-30 17:02:55.111: E/MicroDataManager(2210): Called deleteEnrollmentUtterances for null account
10-30 17:02:55.112: E/MicroModelsUtil(2210): No model available at /data/user/0/com.google.android.googlequicksearchbox/files/pt-BR/hotword.data
10-30 17:02:55.112: E/MicroModelsUtil(2210): java.io.FileNotFoundException: /data/user/0/com.google.android.googlequicksearchbox/files/pt-BR/hotword.data (No such file or directory)
10-30 17:02:55.112: E/MicroModelsUtil(2210): 	at java.io.FileInputStream.open0(Native Method)
10-30 17:02:55.112: E/MicroModelsUtil(2210): 	at java.io.FileInputStream.open(FileInputStream.java:200)
10-30 17:02:55.112: E/MicroModelsUtil(2210): 	at java.io.FileInputStream.<init>(FileInputStream.java:150)
10-30 17:02:55.112: E/MicroModelsUtil(2210): 	at com.google.common.i.z.bVz(SourceFile:4)
10-30 17:02:55.112: E/MicroModelsUtil(2210): 	at com.google.common.i.z.bVv(SourceFile:6)
10-30 17:02:55.112: E/MicroModelsUtil(2210): 	at com.google.common.i.w.af(SourceFile:20)
10-30 17:02:55.112: E/MicroModelsUtil(2210): 	at com.google.android.apps.gsa.speech.microdetection.t.b(SourceFile:41)
10-30 17:02:55.112: E/MicroModelsUtil(2210): 	at com.google.android.apps.gsa.speech.microdetection.t.b(SourceFile:6)
10-30 17:02:55.112: E/MicroModelsUtil(2210): 	at com.google.android.apps.gsa.speech.microdetection.q.run(SourceFile:14)
10-30 17:02:55.112: E/MicroModelsUtil(2210): 	at java.util.concurrent.Executors$RunnableAdapter.call(Executors.java:457)
10-30 17:02:55.112: E/MicroModelsUtil(2210): 	at java.util.concurrent.FutureTask.run(FutureTask.java:266)
10-30 17:02:55.112: E/MicroModelsUtil(2210): 	at com.google.android.apps.gsa.shared.util.concurrent.a.ax.run(SourceFile:14)
10-30 17:02:55.112: E/MicroModelsUtil(2210): 	at com.google.android.apps.gsa.shared.util.concurrent.a.bl.run(SourceFile:4)
10-30 17:02:55.112: E/MicroModelsUtil(2210): 	at com.google.android.apps.gsa.shared.util.concurrent.a.bl.run(SourceFile:4)
10-30 17:02:55.112: E/MicroModelsUtil(2210): 	at java.util.concurrent.ThreadPoolExecutor.runWorker(ThreadPoolExecutor.java:1162)
10-30 17:02:55.112: E/MicroModelsUtil(2210): 	at java.util.concurrent.ThreadPoolExecutor$Worker.run(ThreadPoolExecutor.java:636)
10-30 17:02:55.112: E/MicroModelsUtil(2210): 	at java.lang.Thread.run(Thread.java:764)
10-30 17:02:55.112: E/MicroModelsUtil(2210): 	at com.google.android.apps.gsa.shared.util.concurrent.a.ai.run(SourceFile:6)
10-30 17:02:55.123: W/ChimeraUtils(6292): Non Chimera context
10-30 17:02:55.124: I/chatty(6292): uid=10006(com.google.android.gms) identical 2 lines
10-30 17:02:55.124: W/ChimeraUtils(6292): Non Chimera context
10-30 17:02:55.131: I/OpaEnabledReceiver(1500): Dispatching OPA eligble = false; AGSA = true; OPA enabled = true
10-30 17:02:55.131: I/OpaLayout(1500): Setting opa enabled to false
10-30 17:02:55.131: I/OpaLayout(1500): Setting opa enabled to false
10-30 17:02:55.131: I/Elmyra/ElmyraService(1500): No available actions
10-30 17:02:55.138: W/ActivityManager(1159): Unable to start service Intent { cmp=com.google.android.gm.exchange/com.android.exchange.service.EasService } U=0: not found
10-30 17:02:55.146: D/AppIndexApi(27976): Logging objectbjr@4cdaef8
10-30 17:02:55.154: I/OpaEnabledReceiver(1500): Dispatching OPA eligble = false; AGSA = true; OPA enabled = false
10-30 17:02:55.154: I/OpaLayout(1500): Setting opa enabled to false
10-30 17:02:55.155: I/ActivityManager(1159): Start proc 28056:com.google.android.youtube/u0a70 for broadcast com.google.android.youtube/com.google.android.apps.youtube.app.application.system.LocaleUpdatedReceiver
10-30 17:02:55.155: I/OpaLayout(1500): Setting opa enabled to false
10-30 17:02:55.156: W/SearchService(2210): Abort, client detached.
10-30 17:02:55.161: I/ActivityManager(1159): Killing 25691:com.google.android.dialer/u0a54 (adj 906): empty #17
10-30 17:02:55.163: W/SoundModelDBHelper(1159): No SoundModel available for the given keyphrase
10-30 17:02:55.164: W/zygote64(1159): kill(-25691, 9) failed: No such process
10-30 17:02:55.165: W/ChimeraUtils(6292): Non Chimera context
10-30 17:02:55.165: W/ChimeraUtils(6292): Non Chimera context
10-30 17:02:55.188: W/SearchService(2210): Abort, client detached.
10-30 17:02:55.198: I/zygote64(6292): Deoptimizing int com.google.android.gms.dynamite.DynamiteModule.a(android.content.Context, java.lang.String) due to JIT inline cache
10-30 17:02:55.198: W/DynamiteModule(6292): Local module descriptor class for providerinstaller not found.
10-30 17:02:55.199: I/DynamiteModule(6292): Considering local module providerinstaller:0 and remote module providerinstaller:0
10-30 17:02:55.199: W/ProviderInstaller(6292): Failed to load providerinstaller module: No acceptable module found. Local version is 0 and remote version is 0.
10-30 17:02:55.202: I/PeopleSearchIndexManage(6292): Marking for index update.
10-30 17:02:55.212: W/zygote64(1159): kill(-25691, 9) failed: No such process
10-30 17:02:55.212: I/zygote64(1159): Successfully killed process cgroup uid 10054 pid 25691 in 48ms
10-30 17:02:55.226: D/DownloadManager(27861): [13] Starting
10-30 17:02:55.231: I/PeopleSearchIndexManage(6292): Index version changed from 0
10-30 17:02:55.234: I/PeopleSearchIndexManage(6292): Rebuilding index...
10-30 17:02:55.254: D/NetworkSecurityConfig(27861): Using Network Security Config from resource network_security_config debugBuild: false
10-30 17:02:55.258: I/zygote64(6306): Background concurrent copying GC freed 58236(3MB) AllocSpace objects, 4(84KB) LOS objects, 49% free, 13MB/27MB, paused 50us total 162.989ms
10-30 17:02:55.268: I/PeopleASM(6292): Rebuilding autocomplete index...
10-30 17:02:55.269: I/PeopleSearchIndexManage(6292): Rebuilding index done.
10-30 17:02:55.274: W/Icing(6306): isOptedInForAppHistory: empty Account Name encountered
10-30 17:02:55.294: I/AlarmClock(27976): Finished indexing all application data.
10-30 17:02:55.297: V/NativeCrypto(28056): Registering com/google/android/gms/org/conscrypt/NativeCrypto's 284 native methods...
10-30 17:02:55.303: W/Icing(6306): isOptedInForAppHistory: empty Account Name encountered
10-30 17:02:55.314: I/zygote64(6306): Do partial code cache collection, code=1506KB, data=926KB
10-30 17:02:55.315: I/zygote64(6306): After code cache collection, code=1496KB, data=922KB
10-30 17:02:55.315: I/zygote64(6306): Increasing code cache capacity to 4MB
10-30 17:02:55.315: I/zygote64(6306): Compiler allocated 4MB to compile bqsi bqsi.a(bnry, bqsi, bqsv)
10-30 17:02:55.328: I/aoty(6306): Removed 0 invalid users [CONTEXT service_id=51 ]
10-30 17:02:55.338: W/YouTube(28056): Fetching the Gservices key 'failsafe_maxnumbercrash_12_15' before the end of the bulk initialization
10-30 17:02:55.338: D/NetworkSecurityConfig(28056): No Network Security Config specified, using platform default
10-30 17:02:55.356: I/ProviderInstaller(28056): Installed default security provider GmsCore_OpenSSL
10-30 17:02:55.383: I/zygote64(6292): Deoptimizing void bwvr.a(int, java.util.List, bwxe) due to JIT inline cache
10-30 17:02:55.389: E/YouTube(28056): flushBinderConnectionCallbacks is unverified on SDK 26
10-30 17:02:55.416: W/zygote64(28056): Skipping duplicate class check due to unrecognized classloader
10-30 17:02:55.418: I/DynamiteModule(28056): Considering local module com.google.android.gms.ads.dynamite:0 and remote module com.google.android.gms.ads.dynamite:20290
10-30 17:02:55.419: I/DynamiteModule(28056): Selected remote version of com.google.android.gms.ads.dynamite, version >= 20290
10-30 17:02:55.448: W/ChimeraDebugLogger(28056): Singleton logger instance not set.
10-30 17:02:55.456: I/VSC(792): @ 16125.110: [VSC] Stopping sensor events for sensor 131074
10-30 17:02:55.456: I/VSC(792): @ 16125.111: [VSC] Request sensor 65537, sample_duration 14 ms, report_duration c80 ms
10-30 17:02:55.460: W/zygote64(28056): Skipping duplicate class check due to unrecognized classloader
10-30 17:02:55.463: D/CHRE(792): @ 16125.117: +: id 0, prev 0 curr 1, mode 3, chre 2
10-30 17:02:55.480: D/DynamitePackage(28056): Instantiated singleton DynamitePackage.
10-30 17:02:55.480: D/DynamitePackage(28056): Instantiating com.google.android.gms.ads.adshield.ChimeraAdShieldCreatorImpl
10-30 17:02:55.525: V/MediaRouter(28056): Adding route: RouteInfo{ name=Telefone, description=null, status=null, category=RouteCategory{ name=Sistema types=ROUTE_TYPE_LIVE_AUDIO ROUTE_TYPE_LIVE_VIDEO  groupable=false }, supportedTypes=ROUTE_TYPE_LIVE_AUDIO ROUTE_TYPE_LIVE_VIDEO , presentationDisplay=null }
10-30 17:02:55.531: V/MediaRouter(28056): Selecting route: RouteInfo{ name=Telefone, description=null, status=null, category=RouteCategory{ name=Sistema types=ROUTE_TYPE_LIVE_AUDIO ROUTE_TYPE_LIVE_VIDEO  groupable=false }, supportedTypes=ROUTE_TYPE_LIVE_AUDIO ROUTE_TYPE_LIVE_VIDEO , presentationDisplay=null }
10-30 17:02:55.584: I/dex2oat(28135): /system/bin/dex2oat --dex-file=/data/data/com.google.android.youtube/cache/1548865591327.jar --output-vdex-fd=53 --oat-fd=54 --oat-location=/data/data/com.google.android.youtube/cache/oat/arm64/1548865591327.odex --compiler-filter=quicken
10-30 17:02:55.635: I/zygote64(6306): Deoptimizing java.util.List bwue.a(java.lang.Object, long) due to JIT inline cache
10-30 17:02:55.657: W/Conscrypt(6306): Could not set socket write timeout: java.net.SocketException: Socket closed
10-30 17:02:55.671: I/zygote64(1159): Background concurrent copying GC freed 30487(1957KB) AllocSpace objects, 8(160KB) LOS objects, 42% free, 14MB/25MB, paused 102us total 148.791ms
10-30 17:02:55.673: W/Conscrypt(6306): 	at com.google.android.gms.org.conscrypt.Platform.setSocketWriteTimeout(:com.google.android.gms@18385019@18.3.85 (040400-262677519):2)
10-30 17:02:55.673: W/Conscrypt(6306): 	at com.google.android.gms.org.conscrypt.ConscryptFileDescriptorSocket.setSoWriteTimeout(:com.google.android.gms@18385019@18.3.85 (040400-262677519):2)
10-30 17:02:55.695: W/YouTube(28056): ECatcher disabled: level: WARNING, category: initialization, message: Initialization Exception
10-30 17:02:55.695: W/YouTube(28056): java.lang.IllegalArgumentException
10-30 17:02:55.695: W/YouTube(28056): 	at adac.a(SourceFile:2)
10-30 17:02:55.695: W/YouTube(28056): 	at poo.a(SourceFile:4)
10-30 17:02:55.695: W/YouTube(28056): 	at poa.a(SourceFile:1)
10-30 17:02:55.695: W/YouTube(28056): 	at vlj.g(SourceFile:107)
10-30 17:02:55.695: W/YouTube(28056): 	at vlj.c(SourceFile:90)
10-30 17:02:55.695: W/YouTube(28056): 	at vfr.c(SourceFile:53)
10-30 17:02:55.695: W/YouTube(28056): 	at eiy.a(SourceFile:10)
10-30 17:02:55.695: W/YouTube(28056): 	at cfw.run(SourceFile:4)
10-30 17:02:55.695: W/YouTube(28056): 	at java.util.concurrent.Executors$RunnableAdapter.call(Executors.java:457)
10-30 17:02:55.695: W/YouTube(28056): 	at java.util.concurrent.FutureTask.run(FutureTask.java:266)
10-30 17:02:55.695: W/YouTube(28056): 	at java.util.concurrent.ScheduledThreadPoolExecutor$ScheduledFutureTask.run(ScheduledThreadPoolExecutor.java:301)
10-30 17:02:55.695: W/YouTube(28056): 	at java.util.concurrent.ThreadPoolExecutor.runWorker(ThreadPoolExecutor.java:1162)
10-30 17:02:55.695: W/YouTube(28056): 	at java.util.concurrent.ThreadPoolExecutor$Worker.run(ThreadPoolExecutor.java:636)
10-30 17:02:55.695: W/YouTube(28056): 	at poc.run(SourceFile:24)
10-30 17:02:55.695: W/YouTube(28056): 	at java.lang.Thread.run(Thread.java:764)
10-30 17:02:55.725: W/BroadcastQueue(1159): Background execution not allowed: receiving Intent { act=com.google.android.systemui.OPA_ENABLED flg=0x10000010 (has extras) } to com.google.android.apps.nexuslauncher/.qsb.OPAStatusReceiver
10-30 17:02:55.729: I/ActivityManager(1159): Killing 25649:com.google.android.contacts/u0a42 (adj 906): empty #17
10-30 17:02:55.730: W/zygote64(1159): kill(-25649, 9) failed: No such process
10-30 17:02:55.731: V/MediaRouter(28056): Selecting route: RouteInfo{ name=Telefone, description=null, status=null, category=RouteCategory{ name=Sistema types=ROUTE_TYPE_LIVE_AUDIO ROUTE_TYPE_LIVE_VIDEO  groupable=false }, supportedTypes=ROUTE_TYPE_LIVE_AUDIO ROUTE_TYPE_LIVE_VIDEO , presentationDisplay=null }
10-30 17:02:55.731: I/Places(6306): ?: Couldn't find platform key file.
10-30 17:02:55.731: I/Places(6306): ?: Couldn't find platform key file.
10-30 17:02:55.732: I/LocaleChangeIO(6306): Requesting GmsCore restart due to change in locale assets
10-30 17:02:55.734: I/Process(6292): Sending signal. PID: 6292 SIG: 9
10-30 17:02:55.734: I/Process(6306): Sending signal. PID: 6306 SIG: 9
10-30 17:02:55.737: E/lowmemorykiller(801): Error writing /proc/6292/oom_score_adj; errno=22
10-30 17:02:55.739: W/ActivityManager(1159): Permission Denial: Accessing service ComponentInfo{com.google.android.music/com.google.android.music.dial.DialMediaRouteProviderService} from pid=28056, uid=10070 that is not exported from uid 10111
10-30 17:02:55.744: I/Process(25724): Sending signal. PID: 25724 SIG: 9
10-30 17:02:55.750: I/dex2oat(28135): dex2oat took 167.026ms (82.696ms cpu) (threads: 8) arena alloc=20KB (21240B) java alloc=64KB (65552B) native alloc=1136KB (1163560B) free=2MB (2506456B)
10-30 17:02:55.758: W/ActivityManager(1159): Exception when unbinding service com.google.android.gms/.chimera.GmsBoundBrokerService
10-30 17:02:55.758: W/ActivityManager(1159): android.os.DeadObjectException
10-30 17:02:55.758: W/ActivityManager(1159): 	at android.os.BinderProxy.transactNative(Native Method)
10-30 17:02:55.758: W/ActivityManager(1159): 	at android.os.BinderProxy.transact(Binder.java:748)
10-30 17:02:55.758: W/ActivityManager(1159): 	at android.app.IApplicationThread$Stub$Proxy.scheduleUnbindService(IApplicationThread.java:1522)
10-30 17:02:55.758: W/ActivityManager(1159): 	at com.android.server.am.ActiveServices.removeConnectionLocked(ActiveServices.java:2640)
10-30 17:02:55.758: W/ActivityManager(1159): 	at com.android.server.am.ActiveServices.killServicesLocked(ActiveServices.java:3039)
10-30 17:02:55.758: W/ActivityManager(1159): 	at com.android.server.am.ActivityManagerService.cleanUpApplicationRecordLocked(ActivityManagerService.java:17983)
10-30 17:02:55.758: W/ActivityManager(1159): 	at com.android.server.am.ActivityManagerService.handleAppDiedLocked(ActivityManagerService.java:5225)
10-30 17:02:55.758: W/ActivityManager(1159): 	at com.android.server.am.ActivityManagerService.appDiedLocked(ActivityManagerService.java:5415)
10-30 17:02:55.758: W/ActivityManager(1159): 	at com.android.server.am.ActivityManagerService$AppDeathRecipient.binderDied(ActivityManagerService.java:1641)
10-30 17:02:55.758: W/ActivityManager(1159): 	at android.os.BinderProxy.sendDeathNotice(Binder.java:828)
10-30 17:02:55.758: D/GnssStatusListenerHelper(1159): Remote Listener died: android.location.IGnssStatusListener$Stub$Proxy@ff0c4e2
10-30 17:02:55.758: D/GnssStatusListenerHelper(1159): Remote Listener died: android.location.IGnssStatusListener$Stub$Proxy@e4ce073
10-30 17:02:55.759: W/BackupTransportManager(1159): Disconnected from transport com.google.android.gms/.backup.component.D2dTransportService
10-30 17:02:55.760: D/BackupTransportManager(1159): Scheduled explicit rebinding for com.google.android.gms/.backup.component.D2dTransportService in 300000ms
10-30 17:02:55.760: W/BackupTransportManager(1159): Disconnected from transport com.google.android.gms/.backup.BackupTransportService
10-30 17:02:55.760: D/BackupTransportManager(1159): Scheduled explicit rebinding for com.google.android.gms/.backup.BackupTransportService in 300000ms
10-30 17:02:55.761: I/ActivityManager(1159): Process com.google.android.gms.persistent (pid 6306) has died: vis  BFGS
10-30 17:02:55.762: W/ActivityManager(1159): Exception when unbinding service com.google.android.gms/.checkin.CheckinApiService
10-30 17:02:55.762: W/ActivityManager(1159): android.os.DeadObjectException
10-30 17:02:55.762: W/ActivityManager(1159): 	at android.os.BinderProxy.transactNative(Native Method)
10-30 17:02:55.762: W/ActivityManager(1159): 	at android.os.BinderProxy.transact(Binder.java:748)
10-30 17:02:55.762: W/ActivityManager(1159): 	at android.app.IApplicationThread$Stub$Proxy.scheduleUnbindService(IApplicationThread.java:1522)
10-30 17:02:55.762: W/ActivityManager(1159): 	at com.android.server.am.ActiveServices.removeConnectionLocked(ActiveServices.java:2640)
10-30 17:02:55.762: W/ActivityManager(1159): 	at com.android.server.am.ActiveServices.killServicesLocked(ActiveServices.java:3039)
10-30 17:02:55.762: W/ActivityManager(1159): 	at com.android.server.am.ActivityManagerService.cleanUpApplicationRecordLocked(ActivityManagerService.java:17983)
10-30 17:02:55.762: W/ActivityManager(1159): 	at com.android.server.am.ActivityManagerService.handleAppDiedLocked(ActivityManagerService.java:5225)
10-30 17:02:55.762: W/ActivityManager(1159): 	at com.android.server.am.ActivityManagerService.appDiedLocked(ActivityManagerService.java:5415)
10-30 17:02:55.762: W/ActivityManager(1159): 	at com.android.server.am.ActivityManagerService$AppDeathRecipient.binderDied(ActivityManagerService.java:1641)
10-30 17:02:55.762: W/ActivityManager(1159): 	at android.os.BinderProxy.sendDeathNotice(Binder.java:828)
10-30 17:02:55.762: W/ActivityManager(1159): Scheduling restart of crashed service com.google.android.gms/.usagereporting.service.UsageReportingService in 1000ms
10-30 17:02:55.762: W/ActivityManager(1159): Scheduling restart of crashed service com.google.android.gms/.nearby.messages.service.NearbyMessagesService in 11000ms
10-30 17:02:55.762: W/ActivityManager(1159): Scheduling restart of crashed service com.google.android.gms/.backup.component.D2dTransportService in 21000ms
10-30 17:02:55.762: W/ActivityManager(1159): Scheduling restart of crashed service com.google.android.gms/com.google.android.location.network.NetworkLocationService in 31000ms
10-30 17:02:55.762: W/ActivityManager(1159): Scheduling restart of crashed service com.google.android.gms/com.google.android.location.geofencer.service.GeofenceProviderService in 41000ms
10-30 17:02:55.762: W/ActivityManager(1159): Scheduling restart of crashed service com.google.android.gms/com.google.android.location.places.service.PlaceDetectionAsyncService in 51000ms
10-30 17:02:55.762: W/ActivityManager(1159): Scheduling restart of crashed service com.google.android.gms/com.google.location.nearby.direct.service.NearbyDirectService in 61000ms
10-30 17:02:55.763: W/ActivityManager(1159): Scheduling restart of crashed service com.google.android.gms/.thunderbird.EmergencyPersistentService in 61000ms
10-30 17:02:55.763: W/ActivityManager(1159): Scheduling restart of crashed service com.google.android.gms/.backup.BackupTransportMigratorService in 71000ms
10-30 17:02:55.763: W/ActivityManager(1159): Scheduling restart of crashed service com.google.android.gms/com.google.android.location.geocode.GeocodeService in 71000ms
10-30 17:02:55.763: W/ActivityManager(1159): Scheduling restart of crashed service com.google.android.gms/.chimera.PersistentBoundBrokerService in 81000ms
10-30 17:02:55.763: W/ActivityManager(1159): Scheduling restart of crashed service com.google.android.gms/.common.stats.GmsCoreStatsService in 91000ms
10-30 17:02:55.763: W/ActivityManager(1159): Scheduling restart of crashed service com.google.android.gms/com.google.android.contextmanager.service.ContextManagerService in 101000ms
10-30 17:02:55.763: W/ActivityManager(1159): Scheduling restart of crashed service com.google.android.gms/.auth.setup.devicesignals.LockScreenService in 111000ms
10-30 17:02:55.763: W/ActivityManager(1159): Scheduling restart of crashed service com.google.android.gms/.backup.BackupTransportService in 121000ms
10-30 17:02:55.763: W/ActivityManager(1159): Scheduling restart of crashed service com.google.android.gms/com.google.android.location.fused.FusedLocationService in 130999ms
10-30 17:02:55.763: W/ActivityManager(1159): Scheduling restart of crashed service com.google.android.gms/.lockbox.service.LockboxBrokerService in 140999ms
10-30 17:02:55.763: W/ActivityManager(1159): Scheduling restart of crashed service com.google.android.gms/.chimera.PersistentIntentOperationService in 150999ms
10-30 17:02:55.763: W/ActivityManager(1159): Scheduling restart of crashed service com.google.android.gms/.gcm.GcmService in 160999ms
10-30 17:02:55.763: W/ActivityManager(1159): Scheduling restart of crashed service com.google.android.gms/.gcm.nts.SchedulerService in 170999ms
10-30 17:02:55.763: W/ActivityManager(1159): Scheduling restart of crashed service com.google.android.gms/com.google.android.location.internal.GoogleLocationManagerService in 180999ms
10-30 17:02:55.763: W/ActivityManager(1159): Scheduling restart of crashed service com.google.android.gms/.chimera.PersistentApiService in 190999ms
10-30 17:02:55.763: W/ActivityManager(1159): Scheduling restart of crashed service com.google.android.gms/.chimera.PersistentDirectBootAwareApiService in 200999ms
10-30 17:02:55.763: W/ActivityManager(1159): Scheduling restart of crashed service com.google.android.gms/.trustagent.speech.service.VoiceUnlockService in 210999ms
10-30 17:02:55.764: W/ActivityManager(1159): Scheduling restart of crashed service com.google.android.gms/com.google.android.location.internal.server.GoogleLocationService in 220999ms
10-30 17:02:55.764: W/ActivityManager(1159): Scheduling restart of crashed service com.google.android.gms/com.google.android.location.internal.server.HardwareArProviderService in 230999ms
10-30 17:02:55.764: W/ActivityManager(1159): Scheduling restart of crashed service com.google.android.gms/.auth.proximity.firstparty.SystemMemoryCacheService in 240999ms
10-30 17:02:55.764: W/ActivityManager(1159): Scheduling restart of crashed service com.google.android.gms/.fido.fido2.pollux.CableAuthenticatorService in 240999ms
10-30 17:02:55.764: W/ActivityManager(1159): Scheduling restart of crashed service com.google.android.gms/com.google.android.location.internal.PendingIntentCallbackService in 250999ms
10-30 17:02:55.764: W/ActivityManager(1159): Scheduling restart of crashed service com.google.android.gms/.deviceconnection.service.DeviceConnectionWatcherService in 250999ms
10-30 17:02:55.765: D/ConnectivityService(1159): ConnectivityService NetworkRequestInfo binderDied(NetworkRequest [ LISTEN id=16, [ Capabilities: INTERNET&NOT_RESTRICTED&TRUSTED] ], android.os.BinderProxy@f2f53a9)
10-30 17:02:55.765: I/VSC(792): @ 16125.418: [SMD] Deleted SMD instance at 0xb2007188
10-30 17:02:55.765: I/VSC(792): @ 16125.418: [VSC] Stopping sensor events for sensor 65537
10-30 17:02:55.765: I/VSC(792): @ 16125.418: [VSC] Stopping sensor events for sensor 131074
10-30 17:02:55.767: I/ActivityManager(1159): Process com.google.android.gms.ui (pid 25724) has died: svc  SVC 
10-30 17:02:55.767: W/ActivityManager(1159): Scheduling restart of crashed service com.google.android.gms/.chimera.UiIntentOperationService in 260996ms
10-30 17:02:55.768: I/ActivityManager(1159): Process com.google.android.gms (pid 6292) has died: fore IMPB
10-30 17:02:55.768: W/ActivityManager(1159): Scheduling restart of crashed service com.google.android.gms/.gass.GassService in 260994ms
10-30 17:02:55.768: W/ActivityManager(1159): Scheduling restart of crashed service com.google.android.gms/.ads.identifier.service.AdvertisingIdService in 270994ms
10-30 17:02:55.768: W/ActivityManager(1159): Scheduling restart of crashed service com.google.android.gms/.chimera.GmsIntentOperationService in 280994ms
10-30 17:02:55.768: W/ActivityManager(1159): Scheduling restart of crashed service com.google.android.gms/.cast.media.CastMediaRouteProviderService in 280994ms
10-30 17:02:55.768: W/ActivityManager(1159): Scheduling restart of crashed service com.google.android.gms/.icing.service.IndexWorkerService in 290994ms
10-30 17:02:55.768: W/ActivityManager(1159): Scheduling restart of crashed service com.google.android.gms/.icing.service.IndexService in 300994ms
10-30 17:02:55.769: W/RocketImpressions(27752): ClearcutLogger connection suspended: 1
10-30 17:02:55.769: W/zygote64(1159): kill(-25649, 9) failed: No such process
10-30 17:02:55.769: I/zygote64(1159): Successfully killed process cgroup uid 10042 pid 25649 in 39ms
10-30 17:02:55.769: W/zygote64(1159): kill(-6306, 9) failed: No such process
10-30 17:02:55.769: I/zygote64(1159): Successfully killed process cgroup uid 10006 pid 6306 in 0ms
10-30 17:02:55.769: W/zygote64(1159): kill(-25724, 9) failed: No such process
10-30 17:02:55.769: I/zygote64(1159): Successfully killed process cgroup uid 10006 pid 25724 in 0ms
10-30 17:02:55.769: W/zygote64(1159): kill(-6292, 9) failed: No such process
10-30 17:02:55.769: I/zygote64(1159): Successfully killed process cgroup uid 10006 pid 6292 in 0ms
10-30 17:02:55.770: D/CHRE(792): @ 16125.424: -: id 0, prev 3 curr 2, mode 3, chre 0
10-30 17:02:55.771: W/GmsLocationProvider(2210): Error removing location updates: 8
10-30 17:02:55.777: W/GmsClient(28056): IGmsServiceBroker.getService failed
10-30 17:02:55.777: W/GmsClient(28056): android.os.DeadObjectException
10-30 17:02:55.777: W/GmsClient(28056): 	at android.os.BinderProxy.transactNative(Native Method)
10-30 17:02:55.777: W/GmsClient(28056): 	at android.os.BinderProxy.transact(Binder.java:748)
10-30 17:02:55.777: W/GmsClient(28056): 	at xd.a(:com.google.android.gms.policy_ads_fdr_dynamite@20290000@20290000.249178941.249178941:4)
10-30 17:02:55.777: W/GmsClient(28056): 	at vq.a(:com.google.android.gms.policy_ads_fdr_dynamite@20290000@20290000.249178941.249178941:95)
10-30 17:02:55.777: W/GmsClient(28056): 	at vy.a(:com.google.android.gms.policy_ads_fdr_dynamite@20290000@20290000.249178941.249178941:2)
10-30 17:02:55.777: W/GmsClient(28056): 	at wa.a(:com.google.android.gms.policy_ads_fdr_dynamite@20290000@20290000.249178941.249178941:2)
10-30 17:02:55.777: W/GmsClient(28056): 	at vr.a(:com.google.android.gms.policy_ads_fdr_dynamite@20290000@20290000.249178941.249178941:7)
10-30 17:02:55.777: W/GmsClient(28056): 	at vu.handleMessage(:com.google.android.gms.policy_ads_fdr_dynamite@20290000@20290000.249178941.249178941:33)
10-30 17:02:55.777: W/GmsClient(28056): 	at android.os.Handler.dispatchMessage(Handler.java:105)
10-30 17:02:55.777: W/GmsClient(28056): 	at aam.a(Unknown Source:0)
10-30 17:02:55.777: W/GmsClient(28056): 	at aam.dispatchMessage(Unknown Source:0)
10-30 17:02:55.777: W/GmsClient(28056): 	at android.os.Looper.loop(Looper.java:164)
10-30 17:02:55.777: W/GmsClient(28056): 	at android.os.HandlerThread.run(HandlerThread.java:65)
10-30 17:02:55.782: V/MediaPlayer(27976): resetDrmState:  mDrmInfo=null mDrmProvisioningThread=null mPrepareDrmInProgress=false mActiveDrmScheme=false
10-30 17:02:55.782: V/MediaPlayer(27976): cleanDrmObj: mDrmObj=null mDrmSessionId=null
10-30 17:02:55.782: D/NuPlayerDriver(856): reset(0xe94a7070) at state 4
10-30 17:02:55.782: D/NuPlayerDriver(856): notifyListener_l(0xe94a7070), (8, 0, 0, -1), loop setting(1, 0)
10-30 17:02:55.782: D/NuPlayerDriver(856): notifyResetComplete(0xe94a7070)
10-30 17:02:55.782: D/MediaAnalyticsService(855): MediaAnalyticsService::newSummarizerSet
10-30 17:02:55.783: W/PhenotypeController(2210): Calling registerSyncInternal api failed.
10-30 17:02:55.808: W/zygote64(28056): Skipping duplicate class check due to unrecognized classloader
10-30 17:02:55.846: D/AndroidRuntime(28168): >>>>>> START com.android.internal.os.RuntimeInit uid 2000 <<<<<<
10-30 17:02:55.857: I/AdvertisingIdClient(28056): GMS remote exception 
