10-30 17:09:00.326: D/LifecycleMonitor(28810): Lifecycle status change: com.example.concurrencyeval.activities.MatMultActivity@d63203a in: CREATED
10-30 17:09:00.326: D/LifecycleMonitor(28810): running callback: androidx.test.rule.ActivityTestRule$LifecycleCallback@2df48a4
10-30 17:09:00.326: D/LifecycleMonitor(28810): callback completes: androidx.test.rule.ActivityTestRule$LifecycleCallback@2df48a4
10-30 17:09:00.327: D/LifecycleMonitor(28810): Lifecycle status change: com.example.concurrencyeval.activities.MatMultActivity@d63203a in: STARTED
10-30 17:09:00.327: D/LifecycleMonitor(28810): running callback: androidx.test.rule.ActivityTestRule$LifecycleCallback@2df48a4
10-30 17:09:00.327: D/LifecycleMonitor(28810): callback completes: androidx.test.rule.ActivityTestRule$LifecycleCallback@2df48a4
10-30 17:09:00.330: D/LifecycleMonitor(28810): Lifecycle status change: com.example.concurrencyeval.activities.MatMultActivity@d63203a in: RESUMED
10-30 17:09:00.330: D/LifecycleMonitor(28810): running callback: androidx.test.rule.ActivityTestRule$LifecycleCallback@2df48a4
10-30 17:09:00.330: D/LifecycleMonitor(28810): callback completes: androidx.test.rule.ActivityTestRule$LifecycleCallback@2df48a4
10-30 17:09:00.351: D/SurfaceFlinger(606): duplicate layer name: changing com.example.concurrencyeval/com.example.concurrencyeval.activities.MatMultActivity to com.example.concurrencyeval/com.example.concurrencyeval.activities.MatMultActivity#1
10-30 17:09:00.384: I/ActivityManager(1159): Displayed com.example.concurrencyeval/.activities.MatMultActivity: +117ms
10-30 17:09:00.396: D/QCOM PowerHAL(774): LAUNCH HINT: OFF
10-30 17:09:00.397: I/ViewInteraction(28810): Performing 'replace text()' action on view with id: com.example.concurrencyeval:id/mm_et_size
10-30 17:09:00.401: D/LifecycleMonitor(28810): Lifecycle status change: com.example.concurrencyeval.activities.MatMultActivity@6d1c7e3 in: STOPPED
10-30 17:09:00.401: D/LifecycleMonitor(28810): running callback: androidx.test.rule.ActivityTestRule$LifecycleCallback@2df48a4
10-30 17:09:00.401: D/LifecycleMonitor(28810): callback completes: androidx.test.rule.ActivityTestRule$LifecycleCallback@2df48a4
10-30 17:09:00.402: D/LifecycleMonitor(28810): Lifecycle status change: com.example.concurrencyeval.activities.MatMultActivity@6d1c7e3 in: DESTROYED
10-30 17:09:00.402: D/LifecycleMonitor(28810): running callback: androidx.test.rule.ActivityTestRule$LifecycleCallback@2df48a4
10-30 17:09:00.402: D/LifecycleMonitor(28810): callback completes: androidx.test.rule.ActivityTestRule$LifecycleCallback@2df48a4
10-30 17:09:00.411: W/IInputConnectionWrapper(28810): beginBatchEdit on inactive InputConnection
10-30 17:09:00.411: W/IInputConnectionWrapper(28810): getTextBeforeCursor on inactive InputConnection
10-30 17:09:00.412: I/ViewInteraction(28810): Performing 'type text(128)' action on view with id: com.example.concurrencyeval:id/mm_et_size
10-30 17:09:00.414: W/IInputConnectionWrapper(28810): getTextAfterCursor on inactive InputConnection
10-30 17:09:00.416: W/IInputConnectionWrapper(28810): getSelectedText on inactive InputConnection
10-30 17:09:00.416: W/IInputConnectionWrapper(28810): endBatchEdit on inactive InputConnection
10-30 17:09:00.451: W/InputConnectionWrapper(1481): Fixing selection indices to 0, 0
10-30 17:09:00.483: I/Adreno(1159): QUALCOMM build                   : 982fa4b, I5209124ca6
10-30 17:09:00.483: I/Adreno(1159): Build Date                       : 07/28/17
10-30 17:09:00.483: I/Adreno(1159): OpenGL ES Shader Compiler Version: EV031.19.00.00
10-30 17:09:00.483: I/Adreno(1159): Local Branch                     : mybranch27470623
10-30 17:09:00.483: I/Adreno(1159): Remote Branch                    : quic/gfx-adreno.lnx.6.4.9-rel
10-30 17:09:00.483: I/Adreno(1159): Remote Branch                    : NONE
10-30 17:09:00.483: I/Adreno(1159): Reconstruct Branch               : NOTHING
10-30 17:09:00.485: I/Adreno(1159): PFP: 0x005ff087, ME: 0x005ff063
10-30 17:09:00.486: I/zygote64(1159): android::hardware::configstore::V1_0::ISurfaceFlingerConfigs::hasWideColorDisplay retrieved: 1
10-30 17:09:00.486: I/OpenGLRenderer(1159): Initialized EGL, version 1.4
10-30 17:09:00.486: D/OpenGLRenderer(1159): Swap behavior 2
10-30 17:09:00.675: D/UiControllerImpl(28810): Injecting string: "128"
10-30 17:09:00.729: I/ViewInteraction(28810): Performing 'single click' action on view with id: com.example.concurrencyeval:id/mm_et_size
10-30 17:09:00.837: I/VSC(792): @ 16490.490: [VSC] Stopping sensor events for sensor 131074
10-30 17:09:00.837: I/VSC(792): @ 16490.490: [VSC] Request sensor 65537, sample_duration 14 ms, report_duration c80 ms
10-30 17:09:00.838: I/CHRE(792): @ 16490.492: [AR_CHRE] IDLE => ON
10-30 17:09:00.844: D/CHRE(792): @ 16490.498: +: id 0, prev 0 curr 1, mode 1, chre 3
10-30 17:09:01.027: I/ViewInteraction(28810): Performing 'replace text()' action on view with id: com.example.concurrencyeval:id/mm_et_tasks
10-30 17:09:01.043: I/ViewInteraction(28810): Performing 'type text(1)' action on view with id: com.example.concurrencyeval:id/mm_et_tasks
10-30 17:09:01.098: W/InputConnectionWrapper(1481): Fixing selection indices to 0, 0
10-30 17:09:01.306: D/UiControllerImpl(28810): Injecting string: "1"
10-30 17:09:01.329: I/ViewInteraction(28810): Performing 'single click' action on view with id: com.example.concurrencyeval:id/mm_et_tasks
10-30 17:09:01.628: I/ViewInteraction(28810): Performing 'close keyboard' action on view is a root view.
10-30 17:09:02.227: I/ViewInteraction(28810): Performing 'single click' action on view with id: com.example.concurrencyeval:id/mm_run_button
10-30 17:09:04.991: I/chatty(28810): uid=10136(com.example.concurrencyeval) identical 9 lines
10-30 17:09:05.294: I/ViewInteraction(28810): Performing 'single click' action on view with id: com.example.concurrencyeval:id/mm_run_button
10-30 17:09:05.629: I/ViewInteraction(28810): Performing 'replace text()' action on view with id: com.example.concurrencyeval:id/mm_et_tasks
10-30 17:09:05.647: I/ViewInteraction(28810): Performing 'type text(2)' action on view with id: com.example.concurrencyeval:id/mm_et_tasks
10-30 17:09:05.701: W/InputConnectionWrapper(1481): Fixing selection indices to 0, 0
10-30 17:09:05.907: D/UiControllerImpl(28810): Injecting string: "2"
10-30 17:09:05.931: I/ViewInteraction(28810): Performing 'single click' action on view with id: com.example.concurrencyeval:id/mm_et_tasks
10-30 17:09:06.228: I/ViewInteraction(28810): Performing 'close keyboard' action on view is a root view.
10-30 17:09:06.541: I/ViewInteraction(28810): Performing 'single click' action on view with id: com.example.concurrencyeval:id/mm_run_button
10-30 17:09:09.344: I/chatty(28810): uid=10136(com.example.concurrencyeval) identical 9 lines
10-30 17:09:09.690: I/ViewInteraction(28810): Performing 'single click' action on view with id: com.example.concurrencyeval:id/mm_run_button
10-30 17:09:10.006: I/ViewInteraction(28810): Performing 'replace text()' action on view with id: com.example.concurrencyeval:id/mm_et_tasks
10-30 17:09:10.028: I/ViewInteraction(28810): Performing 'type text(8)' action on view with id: com.example.concurrencyeval:id/mm_et_tasks
10-30 17:09:10.093: W/InputConnectionWrapper(1481): Fixing selection indices to 0, 0
10-30 17:09:10.293: D/UiControllerImpl(28810): Injecting string: "8"
10-30 17:09:10.316: I/ViewInteraction(28810): Performing 'single click' action on view with id: com.example.concurrencyeval:id/mm_et_tasks
10-30 17:09:10.628: I/ViewInteraction(28810): Performing 'close keyboard' action on view is a root view.
10-30 17:09:10.950: I/ViewInteraction(28810): Performing 'single click' action on view with id: com.example.concurrencyeval:id/mm_run_button
10-30 17:09:13.178: I/chatty(28810): uid=10136(com.example.concurrencyeval) identical 7 lines
10-30 17:09:13.490: I/ViewInteraction(28810): Performing 'single click' action on view with id: com.example.concurrencyeval:id/mm_run_button
10-30 17:09:13.688: I/VSC(792): @ 16503.342: [VSC] Request sensor 131074, sample_duration 0 ms, report_duration 0 ms
10-30 17:09:13.688: I/VSC(792): @ 16503.342: [VSC] Stopping sensor events for sensor 65537
10-30 17:09:13.697: I/ASH(792): @ 16503.352: sns_dd_reset: TMG4903 no reporters => ams_deviceInit
10-30 17:09:13.706: I/ASH(792): @ 16503.359: ccb_proximityInit: PROX initialized w/initData
10-30 17:09:13.707: I/ASH(792): @ 16503.361: ccb_alsInit: ALS initialized w/initData
10-30 17:09:13.791: I/ViewInteraction(28810): Performing 'single click' action on view with id: com.example.concurrencyeval:id/mm_run_button
10-30 17:09:14.090: I/ViewInteraction(28810): Performing 'single click' action on view with id: com.example.concurrencyeval:id/mm_run_button
10-30 17:09:14.455: I/ViewInteraction(28810): Performing 'replace text()' action on view with id: com.example.concurrencyeval:id/mm_et_tasks
10-30 17:09:14.474: I/ViewInteraction(28810): Performing 'type text(64)' action on view with id: com.example.concurrencyeval:id/mm_et_tasks
10-30 17:09:14.534: W/InputConnectionWrapper(1481): Fixing selection indices to 0, 0
10-30 17:09:14.738: D/UiControllerImpl(28810): Injecting string: "64"
10-30 17:09:14.776: I/ViewInteraction(28810): Performing 'single click' action on view with id: com.example.concurrencyeval:id/mm_et_tasks
10-30 17:09:15.076: I/ViewInteraction(28810): Performing 'close keyboard' action on view is a root view.
10-30 17:09:15.399: I/ViewInteraction(28810): Performing 'single click' action on view with id: com.example.concurrencyeval:id/mm_run_button
10-30 17:09:18.241: I/chatty(28810): uid=10136(com.example.concurrencyeval) identical 9 lines
10-30 17:09:18.621: I/ViewInteraction(28810): Performing 'single click' action on view with id: com.example.concurrencyeval:id/mm_run_button
10-30 17:09:18.972: I/ViewInteraction(28810): Performing 'replace text()' action on view with id: com.example.concurrencyeval:id/mm_et_size
10-30 17:09:18.989: I/ViewInteraction(28810): Performing 'type text(256)' action on view with id: com.example.concurrencyeval:id/mm_et_size
10-30 17:09:19.048: W/InputConnectionWrapper(1481): Fixing selection indices to 0, 0
10-30 17:09:19.255: D/UiControllerImpl(28810): Injecting string: "256"
10-30 17:09:19.308: I/ViewInteraction(28810): Performing 'single click' action on view with id: com.example.concurrencyeval:id/mm_et_size
10-30 17:09:19.610: I/ViewInteraction(28810): Performing 'replace text()' action on view with id: com.example.concurrencyeval:id/mm_et_tasks
10-30 17:09:19.630: I/ViewInteraction(28810): Performing 'type text(1)' action on view with id: com.example.concurrencyeval:id/mm_et_tasks
10-30 17:09:19.689: W/InputConnectionWrapper(1481): Fixing selection indices to 0, 0
10-30 17:09:19.905: D/UiControllerImpl(28810): Injecting string: "1"
10-30 17:09:19.929: I/ViewInteraction(28810): Performing 'single click' action on view with id: com.example.concurrencyeval:id/mm_et_tasks
10-30 17:09:20.110: I/CHRE(792): @ 16509.764: [AR_CHRE] detected still, confidence: 100, motionConfidence: 0
10-30 17:09:20.111: I/CHRE(792): @ 16509.764: [AR_CHRE] ON => IDLE
10-30 17:09:20.116: D/CHRE(792): @ 16509.770: -: id 0, prev 3 curr 2, mode 3, chre 0
10-30 17:09:20.252: I/ViewInteraction(28810): Performing 'close keyboard' action on view is a root view.
10-30 17:09:20.570: I/ViewInteraction(28810): Performing 'single click' action on view with id: com.example.concurrencyeval:id/mm_run_button
10-30 17:09:25.223: I/chatty(28810): uid=10136(com.example.concurrencyeval) identical 9 lines
10-30 17:09:25.722: I/ViewInteraction(28810): Performing 'single click' action on view with id: com.example.concurrencyeval:id/mm_run_button
10-30 17:09:26.221: I/ViewInteraction(28810): Performing 'replace text()' action on view with id: com.example.concurrencyeval:id/mm_et_tasks
10-30 17:09:26.237: I/ViewInteraction(28810): Performing 'type text(2)' action on view with id: com.example.concurrencyeval:id/mm_et_tasks
10-30 17:09:26.293: W/InputConnectionWrapper(1481): Fixing selection indices to 0, 0
10-30 17:09:26.501: D/UiControllerImpl(28810): Injecting string: "2"
10-30 17:09:26.526: I/ViewInteraction(28810): Performing 'single click' action on view with id: com.example.concurrencyeval:id/mm_et_tasks
10-30 17:09:26.853: I/ViewInteraction(28810): Performing 'close keyboard' action on view is a root view.
10-30 17:09:27.177: I/ViewInteraction(28810): Performing 'single click' action on view with id: com.example.concurrencyeval:id/mm_run_button
10-30 17:09:30.551: I/chatty(28810): uid=10136(com.example.concurrencyeval) identical 9 lines
10-30 17:09:30.936: I/ViewInteraction(28810): Performing 'single click' action on view with id: com.example.concurrencyeval:id/mm_run_button
10-30 17:09:31.300: I/ViewInteraction(28810): Performing 'replace text()' action on view with id: com.example.concurrencyeval:id/mm_et_tasks
10-30 17:09:31.320: I/ViewInteraction(28810): Performing 'type text(8)' action on view with id: com.example.concurrencyeval:id/mm_et_tasks
10-30 17:09:31.380: W/InputConnectionWrapper(1481): Fixing selection indices to 0, 0
10-30 17:09:31.581: D/UiControllerImpl(28810): Injecting string: "8"
10-30 17:09:31.605: I/ViewInteraction(28810): Performing 'single click' action on view with id: com.example.concurrencyeval:id/mm_et_tasks
10-30 17:09:31.903: I/ViewInteraction(28810): Performing 'close keyboard' action on view is a root view.
10-30 17:09:32.225: I/ViewInteraction(28810): Performing 'single click' action on view with id: com.example.concurrencyeval:id/mm_run_button
10-30 17:09:33.734: I/chatty(28810): uid=10136(com.example.concurrencyeval) identical 4 lines
10-30 17:09:34.155: I/ViewInteraction(28810): Performing 'single click' action on view with id: com.example.concurrencyeval:id/mm_run_button
10-30 17:09:34.178: E/QtiImsExtUtils(1687): getConfigForPhoneId phoneId is invalid
10-30 17:09:34.178: E/QtiImsExtUtils(1687): isCarrierConfigEnabled bundle is null
10-30 17:09:34.533: I/ViewInteraction(28810): Performing 'single click' action on view with id: com.example.concurrencyeval:id/mm_run_button
10-30 17:09:35.724: I/chatty(28810): uid=10136(com.example.concurrencyeval) identical 3 lines
10-30 17:09:36.099: I/ViewInteraction(28810): Performing 'single click' action on view with id: com.example.concurrencyeval:id/mm_run_button
10-30 17:09:36.482: I/ViewInteraction(28810): Performing 'replace text()' action on view with id: com.example.concurrencyeval:id/mm_et_tasks
10-30 17:09:36.501: I/ViewInteraction(28810): Performing 'type text(64)' action on view with id: com.example.concurrencyeval:id/mm_et_tasks
10-30 17:09:36.558: W/InputConnectionWrapper(1481): Fixing selection indices to 0, 0
10-30 17:09:36.765: D/UiControllerImpl(28810): Injecting string: "64"
10-30 17:09:36.802: I/ViewInteraction(28810): Performing 'single click' action on view with id: com.example.concurrencyeval:id/mm_et_tasks
10-30 17:09:37.101: I/ViewInteraction(28810): Performing 'close keyboard' action on view is a root view.
10-30 17:09:37.422: I/ViewInteraction(28810): Performing 'single click' action on view with id: com.example.concurrencyeval:id/mm_run_button
10-30 17:09:37.816: I/ViewInteraction(28810): Performing 'single click' action on view with id: com.example.concurrencyeval:id/mm_run_button
10-30 17:09:37.874: I/Vision(28226): Requesting optional module download of ocr.
10-30 17:09:37.875: I/Vision(28226): Checking for download completion for 16573979 -- ocr
10-30 17:09:38.189: I/ViewInteraction(28810): Performing 'single click' action on view with id: com.example.concurrencyeval:id/mm_run_button
10-30 17:09:40.830: I/chatty(28810): uid=10136(com.example.concurrencyeval) identical 7 lines
10-30 17:09:41.202: I/ViewInteraction(28810): Performing 'single click' action on view with id: com.example.concurrencyeval:id/mm_run_button
10-30 17:09:41.598: I/ViewInteraction(28810): Performing 'replace text()' action on view with id: com.example.concurrencyeval:id/mm_et_size
10-30 17:09:41.616: I/ViewInteraction(28810): Performing 'type text(512)' action on view with id: com.example.concurrencyeval:id/mm_et_size
10-30 17:09:41.677: W/InputConnectionWrapper(1481): Fixing selection indices to 0, 0
10-30 17:09:41.883: D/UiControllerImpl(28810): Injecting string: "512"
10-30 17:09:41.934: I/ViewInteraction(28810): Performing 'single click' action on view with id: com.example.concurrencyeval:id/mm_et_size
10-30 17:09:42.233: I/ViewInteraction(28810): Performing 'replace text()' action on view with id: com.example.concurrencyeval:id/mm_et_tasks
10-30 17:09:42.249: I/ViewInteraction(28810): Performing 'type text(1)' action on view with id: com.example.concurrencyeval:id/mm_et_tasks
10-30 17:09:42.307: W/InputConnectionWrapper(1481): Fixing selection indices to 0, 0
10-30 17:09:42.515: D/UiControllerImpl(28810): Injecting string: "1"
10-30 17:09:42.535: I/ViewInteraction(28810): Performing 'single click' action on view with id: com.example.concurrencyeval:id/mm_et_tasks
10-30 17:09:42.835: I/ViewInteraction(28810): Performing 'close keyboard' action on view is a root view.
10-30 17:09:43.161: I/ViewInteraction(28810): Performing 'single click' action on view with id: com.example.concurrencyeval:id/mm_run_button
10-30 17:09:47.547: I/chatty(28810): uid=10136(com.example.concurrencyeval) identical 1 line
10-30 17:09:52.033: I/ViewInteraction(28810): Performing 'single click' action on view with id: com.example.concurrencyeval:id/mm_run_button
10-30 17:09:55.883: W/NetworkScheduler.TED(28220): Enforcing binder timeout for ComponentInfo{com.google.android.apps.photos/com.google.android.libraries.social.notifications.scheduled.GunsScheduledTaskService}
10-30 17:09:55.883: E/NetworkScheduler.TED(28220): Dropping task as app's play services SDK version does not support Android O. Either update the SDK or lower your app's target SDK version. Canceling all tasks for the service: ComponentInfo{com.google.android.apps.photos/com.google.android.libraries.social.notifications.scheduled.GunsScheduledTaskService}
10-30 17:09:55.885: E/NetworkScheduler.ATC(28220): Called cancelTask for already completed task com.google.android.apps.photos/com.google.android.libraries.social.notifications.scheduled.GunsScheduledTaskService{u=0 tag="scheduled_sync_reg_status" trigger=window{start=0s,end=30s,earliest=-48s,latest=-18s} requirements=[NET_CONNECTED] attributes=[PERSISTED] scheduled=-48s last_run=-18s jid=N/A status=PENDING retries=3 client_lib=MANCHEGO_GCM-10400000} :CANCEL_REQUEST
10-30 17:09:55.886: E/NetworkScheduler.Stats(28220): Unknown result code received: 4
10-30 17:09:56.527: I/ViewInteraction(28810): Performing 'single click' action on view with id: com.example.concurrencyeval:id/mm_run_button
10-30 17:10:00.198: E/QtiImsExtUtils(1687): getConfigForPhoneId phoneId is invalid
10-30 17:10:00.198: E/QtiImsExtUtils(1687): isCarrierConfigEnabled bundle is null
10-30 17:10:01.077: I/ViewInteraction(28810): Performing 'single click' action on view with id: com.example.concurrencyeval:id/mm_run_button
10-30 17:10:23.419: I/chatty(28810): uid=10136(com.example.concurrencyeval) identical 5 lines
10-30 17:10:27.836: I/ViewInteraction(28810): Performing 'single click' action on view with id: com.example.concurrencyeval:id/mm_run_button
10-30 17:10:32.321: I/ViewInteraction(28810): Performing 'replace text()' action on view with id: com.example.concurrencyeval:id/mm_et_tasks
10-30 17:10:32.337: I/ViewInteraction(28810): Performing 'type text(2)' action on view with id: com.example.concurrencyeval:id/mm_et_tasks
10-30 17:10:32.400: W/InputConnectionWrapper(1481): Fixing selection indices to 0, 0
10-30 17:10:32.612: D/UiControllerImpl(28810): Injecting string: "2"
10-30 17:10:32.641: I/ViewInteraction(28810): Performing 'single click' action on view with id: com.example.concurrencyeval:id/mm_et_tasks
10-30 17:10:32.950: I/ViewInteraction(28810): Performing 'close keyboard' action on view is a root view.
10-30 17:10:33.263: I/ViewInteraction(28810): Performing 'single click' action on view with id: com.example.concurrencyeval:id/mm_run_button
10-30 17:10:36.216: I/ViewInteraction(28810): Performing 'single click' action on view with id: com.example.concurrencyeval:id/mm_run_button
10-30 17:10:38.821: I/zygote64(28220): Deoptimizing void com.google.android.chimera.ModuleContext.a(android.content.Context, com.google.android.chimera.ModuleContext, eis, java.lang.String, int, android.content.res.Resources, java.lang.ClassLoader) due to JIT same target
10-30 17:10:39.092: W/Conscrypt(28220): Could not set socket write timeout: java.net.SocketException: Socket closed
10-30 17:10:39.092: W/Conscrypt(28220): 	at com.google.android.gms.org.conscrypt.Platform.setSocketWriteTimeout(:com.google.android.gms@18385019@18.3.85 (040400-262677519):2)
10-30 17:10:39.092: W/Conscrypt(28220): 	at com.google.android.gms.org.conscrypt.ConscryptFileDescriptorSocket.setSoWriteTimeout(:com.google.android.gms@18385019@18.3.85 (040400-262677519):2)
10-30 17:10:39.129: W/Conscrypt(28220): Could not set socket write timeout: java.net.SocketException: Socket closed
10-30 17:10:39.130: W/Conscrypt(28220): 	at com.google.android.gms.org.conscrypt.Platform.setSocketWriteTimeout(:com.google.android.gms@18385019@18.3.85 (040400-262677519):2)
10-30 17:10:39.130: W/Conscrypt(28220): 	at com.google.android.gms.org.conscrypt.ConscryptFileDescriptorSocket.setSoWriteTimeout(:com.google.android.gms@18385019@18.3.85 (040400-262677519):2)
10-30 17:10:39.131: I/ViewInteraction(28810): Performing 'single click' action on view with id: com.example.concurrencyeval:id/mm_run_button
10-30 17:10:39.558: W/Conscrypt(28220): Could not set socket write timeout: java.net.SocketException: Socket closed
10-30 17:10:39.558: W/Conscrypt(28220): 	at com.google.android.gms.org.conscrypt.Platform.setSocketWriteTimeout(:com.google.android.gms@18385019@18.3.85 (040400-262677519):2)
10-30 17:10:39.558: W/Conscrypt(28220): 	at com.google.android.gms.org.conscrypt.ConscryptFileDescriptorSocket.setSoWriteTimeout(:com.google.android.gms@18385019@18.3.85 (040400-262677519):2)
10-30 17:10:39.562: W/Conscrypt(28220): Could not set socket write timeout: java.net.SocketException: Socket closed
10-30 17:10:39.562: W/Conscrypt(28220): 	at com.google.android.gms.org.conscrypt.Platform.setSocketWriteTimeout(:com.google.android.gms@18385019@18.3.85 (040400-262677519):2)
10-30 17:10:39.562: W/Conscrypt(28220): 	at com.google.android.gms.org.conscrypt.ConscryptFileDescriptorSocket.setSoWriteTimeout(:com.google.android.gms@18385019@18.3.85 (040400-262677519):2)
10-30 17:10:42.080: I/ViewInteraction(28810): Performing 'single click' action on view with id: com.example.concurrencyeval:id/mm_run_button
10-30 17:10:45.047: I/chatty(28810): uid=10136(com.example.concurrencyeval) identical 1 line
10-30 17:10:48.028: I/ViewInteraction(28810): Performing 'single click' action on view with id: com.example.concurrencyeval:id/mm_run_button
10-30 17:10:49.927: I/Vision(28226): Requesting optional module download of ocr.
10-30 17:10:49.929: I/Vision(28226): Checking for download completion for 16646033 -- ocr
10-30 17:10:50.949: I/ViewInteraction(28810): Performing 'single click' action on view with id: com.example.concurrencyeval:id/mm_run_button
10-30 17:10:53.821: D/WificondControl(1159): Scan result ready event
10-30 17:10:53.842: W/DatabaseProcessor(28226): processLocalDevices: failed to get the network info.
10-30 17:10:53.862: I/ViewInteraction(28810): Performing 'single click' action on view with id: com.example.concurrencyeval:id/mm_run_button
10-30 17:10:59.761: I/chatty(28810): uid=10136(com.example.concurrencyeval) identical 2 lines
10-30 17:11:02.728: I/ViewInteraction(28810): Performing 'single click' action on view with id: com.example.concurrencyeval:id/mm_run_button
10-30 17:11:05.707: I/ViewInteraction(28810): Performing 'replace text()' action on view with id: com.example.concurrencyeval:id/mm_et_tasks
10-30 17:11:05.724: I/ViewInteraction(28810): Performing 'type text(8)' action on view with id: com.example.concurrencyeval:id/mm_et_tasks
10-30 17:11:05.786: W/InputConnectionWrapper(1481): Fixing selection indices to 0, 0
10-30 17:11:05.988: D/UiControllerImpl(28810): Injecting string: "8"
10-30 17:11:06.012: I/ViewInteraction(28810): Performing 'single click' action on view with id: com.example.concurrencyeval:id/mm_et_tasks
10-30 17:11:06.343: I/ViewInteraction(28810): Performing 'close keyboard' action on view is a root view.
10-30 17:11:06.656: I/ViewInteraction(28810): Performing 'single click' action on view with id: com.example.concurrencyeval:id/mm_run_button
10-30 17:11:08.173: I/ViewInteraction(28810): Performing 'single click' action on view with id: com.example.concurrencyeval:id/mm_run_button
10-30 17:11:09.294: E/QtiImsExtUtils(1687): getConfigForPhoneId phoneId is invalid
10-30 17:11:09.294: E/QtiImsExtUtils(1687): isCarrierConfigEnabled bundle is null
10-30 17:11:09.606: I/ViewInteraction(28810): Performing 'single click' action on view with id: com.example.concurrencyeval:id/mm_run_button
10-30 17:11:17.137: I/chatty(28810): uid=10136(com.example.concurrencyeval) identical 5 lines
10-30 17:11:18.574: I/ViewInteraction(28810): Performing 'single click' action on view with id: com.example.concurrencyeval:id/mm_run_button
10-30 17:11:19.184: E/QtiImsExtUtils(1687): getConfigForPhoneId phoneId is invalid
10-30 17:11:19.184: E/QtiImsExtUtils(1687): isCarrierConfigEnabled bundle is null
10-30 17:11:20.090: I/ViewInteraction(28810): Performing 'single click' action on view with id: com.example.concurrencyeval:id/mm_run_button
10-30 17:11:21.589: I/ViewInteraction(28810): Performing 'single click' action on view with id: com.example.concurrencyeval:id/mm_run_button
10-30 17:11:22.125: I/zygote64(1159): Background concurrent copying GC freed 113618(6MB) AllocSpace objects, 200(3MB) LOS objects, 42% free, 13MB/24MB, paused 56us total 116.182ms
10-30 17:11:23.156: I/ViewInteraction(28810): Performing 'replace text()' action on view with id: com.example.concurrencyeval:id/mm_et_tasks
10-30 17:11:23.191: I/ViewInteraction(28810): Performing 'type text(64)' action on view with id: com.example.concurrencyeval:id/mm_et_tasks
10-30 17:11:23.252: W/InputConnectionWrapper(1481): Fixing selection indices to 0, 0
10-30 17:11:23.453: D/UiControllerImpl(28810): Injecting string: "64"
10-30 17:11:23.491: I/ViewInteraction(28810): Performing 'single click' action on view with id: com.example.concurrencyeval:id/mm_et_tasks
10-30 17:11:23.788: I/ViewInteraction(28810): Performing 'close keyboard' action on view is a root view.
10-30 17:11:24.098: I/ViewInteraction(28810): Performing 'single click' action on view with id: com.example.concurrencyeval:id/mm_run_button
10-30 17:11:26.855: I/chatty(28810): uid=10136(com.example.concurrencyeval) identical 2 lines
10-30 17:11:28.208: I/ViewInteraction(28810): Performing 'single click' action on view with id: com.example.concurrencyeval:id/mm_run_button
10-30 17:11:28.849: E/QtiImsExtUtils(1687): getConfigForPhoneId phoneId is invalid
10-30 17:11:28.849: E/QtiImsExtUtils(1687): isCarrierConfigEnabled bundle is null
10-30 17:11:29.058: E/QtiImsExtUtils(1687): getConfigForPhoneId phoneId is invalid
10-30 17:11:29.058: E/QtiImsExtUtils(1687): isCarrierConfigEnabled bundle is null
10-30 17:11:29.587: I/ViewInteraction(28810): Performing 'single click' action on view with id: com.example.concurrencyeval:id/mm_run_button
10-30 17:11:36.253: I/chatty(28810): uid=10136(com.example.concurrencyeval) identical 5 lines
10-30 17:11:37.569: I/ViewInteraction(28810): Performing 'single click' action on view with id: com.example.concurrencyeval:id/mm_run_button
10-30 17:11:38.906: D/LifecycleMonitor(28810): Lifecycle status change: com.example.concurrencyeval.activities.MatMultActivity@d63203a in: PAUSED
10-30 17:11:38.906: D/LifecycleMonitor(28810): running callback: androidx.test.rule.ActivityTestRule$LifecycleCallback@2df48a4
10-30 17:11:38.906: D/LifecycleMonitor(28810): callback completes: androidx.test.rule.ActivityTestRule$LifecycleCallback@2df48a4
10-30 17:11:38.925: I/BackdropActivity(27893): onResume()
10-30 17:11:38.927: I/ActivityManager(1159): Activity requesting to dismiss Keyguard: ActivityRecord{b89c906 u0 com.google.android.apps.mtaas.backdrop/.BackdropActivity t3}
10-30 17:11:38.935: D/MM_TEST(28810): ====================================================================================================
10-30 17:11:38.935: D/MM_TEST(28810): ====================================== MATRIX MULTIPLICATION =======================================
10-30 17:11:38.935: D/MM_TEST(28810): ====================================================================================================
10-30 17:11:38.936: D/MM_TEST(28810): Repetition 1: Report execution of Threads implementation, with size: 128x128; using 1 tasks
10-30 17:11:38.936: D/MM_TEST(28810): Time: 12 ms
10-30 17:11:38.936: D/MM_TEST(28810): Repetition 2: Report execution of Threads implementation, with size: 128x128; using 1 tasks
10-30 17:11:38.936: D/MM_TEST(28810): Time: 10 ms
10-30 17:11:38.936: D/MM_TEST(28810): Repetition 3: Report execution of Threads implementation, with size: 128x128; using 1 tasks
10-30 17:11:38.936: D/MM_TEST(28810): Time: 11 ms
10-30 17:11:38.936: D/MM_TEST(28810): Repetition 4: Report execution of Threads implementation, with size: 128x128; using 1 tasks
10-30 17:11:38.936: D/MM_TEST(28810): Time: 10 ms
10-30 17:11:38.936: D/MM_TEST(28810): Repetition 5: Report execution of Threads implementation, with size: 128x128; using 1 tasks
10-30 17:11:38.936: D/MM_TEST(28810): Time: 11 ms
10-30 17:11:38.936: D/MM_TEST(28810): Repetition 6: Report execution of Threads implementation, with size: 128x128; using 1 tasks
10-30 17:11:38.936: D/MM_TEST(28810): Time: 11 ms
10-30 17:11:38.936: D/MM_TEST(28810): Repetition 7: Report execution of Threads implementation, with size: 128x128; using 1 tasks
10-30 17:11:38.936: D/MM_TEST(28810): Time: 11 ms
10-30 17:11:38.937: D/MM_TEST(28810): Repetition 8: Report execution of Threads implementation, with size: 128x128; using 1 tasks
10-30 17:11:38.937: D/MM_TEST(28810): Time: 11 ms
10-30 17:11:38.937: D/MM_TEST(28810): Repetition 9: Report execution of Threads implementation, with size: 128x128; using 1 tasks
10-30 17:11:38.937: D/MM_TEST(28810): Time: 10 ms
10-30 17:11:38.937: D/MM_TEST(28810): Repetition 10: Report execution of Threads implementation, with size: 128x128; using 1 tasks
10-30 17:11:38.937: D/MM_TEST(28810): Time: 14 ms
10-30 17:11:38.937: D/MM_TEST(28810): Repetition 1: Report execution of Threads implementation, with size: 128x128; using 2 tasks
10-30 17:11:38.937: D/MM_TEST(28810): Time: 18 ms
10-30 17:11:38.937: D/MM_TEST(28810): Repetition 2: Report execution of Threads implementation, with size: 128x128; using 2 tasks
10-30 17:11:38.937: D/MM_TEST(28810): Time: 17 ms
10-30 17:11:38.937: D/MM_TEST(28810): Repetition 3: Report execution of Threads implementation, with size: 128x128; using 2 tasks
10-30 17:11:38.938: D/MM_TEST(28810): Time: 9 ms
10-30 17:11:38.938: D/MM_TEST(28810): Repetition 4: Report execution of Threads implementation, with size: 128x128; using 2 tasks
10-30 17:11:38.938: D/MM_TEST(28810): Time: 7 ms
10-30 17:11:38.938: D/MM_TEST(28810): Repetition 5: Report execution of Threads implementation, with size: 128x128; using 2 tasks
10-30 17:11:38.938: D/MM_TEST(28810): Time: 18 ms
10-30 17:11:38.938: D/MM_TEST(28810): Repetition 6: Report execution of Threads implementation, with size: 128x128; using 2 tasks
10-30 17:11:38.938: D/MM_TEST(28810): Time: 17 ms
10-30 17:11:38.938: D/MM_TEST(28810): Repetition 7: Report execution of Threads implementation, with size: 128x128; using 2 tasks
10-30 17:11:38.938: D/MM_TEST(28810): Time: 9 ms
10-30 17:11:38.938: D/MM_TEST(28810): Repetition 8: Report execution of Threads implementation, with size: 128x128; using 2 tasks
10-30 17:11:38.938: D/MM_TEST(28810): Time: 8 ms
10-30 17:11:38.938: D/MM_TEST(28810): Repetition 9: Report execution of Threads implementation, with size: 128x128; using 2 tasks
10-30 17:11:38.938: D/MM_TEST(28810): Time: 19 ms
10-30 17:11:38.939: D/MM_TEST(28810): Repetition 10: Report execution of Threads implementation, with size: 128x128; using 2 tasks
10-30 17:11:38.939: D/MM_TEST(28810): Time: 16 ms
10-30 17:11:38.939: D/MM_TEST(28810): Repetition 1: Report execution of Threads implementation, with size: 128x128; using 8 tasks
10-30 17:11:38.939: D/MM_TEST(28810): Time: 10 ms
10-30 17:11:38.939: D/MM_TEST(28810): Repetition 2: Report execution of Threads implementation, with size: 128x128; using 8 tasks
10-30 17:11:38.939: D/MM_TEST(28810): Time: 9 ms
10-30 17:11:38.939: D/MM_TEST(28810): Repetition 3: Report execution of Threads implementation, with size: 128x128; using 8 tasks
10-30 17:11:38.939: D/MM_TEST(28810): Time: 13 ms
10-30 17:11:38.939: D/MM_TEST(28810): Repetition 4: Report execution of Threads implementation, with size: 128x128; using 8 tasks
10-30 17:11:38.939: D/MM_TEST(28810): Time: 12 ms
10-30 17:11:38.939: D/MM_TEST(28810): Repetition 5: Report execution of Threads implementation, with size: 128x128; using 8 tasks
10-30 17:11:38.939: D/MM_TEST(28810): Time: 7 ms
10-30 17:11:38.939: D/MM_TEST(28810): Repetition 6: Report execution of Threads implementation, with size: 128x128; using 8 tasks
10-30 17:11:38.939: D/MM_TEST(28810): Time: 11 ms
10-30 17:11:38.939: D/MM_TEST(28810): Repetition 7: Report execution of Threads implementation, with size: 128x128; using 8 tasks
10-30 17:11:38.939: D/MM_TEST(28810): Time: 8 ms
10-30 17:11:38.939: D/MM_TEST(28810): Repetition 8: Report execution of Threads implementation, with size: 128x128; using 8 tasks
10-30 17:11:38.939: D/MM_TEST(28810): Time: 10 ms
10-30 17:11:38.939: D/MM_TEST(28810): Repetition 9: Report execution of Threads implementation, with size: 128x128; using 8 tasks
10-30 17:11:38.939: D/MM_TEST(28810): Time: 17 ms
10-30 17:11:38.940: D/MM_TEST(28810): Repetition 10: Report execution of Threads implementation, with size: 128x128; using 8 tasks
10-30 17:11:38.940: D/MM_TEST(28810): Time: 11 ms
10-30 17:11:38.940: D/MM_TEST(28810): Repetition 1: Report execution of Threads implementation, with size: 128x128; using 64 tasks
10-30 17:11:38.940: D/MM_TEST(28810): Time: 21 ms
10-30 17:11:38.940: D/MM_TEST(28810): Repetition 2: Report execution of Threads implementation, with size: 128x128; using 64 tasks
10-30 17:11:38.940: D/MM_TEST(28810): Time: 14 ms
10-30 17:11:38.943: D/MM_TEST(28810): Repetition 3: Report execution of Threads implementation, with size: 128x128; using 64 tasks
10-30 17:11:38.944: D/MM_TEST(28810): Time: 19 ms
10-30 17:11:38.944: D/MM_TEST(28810): Repetition 4: Report execution of Threads implementation, with size: 128x128; using 64 tasks
10-30 17:11:38.944: D/MM_TEST(28810): Time: 32 ms
10-30 17:11:38.944: D/MM_TEST(28810): Repetition 5: Report execution of Threads implementation, with size: 128x128; using 64 tasks
10-30 17:11:38.944: D/MM_TEST(28810): Time: 16 ms
10-30 17:11:38.944: D/MM_TEST(28810): Repetition 6: Report execution of Threads implementation, with size: 128x128; using 64 tasks
10-30 17:11:38.944: D/MM_TEST(28810): Time: 17 ms
10-30 17:11:38.944: D/MM_TEST(28810): Repetition 7: Report execution of Threads implementation, with size: 128x128; using 64 tasks
10-30 17:11:38.944: D/MM_TEST(28810): Time: 21 ms
10-30 17:11:38.947: D/MM_TEST(28810): Repetition 8: Report execution of Threads implementation, with size: 128x128; using 64 tasks
10-30 17:11:38.947: D/MM_TEST(28810): Time: 21 ms
10-30 17:11:38.948: D/MM_TEST(28810): Repetition 9: Report execution of Threads implementation, with size: 128x128; using 64 tasks
10-30 17:11:38.948: D/MM_TEST(28810): Time: 23 ms
10-30 17:11:38.948: D/MM_TEST(28810): Repetition 10: Report execution of Threads implementation, with size: 128x128; using 64 tasks
10-30 17:11:38.948: D/MM_TEST(28810): Time: 12 ms
10-30 17:11:38.948: D/MM_TEST(28810): Repetition 1: Report execution of Threads implementation, with size: 256x256; using 1 tasks
10-30 17:11:38.948: D/MM_TEST(28810): Time: 97 ms
10-30 17:11:38.948: D/MM_TEST(28810): Repetition 2: Report execution of Threads implementation, with size: 256x256; using 1 tasks
10-30 17:11:38.948: D/MM_TEST(28810): Time: 97 ms
10-30 17:11:38.948: D/MM_TEST(28810): Repetition 3: Report execution of Threads implementation, with size: 256x256; using 1 tasks
10-30 17:11:38.948: D/MM_TEST(28810): Time: 103 ms
10-30 17:11:38.948: D/MM_TEST(28810): Repetition 4: Report execution of Threads implementation, with size: 256x256; using 1 tasks
10-30 17:11:38.948: D/MM_TEST(28810): Time: 107 ms
10-30 17:11:38.948: D/MM_TEST(28810): Repetition 5: Report execution of Threads implementation, with size: 256x256; using 1 tasks
10-30 17:11:38.948: D/MM_TEST(28810): Time: 108 ms
10-30 17:11:38.949: D/MM_TEST(28810): Repetition 6: Report execution of Threads implementation, with size: 256x256; using 1 tasks
10-30 17:11:38.949: D/MM_TEST(28810): Time: 98 ms
10-30 17:11:38.949: D/MM_TEST(28810): Repetition 7: Report execution of Threads implementation, with size: 256x256; using 1 tasks
10-30 17:11:38.949: D/MM_TEST(28810): Time: 105 ms
10-30 17:11:38.949: D/MM_TEST(28810): Repetition 8: Report execution of Threads implementation, with size: 256x256; using 1 tasks
10-30 17:11:38.949: D/MM_TEST(28810): Time: 102 ms
10-30 17:11:38.949: D/MM_TEST(28810): Repetition 9: Report execution of Threads implementation, with size: 256x256; using 1 tasks
10-30 17:11:38.949: D/MM_TEST(28810): Time: 107 ms
10-30 17:11:38.949: D/MM_TEST(28810): Repetition 10: Report execution of Threads implementation, with size: 256x256; using 1 tasks
10-30 17:11:38.949: D/MM_TEST(28810): Time: 106 ms
10-30 17:11:38.949: D/MM_TEST(28810): Repetition 1: Report execution of Threads implementation, with size: 256x256; using 2 tasks
10-30 17:11:38.949: D/MM_TEST(28810): Time: 51 ms
10-30 17:11:38.949: D/MM_TEST(28810): Repetition 2: Report execution of Threads implementation, with size: 256x256; using 2 tasks
10-30 17:11:38.949: D/MM_TEST(28810): Time: 63 ms
10-30 17:11:38.949: D/MM_TEST(28810): Repetition 3: Report execution of Threads implementation, with size: 256x256; using 2 tasks
10-30 17:11:38.949: D/MM_TEST(28810): Time: 54 ms
10-30 17:11:38.949: D/MM_TEST(28810): Repetition 4: Report execution of Threads implementation, with size: 256x256; using 2 tasks
10-30 17:11:38.949: D/MM_TEST(28810): Time: 56 ms
10-30 17:11:38.949: D/MM_TEST(28810): Repetition 5: Report execution of Threads implementation, with size: 256x256; using 2 tasks
10-30 17:11:38.950: D/MM_TEST(28810): Time: 57 ms
10-30 17:11:38.950: D/MM_TEST(28810): Repetition 6: Report execution of Threads implementation, with size: 256x256; using 2 tasks
10-30 17:11:38.950: D/MM_TEST(28810): Time: 52 ms
10-30 17:11:38.950: D/MM_TEST(28810): Repetition 7: Report execution of Threads implementation, with size: 256x256; using 2 tasks
10-30 17:11:38.950: D/MM_TEST(28810): Time: 55 ms
10-30 17:11:38.950: D/MM_TEST(28810): Repetition 8: Report execution of Threads implementation, with size: 256x256; using 2 tasks
10-30 17:11:38.950: D/MM_TEST(28810): Time: 58 ms
10-30 17:11:38.950: D/MM_TEST(28810): Repetition 9: Report execution of Threads implementation, with size: 256x256; using 2 tasks
10-30 17:11:38.950: D/MM_TEST(28810): Time: 70 ms
10-30 17:11:38.950: D/MM_TEST(28810): Repetition 10: Report execution of Threads implementation, with size: 256x256; using 2 tasks
10-30 17:11:38.950: D/MM_TEST(28810): Time: 54 ms
10-30 17:11:38.950: D/MM_TEST(28810): Repetition 1: Report execution of Threads implementation, with size: 256x256; using 8 tasks
10-30 17:11:38.950: D/MM_TEST(28810): Time: 41 ms
10-30 17:11:38.950: D/MM_TEST(28810): Repetition 2: Report execution of Threads implementation, with size: 256x256; using 8 tasks
10-30 17:11:38.950: D/MM_TEST(28810): Time: 47 ms
10-30 17:11:38.951: D/MM_TEST(28810): Repetition 3: Report execution of Threads implementation, with size: 256x256; using 8 tasks
10-30 17:11:38.951: D/MM_TEST(28810): Time: 48 ms
10-30 17:11:38.951: D/MM_TEST(28810): Repetition 4: Report execution of Threads implementation, with size: 256x256; using 8 tasks
10-30 17:11:38.951: D/MM_TEST(28810): Time: 50 ms
10-30 17:11:38.951: D/MM_TEST(28810): Repetition 5: Report execution of Threads implementation, with size: 256x256; using 8 tasks
10-30 17:11:38.951: D/MM_TEST(28810): Time: 45 ms
10-30 17:11:38.951: D/MM_TEST(28810): Repetition 6: Report execution of Threads implementation, with size: 256x256; using 8 tasks
10-30 17:11:38.951: D/MM_TEST(28810): Time: 55 ms
10-30 17:11:38.951: D/MM_TEST(28810): Repetition 7: Report execution of Threads implementation, with size: 256x256; using 8 tasks
10-30 17:11:38.951: D/MM_TEST(28810): Time: 42 ms
10-30 17:11:38.951: D/MM_TEST(28810): Repetition 8: Report execution of Threads implementation, with size: 256x256; using 8 tasks
10-30 17:11:38.951: D/MM_TEST(28810): Time: 40 ms
10-30 17:11:38.951: D/MM_TEST(28810): Repetition 9: Report execution of Threads implementation, with size: 256x256; using 8 tasks
10-30 17:11:38.951: D/MM_TEST(28810): Time: 49 ms
10-30 17:11:38.951: D/MM_TEST(28810): Repetition 10: Report execution of Threads implementation, with size: 256x256; using 8 tasks
10-30 17:11:38.951: D/MM_TEST(28810): Time: 50 ms
10-30 17:11:38.951: D/MM_TEST(28810): Repetition 1: Report execution of Threads implementation, with size: 256x256; using 64 tasks
10-30 17:11:38.951: D/MM_TEST(28810): Time: 58 ms
10-30 17:11:38.952: D/MM_TEST(28810): Repetition 2: Report execution of Threads implementation, with size: 256x256; using 64 tasks
10-30 17:11:38.952: D/MM_TEST(28810): Time: 49 ms
10-30 17:11:38.952: D/MM_TEST(28810): Repetition 3: Report execution of Threads implementation, with size: 256x256; using 64 tasks
10-30 17:11:38.952: D/MM_TEST(28810): Time: 44 ms
10-30 17:11:38.952: D/MM_TEST(28810): Repetition 4: Report execution of Threads implementation, with size: 256x256; using 64 tasks
10-30 17:11:38.952: D/MM_TEST(28810): Time: 44 ms
10-30 17:11:38.952: D/MM_TEST(28810): Repetition 5: Report execution of Threads implementation, with size: 256x256; using 64 tasks
10-30 17:11:38.952: D/MM_TEST(28810): Time: 45 ms
10-30 17:11:38.952: D/MM_TEST(28810): Repetition 6: Report execution of Threads implementation, with size: 256x256; using 64 tasks
10-30 17:11:38.952: D/MM_TEST(28810): Time: 47 ms
10-30 17:11:38.952: D/MM_TEST(28810): Repetition 7: Report execution of Threads implementation, with size: 256x256; using 64 tasks
10-30 17:11:38.952: D/MM_TEST(28810): Time: 54 ms
10-30 17:11:38.952: D/MM_TEST(28810): Repetition 8: Report execution of Threads implementation, with size: 256x256; using 64 tasks
10-30 17:11:38.952: D/MM_TEST(28810): Time: 47 ms
10-30 17:11:38.952: D/MM_TEST(28810): Repetition 9: Report execution of Threads implementation, with size: 256x256; using 64 tasks
10-30 17:11:38.952: D/MM_TEST(28810): Time: 38 ms
10-30 17:11:38.952: D/MM_TEST(28810): Repetition 10: Report execution of Threads implementation, with size: 256x256; using 64 tasks
10-30 17:11:38.952: D/MM_TEST(28810): Time: 48 ms
10-30 17:11:38.952: D/MM_TEST(28810): Repetition 1: Report execution of Threads implementation, with size: 512x512; using 1 tasks
10-30 17:11:38.952: D/MM_TEST(28810): Time: 2431 ms
10-30 17:11:38.953: D/MM_TEST(28810): Repetition 2: Report execution of Threads implementation, with size: 512x512; using 1 tasks
10-30 17:11:38.953: D/MM_TEST(28810): Time: 2644 ms
10-30 17:11:38.953: D/MM_TEST(28810): Repetition 3: Report execution of Threads implementation, with size: 512x512; using 1 tasks
10-30 17:11:38.953: D/MM_TEST(28810): Time: 2626 ms
10-30 17:11:38.953: D/MM_TEST(28810): Repetition 4: Report execution of Threads implementation, with size: 512x512; using 1 tasks
10-30 17:11:38.953: D/MM_TEST(28810): Time: 2704 ms
10-30 17:11:38.953: D/MM_TEST(28810): Repetition 5: Report execution of Threads implementation, with size: 512x512; using 1 tasks
10-30 17:11:38.953: D/MM_TEST(28810): Time: 2621 ms
10-30 17:11:38.953: D/MM_TEST(28810): Repetition 6: Report execution of Threads implementation, with size: 512x512; using 1 tasks
10-30 17:11:38.953: D/MM_TEST(28810): Time: 2662 ms
10-30 17:11:38.953: D/MM_TEST(28810): Repetition 7: Report execution of Threads implementation, with size: 512x512; using 1 tasks
10-30 17:11:38.953: D/MM_TEST(28810): Time: 2649 ms
10-30 17:11:38.953: D/MM_TEST(28810): Repetition 8: Report execution of Threads implementation, with size: 512x512; using 1 tasks
10-30 17:11:38.953: D/MM_TEST(28810): Time: 2638 ms
10-30 17:11:38.953: D/MM_TEST(28810): Repetition 9: Report execution of Threads implementation, with size: 512x512; using 1 tasks
10-30 17:11:38.953: D/MM_TEST(28810): Time: 2570 ms
10-30 17:11:38.953: D/MM_TEST(28810): Repetition 10: Report execution of Threads implementation, with size: 512x512; using 1 tasks
10-30 17:11:38.953: D/MM_TEST(28810): Time: 2652 ms
10-30 17:11:38.954: D/MM_TEST(28810): Repetition 1: Report execution of Threads implementation, with size: 512x512; using 2 tasks
10-30 17:11:38.954: D/MM_TEST(28810): Time: 1389 ms
10-30 17:11:38.954: D/MM_TEST(28810): Repetition 2: Report execution of Threads implementation, with size: 512x512; using 2 tasks
10-30 17:11:38.954: D/MM_TEST(28810): Time: 1353 ms
10-30 17:11:38.954: D/MM_TEST(28810): Repetition 3: Report execution of Threads implementation, with size: 512x512; using 2 tasks
10-30 17:11:38.954: D/MM_TEST(28810): Time: 1409 ms
10-30 17:11:38.954: D/MM_TEST(28810): Repetition 4: Report execution of Threads implementation, with size: 512x512; using 2 tasks
10-30 17:11:38.954: D/MM_TEST(28810): Time: 1396 ms
10-30 17:11:38.954: D/MM_TEST(28810): Repetition 5: Report execution of Threads implementation, with size: 512x512; using 2 tasks
10-30 17:11:38.954: D/MM_TEST(28810): Time: 1404 ms
10-30 17:11:38.954: D/MM_TEST(28810): Repetition 6: Report execution of Threads implementation, with size: 512x512; using 2 tasks
10-30 17:11:38.954: D/MM_TEST(28810): Time: 1403 ms
10-30 17:11:38.954: D/MM_TEST(28810): Repetition 7: Report execution of Threads implementation, with size: 512x512; using 2 tasks
10-30 17:11:38.954: D/MM_TEST(28810): Time: 1362 ms
10-30 17:11:38.955: D/MM_TEST(28810): Repetition 8: Report execution of Threads implementation, with size: 512x512; using 2 tasks
10-30 17:11:38.955: D/MM_TEST(28810): Time: 1352 ms
10-30 17:11:38.955: D/MM_TEST(28810): Repetition 9: Report execution of Threads implementation, with size: 512x512; using 2 tasks
10-30 17:11:38.955: D/MM_TEST(28810): Time: 1381 ms
10-30 17:11:38.955: D/MM_TEST(28810): Repetition 10: Report execution of Threads implementation, with size: 512x512; using 2 tasks
10-30 17:11:38.955: D/MM_TEST(28810): Time: 1366 ms
10-30 17:11:38.955: D/MM_TEST(28810): Repetition 1: Report execution of Threads implementation, with size: 512x512; using 8 tasks
10-30 17:11:38.955: D/MM_TEST(28810): Time: 520 ms
10-30 17:11:38.955: D/MM_TEST(28810): Repetition 2: Report execution of Threads implementation, with size: 512x512; using 8 tasks
10-30 17:11:38.955: D/MM_TEST(28810): Time: 524 ms
10-30 17:11:38.957: D/MM_TEST(28810): Repetition 3: Report execution of Threads implementation, with size: 512x512; using 8 tasks
10-30 17:11:38.957: D/MM_TEST(28810): Time: 520 ms
10-30 17:11:38.957: D/MM_TEST(28810): Repetition 4: Report execution of Threads implementation, with size: 512x512; using 8 tasks
10-30 17:11:38.957: D/MM_TEST(28810): Time: 556 ms
10-30 17:11:38.957: D/MM_TEST(28810): Repetition 5: Report execution of Threads implementation, with size: 512x512; using 8 tasks
10-30 17:11:38.957: D/MM_TEST(28810): Time: 563 ms
10-30 17:11:38.957: D/MM_TEST(28810): Repetition 6: Report execution of Threads implementation, with size: 512x512; using 8 tasks
10-30 17:11:38.957: D/MM_TEST(28810): Time: 492 ms
10-30 17:11:38.957: D/MM_TEST(28810): Repetition 7: Report execution of Threads implementation, with size: 512x512; using 8 tasks
10-30 17:11:38.957: D/MM_TEST(28810): Time: 572 ms
10-30 17:11:38.957: D/MM_TEST(28810): Repetition 8: Report execution of Threads implementation, with size: 512x512; using 8 tasks
10-30 17:11:38.957: D/MM_TEST(28810): Time: 542 ms
10-30 17:11:38.957: D/MM_TEST(28810): Repetition 9: Report execution of Threads implementation, with size: 512x512; using 8 tasks
10-30 17:11:38.957: D/MM_TEST(28810): Time: 526 ms
10-30 17:11:38.957: D/MM_TEST(28810): Repetition 10: Report execution of Threads implementation, with size: 512x512; using 8 tasks
10-30 17:11:38.957: D/MM_TEST(28810): Time: 524 ms
10-30 17:11:38.958: D/MM_TEST(28810): Repetition 1: Report execution of Threads implementation, with size: 512x512; using 64 tasks
10-30 17:11:38.958: D/MM_TEST(28810): Time: 395 ms
10-30 17:11:38.958: D/MM_TEST(28810): Repetition 2: Report execution of Threads implementation, with size: 512x512; using 64 tasks
10-30 17:11:38.958: D/MM_TEST(28810): Time: 385 ms
10-30 17:11:38.958: D/MM_TEST(28810): Repetition 3: Report execution of Threads implementation, with size: 512x512; using 64 tasks
10-30 17:11:38.958: D/MM_TEST(28810): Time: 395 ms
10-30 17:11:38.958: D/MM_TEST(28810): Repetition 4: Report execution of Threads implementation, with size: 512x512; using 64 tasks
10-30 17:11:38.958: D/MM_TEST(28810): Time: 384 ms
10-30 17:11:38.958: D/MM_TEST(28810): Repetition 5: Report execution of Threads implementation, with size: 512x512; using 64 tasks
10-30 17:11:38.958: D/MM_TEST(28810): Time: 451 ms
10-30 17:11:38.958: D/MM_TEST(28810): Repetition 6: Report execution of Threads implementation, with size: 512x512; using 64 tasks
10-30 17:11:38.958: D/MM_TEST(28810): Time: 435 ms
10-30 17:11:38.958: D/MM_TEST(28810): Repetition 7: Report execution of Threads implementation, with size: 512x512; using 64 tasks
10-30 17:11:38.958: D/MM_TEST(28810): Time: 400 ms
