10-30 17:03:03.685: I/zygote64(28810):   at java.lang.Object java.lang.reflect.Constructor.newInstance0(java.lang.Object[]) (Constructor.java:-2)
10-30 17:03:03.685: I/zygote64(28810):   at java.lang.Object java.lang.reflect.Constructor.newInstance(java.lang.Object[]) (Constructor.java:334)
10-30 17:03:03.685: I/zygote64(28810):   at android.view.View android.view.LayoutInflater.createView(java.lang.String, java.lang.String, android.util.AttributeSet) (LayoutInflater.java:647)
10-30 17:03:03.685: I/zygote64(28810):   at android.view.View android.view.LayoutInflater.createViewFromTag(android.view.View, java.lang.String, android.content.Context, android.util.AttributeSet, boolean) (LayoutInflater.java:790)
10-30 17:03:03.685: I/zygote64(28810):   at android.view.View android.view.LayoutInflater.createViewFromTag(android.view.View, java.lang.String, android.content.Context, android.util.AttributeSet) (LayoutInflater.java:730)
10-30 17:03:03.685: I/zygote64(28810):   at void android.view.LayoutInflater.rInflate(org.xmlpull.v1.XmlPullParser, android.view.View, android.content.Context, android.util.AttributeSet, boolean) (LayoutInflater.java:863)
10-30 17:03:03.685: I/zygote64(28810):   at void android.view.LayoutInflater.rInflateChildren(org.xmlpull.v1.XmlPullParser, android.view.View, android.util.AttributeSet, boolean) (LayoutInflater.java:824)
10-30 17:03:03.685: I/zygote64(28810):   at android.view.View android.view.LayoutInflater.inflate(org.xmlpull.v1.XmlPullParser, android.view.ViewGroup, boolean) (LayoutInflater.java:515)
10-30 17:03:03.685: I/zygote64(28810):   at android.view.View android.view.LayoutInflater.inflate(int, android.view.ViewGroup, boolean) (LayoutInflater.java:423)
10-30 17:03:03.685: I/zygote64(28810):   at android.view.View android.view.LayoutInflater.inflate(int, android.view.ViewGroup) (LayoutInflater.java:374)
10-30 17:03:03.685: I/zygote64(28810):   at android.view.ViewGroup androidx.appcompat.app.AppCompatDelegateImpl.createSubDecor() (AppCompatDelegateImpl.java:749)
10-30 17:03:03.685: I/zygote64(28810):   at void androidx.appcompat.app.AppCompatDelegateImpl.ensureSubDecor() (AppCompatDelegateImpl.java:659)
10-30 17:03:03.685: I/zygote64(28810):   at void androidx.appcompat.app.AppCompatDelegateImpl.setContentView(int) (AppCompatDelegateImpl.java:552)
10-30 17:03:03.685: I/zygote64(28810):   at void androidx.appcompat.app.AppCompatActivity.setContentView(int) (AppCompatActivity.java:161)
10-30 17:03:03.685: I/zygote64(28810):   at void com.example.concurrencyeval.activities.MatMultActivity.onCreate(android.os.Bundle) (MatMultActivity.kt:22)
10-30 17:03:03.685: I/zygote64(28810):   at void android.app.Activity.performCreate(android.os.Bundle) (Activity.java:6975)
10-30 17:03:03.685: I/zygote64(28810):   at void android.app.Instrumentation.callActivityOnCreate(android.app.Activity, android.os.Bundle) (Instrumentation.java:1213)
10-30 17:03:03.685: I/zygote64(28810):   at void androidx.test.runner.MonitoringInstrumentation.callActivityOnCreate(android.app.Activity, android.os.Bundle) (MonitoringInstrumentation.java:702)
10-30 17:03:03.685: I/zygote64(28810):   at android.app.Activity android.app.ActivityThread.performLaunchActivity(android.app.ActivityThread$ActivityClientRecord, android.content.Intent) (ActivityThread.java:2779)
10-30 17:03:03.685: I/zygote64(28810):   at void android.app.ActivityThread.handleLaunchActivity(android.app.ActivityThread$ActivityClientRecord, android.content.Intent, java.lang.String) (ActivityThread.java:2904)
10-30 17:03:03.685: I/zygote64(28810):   at void android.app.ActivityThread.-wrap11(android.app.ActivityThread, android.app.ActivityThread$ActivityClientRecord, android.content.Intent, java.lang.String) (ActivityThread.java:-1)
10-30 17:03:03.685: I/zygote64(28810):   at void android.app.ActivityThread$H.handleMessage(android.os.Message) (ActivityThread.java:1596)
10-30 17:03:03.685: I/zygote64(28810):   at void android.os.Handler.dispatchMessage(android.os.Message) (Handler.java:105)
10-30 17:03:03.685: I/zygote64(28810):   at void android.os.Looper.loop() (Looper.java:164)
10-30 17:03:03.685: I/zygote64(28810):   at void android.app.ActivityThread.main(java.lang.String[]) (ActivityThread.java:6600)
10-30 17:03:03.685: I/zygote64(28810):   at java.lang.Object java.lang.reflect.Method.invoke(java.lang.Object, java.lang.Object[]) (Method.java:-2)
10-30 17:03:03.685: I/zygote64(28810):   at void com.android.internal.os.Zygote$MethodAndArgsCaller.run() (Zygote.java:240)
10-30 17:03:03.685: I/zygote64(28810):   at void com.android.internal.os.ZygoteInit.main(java.lang.String[]) (ZygoteInit.java:772)
10-30 17:03:03.685: I/zygote64(28810): Caused by: java.lang.ClassNotFoundException: Didn't find class "android.view.View$OnUnhandledKeyEventListener" on path: DexPathList[[zip file "/system/framework/android.test.runner.jar", zip file "/data/app/com.example.concurrencyeval.test-nZuvnZybqYLcd0U6Szz9bA==/base.apk", zip file "/data/app/com.example.concurrencyeval-moiAGdMWUMo29Z7rWKVEMw==/base.apk"],nativeLibraryDirectories=[/data/app/com.example.concurrencyeval.test-nZuvnZybqYLcd0U6Szz9bA==/lib/arm64, /data/app/com.example.concurrencyeval-moiAGdMWUMo29Z7rWKVEMw==/lib/arm64, /system/lib64, /vendor/lib64]]
10-30 17:03:03.685: I/zygote64(28810):   at java.lang.Class dalvik.system.BaseDexClassLoader.findClass(java.lang.String) (BaseDexClassLoader.java:93)
10-30 17:03:03.685: I/zygote64(28810):   at java.lang.Class java.lang.ClassLoader.loadClass(java.lang.String, boolean) (ClassLoader.java:379)
10-30 17:03:03.685: I/zygote64(28810):   at java.lang.Class java.lang.ClassLoader.loadClass(java.lang.String) (ClassLoader.java:312)
10-30 17:03:03.685: I/zygote64(28810):   at void androidx.core.view.ViewCompat.setBackground(android.view.View, android.graphics.drawable.Drawable) (ViewCompat.java:2559)
10-30 17:03:03.685: I/zygote64(28810):   at void androidx.appcompat.widget.ActionBarContainer.<init>(android.content.Context, android.util.AttributeSet) (ActionBarContainer.java:63)
10-30 17:03:03.685: I/zygote64(28810):   at java.lang.Object java.lang.reflect.Constructor.newInstance0(java.lang.Object[]) (Constructor.java:-2)
10-30 17:03:03.685: I/zygote64(28810):   at java.lang.Object java.lang.reflect.Constructor.newInstance(java.lang.Object[]) (Constructor.java:334)
10-30 17:03:03.685: I/zygote64(28810):   at android.view.View android.view.LayoutInflater.createView(java.lang.String, java.lang.String, android.util.AttributeSet) (LayoutInflater.java:647)
10-30 17:03:03.685: I/zygote64(28810):   at android.view.View android.view.LayoutInflater.createViewFromTag(android.view.View, java.lang.String, android.content.Context, android.util.AttributeSet, boolean) (LayoutInflater.java:790)
10-30 17:03:03.685: I/zygote64(28810):   at android.view.View android.view.LayoutInflater.createViewFromTag(android.view.View, java.lang.String, android.content.Context, android.util.AttributeSet) (LayoutInflater.java:730)
10-30 17:03:03.685: I/zygote64(28810):   at void android.view.LayoutInflater.rInflate(org.xmlpull.v1.XmlPullParser, android.view.View, android.content.Context, android.util.AttributeSet, boolean) (LayoutInflater.java:863)
10-30 17:03:03.685: I/zygote64(28810):   at void android.view.LayoutInflater.rInflateChildren(org.xmlpull.v1.XmlPullParser, android.view.View, android.util.AttributeSet, boolean) (LayoutInflater.java:824)
10-30 17:03:03.685: I/zygote64(28810):   at android.view.View android.view.LayoutInflater.inflate(org.xmlpull.v1.XmlPullParser, android.view.ViewGroup, boolean) (LayoutInflater.java:515)
10-30 17:03:03.685: I/zygote64(28810):   at android.view.View android.view.LayoutInflater.inflate(int, android.view.ViewGroup, boolean) (LayoutInflater.java:423)
10-30 17:03:03.685: I/zygote64(28810):   at android.view.View android.view.LayoutInflater.inflate(int, android.view.ViewGroup) (LayoutInflater.java:374)
10-30 17:03:03.685: I/zygote64(28810):   at android.view.ViewGroup androidx.appcompat.app.AppCompatDelegateImpl.createSubDecor() (AppCompatDelegateImpl.java:749)
10-30 17:03:03.685: I/zygote64(28810):   at void androidx.appcompat.app.AppCompatDelegateImpl.ensureSubDecor() (AppCompatDelegateImpl.java:659)
10-30 17:03:03.685: I/zygote64(28810):   at void androidx.appcompat.app.AppCompatDelegateImpl.setContentView(int) (AppCompatDelegateImpl.java:552)
10-30 17:03:03.685: I/zygote64(28810):   at void androidx.appcompat.app.AppCompatActivity.setContentView(int) (AppCompatActivity.java:161)
10-30 17:03:03.685: I/zygote64(28810):   at void com.example.concurrencyeval.activities.MatMultActivity.onCreate(android.os.Bundle) (MatMultActivity.kt:22)
10-30 17:03:03.685: I/zygote64(28810):   at void android.app.Activity.performCreate(android.os.Bundle) (Activity.java:6975)
10-30 17:03:03.685: I/zygote64(28810):   at void android.app.Instrumentation.callActivityOnCreate(android.app.Activity, android.os.Bundle) (Instrumentation.java:1213)
10-30 17:03:03.685: I/zygote64(28810):   at void androidx.test.runner.MonitoringInstrumentation.callActivityOnCreate(android.app.Activity, android.os.Bundle) (MonitoringInstrumentation.java:702)
10-30 17:03:03.685: I/zygote64(28810):   at android.app.Activity android.app.ActivityThread.performLaunchActivity(android.app.ActivityThread$ActivityClientRecord, android.content.Intent) (ActivityThread.java:2779)
10-30 17:03:03.685: I/zygote64(28810):   at void android.app.ActivityThread.handleLaunchActivity(android.app.ActivityThread$ActivityClientRecord, android.content.Intent, java.lang.String) (ActivityThread.java:2904)
10-30 17:03:03.685: I/zygote64(28810):   at void android.app.ActivityThread.-wrap11(android.app.ActivityThread, android.app.ActivityThread$ActivityClientRecord, android.content.Intent, java.lang.String) (ActivityThread.java:-1)
10-30 17:03:03.685: I/zygote64(28810):   at void android.app.ActivityThread$H.handleMessage(android.os.Message) (ActivityThread.java:1596)
10-30 17:03:03.685: I/zygote64(28810):   at void android.os.Handler.dispatchMessage(android.os.Message) (Handler.java:105)
10-30 17:03:03.685: I/zygote64(28810):   at void android.os.Looper.loop() (Looper.java:164)
10-30 17:03:03.685: I/zygote64(28810):   at void android.app.ActivityThread.main(java.lang.String[]) (ActivityThread.java:6600)
10-30 17:03:03.685: I/zygote64(28810):   at java.lang.Object java.lang.reflect.Method.invoke(java.lang.Object, java.lang.Object[]) (Method.java:-2)
10-30 17:03:03.685: I/zygote64(28810):   at void com.android.internal.os.Zygote$MethodAndArgsCaller.run() (Zygote.java:240)
10-30 17:03:03.685: I/zygote64(28810):   at void com.android.internal.os.ZygoteInit.main(java.lang.String[]) (ZygoteInit.java:772)
10-30 17:03:03.685: I/zygote64(28810): Rejecting re-init on previously-failed class java.lang.Class<androidx.core.view.ViewCompat$2>: java.lang.NoClassDefFoundError: Failed resolution of: Landroid/view/View$OnUnhandledKeyEventListener;
10-30 17:03:03.685: I/zygote64(28810):   at void androidx.core.view.ViewCompat.setBackground(android.view.View, android.graphics.drawable.Drawable) (ViewCompat.java:2559)
10-30 17:03:03.685: I/zygote64(28810):   at void androidx.appcompat.widget.ActionBarContainer.<init>(android.content.Context, android.util.AttributeSet) (ActionBarContainer.java:63)
10-30 17:03:03.685: I/zygote64(28810):   at java.lang.Object java.lang.reflect.Constructor.newInstance0(java.lang.Object[]) (Constructor.java:-2)
10-30 17:03:03.685: I/zygote64(28810):   at java.lang.Object java.lang.reflect.Constructor.newInstance(java.lang.Object[]) (Constructor.java:334)
10-30 17:03:03.685: I/zygote64(28810):   at android.view.View android.view.LayoutInflater.createView(java.lang.String, java.lang.String, android.util.AttributeSet) (LayoutInflater.java:647)
10-30 17:03:03.685: I/zygote64(28810):   at android.view.View android.view.LayoutInflater.createViewFromTag(android.view.View, java.lang.String, android.content.Context, android.util.AttributeSet, boolean) (LayoutInflater.java:790)
10-30 17:03:03.685: I/zygote64(28810):   at android.view.View android.view.LayoutInflater.createViewFromTag(android.view.View, java.lang.String, android.content.Context, android.util.AttributeSet) (LayoutInflater.java:730)
10-30 17:03:03.685: I/zygote64(28810):   at void android.view.LayoutInflater.rInflate(org.xmlpull.v1.XmlPullParser, android.view.View, android.content.Context, android.util.AttributeSet, boolean) (LayoutInflater.java:863)
10-30 17:03:03.685: I/zygote64(28810):   at void android.view.LayoutInflater.rInflateChildren(org.xmlpull.v1.XmlPullParser, android.view.View, android.util.AttributeSet, boolean) (LayoutInflater.java:824)
10-30 17:03:03.686: I/zygote64(28810):   at android.view.View android.view.LayoutInflater.inflate(org.xmlpull.v1.XmlPullParser, android.view.ViewGroup, boolean) (LayoutInflater.java:515)
10-30 17:03:03.686: I/zygote64(28810):   at android.view.View android.view.LayoutInflater.inflate(int, android.view.ViewGroup, boolean) (LayoutInflater.java:423)
10-30 17:03:03.686: I/zygote64(28810):   at android.view.View android.view.LayoutInflater.inflate(int, android.view.ViewGroup) (LayoutInflater.java:374)
10-30 17:03:03.686: I/zygote64(28810):   at android.view.ViewGroup androidx.appcompat.app.AppCompatDelegateImpl.createSubDecor() (AppCompatDelegateImpl.java:749)
10-30 17:03:03.686: I/zygote64(28810):   at void androidx.appcompat.app.AppCompatDelegateImpl.ensureSubDecor() (AppCompatDelegateImpl.java:659)
10-30 17:03:03.686: I/zygote64(28810):   at void androidx.appcompat.app.AppCompatDelegateImpl.setContentView(int) (AppCompatDelegateImpl.java:552)
10-30 17:03:03.686: I/zygote64(28810):   at void androidx.appcompat.app.AppCompatActivity.setContentView(int) (AppCompatActivity.java:161)
10-30 17:03:03.686: I/zygote64(28810):   at void com.example.concurrencyeval.activities.MatMultActivity.onCreate(android.os.Bundle) (MatMultActivity.kt:22)
10-30 17:03:03.686: I/zygote64(28810):   at void android.app.Activity.performCreate(android.os.Bundle) (Activity.java:6975)
10-30 17:03:03.686: I/zygote64(28810):   at void android.app.Instrumentation.callActivityOnCreate(android.app.Activity, android.os.Bundle) (Instrumentation.java:1213)
10-30 17:03:03.686: I/zygote64(28810):   at void androidx.test.runner.MonitoringInstrumentation.callActivityOnCreate(android.app.Activity, android.os.Bundle) (MonitoringInstrumentation.java:702)
10-30 17:03:03.686: I/zygote64(28810):   at android.app.Activity android.app.ActivityThread.performLaunchActivity(android.app.ActivityThread$ActivityClientRecord, android.content.Intent) (ActivityThread.java:2779)
10-30 17:03:03.686: I/zygote64(28810):   at void android.app.ActivityThread.handleLaunchActivity(android.app.ActivityThread$ActivityClientRecord, android.content.Intent, java.lang.String) (ActivityThread.java:2904)
10-30 17:03:03.686: I/zygote64(28810):   at void android.app.ActivityThread.-wrap11(android.app.ActivityThread, android.app.ActivityThread$ActivityClientRecord, android.content.Intent, java.lang.String) (ActivityThread.java:-1)
10-30 17:03:03.686: I/zygote64(28810):   at void android.app.ActivityThread$H.handleMessage(android.os.Message) (ActivityThread.java:1596)
10-30 17:03:03.686: I/zygote64(28810):   at void android.os.Handler.dispatchMessage(android.os.Message) (Handler.java:105)
10-30 17:03:03.686: I/zygote64(28810):   at void android.os.Looper.loop() (Looper.java:164)
10-30 17:03:03.686: I/zygote64(28810):   at void android.app.ActivityThread.main(java.lang.String[]) (ActivityThread.java:6600)
10-30 17:03:03.686: I/zygote64(28810):   at java.lang.Object java.lang.reflect.Method.invoke(java.lang.Object, java.lang.Object[]) (Method.java:-2)
10-30 17:03:03.686: I/zygote64(28810):   at void com.android.internal.os.Zygote$MethodAndArgsCaller.run() (Zygote.java:240)
10-30 17:03:03.686: I/zygote64(28810):   at void com.android.internal.os.ZygoteInit.main(java.lang.String[]) (ZygoteInit.java:772)
10-30 17:03:03.686: I/zygote64(28810): Caused by: java.lang.ClassNotFoundException: Didn't find class "android.view.View$OnUnhandledKeyEventListener" on path: DexPathList[[zip file "/system/framework/android.test.runner.jar", zip file "/data/app/com.example.concurrencyeval.test-nZuvnZybqYLcd0U6Szz9bA==/base.apk", zip file "/data/app/com.example.concurrencyeval-moiAGdMWUMo29Z7rWKVEMw==/base.apk"],nativeLibraryDirectories=[/data/app/com.example.concurrencyeval.test-nZuvnZybqYLcd0U6Szz9bA==/lib/arm64, /data/app/com.example.concurrencyeval-moiAGdMWUMo29Z7rWKVEMw==/lib/arm64, /system/lib64, /vendor/lib64]]
10-30 17:03:03.686: I/zygote64(28810):   at java.lang.Class dalvik.system.BaseDexClassLoader.findClass(java.lang.String) (BaseDexClassLoader.java:93)
10-30 17:03:03.686: I/zygote64(28810):   at java.lang.Class java.lang.ClassLoader.loadClass(java.lang.String, boolean) (ClassLoader.java:379)
10-30 17:03:03.686: I/zygote64(28810):   at java.lang.Class java.lang.ClassLoader.loadClass(java.lang.String) (ClassLoader.java:312)
10-30 17:03:03.686: I/zygote64(28810):   at void androidx.core.view.ViewCompat.setBackground(android.view.View, android.graphics.drawable.Drawable) (ViewCompat.java:2559)
10-30 17:03:03.686: I/zygote64(28810):   at void androidx.appcompat.widget.ActionBarContainer.<init>(android.content.Context, android.util.AttributeSet) (ActionBarContainer.java:63)
10-30 17:03:03.686: I/zygote64(28810):   at java.lang.Object java.lang.reflect.Constructor.newInstance0(java.lang.Object[]) (Constructor.java:-2)
10-30 17:03:03.686: I/zygote64(28810):   at java.lang.Object java.lang.reflect.Constructor.newInstance(java.lang.Object[]) (Constructor.java:334)
10-30 17:03:03.686: I/zygote64(28810):   at android.view.View android.view.LayoutInflater.createView(java.lang.String, java.lang.String, android.util.AttributeSet) (LayoutInflater.java:647)
10-30 17:03:03.686: I/zygote64(28810):   at android.view.View android.view.LayoutInflater.createViewFromTag(android.view.View, java.lang.String, android.content.Context, android.util.AttributeSet, boolean) (LayoutInflater.java:790)
10-30 17:03:03.686: I/zygote64(28810):   at android.view.View android.view.LayoutInflater.createViewFromTag(android.view.View, java.lang.String, android.content.Context, android.util.AttributeSet) (LayoutInflater.java:730)
10-30 17:03:03.686: I/zygote64(28810):   at void android.view.LayoutInflater.rInflate(org.xmlpull.v1.XmlPullParser, android.view.View, android.content.Context, android.util.AttributeSet, boolean) (LayoutInflater.java:863)
10-30 17:03:03.686: I/zygote64(28810):   at void android.view.LayoutInflater.rInflateChildren(org.xmlpull.v1.XmlPullParser, android.view.View, android.util.AttributeSet, boolean) (LayoutInflater.java:824)
10-30 17:03:03.686: I/zygote64(28810):   at android.view.View android.view.LayoutInflater.inflate(org.xmlpull.v1.XmlPullParser, android.view.ViewGroup, boolean) (LayoutInflater.java:515)
10-30 17:03:03.686: I/zygote64(28810):   at android.view.View android.view.LayoutInflater.inflate(int, android.view.ViewGroup, boolean) (LayoutInflater.java:423)
10-30 17:03:03.686: I/zygote64(28810):   at android.view.View android.view.LayoutInflater.inflate(int, android.view.ViewGroup) (LayoutInflater.java:374)
10-30 17:03:03.686: I/zygote64(28810):   at android.view.ViewGroup androidx.appcompat.app.AppCompatDelegateImpl.createSubDecor() (AppCompatDelegateImpl.java:749)
10-30 17:03:03.686: I/zygote64(28810):   at void androidx.appcompat.app.AppCompatDelegateImpl.ensureSubDecor() (AppCompatDelegateImpl.java:659)
10-30 17:03:03.686: I/zygote64(28810):   at void androidx.appcompat.app.AppCompatDelegateImpl.setContentView(int) (AppCompatDelegateImpl.java:552)
10-30 17:03:03.686: I/zygote64(28810):   at void androidx.appcompat.app.AppCompatActivity.setContentView(int) (AppCompatActivity.java:161)
10-30 17:03:03.686: I/zygote64(28810):   at void com.example.concurrencyeval.activities.MatMultActivity.onCreate(android.os.Bundle) (MatMultActivity.kt:22)
10-30 17:03:03.686: I/zygote64(28810):   at void android.app.Activity.performCreate(android.os.Bundle) (Activity.java:6975)
10-30 17:03:03.686: I/zygote64(28810):   at void android.app.Instrumentation.callActivityOnCreate(android.app.Activity, android.os.Bundle) (Instrumentation.java:1213)
10-30 17:03:03.686: I/zygote64(28810):   at void androidx.test.runner.MonitoringInstrumentation.callActivityOnCreate(android.app.Activity, android.os.Bundle) (MonitoringInstrumentation.java:702)
10-30 17:03:03.686: I/zygote64(28810):   at android.app.Activity android.app.ActivityThread.performLaunchActivity(android.app.ActivityThread$ActivityClientRecord, android.content.Intent) (ActivityThread.java:2779)
10-30 17:03:03.686: I/zygote64(28810):   at void android.app.ActivityThread.handleLaunchActivity(android.app.ActivityThread$ActivityClientRecord, android.content.Intent, java.lang.String) (ActivityThread.java:2904)
10-30 17:03:03.686: I/zygote64(28810):   at void android.app.ActivityThread.-wrap11(android.app.ActivityThread, android.app.ActivityThread$ActivityClientRecord, android.content.Intent, java.lang.String) (ActivityThread.java:-1)
10-30 17:03:03.686: I/zygote64(28810):   at void android.app.ActivityThread$H.handleMessage(android.os.Message) (ActivityThread.java:1596)
10-30 17:03:03.686: I/zygote64(28810):   at void android.os.Handler.dispatchMessage(android.os.Message) (Handler.java:105)
10-30 17:03:03.686: I/zygote64(28810):   at void android.os.Looper.loop() (Looper.java:164)
10-30 17:03:03.686: I/zygote64(28810):   at void android.app.ActivityThread.main(java.lang.String[]) (ActivityThread.java:6600)
10-30 17:03:03.686: I/zygote64(28810):   at java.lang.Object java.lang.reflect.Method.invoke(java.lang.Object, java.lang.Object[]) (Method.java:-2)
10-30 17:03:03.686: I/zygote64(28810):   at void com.android.internal.os.Zygote$MethodAndArgsCaller.run() (Zygote.java:240)
10-30 17:03:03.686: I/zygote64(28810):   at void com.android.internal.os.ZygoteInit.main(java.lang.String[]) (ZygoteInit.java:772)
10-30 17:03:03.686: I/zygote64(28810): Rejecting re-init on previously-failed class java.lang.Class<androidx.core.view.ViewCompat$2>: java.lang.NoClassDefFoundError: Failed resolution of: Landroid/view/View$OnUnhandledKeyEventListener;
10-30 17:03:03.686: I/zygote64(28810):   at void androidx.core.view.ViewCompat.setBackground(android.view.View, android.graphics.drawable.Drawable) (ViewCompat.java:2559)
10-30 17:03:03.686: I/zygote64(28810):   at void androidx.appcompat.widget.ActionBarContainer.<init>(android.content.Context, android.util.AttributeSet) (ActionBarContainer.java:63)
10-30 17:03:03.686: I/zygote64(28810):   at java.lang.Object java.lang.reflect.Constructor.newInstance0(java.lang.Object[]) (Constructor.java:-2)
10-30 17:03:03.686: I/zygote64(28810):   at java.lang.Object java.lang.reflect.Constructor.newInstance(java.lang.Object[]) (Constructor.java:334)
10-30 17:03:03.686: I/zygote64(28810):   at android.view.View android.view.LayoutInflater.createView(java.lang.String, java.lang.String, android.util.AttributeSet) (LayoutInflater.java:647)
10-30 17:03:03.686: I/zygote64(28810):   at android.view.View android.view.LayoutInflater.createViewFromTag(android.view.View, java.lang.String, android.content.Context, android.util.AttributeSet, boolean) (LayoutInflater.java:790)
10-30 17:03:03.686: I/zygote64(28810):   at android.view.View android.view.LayoutInflater.createViewFromTag(android.view.View, java.lang.String, android.content.Context, android.util.AttributeSet) (LayoutInflater.java:730)
10-30 17:03:03.686: I/zygote64(28810):   at void android.view.LayoutInflater.rInflate(org.xmlpull.v1.XmlPullParser, android.view.View, android.content.Context, android.util.AttributeSet, boolean) (LayoutInflater.java:863)
10-30 17:03:03.686: I/zygote64(28810):   at void android.view.LayoutInflater.rInflateChildren(org.xmlpull.v1.XmlPullParser, android.view.View, android.util.AttributeSet, boolean) (LayoutInflater.java:824)
10-30 17:03:03.686: I/zygote64(28810):   at android.view.View android.view.LayoutInflater.inflate(org.xmlpull.v1.XmlPullParser, android.view.ViewGroup, boolean) (LayoutInflater.java:515)
10-30 17:03:03.686: I/zygote64(28810):   at android.view.View android.view.LayoutInflater.inflate(int, android.view.ViewGroup, boolean) (LayoutInflater.java:423)
10-30 17:03:03.686: I/zygote64(28810):   at android.view.View android.view.LayoutInflater.inflate(int, android.view.ViewGroup) (LayoutInflater.java:374)
10-30 17:03:03.686: I/zygote64(28810):   at android.view.ViewGroup androidx.appcompat.app.AppCompatDelegateImpl.createSubDecor() (AppCompatDelegateImpl.java:749)
10-30 17:03:03.686: I/zygote64(28810):   at void androidx.appcompat.app.AppCompatDelegateImpl.ensureSubDecor() (AppCompatDelegateImpl.java:659)
10-30 17:03:03.686: I/zygote64(28810):   at void androidx.appcompat.app.AppCompatDelegateImpl.setContentView(int) (AppCompatDelegateImpl.java:552)
10-30 17:03:03.686: I/zygote64(28810):   at void androidx.appcompat.app.AppCompatActivity.setContentView(int) (AppCompatActivity.java:161)
10-30 17:03:03.686: I/zygote64(28810):   at void com.example.concurrencyeval.activities.MatMultActivity.onCreate(android.os.Bundle) (MatMultActivity.kt:22)
10-30 17:03:03.686: I/zygote64(28810):   at void android.app.Activity.performCreate(android.os.Bundle) (Activity.java:6975)
10-30 17:03:03.686: I/zygote64(28810):   at void android.app.Instrumentation.callActivityOnCreate(android.app.Activity, android.os.Bundle) (Instrumentation.java:1213)
10-30 17:03:03.686: I/zygote64(28810):   at void androidx.test.runner.MonitoringInstrumentation.callActivityOnCreate(android.app.Activity, android.os.Bundle) (MonitoringInstrumentation.java:702)
10-30 17:03:03.686: I/zygote64(28810):   at android.app.Activity android.app.ActivityThread.performLaunchActivity(android.app.ActivityThread$ActivityClientRecord, android.content.Intent) (ActivityThread.java:2779)
10-30 17:03:03.686: I/zygote64(28810):   at void android.app.ActivityThread.handleLaunchActivity(android.app.ActivityThread$ActivityClientRecord, android.content.Intent, java.lang.String) (ActivityThread.java:2904)
10-30 17:03:03.686: I/zygote64(28810):   at void android.app.ActivityThread.-wrap11(android.app.ActivityThread, android.app.ActivityThread$ActivityClientRecord, android.content.Intent, java.lang.String) (ActivityThread.java:-1)
10-30 17:03:03.686: I/zygote64(28810):   at void android.app.ActivityThread$H.handleMessage(android.os.Message) (ActivityThread.java:1596)
10-30 17:03:03.686: I/zygote64(28810):   at void android.os.Handler.dispatchMessage(android.os.Message) (Handler.java:105)
10-30 17:03:03.686: I/zygote64(28810):   at void android.os.Looper.loop() (Looper.java:164)
10-30 17:03:03.686: I/zygote64(28810):   at void android.app.ActivityThread.main(java.lang.String[]) (ActivityThread.java:6600)
10-30 17:03:03.686: I/zygote64(28810):   at java.lang.Object java.lang.reflect.Method.invoke(java.lang.Object, java.lang.Object[]) (Method.java:-2)
10-30 17:03:03.686: I/zygote64(28810):   at void com.android.internal.os.Zygote$MethodAndArgsCaller.run() (Zygote.java:240)
10-30 17:03:03.686: I/zygote64(28810):   at void com.android.internal.os.ZygoteInit.main(java.lang.String[]) (ZygoteInit.java:772)
10-30 17:03:03.686: I/zygote64(28810): Caused by: java.lang.ClassNotFoundException: Didn't find class "android.view.View$OnUnhandledKeyEventListener" on path: DexPathList[[zip file "/system/framework/android.test.runner.jar", zip file "/data/app/com.example.concurrencyeval.test-nZuvnZybqYLcd0U6Szz9bA==/base.apk", zip file "/data/app/com.example.concurrencyeval-moiAGdMWUMo29Z7rWKVEMw==/base.apk"],nativeLibraryDirectories=[/data/app/com.example.concurrencyeval.test-nZuvnZybqYLcd0U6Szz9bA==/lib/arm64, /data/app/com.example.concurrencyeval-moiAGdMWUMo29Z7rWKVEMw==/lib/arm64, /system/lib64, /vendor/lib64]]
10-30 17:03:03.686: I/zygote64(28810):   at java.lang.Class dalvik.system.BaseDexClassLoader.findClass(java.lang.String) (BaseDexClassLoader.java:93)
10-30 17:03:03.686: I/zygote64(28810):   at java.lang.Class java.lang.ClassLoader.loadClass(java.lang.String, boolean) (ClassLoader.java:379)
10-30 17:03:03.686: I/zygote64(28810):   at java.lang.Class java.lang.ClassLoader.loadClass(java.lang.String) (ClassLoader.java:312)
10-30 17:03:03.686: I/zygote64(28810):   at void androidx.core.view.ViewCompat.setBackground(android.view.View, android.graphics.drawable.Drawable) (ViewCompat.java:2559)
10-30 17:03:03.686: I/zygote64(28810):   at void androidx.appcompat.widget.ActionBarContainer.<init>(android.content.Context, android.util.AttributeSet) (ActionBarContainer.java:63)
10-30 17:03:03.686: I/zygote64(28810):   at java.lang.Object java.lang.reflect.Constructor.newInstance0(java.lang.Object[]) (Constructor.java:-2)
10-30 17:03:03.686: I/zygote64(28810):   at java.lang.Object java.lang.reflect.Constructor.newInstance(java.lang.Object[]) (Constructor.java:334)
10-30 17:03:03.686: I/zygote64(28810):   at android.view.View android.view.LayoutInflater.createView(java.lang.String, java.lang.String, android.util.AttributeSet) (LayoutInflater.java:647)
10-30 17:03:03.686: I/zygote64(28810):   at android.view.View android.view.LayoutInflater.createViewFromTag(android.view.View, java.lang.String, android.content.Context, android.util.AttributeSet, boolean) (LayoutInflater.java:790)
10-30 17:03:03.686: I/zygote64(28810):   at android.view.View android.view.LayoutInflater.createViewFromTag(android.view.View, java.lang.String, android.content.Context, android.util.AttributeSet) (LayoutInflater.java:730)
10-30 17:03:03.686: I/zygote64(28810):   at void android.view.LayoutInflater.rInflate(org.xmlpull.v1.XmlPullParser, android.view.View, android.content.Context, android.util.AttributeSet, boolean) (LayoutInflater.java:863)
10-30 17:03:03.686: I/zygote64(28810):   at void android.view.LayoutInflater.rInflateChildren(org.xmlpull.v1.XmlPullParser, android.view.View, android.util.AttributeSet, boolean) (LayoutInflater.java:824)
10-30 17:03:03.686: I/zygote64(28810):   at android.view.View android.view.LayoutInflater.inflate(org.xmlpull.v1.XmlPullParser, android.view.ViewGroup, boolean) (LayoutInflater.java:515)
10-30 17:03:03.686: I/zygote64(28810):   at android.view.View android.view.LayoutInflater.inflate(int, android.view.ViewGroup, boolean) (LayoutInflater.java:423)
10-30 17:03:03.686: I/zygote64(28810):   at android.view.View android.view.LayoutInflater.inflate(int, android.view.ViewGroup) (LayoutInflater.java:374)
10-30 17:03:03.686: I/zygote64(28810):   at android.view.ViewGroup androidx.appcompat.app.AppCompatDelegateImpl.createSubDecor() (AppCompatDelegateImpl.java:749)
10-30 17:03:03.686: I/zygote64(28810):   at void androidx.appcompat.app.AppCompatDelegateImpl.ensureSubDecor() (AppCompatDelegateImpl.java:659)
10-30 17:03:03.686: I/zygote64(28810):   at void androidx.appcompat.app.AppCompatDelegateImpl.setContentView(int) (AppCompatDelegateImpl.java:552)
10-30 17:03:03.686: I/zygote64(28810):   at void androidx.appcompat.app.AppCompatActivity.setContentView(int) (AppCompatActivity.java:161)
10-30 17:03:03.686: I/zygote64(28810):   at void com.example.concurrencyeval.activities.MatMultActivity.onCreate(android.os.Bundle) (MatMultActivity.kt:22)
10-30 17:03:03.686: I/zygote64(28810):   at void android.app.Activity.performCreate(android.os.Bundle) (Activity.java:6975)
10-30 17:03:03.686: I/zygote64(28810):   at void android.app.Instrumentation.callActivityOnCreate(android.app.Activity, android.os.Bundle) (Instrumentation.java:1213)
10-30 17:03:03.686: I/zygote64(28810):   at void androidx.test.runner.MonitoringInstrumentation.callActivityOnCreate(android.app.Activity, android.os.Bundle) (MonitoringInstrumentation.java:702)
10-30 17:03:03.686: I/zygote64(28810):   at android.app.Activity android.app.ActivityThread.performLaunchActivity(android.app.ActivityThread$ActivityClientRecord, android.content.Intent) (ActivityThread.java:2779)
10-30 17:03:03.686: I/zygote64(28810):   at void android.app.ActivityThread.handleLaunchActivity(android.app.ActivityThread$ActivityClientRecord, android.content.Intent, java.lang.String) (ActivityThread.java:2904)
10-30 17:03:03.686: I/zygote64(28810):   at void android.app.ActivityThread.-wrap11(android.app.ActivityThread, android.app.ActivityThread$ActivityClientRecord, android.content.Intent, java.lang.String) (ActivityThread.java:-1)
10-30 17:03:03.686: I/zygote64(28810):   at void android.app.ActivityThread$H.handleMessage(android.os.Message) (ActivityThread.java:1596)
10-30 17:03:03.686: I/zygote64(28810):   at void android.os.Handler.dispatchMessage(android.os.Message) (Handler.java:105)
10-30 17:03:03.686: I/zygote64(28810):   at void android.os.Looper.loop() (Looper.java:164)
10-30 17:03:03.686: I/zygote64(28810):   at void android.app.ActivityThread.main(java.lang.String[]) (ActivityThread.java:6600)
10-30 17:03:03.686: I/zygote64(28810):   at java.lang.Object java.lang.reflect.Method.invoke(java.lang.Object, java.lang.Object[]) (Method.java:-2)
10-30 17:03:03.686: I/zygote64(28810):   at void com.android.internal.os.Zygote$MethodAndArgsCaller.run() (Zygote.java:240)
10-30 17:03:03.686: I/zygote64(28810):   at void com.android.internal.os.ZygoteInit.main(java.lang.String[]) (ZygoteInit.java:772)
10-30 17:03:03.716: I/Places(28220): ?: Couldn't find platform key file.
10-30 17:03:03.728: D/OpenGLRenderer(1159): HWUI GL Pipeline
10-30 17:03:03.731: D/libEGL(1159): loaded /vendor/lib64/egl/libEGL_adreno.so
10-30 17:03:03.737: D/libEGL(1159): loaded /vendor/lib64/egl/libGLESv1_CM_adreno.so
10-30 17:03:03.746: I/zygote64(28220): Deoptimizing int bibt.a(java.util.Map, boolean, boolean) due to JIT inline cache
10-30 17:03:03.767: D/LifecycleMonitor(28810): Lifecycle status change: com.example.concurrencyeval.activities.MatMultActivity@deec7a in: CREATED
10-30 17:03:03.770: D/LifecycleMonitor(28810): Lifecycle status change: com.example.concurrencyeval.activities.MatMultActivity@deec7a in: STARTED
10-30 17:03:03.770: D/libEGL(1159): loaded /vendor/lib64/egl/libGLESv2_adreno.so
10-30 17:03:03.773: D/LifecycleMonitor(28810): Lifecycle status change: com.example.concurrencyeval.activities.MatMultActivity@deec7a in: RESUMED
10-30 17:03:03.779: I/zygote64(28220): Deoptimizing bicn bibt.a(java.util.Set) due to JIT inline cache
10-30 17:03:03.781: D/OpenGLRenderer(28810): HWUI GL Pipeline
10-30 17:03:03.796: I/Places(28220): ?: Couldn't find platform key file.
10-30 17:03:03.796: I/Adreno(1159): QUALCOMM build                   : 982fa4b, I5209124ca6
10-30 17:03:03.796: I/Adreno(1159): Build Date                       : 07/28/17
10-30 17:03:03.796: I/Adreno(1159): OpenGL ES Shader Compiler Version: EV031.19.00.00
10-30 17:03:03.796: I/Adreno(1159): Local Branch                     : mybranch27470623
10-30 17:03:03.796: I/Adreno(1159): Remote Branch                    : quic/gfx-adreno.lnx.6.4.9-rel
10-30 17:03:03.796: I/Adreno(1159): Remote Branch                    : NONE
10-30 17:03:03.796: I/Adreno(1159): Reconstruct Branch               : NOTHING
10-30 17:03:03.797: I/Adreno(1159): PFP: 0x005ff087, ME: 0x005ff063
10-30 17:03:03.800: I/zygote64(1159): android::hardware::configstore::V1_0::ISurfaceFlingerConfigs::hasWideColorDisplay retrieved: 1
10-30 17:03:03.800: I/OpenGLRenderer(1159): Initialized EGL, version 1.4
10-30 17:03:03.800: D/OpenGLRenderer(1159): Swap behavior 2
10-30 17:03:03.813: I/PlaceInferenceEngine(28220): No beacon scan available - ignoring candidates.
10-30 17:03:03.830: I/Adreno(28810): QUALCOMM build                   : 982fa4b, I5209124ca6
10-30 17:03:03.830: I/Adreno(28810): Build Date                       : 07/28/17
10-30 17:03:03.830: I/Adreno(28810): OpenGL ES Shader Compiler Version: EV031.19.00.00
10-30 17:03:03.830: I/Adreno(28810): Local Branch                     : mybranch27470623
10-30 17:03:03.830: I/Adreno(28810): Remote Branch                    : quic/gfx-adreno.lnx.6.4.9-rel
10-30 17:03:03.830: I/Adreno(28810): Remote Branch                    : NONE
10-30 17:03:03.830: I/Adreno(28810): Reconstruct Branch               : NOTHING
10-30 17:03:03.835: I/Adreno(28810): PFP: 0x005ff087, ME: 0x005ff063
10-30 17:03:03.843: I/zygote64(28810): android::hardware::configstore::V1_0::ISurfaceFlingerConfigs::hasWideColorDisplay retrieved: 1
10-30 17:03:03.844: I/OpenGLRenderer(28810): Initialized EGL, version 1.4
10-30 17:03:03.844: D/OpenGLRenderer(28810): Swap behavior 2
10-30 17:03:03.903: I/ActivityManager(1159): Start proc 28860:com.google.android.contacts/u0a42 for service com.google.android.contacts/com.android.contacts.ContactsJobService
10-30 17:03:03.932: I/zygote64(28810): Do partial code cache collection, code=30KB, data=27KB
10-30 17:03:03.932: I/zygote64(28810): After code cache collection, code=30KB, data=27KB
10-30 17:03:03.932: I/zygote64(28810): Increasing code cache capacity to 128KB
10-30 17:03:03.940: I/GoogleContactsApp(28860): GoogleContactsApplication.onCreate
10-30 17:03:03.944: W/zygote64(28860): Class com.google.android.gms.analytics.a failed lock verification and will run slower.
10-30 17:03:03.944: W/zygote64(28860): Common causes for lock verification issues are non-optimized dex code
10-30 17:03:03.944: W/zygote64(28860): and incorrect proguard optimizations.
10-30 17:03:03.946: W/zygote64(28860): Class com.google.android.gms.analytics.internal.b failed lock verification and will run slower.
10-30 17:03:03.947: W/zygote64(28860): Class com.google.android.gms.analytics.internal.g failed lock verification and will run slower.
10-30 17:03:03.949: I/GAv4(28860): Google Analytics 10.0.84 is starting up. To enable debug logging on a device run:
10-30 17:03:03.949: I/GAv4(28860):   adb shell setprop log.tag.GAv4 DEBUG
10-30 17:03:03.949: I/GAv4(28860):   adb logcat -s GAv4
10-30 17:03:03.956: W/zygote64(28860): Class com.google.android.gms.analytics.internal.E failed lock verification and will run slower.
10-30 17:03:03.958: W/zygote64(28860): Class com.google.android.gms.analytics.k failed lock verification and will run slower.
10-30 17:03:03.961: I/ActivityManager(1159): Displayed com.example.concurrencyeval/.activities.MatMultActivity: +316ms
10-30 17:03:03.963: W/zygote64(28860): Class android.support.v4.a.b failed lock verification and will run slower.
10-30 17:03:03.965: W/GAv4(28860): AnalyticsReceiver is not registered or is disabled. Register the receiver for reliable dispatching on non-Google Play devices. See http://goo.gl/8Rd3yj for instructions.
10-30 17:03:03.979: D/QCOM PowerHAL(774): LAUNCH HINT: OFF
10-30 17:03:03.982: W/GAv4(28860): CampaignTrackingReceiver is not registered, not exported or is disabled. Installation campaign tracking is not possible. See http://goo.gl/8Rd3yj for instructions.
10-30 17:03:03.982: D/EventInjectionStrategy(28810): Creating injection strategy with input manager.
10-30 17:03:03.984: W/GAv4(28860): AnalyticsService not registered in the app manifest. Hits might not be delivered reliably. See http://goo.gl/8Rd3yj for instructions.
10-30 17:03:03.985: I/zygote64(1481): Deoptimizing java.lang.String bfg.c(android.content.Context, int) due to JIT inline cache
10-30 17:03:03.987: W/zygote64(28860): Class com.google.android.gms.internal.bU failed lock verification and will run slower.
10-30 17:03:03.993: W/zygote64(28860): Class com.google.android.gms.common.p failed lock verification and will run slower.
10-30 17:03:04.005: I/ViewInteraction(28810): Performing 'replace text()' action on view with id: com.example.concurrencyeval:id/mm_et_size
10-30 17:03:04.040: I/Places(28220): ?: Couldn't find platform key file.
10-30 17:03:04.040: I/zygote64(28226): Deoptimizing void bwqo.a(java.lang.Iterable, java.util.List) due to JIT inline cache
10-30 17:03:04.049: I/ViewInteraction(28810): Performing 'type text(128)' action on view with id: com.example.concurrencyeval:id/mm_et_size
10-30 17:03:04.061: I/zygote64(1481): Deoptimizing int cht.a(android.content.Context, int) due to JIT inline cache
10-30 17:03:04.085: D/OpenGLRenderer(1481): HWUI GL Pipeline
10-30 17:03:04.094: I/ActivityManager(1159): Killing 11514:com.google.android.partnersetup/u0a43 (adj 906): empty #17
10-30 17:03:04.095: W/zygote64(1159): kill(-11514, 9) failed: No such process
10-30 17:03:04.118: I/zygote64(28220): Do partial code cache collection, code=499KB, data=299KB
10-30 17:03:04.119: I/zygote64(28220): After code cache collection, code=482KB, data=290KB
10-30 17:03:04.119: I/zygote64(28220): Increasing code cache capacity to 2MB
10-30 17:03:04.124: D/libEGL(1481): loaded /vendor/lib64/egl/libEGL_adreno.so
10-30 17:03:04.131: D/libEGL(1481): loaded /vendor/lib64/egl/libGLESv1_CM_adreno.so
10-30 17:03:04.137: W/zygote64(1159): kill(-11514, 9) failed: No such process
10-30 17:03:04.137: I/zygote64(1159): Successfully killed process cgroup uid 10043 pid 11514 in 42ms
10-30 17:03:04.143: I/zygote64(28226): Do full code cache collection, code=253KB, data=142KB
10-30 17:03:04.144: I/zygote64(28226): After code cache collection, code=247KB, data=124KB
10-30 17:03:04.153: I/FA(28810): Tag Manager is not found and thus will not be used
10-30 17:03:04.159: D/libEGL(1481): loaded /vendor/lib64/egl/libGLESv2_adreno.so
10-30 17:03:04.164: E/ActivityThread(28220): Failed to find provider info for instantapp-dev-manager
10-30 17:03:04.176: W/ChimeraUtils(28220): Non Chimera context
10-30 17:03:04.176: W/ChimeraUtils(28220): Non Chimera context
10-30 17:03:04.181: I/Adreno(1481): QUALCOMM build                   : 982fa4b, I5209124ca6
10-30 17:03:04.181: I/Adreno(1481): Build Date                       : 07/28/17
10-30 17:03:04.181: I/Adreno(1481): OpenGL ES Shader Compiler Version: EV031.19.00.00
10-30 17:03:04.181: I/Adreno(1481): Local Branch                     : mybranch27470623
10-30 17:03:04.181: I/Adreno(1481): Remote Branch                    : quic/gfx-adreno.lnx.6.4.9-rel
10-30 17:03:04.181: I/Adreno(1481): Remote Branch                    : NONE
10-30 17:03:04.181: I/Adreno(1481): Reconstruct Branch               : NOTHING
10-30 17:03:04.190: I/Adreno(1481): PFP: 0x005ff087, ME: 0x005ff063
10-30 17:03:04.194: I/zygote64(1481): android::hardware::configstore::V1_0::ISurfaceFlingerConfigs::hasWideColorDisplay retrieved: 1
10-30 17:03:04.194: I/OpenGLRenderer(1481): Initialized EGL, version 1.4
10-30 17:03:04.194: D/OpenGLRenderer(1481): Swap behavior 2
10-30 17:03:04.228: I/zygote64(1481): Do full code cache collection, code=253KB, data=135KB
10-30 17:03:04.228: I/zygote64(1481): After code cache collection, code=250KB, data=124KB
10-30 17:03:04.264: I/zygote64(1481): Do partial code cache collection, code=251KB, data=128KB
10-30 17:03:04.265: I/zygote64(1481): After code cache collection, code=251KB, data=128KB
10-30 17:03:04.265: I/zygote64(1481): Increasing code cache capacity to 1024KB
10-30 17:03:04.266: W/Conscrypt(28220): Could not set socket write timeout: java.net.SocketException: Socket closed
10-30 17:03:04.266: W/Conscrypt(28220): 	at com.google.android.gms.org.conscrypt.Platform.setSocketWriteTimeout(:com.google.android.gms@18385019@18.3.85 (040400-262677519):2)
10-30 17:03:04.266: W/Conscrypt(28220): 	at com.google.android.gms.org.conscrypt.ConscryptFileDescriptorSocket.setSoWriteTimeout(:com.google.android.gms@18385019@18.3.85 (040400-262677519):2)
10-30 17:03:04.292: I/zygote64(28226): Deoptimizing blel blff.a(blel, boolean) due to JIT inline cache
10-30 17:03:04.320: D/UiControllerImpl(28810): Injecting string: "128"
10-30 17:03:04.337: W/Conscrypt(28220): Could not set socket write timeout: java.net.SocketException: Socket closed
10-30 17:03:04.337: W/Conscrypt(28220): 	at com.google.android.gms.org.conscrypt.Platform.setSocketWriteTimeout(:com.google.android.gms@18385019@18.3.85 (040400-262677519):2)
10-30 17:03:04.337: W/Conscrypt(28220): 	at com.google.android.gms.org.conscrypt.ConscryptFileDescriptorSocket.setSoWriteTimeout(:com.google.android.gms@18385019@18.3.85 (040400-262677519):2)
10-30 17:03:04.339: W/InputConnectionWrapper(1481): Fixing selection indices to 0, 0
10-30 17:03:04.341: I/zygote64(1481): Deoptimizing void com.google.android.apps.inputmethod.libs.framework.core.KeyData.<init>(int, com.google.android.apps.inputmethod.libs.framework.core.KeyData$a, java.lang.Object) due to JIT inline cache
10-30 17:03:04.353: I/zygote64(28810): Do partial code cache collection, code=61KB, data=53KB
10-30 17:03:04.354: I/zygote64(28810): After code cache collection, code=61KB, data=53KB
10-30 17:03:04.354: I/zygote64(28810): Increasing code cache capacity to 256KB
10-30 17:03:04.380: D/DownloadManager(27861): [14] Starting
10-30 17:03:04.397: D/NetworkSecurityConfig(27861): No Network Security Config specified, using platform default
10-30 17:03:04.469: I/zygote64(28810): Do full code cache collection, code=125KB, data=88KB
10-30 17:03:04.469: I/zygote64(28810): After code cache collection, code=112KB, data=59KB
10-30 17:03:04.479: I/ViewInteraction(28810): Performing 'single click' action on view with id: com.example.concurrencyeval:id/mm_et_size
10-30 17:03:04.640: I/zygote64(27823): Deoptimizing aotc aotc.a(int, java.lang.Object[]) due to JIT inline cache
10-30 17:03:04.693: D/DownloadManager(27861): [14] Finished with status SUCCESS
10-30 17:03:04.759: E/QtiImsExtUtils(1687): getConfigForPhoneId phoneId is invalid
10-30 17:03:04.759: E/QtiImsExtUtils(1687): isCarrierConfigEnabled bundle is null
10-30 17:03:04.787: I/ViewInteraction(28810): Performing 'replace text()' action on view with id: com.example.concurrencyeval:id/mm_et_tasks
10-30 17:03:04.808: I/ViewInteraction(28810): Performing 'type text(1)' action on view with id: com.example.concurrencyeval:id/mm_et_tasks
10-30 17:03:04.836: I/zygote64(28810): Do partial code cache collection, code=113KB, data=80KB
10-30 17:03:04.836: I/zygote64(28810): After code cache collection, code=113KB, data=80KB
10-30 17:03:04.836: I/zygote64(28810): Increasing code cache capacity to 512KB
10-30 17:03:04.882: W/InputConnectionWrapper(1481): Fixing selection indices to 0, 0
10-30 17:03:05.086: D/UiControllerImpl(28810): Injecting string: "1"
10-30 17:03:05.115: I/ViewInteraction(28810): Performing 'single click' action on view with id: com.example.concurrencyeval:id/mm_et_tasks
10-30 17:03:05.143: D/ImsResolver(1687): maybeAddedImsService, packageName: com.google.android.googlequicksearchbox
10-30 17:03:05.149: W/ActivityManager(1159): Permission Denial: Accessing service ComponentInfo{com.google.android.music/com.google.android.music.dial.DialMediaRouteProviderService} from pid=28056, uid=10070 that is not exported from uid 10111
10-30 17:03:05.149: I/InputReader(1159): Reconfiguring input devices.  changes=0x00000010
10-30 17:03:05.164: D/RegisteredNfcFServicesCache(2264): Service unchanged, not updating
10-30 17:03:05.165: D/CarrierSvcBindHelper(1687): No carrier app for: 0
10-30 17:03:05.202: I/Telecom(1159): DefaultDialerCache: Refreshing default dialer for user 0: now com.google.android.dialer: DDC.oR@AIE
10-30 17:03:05.210: I/ActivityManager(1159): Start proc 29001:com.android.printspooler/u0a95 for service com.android.printspooler/.model.PrintSpoolerService
10-30 17:03:05.219: I/Icing(28226): IndexChimeraService.getServiceInterface callingPackage=com.google.android.gms componentName=AppsCorpus serviceId=32
10-30 17:03:05.221: I/Icing(28226): IndexChimeraService.getServiceInterface callingPackage=com.google.android.gms componentName=AppsCorpus serviceId=36
10-30 17:03:05.240: W/Icing(28226): No valid account for uploading user actions: advr: Not signed in
10-30 17:03:05.242: I/zygote64(28226): Deoptimizing void bwue.a(java.lang.Object, java.lang.Object, long) due to JIT inline cache
10-30 17:03:05.275: E/native(28226): document-store.cc:1196 Failed to update per-doc-data with usage report
10-30 17:03:05.276: I/zygote64(28226): Do partial code cache collection, code=250KB, data=136KB
10-30 17:03:05.276: I/Icing(28226): Usage reports ok 0, Failed Usage reports 1, indexed 0, rejected 0
10-30 17:03:05.276: I/zygote64(28226): After code cache collection, code=243KB, data=132KB
10-30 17:03:05.276: I/zygote64(28226): Increasing code cache capacity to 1024KB
10-30 17:03:05.279: W/Icing(28226): No valid account for uploading user actions: advr: Not signed in
10-30 17:03:05.291: I/Icing(28226): Usage reports ok 0, Failed Usage reports 0, indexed 0, rejected 0
10-30 17:03:05.653: I/ViewInteraction(28810): Performing 'close keyboard' action on view is a root view.
10-30 17:03:05.964: I/ViewInteraction(28810): Performing 'single click' action on view with id: com.example.concurrencyeval:id/mm_run_button
10-30 17:03:06.309: I/ViewInteraction(28810): Performing 'single click' action on view with id: com.example.concurrencyeval:id/mm_run_button
10-30 17:03:06.312: I/Icing(28226): Indexing com.google.android.gms-apps from com.google.android.gms
10-30 17:03:06.360: I/Icing(28226): Indexing done com.google.android.gms-apps
10-30 17:03:06.362: I/Icing(28226): Indexing com.google.android.gms-internal.3p:MobileApplication from com.google.android.gms
10-30 17:03:06.448: I/Icing(28226): Indexing done com.google.android.gms-internal.3p:MobileApplication
10-30 17:03:06.451: I/zygote64(1481): Deoptimizing int jf.a(java.lang.Object) due to JIT inline cache
10-30 17:03:06.455: E/IcingDataProcessor(1481): getCorpusHandlesRegisteredForIME call failed: Status{statusCode=API Disabled, resolution=null}
10-30 17:03:06.622: I/ViewInteraction(28810): Performing 'single click' action on view with id: com.example.concurrencyeval:id/mm_run_button
10-30 17:03:06.934: I/ViewInteraction(28810): Performing 'single click' action on view with id: com.example.concurrencyeval:id/mm_run_button
10-30 17:03:07.051: I/zygote64(28810): Compiler allocated 6MB to compile void android.view.ViewRootImpl.performTraversals()
10-30 17:03:07.299: I/ViewInteraction(28810): Performing 'single click' action on view with id: com.example.concurrencyeval:id/mm_run_button
10-30 17:03:07.372: I/ActivityManager(1159): Killing 27628:com.android.carrierdefaultapp/u0a109 (adj 906): empty #17
