10-30 17:03:07.372: W/zygote64(1159): kill(-27628, 9) failed: No such process
10-30 17:03:07.387: W/zygote64(1159): kill(-27628, 9) failed: No such process
10-30 17:03:07.387: I/zygote64(1159): Successfully killed process cgroup uid 10109 pid 27628 in 15ms
10-30 17:03:07.429: I/zygote64(28810): Do full code cache collection, code=249KB, data=176KB
10-30 17:03:07.429: I/zygote64(28810): After code cache collection, code=243KB, data=149KB
10-30 17:03:07.505: W/NamedFutures(2210): Timeout future task has been cancelled: 10000 milliseconds
10-30 17:03:07.508: E/SearchServiceStarter(2210): Task 174 failed or timed out. Client 9721255253614362 disconnecting from SearchService!
10-30 17:03:07.508: E/SearchServiceStarter(2210): java.util.concurrent.CancellationException: Task was cancelled.
10-30 17:03:07.508: E/SearchServiceStarter(2210): 	at com.google.common.util.concurrent.d.cp(SourceFile:75)
10-30 17:03:07.508: E/SearchServiceStarter(2210): 	at com.google.common.util.concurrent.d.get(SourceFile:57)
10-30 17:03:07.508: E/SearchServiceStarter(2210): 	at com.google.common.util.concurrent.cj.n(SourceFile:2)
10-30 17:03:07.508: E/SearchServiceStarter(2210): 	at com.google.common.util.concurrent.ay.l(SourceFile:50)
10-30 17:03:07.508: E/SearchServiceStarter(2210): 	at com.google.common.util.concurrent.ba.run(SourceFile:5)
10-30 17:03:07.508: E/SearchServiceStarter(2210): 	at com.google.android.apps.gsa.shared.util.concurrent.a.bc.run(SourceFile:2)
10-30 17:03:07.508: E/SearchServiceStarter(2210): 	at android.os.Handler.handleCallback(Handler.java:789)
10-30 17:03:07.508: E/SearchServiceStarter(2210): 	at android.os.Handler.dispatchMessage(Handler.java:98)
10-30 17:03:07.508: E/SearchServiceStarter(2210): 	at android.os.Looper.loop(Looper.java:164)
10-30 17:03:07.508: E/SearchServiceStarter(2210): 	at android.app.ActivityThread.main(ActivityThread.java:6600)
10-30 17:03:07.508: E/SearchServiceStarter(2210): 	at java.lang.reflect.Method.invoke(Native Method)
10-30 17:03:07.508: E/SearchServiceStarter(2210): 	at com.android.internal.os.Zygote$MethodAndArgsCaller.run(Zygote.java:240)
10-30 17:03:07.508: E/SearchServiceStarter(2210): 	at com.android.internal.os.ZygoteInit.main(ZygoteInit.java:772)
10-30 17:03:07.509: W/SearchService(2210): Abort, client detached.
10-30 17:03:07.509: W/SearchService(2210): Abort, client detached.
10-30 17:03:07.519: E/DownloadManagerWrapper(2210): Can't find downloadId=13
10-30 17:03:07.548: W/BroadcastQueue(1159): Background execution not allowed: receiving Intent { act=android.intent.action.PACKAGE_ADDED dat=package:com.example.concurrencyeval.test flg=0x4000010 (has extras) } to com.android.musicfx/.Compatibility$Receiver
10-30 17:03:07.554: W/Finsky(28256): [2] com.google.android.finsky.application.FinskyAppImpl.bx(1166): No account configured on this device.
10-30 17:03:07.562: W/BroadcastQueue(1159): Background execution not allowed: receiving Intent { act=android.intent.action.PACKAGE_ADDED dat=package:com.example.concurrencyeval.test flg=0x4000010 (has extras) } to com.google.android.gms/.games.chimera.GamesSystemBroadcastReceiverProxy
10-30 17:03:07.563: W/BroadcastQueue(1159): Background execution not allowed: receiving Intent { act=android.intent.action.PACKAGE_ADDED dat=package:com.example.concurrencyeval.test flg=0x4000010 (has extras) } to com.google.android.gms/.gass.chimera.PackageChangeBroadcastReceiver
10-30 17:03:07.564: W/BroadcastQueue(1159): Background execution not allowed: receiving Intent { act=android.intent.action.PACKAGE_ADDED dat=package:com.example.concurrencyeval.test flg=0x4000010 (has extras) } to com.google.android.gms/.chimera.GmsIntentOperationService$PersistentTrustedReceiver
10-30 17:03:07.564: W/BroadcastQueue(1159): Background execution not allowed: receiving Intent { act=android.intent.action.PACKAGE_ADDED dat=package:com.example.concurrencyeval.test flg=0x4000010 (has extras) } to com.google.android.googlequicksearchbox/com.google.android.apps.gsa.googlequicksearchbox.GelStubAppWatcher
10-30 17:03:07.555: W/Finsky(28256): [2] com.google.android.finsky.application.FinskyAppImpl.bx(1166): No account configured on this device.
10-30 17:03:07.566: W/WearSignatureVerifier(28256): No package com.google.android.wearable.app.cn
10-30 17:03:07.568: I/Finsky(28256): [2] com.google.android.finsky.utils.PermissionPolicies$PermissionPolicyService.onStartCommand(18): post-install permissions check for com.example.concurrencyeval.test
10-30 17:03:07.568: W/WearSignatureVerifier(28256): No package com.google.android.wearable.app.cn
10-30 17:03:07.568: I/chatty(28256): uid=10012(com.android.vending) GAC_Executor[0] identical 1 line
10-30 17:03:07.568: W/WearSignatureVerifier(28256): No package com.google.android.wearable.app.cn
10-30 17:03:07.570: W/Finsky(28256): [2] com.google.android.finsky.application.FinskyAppImpl.bx(1166): No account configured on this device.
10-30 17:03:07.573: W/Finsky(28256): [2] com.google.android.finsky.application.FinskyAppImpl.bx(1166): No account configured on this device.
10-30 17:03:07.576: I/Finsky(28256): [2] com.google.android.finsky.externalreferrer.d.run(9): Package state data is missing for com.example.concurrencyeval.test
10-30 17:03:07.579: W/Finsky(28256): [2] com.google.android.finsky.application.FinskyAppImpl.bx(1166): No account configured on this device.
10-30 17:03:07.582: V/MVS_VZWAVSService(7888): android.intent.action.PACKAGE_ADDED
10-30 17:03:07.584: I/Wear_Controller(28220): Wear requires a companion app to be installed.
10-30 17:03:07.584: I/WearableService(28220): onCreate: Wearable Services not starting. Wear is not available on this device.
10-30 17:03:07.589: W/WearableService(28220): onGetService: Wear is not available on this device.
10-30 17:03:07.590: W/WearSignatureVerifier(28256): No package com.google.android.wearable.app.cn
10-30 17:03:07.591: E/Finsky(28256): [2] com.google.android.finsky.wear.bl.a(3): onConnectionFailed: ConnectionResult{statusCode=API_UNAVAILABLE, resolution=null, message=null}
10-30 17:03:07.591: W/Finsky(28256): [2] com.google.android.finsky.wear.aj.run(9): Dropping command=auto_install due to Gms not connected
10-30 17:03:07.592: W/Finsky(28256): [2] com.google.android.finsky.wear.aj.run(9): Dropping command=send_installed_apps due to Gms not connected
10-30 17:03:07.603: W/BroadcastQueue(1159): Background execution not allowed: receiving Intent { act=com.google.android.location.internal.server.ACTION_RESTARTED flg=0x10 } to com.google.android.gms/.chimera.GmsIntentOperationService$PersistentInternalReceiver
10-30 17:03:07.619: I/ViewInteraction(28810): Performing 'single click' action on view with id: com.example.concurrencyeval:id/mm_run_button
10-30 17:03:07.720: W/ActivityManager(1159): Unable to start service Intent { act=com.google.firebase.MESSAGING_EVENT pkg=com.example.concurrencyeval } U=0: not found
10-30 17:03:07.720: E/EnhancedIntentService(28810): binding to the service failed
10-30 17:03:07.775: V/DownloadManager(27861): Deleting /data/data/com.android.providers.downloads/cache/main_pt_br_d3_20170427.dict via provider delete
10-30 17:03:07.875: I/zygote64(1481): Deoptimizing java.lang.String auw.d(android.content.Context) due to JIT inline cache
10-30 17:03:07.917: I/ViewInteraction(28810): Performing 'single click' action on view with id: com.example.concurrencyeval:id/mm_run_button
10-30 17:03:08.216: I/chatty(28810): uid=10136(com.example.concurrencyeval) identical 1 line
10-30 17:03:08.527: I/ViewInteraction(28810): Performing 'single click' action on view with id: com.example.concurrencyeval:id/mm_run_button
10-30 17:03:08.729: V/DownloadManager(27861): Deleting /data/data/com.android.providers.downloads/cache/pt_br.zip via provider delete
10-30 17:03:08.884: I/ViewInteraction(28810): Performing 'single click' action on view with id: com.example.concurrencyeval:id/mm_run_button
10-30 17:03:08.930: I/zygote64(28860): Waiting for a blocking GC ProfileSaver
10-30 17:03:09.199: I/ViewInteraction(28810): Performing 'single click' action on view with id: com.example.concurrencyeval:id/mm_run_button
10-30 17:03:09.244: I/zygote64(28810): Do partial code cache collection, code=250KB, data=165KB
10-30 17:03:09.245: I/zygote64(28810): After code cache collection, code=250KB, data=165KB
10-30 17:03:09.245: I/zygote64(28810): Increasing code cache capacity to 1024KB
10-30 17:03:09.504: I/ViewInteraction(28810): Performing 'replace text()' action on view with id: com.example.concurrencyeval:id/mm_et_tasks
10-30 17:03:09.546: I/ViewInteraction(28810): Performing 'type text(2)' action on view with id: com.example.concurrencyeval:id/mm_et_tasks
10-30 17:03:09.606: W/InputConnectionWrapper(1481): Fixing selection indices to 0, 0
10-30 17:03:09.814: D/UiControllerImpl(28810): Injecting string: "2"
10-30 17:03:09.842: I/ViewInteraction(28810): Performing 'single click' action on view with id: com.example.concurrencyeval:id/mm_et_tasks
10-30 17:03:10.148: I/ViewInteraction(28810): Performing 'close keyboard' action on view is a root view.
10-30 17:03:10.256: I/ActivityManager(1159): Killing 27655:com.android.cellbroadcastreceiver/u0a50 (adj 906): empty #17
10-30 17:03:10.257: W/zygote64(1159): kill(-27655, 9) failed: No such process
10-30 17:03:10.277: W/zygote64(1159): kill(-27655, 9) failed: No such process
10-30 17:03:10.277: I/zygote64(1159): Successfully killed process cgroup uid 10050 pid 27655 in 20ms
10-30 17:03:10.457: I/ViewInteraction(28810): Performing 'single click' action on view with id: com.example.concurrencyeval:id/mm_run_button
10-30 17:03:11.099: I/chatty(28810): uid=10136(com.example.concurrencyeval) identical 2 lines
10-30 17:03:11.412: I/ViewInteraction(28810): Performing 'single click' action on view with id: com.example.concurrencyeval:id/mm_run_button
10-30 17:03:11.661: I/VSC(792): @ 16141.314: [VSC] Request sensor 131074, sample_duration 0 ms, report_duration 0 ms
10-30 17:03:11.661: I/VSC(792): @ 16141.314: [VSC] Stopping sensor events for sensor 65537
10-30 17:03:11.670: I/ASH(792): @ 16141.324: sns_dd_reset: TMG4903 no reporters => ams_deviceInit
10-30 17:03:11.679: I/ASH(792): @ 16141.333: ccb_proximityInit: PROX initialized w/initData
10-30 17:03:11.680: I/ASH(792): @ 16141.334: ccb_alsInit: ALS initialized w/initData
10-30 17:03:11.714: I/ViewInteraction(28810): Performing 'single click' action on view with id: com.example.concurrencyeval:id/mm_run_button
10-30 17:03:12.223: W/WindowManager(1159): removeWindowToken: Attempted to remove non-existing token: android.os.Binder@5bfa90
10-30 17:03:12.020: I/chatty(28810): uid=10136(com.example.concurrencyeval) identical 1 line
10-30 17:03:12.348: I/ViewInteraction(28810): Performing 'single click' action on view with id: com.example.concurrencyeval:id/mm_run_button
10-30 17:03:12.515: W/SearchService(2210): Abort, client detached.
10-30 17:03:12.644: I/ViewInteraction(28810): Performing 'single click' action on view with id: com.example.concurrencyeval:id/mm_run_button
10-30 17:03:13.306: I/chatty(28810): uid=10136(com.example.concurrencyeval) identical 2 lines
10-30 17:03:13.618: I/ViewInteraction(28810): Performing 'single click' action on view with id: com.example.concurrencyeval:id/mm_run_button
10-30 17:03:13.928: I/ViewInteraction(28810): Performing 'replace text()' action on view with id: com.example.concurrencyeval:id/mm_et_tasks
10-30 17:03:13.950: I/ViewInteraction(28810): Performing 'type text(8)' action on view with id: com.example.concurrencyeval:id/mm_et_tasks
10-30 17:03:14.012: W/InputConnectionWrapper(1481): Fixing selection indices to 0, 0
10-30 17:03:14.228: D/UiControllerImpl(28810): Injecting string: "8"
10-30 17:03:14.259: I/ViewInteraction(28810): Performing 'single click' action on view with id: com.example.concurrencyeval:id/mm_et_tasks
10-30 17:03:14.565: I/ViewInteraction(28810): Performing 'close keyboard' action on view is a root view.
10-30 17:03:14.894: I/ViewInteraction(28810): Performing 'single click' action on view with id: com.example.concurrencyeval:id/mm_run_button
10-30 17:03:15.117: I/ActivityManager(1159): Killing 27684:com.android.sdm.plugins.sprintdm/1001 (adj 906): empty #17
10-30 17:03:15.118: W/zygote64(1159): kill(-27684, 9) failed: No such process
10-30 17:03:15.142: I/chatty(1159): uid=1000(system) ActivityManager identical 2 lines
10-30 17:03:15.192: W/zygote64(1159): kill(-27684, 9) failed: No such process
10-30 17:03:15.192: I/zygote64(1159): Successfully killed process cgroup uid 1001 pid 27684 in 73ms
10-30 17:03:15.252: I/ViewInteraction(28810): Performing 'single click' action on view with id: com.example.concurrencyeval:id/mm_run_button
10-30 17:03:17.446: I/chatty(28810): uid=10136(com.example.concurrencyeval) identical 7 lines
10-30 17:03:17.798: I/ViewInteraction(28810): Performing 'single click' action on view with id: com.example.concurrencyeval:id/mm_run_button
10-30 17:03:18.086: I/CHRE(792): @ 16147.738: [AR_CHRE] detected still, confidence: 100, motionConfidence: 0
10-30 17:03:18.112: I/ViewInteraction(28810): Performing 'single click' action on view with id: com.example.concurrencyeval:id/mm_run_button
10-30 17:03:18.424: I/ViewInteraction(28810): Performing 'replace text()' action on view with id: com.example.concurrencyeval:id/mm_et_tasks
10-30 17:03:18.445: I/ViewInteraction(28810): Performing 'type text(64)' action on view with id: com.example.concurrencyeval:id/mm_et_tasks
10-30 17:03:18.446: I/zygote64(28810): Do full code cache collection, code=502KB, data=342KB
10-30 17:03:18.447: I/zygote64(28810): After code cache collection, code=498KB, data=299KB
10-30 17:03:18.508: W/InputConnectionWrapper(1481): Fixing selection indices to 0, 0
10-30 17:03:18.724: D/UiControllerImpl(28810): Injecting string: "64"
10-30 17:03:18.769: I/ViewInteraction(28810): Performing 'single click' action on view with id: com.example.concurrencyeval:id/mm_et_tasks
10-30 17:03:19.076: I/ViewInteraction(28810): Performing 'close keyboard' action on view is a root view.
10-30 17:03:19.388: I/ViewInteraction(28810): Performing 'single click' action on view with id: com.example.concurrencyeval:id/mm_run_button
10-30 17:03:19.442: I/zygote64(28810): Do partial code cache collection, code=501KB, data=314KB
10-30 17:03:19.443: I/zygote64(28810): After code cache collection, code=501KB, data=314KB
10-30 17:03:19.443: I/zygote64(28810): Increasing code cache capacity to 2MB
10-30 17:03:19.691: I/ViewInteraction(28810): Performing 'single click' action on view with id: com.example.concurrencyeval:id/mm_run_button
10-30 17:03:20.956: I/chatty(28810): uid=10136(com.example.concurrencyeval) identical 4 lines
10-30 17:03:21.256: I/ViewInteraction(28810): Performing 'single click' action on view with id: com.example.concurrencyeval:id/mm_run_button
10-30 17:03:21.294: I/CHRE(792): @ 16150.948: [AR_CHRE] detected still, confidence: 100, motionConfidence: 0
10-30 17:03:21.562: I/ViewInteraction(28810): Performing 'single click' action on view with id: com.example.concurrencyeval:id/mm_run_button
10-30 17:03:22.189: I/chatty(28810): uid=10136(com.example.concurrencyeval) identical 2 lines
10-30 17:03:22.538: I/ViewInteraction(28810): Performing 'single click' action on view with id: com.example.concurrencyeval:id/mm_run_button
10-30 17:03:22.860: I/ViewInteraction(28810): Performing 'replace text()' action on view with id: com.example.concurrencyeval:id/mm_et_size
10-30 17:03:22.885: I/ViewInteraction(28810): Performing 'type text(256)' action on view with id: com.example.concurrencyeval:id/mm_et_size
10-30 17:03:22.948: W/InputConnectionWrapper(1481): Fixing selection indices to 0, 0
10-30 17:03:23.160: D/UiControllerImpl(28810): Injecting string: "256"
10-30 17:03:23.246: I/ViewInteraction(28810): Performing 'single click' action on view with id: com.example.concurrencyeval:id/mm_et_size
10-30 17:03:23.591: I/ViewInteraction(28810): Performing 'replace text()' action on view with id: com.example.concurrencyeval:id/mm_et_tasks
10-30 17:03:23.613: I/ViewInteraction(28810): Performing 'type text(1)' action on view with id: com.example.concurrencyeval:id/mm_et_tasks
10-30 17:03:23.683: W/InputConnectionWrapper(1481): Fixing selection indices to 0, 0
10-30 17:03:23.893: D/UiControllerImpl(28810): Injecting string: "1"
10-30 17:03:23.930: I/ViewInteraction(28810): Performing 'single click' action on view with id: com.example.concurrencyeval:id/mm_et_tasks
10-30 17:03:24.241: I/ViewInteraction(28810): Performing 'close keyboard' action on view is a root view.
10-30 17:03:24.244: I/ActivityManager(1159): Killing 27717:com.android.vending:instant_app_installer/u0a12 (adj 906): empty #17
10-30 17:03:24.244: W/zygote64(1159): kill(-27717, 9) failed: No such process
10-30 17:03:24.253: I/chatty(1159): uid=1000(system) ActivityManager identical 1 line
10-30 17:03:24.299: W/zygote64(1159): kill(-27717, 9) failed: No such process
10-30 17:03:24.299: I/zygote64(1159): Successfully killed process cgroup uid 10012 pid 27717 in 54ms
10-30 17:03:24.505: I/CHRE(792): @ 16154.159: [AR_CHRE] detected still, confidence: 100, motionConfidence: 0
10-30 17:03:24.564: I/ViewInteraction(28810): Performing 'single click' action on view with id: com.example.concurrencyeval:id/mm_run_button
10-30 17:03:26.491: I/chatty(28810): uid=10136(com.example.concurrencyeval) identical 5 lines
10-30 17:03:26.868: I/ViewInteraction(28810): Performing 'single click' action on view with id: com.example.concurrencyeval:id/mm_run_button
10-30 17:03:26.914: E/QtiImsExtUtils(1687): getConfigForPhoneId phoneId is invalid
10-30 17:03:26.914: E/QtiImsExtUtils(1687): isCarrierConfigEnabled bundle is null
10-30 17:03:27.252: I/ViewInteraction(28810): Performing 'single click' action on view with id: com.example.concurrencyeval:id/mm_run_button
10-30 17:03:27.619: I/ViewInteraction(28810): Performing 'single click' action on view with id: com.example.concurrencyeval:id/mm_run_button
10-30 17:03:27.715: I/CHRE(792): @ 16157.369: [AR_CHRE] detected still, confidence: 100, motionConfidence: 0
10-30 17:03:28.001: I/ViewInteraction(28810): Performing 'single click' action on view with id: com.example.concurrencyeval:id/mm_run_button
10-30 17:03:28.382: I/ViewInteraction(28810): Performing 'single click' action on view with id: com.example.concurrencyeval:id/mm_run_button
10-30 17:03:28.683: W/Finsky(28256): [621] com.google.android.finsky.application.FinskyAppImpl.bx(1166): No account configured on this device.
10-30 17:03:28.765: I/Finsky(28256): [621] com.google.android.finsky.h.c.a(22): Completed 0 account content syncs with 0 successful.
10-30 17:03:28.765: I/Finsky(28256): [2] com.google.android.finsky.services.e.a(5): Installation state replication succeeded.
10-30 17:03:28.784: I/ViewInteraction(28810): Performing 'replace text()' action on view with id: com.example.concurrencyeval:id/mm_et_tasks
10-30 17:03:28.809: I/ViewInteraction(28810): Performing 'type text(2)' action on view with id: com.example.concurrencyeval:id/mm_et_tasks
10-30 17:03:28.871: W/InputConnectionWrapper(1481): Fixing selection indices to 0, 0
10-30 17:03:29.082: D/UiControllerImpl(28810): Injecting string: "2"
10-30 17:03:29.106: I/ViewInteraction(28810): Performing 'single click' action on view with id: com.example.concurrencyeval:id/mm_et_tasks
10-30 17:03:29.431: I/ViewInteraction(28810): Performing 'close keyboard' action on view is a root view.
10-30 17:03:29.752: I/ViewInteraction(28810): Performing 'single click' action on view with id: com.example.concurrencyeval:id/mm_run_button
10-30 17:03:30.165: I/chatty(28810): uid=10136(com.example.concurrencyeval) identical 1 line
10-30 17:03:30.535: I/ViewInteraction(28810): Performing 'single click' action on view with id: com.example.concurrencyeval:id/mm_run_button
10-30 17:03:30.926: I/CHRE(792): @ 16160.579: [AR_CHRE] detected still, confidence: 100, motionConfidence: 0
10-30 17:03:30.933: I/ViewInteraction(28810): Performing 'single click' action on view with id: com.example.concurrencyeval:id/mm_run_button
10-30 17:03:33.219: I/chatty(28810): uid=10136(com.example.concurrencyeval) identical 6 lines
10-30 17:03:33.595: I/ViewInteraction(28810): Performing 'single click' action on view with id: com.example.concurrencyeval:id/mm_run_button
10-30 17:03:33.965: I/ViewInteraction(28810): Performing 'replace text()' action on view with id: com.example.concurrencyeval:id/mm_et_tasks
10-30 17:03:34.010: I/ViewInteraction(28810): Performing 'type text(8)' action on view with id: com.example.concurrencyeval:id/mm_et_tasks
10-30 17:03:34.070: W/InputConnectionWrapper(1481): Fixing selection indices to 0, 0
10-30 17:03:34.136: I/CHRE(792): @ 16163.790: [AR_CHRE] detected still, confidence: 100, motionConfidence: 0
10-30 17:03:34.279: D/UiControllerImpl(28810): Injecting string: "8"
10-30 17:03:34.305: I/ViewInteraction(28810): Performing 'single click' action on view with id: com.example.concurrencyeval:id/mm_et_tasks
10-30 17:03:34.614: I/ViewInteraction(28810): Performing 'close keyboard' action on view is a root view.
10-30 17:03:34.944: I/ViewInteraction(28810): Performing 'single click' action on view with id: com.example.concurrencyeval:id/mm_run_button
10-30 17:03:36.870: I/chatty(28810): uid=10136(com.example.concurrencyeval) identical 5 lines
10-30 17:03:37.242: I/ViewInteraction(28810): Performing 'single click' action on view with id: com.example.concurrencyeval:id/mm_run_button
10-30 17:03:37.347: I/CHRE(792): @ 16167.001: [AR_CHRE] detected still, confidence: 100, motionConfidence: 0
10-30 17:03:37.612: I/ViewInteraction(28810): Performing 'single click' action on view with id: com.example.concurrencyeval:id/mm_run_button
10-30 17:03:38.393: I/chatty(28810): uid=10136(com.example.concurrencyeval) identical 2 lines
10-30 17:03:38.762: I/ViewInteraction(28810): Performing 'single click' action on view with id: com.example.concurrencyeval:id/mm_run_button
10-30 17:03:39.157: I/ViewInteraction(28810): Performing 'replace text()' action on view with id: com.example.concurrencyeval:id/mm_et_tasks
10-30 17:03:39.178: I/ViewInteraction(28810): Performing 'type text(64)' action on view with id: com.example.concurrencyeval:id/mm_et_tasks
10-30 17:03:39.242: W/InputConnectionWrapper(1481): Fixing selection indices to 0, 0
10-30 17:03:39.457: D/UiControllerImpl(28810): Injecting string: "64"
10-30 17:03:39.499: I/ViewInteraction(28810): Performing 'single click' action on view with id: com.example.concurrencyeval:id/mm_et_tasks
10-30 17:03:39.809: I/ViewInteraction(28810): Performing 'close keyboard' action on view is a root view.
10-30 17:03:40.123: I/ViewInteraction(28810): Performing 'single click' action on view with id: com.example.concurrencyeval:id/mm_run_button
10-30 17:03:40.519: I/ViewInteraction(28810): Performing 'single click' action on view with id: com.example.concurrencyeval:id/mm_run_button
10-30 17:03:40.557: I/CHRE(792): @ 16170.211: [AR_CHRE] detected still, confidence: 100, motionConfidence: 0
10-30 17:03:40.906: I/ViewInteraction(28810): Performing 'single click' action on view with id: com.example.concurrencyeval:id/mm_run_button
10-30 17:03:41.675: I/chatty(28810): uid=10136(com.example.concurrencyeval) identical 2 lines
10-30 17:03:42.082: I/ViewInteraction(28810): Performing 'single click' action on view with id: com.example.concurrencyeval:id/mm_run_button
10-30 17:03:42.085: W/zygote64(28220): Couldn't lock the profile file /data/misc/profiles/cur/0/com.google.android.gms/primary.prof: Failed to lock file '/data/misc/profiles/cur/0/com.google.android.gms/primary.prof': Try again
10-30 17:03:42.085: W/zygote64(28220): Could not forcefully load profile /data/misc/profiles/cur/0/com.google.android.gms/primary.prof
10-30 17:03:42.455: I/ViewInteraction(28810): Performing 'single click' action on view with id: com.example.concurrencyeval:id/mm_run_button
10-30 17:03:43.204: I/chatty(28810): uid=10136(com.example.concurrencyeval) identical 2 lines
10-30 17:03:43.571: I/ViewInteraction(28810): Performing 'single click' action on view with id: com.example.concurrencyeval:id/mm_run_button
10-30 17:03:43.768: I/CHRE(792): @ 16173.422: [AR_CHRE] detected still, confidence: 100, motionConfidence: 0
10-30 17:03:43.938: I/ViewInteraction(28810): Performing 'single click' action on view with id: com.example.concurrencyeval:id/mm_run_button
10-30 17:03:44.329: I/ViewInteraction(28810): Performing 'replace text()' action on view with id: com.example.concurrencyeval:id/mm_et_size
10-30 17:03:44.348: I/ViewInteraction(28810): Performing 'type text(512)' action on view with id: com.example.concurrencyeval:id/mm_et_size
10-30 17:03:44.412: W/InputConnectionWrapper(1481): Fixing selection indices to 0, 0
10-30 17:03:44.620: D/UiControllerImpl(28810): Injecting string: "512"
10-30 17:03:44.675: I/ViewInteraction(28810): Performing 'single click' action on view with id: com.example.concurrencyeval:id/mm_et_size
10-30 17:03:45.005: I/ViewInteraction(28810): Performing 'replace text()' action on view with id: com.example.concurrencyeval:id/mm_et_tasks
10-30 17:03:45.026: I/ViewInteraction(28810): Performing 'type text(1)' action on view with id: com.example.concurrencyeval:id/mm_et_tasks
10-30 17:03:45.102: W/InputConnectionWrapper(1481): Fixing selection indices to 0, 0
10-30 17:03:45.306: D/UiControllerImpl(28810): Injecting string: "1"
10-30 17:03:45.347: I/ViewInteraction(28810): Performing 'single click' action on view with id: com.example.concurrencyeval:id/mm_et_tasks
10-30 17:03:45.655: I/ViewInteraction(28810): Performing 'close keyboard' action on view is a root view.
10-30 17:03:45.971: I/ViewInteraction(28810): Performing 'single click' action on view with id: com.example.concurrencyeval:id/mm_run_button
10-30 17:03:46.700: W/NetworkScheduler.TED(28220): Enforcing binder timeout for ComponentInfo{com.google.android.apps.photos/com.google.android.libraries.social.notifications.scheduled.GunsScheduledTaskService}
10-30 17:03:46.701: E/NetworkScheduler.TED(28220): Dropping task as app's play services SDK version does not support Android O. Either update the SDK or lower your app's target SDK version. Canceling all tasks for the service: ComponentInfo{com.google.android.apps.photos/com.google.android.libraries.social.notifications.scheduled.GunsScheduledTaskService}
10-30 17:03:46.719: E/NetworkScheduler.ATC(28220): Called cancelTask for already completed task com.google.android.apps.photos/com.google.android.libraries.social.notifications.scheduled.GunsScheduledTaskService{u=0 tag="scheduled_sync_reg_status" trigger=window{start=0s,end=30s,earliest=-52s,latest=-22s} requirements=[NET_CONNECTED] attributes=[PERSISTED] scheduled=-52s last_run=-18s jid=N/A status=PENDING retries=0 client_lib=MANCHEGO_GCM-10400000} :CANCEL_REQUEST
10-30 17:03:46.719: E/NetworkScheduler.Stats(28220): Unknown result code received: 4
10-30 17:03:46.725: I/ActivityManager(1159): Killing 27752:com.google.android.apps.docs/u0a116 (adj 906): empty #17
10-30 17:03:46.725: W/zygote64(1159): kill(-27752, 9) failed: No such process
10-30 17:03:46.756: W/zygote64(1159): kill(-27752, 9) failed: No such process
10-30 17:03:46.756: I/zygote64(1159): Successfully killed process cgroup uid 10116 pid 27752 in 30ms
10-30 17:03:46.978: I/CHRE(792): @ 16176.632: [AR_CHRE] detected still, confidence: 100, motionConfidence: 0
10-30 17:03:49.053: I/ViewInteraction(28810): Performing 'single click' action on view with id: com.example.concurrencyeval:id/mm_run_button
10-30 17:03:50.190: I/CHRE(792): @ 16179.843: [AR_CHRE] detected still, confidence: 100, motionConfidence: 0
10-30 17:03:50.668: I/zygote64(1481): Deoptimizing int jf.a(java.lang.Object) due to JIT inline cache
10-30 17:03:50.719: W/DelightMetadataUpdater(1481): flagUpdated() : delight_metadata_uri, delight_latest_metadata_version (2131755123, 2131689498)
10-30 17:03:50.738: I/zygote64(28220): Deoptimizing void vt.a(int) due to JIT inline cache
10-30 17:03:51.899: I/ViewInteraction(28810): Performing 'single click' action on view with id: com.example.concurrencyeval:id/mm_run_button
10-30 17:03:53.391: I/CHRE(792): @ 16183.046: [AR_CHRE] detected still, confidence: 100, motionConfidence: 0
10-30 17:03:54.963: I/ViewInteraction(28810): Performing 'single click' action on view with id: com.example.concurrencyeval:id/mm_run_button
10-30 17:03:56.605: I/CHRE(792): @ 16186.258: [AR_CHRE] detected still, confidence: 100, motionConfidence: 0
10-30 17:03:58.010: I/ViewInteraction(28810): Performing 'single click' action on view with id: com.example.concurrencyeval:id/mm_run_button
10-30 17:03:59.814: I/CHRE(792): @ 16189.468: [AR_CHRE] detected still, confidence: 100, motionConfidence: 0
10-30 17:04:01.142: I/ViewInteraction(28810): Performing 'single click' action on view with id: com.example.concurrencyeval:id/mm_run_button
10-30 17:04:03.024: I/CHRE(792): @ 16192.678: [AR_CHRE] detected still, confidence: 100, motionConfidence: 0
10-30 17:04:03.980: W/ActivityManager(1159): Stopping service due to app idle: u0a123 -1m9s206ms com.google.android.apps.mtaas.backdrop/.NetworkMonitoringService
10-30 17:04:03.981: I/FTLNetworkMonitor(27893): NetworkMonitoringService was killed
10-30 17:04:04.188: I/ViewInteraction(28810): Performing 'single click' action on view with id: com.example.concurrencyeval:id/mm_run_button
10-30 17:04:06.235: I/CHRE(792): @ 16195.889: [AR_CHRE] detected still, confidence: 100, motionConfidence: 0
10-30 17:04:07.269: I/ViewInteraction(28810): Performing 'single click' action on view with id: com.example.concurrencyeval:id/mm_run_button
10-30 17:04:09.446: I/CHRE(792): @ 16199.100: [AR_CHRE] detected still, confidence: 100, motionConfidence: 0
10-30 17:04:10.333: I/ViewInteraction(28810): Performing 'single click' action on view with id: com.example.concurrencyeval:id/mm_run_button
10-30 17:04:12.656: I/CHRE(792): @ 16202.310: [AR_CHRE] detected still, confidence: 100, motionConfidence: 0
10-30 17:04:13.380: I/ViewInteraction(28810): Performing 'single click' action on view with id: com.example.concurrencyeval:id/mm_run_button
10-30 17:04:15.866: I/CHRE(792): @ 16205.521: [AR_CHRE] detected still, confidence: 100, motionConfidence: 0
10-30 17:04:16.360: I/ViewInteraction(28810): Performing 'single click' action on view with id: com.example.concurrencyeval:id/mm_run_button
10-30 17:04:19.077: I/CHRE(792): @ 16208.731: [AR_CHRE] detected still, confidence: 100, motionConfidence: 0
10-30 17:04:19.426: I/ViewInteraction(28810): Performing 'replace text()' action on view with id: com.example.concurrencyeval:id/mm_et_tasks
10-30 17:04:19.442: I/ViewInteraction(28810): Performing 'type text(2)' action on view with id: com.example.concurrencyeval:id/mm_et_tasks
10-30 17:04:19.501: W/InputConnectionWrapper(1481): Fixing selection indices to 0, 0
10-30 17:04:19.706: D/UiControllerImpl(28810): Injecting string: "2"
10-30 17:04:19.729: I/ViewInteraction(28810): Performing 'single click' action on view with id: com.example.concurrencyeval:id/mm_et_tasks
10-30 17:04:20.026: I/ViewInteraction(28810): Performing 'close keyboard' action on view is a root view.
10-30 17:04:20.028: I/ActivityManager(1159): Killing 27823:com.google.android.apps.maps/u0a78 (adj 906): empty #17
10-30 17:04:20.028: W/zygote64(1159): kill(-27823, 9) failed: No such process
10-30 17:04:20.072: W/zygote64(1159): kill(-27823, 9) failed: No such process
10-30 17:04:20.072: I/zygote64(1159): Successfully killed process cgroup uid 10078 pid 27823 in 44ms
10-30 17:04:20.351: I/ViewInteraction(28810): Performing 'single click' action on view with id: com.example.concurrencyeval:id/mm_run_button
10-30 17:04:22.128: W/zygote64(28226): Couldn't lock the profile file /data/misc/profiles/cur/0/com.google.android.gms/primary.prof: Failed to lock file '/data/misc/profiles/cur/0/com.google.android.gms/primary.prof': Try again
10-30 17:04:22.128: W/zygote64(28226): Could not forcefully load profile /data/misc/profiles/cur/0/com.google.android.gms/primary.prof
10-30 17:04:22.141: I/ViewInteraction(28810): Performing 'single click' action on view with id: com.example.concurrencyeval:id/mm_run_button
10-30 17:04:22.288: I/CHRE(792): @ 16211.942: [AR_CHRE] detected still, confidence: 100, motionConfidence: 0
10-30 17:04:23.956: I/ViewInteraction(28810): Performing 'single click' action on view with id: com.example.concurrencyeval:id/mm_run_button
10-30 17:04:24.117: W/ProcessCpuTracker(1159): Skipping unknown process pid 3833
10-30 17:04:24.117: W/ProcessCpuTracker(1159): Skipping unknown process pid 3834
10-30 17:04:24.118: W/ProcessCpuTracker(1159): Skipping unknown process pid 3835
10-30 17:04:24.118: W/ProcessCpuTracker(1159): Skipping unknown process pid 3836
10-30 17:04:24.144: E/BatteryStatsService(1159): no controller energy info supplied
10-30 17:04:25.498: I/CHRE(792): @ 16215.152: [AR_CHRE] detected still, confidence: 100, motionConfidence: 0
10-30 17:04:25.727: I/ViewInteraction(28810): Performing 'single click' action on view with id: com.example.concurrencyeval:id/mm_run_button
10-30 17:04:26.913: E/QtiImsExtUtils(1687): getConfigForPhoneId phoneId is invalid
10-30 17:04:26.913: E/QtiImsExtUtils(1687): isCarrierConfigEnabled bundle is null
10-30 17:04:27.569: I/ViewInteraction(28810): Performing 'single click' action on view with id: com.example.concurrencyeval:id/mm_run_button
10-30 17:04:28.710: I/CHRE(792): @ 16218.363: [AR_CHRE] detected still, confidence: 100, motionConfidence: 0
10-30 17:04:29.385: I/ViewInteraction(28810): Performing 'single click' action on view with id: com.example.concurrencyeval:id/mm_run_button
10-30 17:04:29.855: I/Vision(28226): Supported ABIS: [arm64-v8a, armeabi-v7a, armeabi]
10-30 17:04:29.856: I/zygote64(28226): Deoptimizing bnhu bmxk.b(int) due to JIT inline cache
10-30 17:04:29.874: W/ProcessCpuTracker(1159): Skipping unknown process pid 4184
10-30 17:04:29.875: W/ProcessCpuTracker(1159): Skipping unknown process pid 4185
10-30 17:04:29.875: W/ProcessCpuTracker(1159): Skipping unknown process pid 4186
10-30 17:04:29.875: W/ProcessCpuTracker(1159): Skipping unknown process pid 4187
10-30 17:04:29.881: I/Vision(28226): Requesting optional module download of ocr.
10-30 17:04:29.889: I/Vision(28226): Checking for download completion for 16265993 -- ocr
10-30 17:04:29.969: I/ModuleSetUtils(28226): Assembling ModuleSetRecord for container:18385+vision.ocr: [zapp:/VisionOcr.optional/18385000400]
10-30 17:04:29.989: I/DynamiteModule(28226): Considering local module com.google.android.gms.cronet_dynamite:0 and remote module com.google.android.gms.cronet_dynamite:1211
10-30 17:04:29.989: I/DynamiteModule(28226): Selected remote version of com.google.android.gms.cronet_dynamite, version >= 1211
10-30 17:04:29.992: I/ChmraDebugLogger(28226): [71] Cronetdynamite
10-30 17:04:29.995: W/zygote64(28226): Skipping duplicate class check due to unrecognized classloader
10-30 17:04:30.013: I/ModuleSetMgr(28226): Computing pending module set with APKs: {file:///data/app/com.google.android.gms-LCiNKwl7SFtLPsmmkgWzqQ%3D%3D/base.apk}
10-30 17:04:30.060: I/ModuleSetUtils(28226): Assembling ModuleSetRecord for container:18385: []
10-30 17:04:30.063: I/cr_CronetLibraryLoader(28226): Cronet version: 74.0.3729.182, arch: aarch64
10-30 17:04:30.065: I/ModuleSetMgr(28226): Pending container Zapp APKs: []
10-30 17:04:30.065: I/ModuleSetMgr(28226): Pending non-container Zapp APKs: []
10-30 17:04:30.086: I/ModuleSetUtils(28226): Assembling ModuleSetRecord for container:18385+vision.ocr: [zapp:/VisionOcr.optional/18385000400]
10-30 17:04:30.100: I/GmsModuleFndr(28226): Beginning GMS chimera module scan
10-30 17:04:30.108: I/ModuleSetMgr(28226): Computing pending module set with APKs: {file:///data/app/com.google.android.gms-LCiNKwl7SFtLPsmmkgWzqQ%3D%3D/base.apk}
10-30 17:04:30.118: I/ModuleSetUtils(28226): Assembling ModuleSetRecord for ads_fdr:210015,container:18385+vision.ocr: [zapp:/VisionOcr.optional/18385000400, zapp:/AdsFdrDynamite.integ/21001000000]
10-30 17:04:30.149: I/ModuleSetUtils(28226): Assembling ModuleSetRecord for container:18385: []
10-30 17:04:30.154: I/ModuleSetMgr(28226): Pending container Zapp APKs: []
10-30 17:04:30.154: I/ModuleSetMgr(28226): Pending non-container Zapp APKs: []
10-30 17:04:30.229: I/zygote64(28226): Deoptimizing qsj qsw.a(qrt, qrt, java.util.Set) due to JIT inline cache
10-30 17:04:30.230: I/ModuleSetUtils(28226): Assembling ModuleSetRecord for ads_fdr:210015,container:18385+vision.ocr: [zapp:/VisionOcr.optional/18385000400, zapp:/AdsFdrDynamite.integ/21001000000]
10-30 17:04:31.216: I/ViewInteraction(28810): Performing 'single click' action on view with id: com.example.concurrencyeval:id/mm_run_button
10-30 17:04:31.920: I/CHRE(792): @ 16221.574: [AR_CHRE] detected still, confidence: 100, motionConfidence: 0
10-30 17:04:32.372: D/DhcpClient(1159): Unicasting DHCPREQUEST ciaddr=10.12.249.222 request=0.0.0.0 serverid=null to /10.10.100.99:67
10-30 17:04:32.375: D/DhcpClient(1159): Received packet: 10:f1:f2:84:bf:9c ACK: your new IP /10.12.249.222, netmask /255.255.192.0, gateways [/10.12.192.1] DNS servers: /8.8.8.8 /8.8.8.4 , lease time 3600
10-30 17:04:32.375: I/chatty(1159): uid=1000(system) Thread-23 identical 1 line
10-30 17:04:32.376: D/DhcpClient(1159): Received packet: 10:f1:f2:84:bf:9c ACK: your new IP /10.12.249.222, netmask /255.255.192.0, gateways [/10.12.192.1] DNS servers: /8.8.8.8 /8.8.8.4 , lease time 3600
10-30 17:04:32.376: D/DhcpClient(1159): Renewed lease: IP address 10.12.249.222/18 Gateway 10.12.192.1  DNS servers: [ 8.8.8.8 8.8.8.4 ] Domains iad04.mtaas.google.com DHCP server /10.10.100.99 Vendor info null lease 3600 seconds
10-30 17:04:32.376: D/DhcpClient(1159): Received packet: 10:f1:f2:84:bf:9c ACK: your new IP /10.12.249.222, netmask /255.255.192.0, gateways [/10.12.192.1] DNS servers: /8.8.8.8 /8.8.8.4 , lease time 3600
10-30 17:04:32.384: I/QCNEJ/CndHalConnector(1648): -> SND notifyWifiStatusChanged(RatInfo{type=1, subType=101, state=CONNECTED, v4=IfaceAddrPair{iface=wlan0, addr=10.12.249.222}, v6=IfaceAddrPair{iface=, addr=}, timestamp=2019-10-30 17:04:32.384, isAndroidValidated=true, netHandle=429513165534, slotIdx=0} WifiInfo{freq=FIVE_GHz, state=3, ssid=wl-ftl-mt62-1-5, bssid=70:3a:0e:24:51:b0, dns=[8.8.8.8, 8.8.8.4, 0.0.0.0, 0.0.0.0, ]})
10-30 17:04:32.384: I/QCNEJ/CndHalConnector(1648): -> SND notifyRatConnectionStatusChanged(rat = 1, CONNECTED, v4 = 10.12.249.222, v6 = )
10-30 17:04:32.386: I/QCNEJ/CndHalConnector(1648): -> SND notifyWifiStatusChanged(RatInfo{type=1, subType=101, state=CONNECTED, v4=IfaceAddrPair{iface=wlan0, addr=10.12.249.222}, v6=IfaceAddrPair{iface=, addr=}, timestamp=2019-10-30 17:04:32.386, isAndroidValidated=true, netHandle=429513165534, slotIdx=0} WifiInfo{freq=FIVE_GHz, state=3, ssid=wl-ftl-mt62-1-5, bssid=70:3a:0e:24:51:b0, dns=[8.8.8.8, 8.8.8.4, 0.0.0.0, 0.0.0.0, ]})
10-30 17:04:32.386: D/DhcpClient(1159): Scheduling renewal in 1799s
10-30 17:04:32.386: D/DhcpClient(1159): Scheduling rebind in 3149s
10-30 17:04:32.386: D/DhcpClient(1159): Scheduling expiry in 3599s
10-30 17:04:32.396: D/WifiPermissionsUtil(1159): Denied: no location permission
10-30 17:04:32.397: D/WifiPermissionsUtil(1159): Denied: no location permission
10-30 17:04:33.031: I/ViewInteraction(28810): Performing 'single click' action on view with id: com.example.concurrencyeval:id/mm_run_button
10-30 17:04:34.815: I/ViewInteraction(28810): Performing 'single click' action on view with id: com.example.concurrencyeval:id/mm_run_button
10-30 17:04:35.131: I/CHRE(792): @ 16224.784: [AR_CHRE] detected still, confidence: 100, motionConfidence: 0
10-30 17:04:36.579: I/ViewInteraction(28810): Performing 'single click' action on view with id: com.example.concurrencyeval:id/mm_run_button
10-30 17:04:38.341: I/CHRE(792): @ 16227.995: [AR_CHRE] detected still, confidence: 100, motionConfidence: 0
10-30 17:04:38.380: I/ViewInteraction(28810): Performing 'single click' action on view with id: com.example.concurrencyeval:id/mm_run_button
10-30 17:04:40.176: I/ViewInteraction(28810): Performing 'replace text()' action on view with id: com.example.concurrencyeval:id/mm_et_tasks
10-30 17:04:40.192: I/ViewInteraction(28810): Performing 'type text(8)' action on view with id: com.example.concurrencyeval:id/mm_et_tasks
10-30 17:04:40.259: W/InputConnectionWrapper(1481): Fixing selection indices to 0, 0
10-30 17:04:40.454: D/UiControllerImpl(28810): Injecting string: "8"
10-30 17:04:40.484: I/ViewInteraction(28810): Performing 'single click' action on view with id: com.example.concurrencyeval:id/mm_et_tasks
10-30 17:04:40.794: I/ViewInteraction(28810): Performing 'close keyboard' action on view is a root view.
10-30 17:04:41.113: I/ViewInteraction(28810): Performing 'single click' action on view with id: com.example.concurrencyeval:id/mm_run_button
10-30 17:04:41.553: I/CHRE(792): @ 16231.207: [AR_CHRE] detected still, confidence: 100, motionConfidence: 0
10-30 17:04:42.075: I/ViewInteraction(28810): Performing 'single click' action on view with id: com.example.concurrencyeval:id/mm_run_button
10-30 17:04:43.007: I/chatty(28810): uid=10136(com.example.concurrencyeval) identical 1 line
10-30 17:04:43.956: I/ViewInteraction(28810): Performing 'single click' action on view with id: com.example.concurrencyeval:id/mm_run_button
10-30 17:04:44.761: I/CHRE(792): @ 16234.415: [AR_CHRE] detected still, confidence: 100, motionConfidence: 0
10-30 17:04:44.887: I/ViewInteraction(28810): Performing 'single click' action on view with id: com.example.concurrencyeval:id/mm_run_button
10-30 17:04:46.868: I/chatty(28810): uid=10136(com.example.concurrencyeval) identical 2 lines
10-30 17:04:47.786: I/ViewInteraction(28810): Performing 'single click' action on view with id: com.example.concurrencyeval:id/mm_run_button
10-30 17:04:47.973: I/CHRE(792): @ 16237.626: [AR_CHRE] detected still, confidence: 100, motionConfidence: 0
10-30 17:04:48.784: I/ViewInteraction(28810): Performing 'single click' action on view with id: com.example.concurrencyeval:id/mm_run_button
10-30 17:04:49.753: I/chatty(28810): uid=10136(com.example.concurrencyeval) identical 1 line
10-30 17:04:50.715: I/ViewInteraction(28810): Performing 'single click' action on view with id: com.example.concurrencyeval:id/mm_run_button
10-30 17:04:51.182: I/CHRE(792): @ 16240.837: [AR_CHRE] detected still, confidence: 100, motionConfidence: 0
10-30 17:04:51.182: I/CHRE(792): @ 16240.837: [AR_CHRE] ON => IDLE
10-30 17:04:51.183: D/CHRE(792): @ 16240.837: Adding sensor status monitor for sensor ID 249
10-30 17:04:51.190: D/CHRE(792): @ 16240.845: -: id 0, prev 3 curr 2, mode 3, chre 0
10-30 17:04:51.667: I/ViewInteraction(28810): Performing 'replace text()' action on view with id: com.example.concurrencyeval:id/mm_et_tasks
10-30 17:04:51.682: I/ViewInteraction(28810): Performing 'type text(64)' action on view with id: com.example.concurrencyeval:id/mm_et_tasks
10-30 17:04:51.745: W/InputConnectionWrapper(1481): Fixing selection indices to 0, 0
10-30 17:04:51.947: D/UiControllerImpl(28810): Injecting string: "64"
10-30 17:04:51.985: I/ViewInteraction(28810): Performing 'single click' action on view with id: com.example.concurrencyeval:id/mm_et_tasks
10-30 17:04:52.283: I/ViewInteraction(28810): Performing 'close keyboard' action on view is a root view.
10-30 17:04:52.597: I/ViewInteraction(28810): Performing 'single click' action on view with id: com.example.concurrencyeval:id/mm_run_button
10-30 17:04:53.415: I/chatty(28810): uid=10136(com.example.concurrencyeval) identical 1 line
10-30 17:04:54.230: I/ViewInteraction(28810): Performing 'single click' action on view with id: com.example.concurrencyeval:id/mm_run_button
10-30 17:04:54.528: I/ClearcutLoggerApiImpl(2329): disconnect managed GoogleApiClient
10-30 17:04:55.030: I/ViewInteraction(28810): Performing 'single click' action on view with id: com.example.concurrencyeval:id/mm_run_button
10-30 17:04:55.846: I/chatty(28810): uid=10136(com.example.concurrencyeval) identical 1 line
10-30 17:04:56.645: I/ViewInteraction(28810): Performing 'single click' action on view with id: com.example.concurrencyeval:id/mm_run_button
10-30 17:04:57.495: I/zygote64(28810): Background concurrent copying GC freed 243(384KB) AllocSpace objects, 0(0B) LOS objects, 49% free, 8MB/17MB, paused 44us total 447.961ms
10-30 17:04:57.512: I/ViewInteraction(28810): Performing 'single click' action on view with id: com.example.concurrencyeval:id/mm_run_button
10-30 17:04:58.376: I/chatty(28810): uid=10136(com.example.concurrencyeval) identical 1 line
10-30 17:04:59.193: I/ViewInteraction(28810): Performing 'single click' action on view with id: com.example.concurrencyeval:id/mm_run_button
10-30 17:05:00.011: I/zygote64(28810): Background concurrent copying GC freed 234(374KB) AllocSpace objects, 0(0B) LOS objects, 49% free, 9MB/18MB, paused 36us total 416.632ms
10-30 17:05:00.039: I/ViewInteraction(28810): Performing 'single click' action on view with id: com.example.concurrencyeval:id/mm_run_button
10-30 17:05:00.842: I/ViewInteraction(28810): Performing 'single click' action on view with id: com.example.concurrencyeval:id/mm_run_button
10-30 17:05:01.660: D/LifecycleMonitor(28810): Lifecycle status change: com.example.concurrencyeval.activities.MatMultActivity@deec7a in: PAUSED
10-30 17:05:01.660: D/LifecycleMonitor(28810): running callback: androidx.test.rule.ActivityTestRule$LifecycleCallback@2df48a4
10-30 17:05:01.660: D/LifecycleMonitor(28810): callback completes: androidx.test.rule.ActivityTestRule$LifecycleCallback@2df48a4
10-30 17:05:01.675: I/BackdropActivity(27893): onResume()
10-30 17:05:01.676: I/ActivityManager(1159): Activity requesting to dismiss Keyguard: ActivityRecord{b89c906 u0 com.google.android.apps.mtaas.backdrop/.BackdropActivity t3}
10-30 17:05:01.677: I/ActivityManager(1159): START u0 {flg=0x10000000 cmp=com.example.concurrencyeval/.activities.MatMultActivity (has extras)} from uid 10136
10-30 17:05:01.681: D/QCOM PowerHAL(774): LAUNCH HINT: ON
10-30 17:05:01.681: D/QCOM PowerHAL(774): Activity launch hint handled
10-30 17:05:01.701: D/LifecycleMonitor(28810): Lifecycle status change: com.example.concurrencyeval.activities.MatMultActivity@78afa2f in: PRE_ON_CREATE
10-30 17:05:01.701: D/LifecycleMonitor(28810): running callback: androidx.test.rule.ActivityTestRule$LifecycleCallback@2df48a4
10-30 17:05:01.701: D/LifecycleMonitor(28810): callback completes: androidx.test.rule.ActivityTestRule$LifecycleCallback@2df48a4
10-30 17:05:01.733: I/WindowManager(1159): Failed to capture screenshot of Token{58e9bc7 ActivityRecord{b89c906 u0 com.google.android.apps.mtaas.backdrop/.BackdropActivity t3}} appWin=Window{c55d58f u0 com.google.android.apps.mtaas.backdrop/com.google.android.apps.mtaas.backdrop.BackdropActivity} drawState=1
10-30 17:05:01.762: D/LifecycleMonitor(28810): Lifecycle status change: com.example.concurrencyeval.activities.MatMultActivity@78afa2f in: CREATED
10-30 17:05:01.762: D/LifecycleMonitor(28810): running callback: androidx.test.rule.ActivityTestRule$LifecycleCallback@2df48a4
10-30 17:05:01.762: D/LifecycleMonitor(28810): callback completes: androidx.test.rule.ActivityTestRule$LifecycleCallback@2df48a4
10-30 17:05:01.763: D/LifecycleMonitor(28810): Lifecycle status change: com.example.concurrencyeval.activities.MatMultActivity@78afa2f in: STARTED
10-30 17:05:01.763: D/LifecycleMonitor(28810): running callback: androidx.test.rule.ActivityTestRule$LifecycleCallback@2df48a4
10-30 17:05:01.763: D/LifecycleMonitor(28810): callback completes: androidx.test.rule.ActivityTestRule$LifecycleCallback@2df48a4
10-30 17:05:01.766: D/LifecycleMonitor(28810): Lifecycle status change: com.example.concurrencyeval.activities.MatMultActivity@78afa2f in: RESUMED
10-30 17:05:01.766: D/LifecycleMonitor(28810): running callback: androidx.test.rule.ActivityTestRule$LifecycleCallback@2df48a4
10-30 17:05:01.766: D/LifecycleMonitor(28810): callback completes: androidx.test.rule.ActivityTestRule$LifecycleCallback@2df48a4
10-30 17:05:01.785: D/SurfaceFlinger(606): duplicate layer name: changing com.example.concurrencyeval/com.example.concurrencyeval.activities.MatMultActivity to com.example.concurrencyeval/com.example.concurrencyeval.activities.MatMultActivity#1
10-30 17:05:01.787: I/zygote64(28226): Deoptimizing void bwqo.a(java.lang.Iterable, java.util.List) due to JIT inline cache
10-30 17:05:01.819: I/zygote64(28810): Compiler allocated 7MB to compile void android.widget.TextView.<init>(android.content.Context, android.util.AttributeSet, int, int)
10-30 17:05:01.832: I/ActivityManager(1159): Displayed com.example.concurrencyeval/.activities.MatMultActivity: +137ms
10-30 17:05:01.844: D/QCOM PowerHAL(774): LAUNCH HINT: OFF
10-30 17:05:01.845: I/ViewInteraction(28810): Performing 'replace text()' action on view with id: com.example.concurrencyeval:id/mm_et_size
10-30 17:05:01.848: D/LifecycleMonitor(28810): Lifecycle status change: com.example.concurrencyeval.activities.MatMultActivity@deec7a in: STOPPED
10-30 17:05:01.848: D/LifecycleMonitor(28810): running callback: androidx.test.rule.ActivityTestRule$LifecycleCallback@2df48a4
10-30 17:05:01.848: D/LifecycleMonitor(28810): callback completes: androidx.test.rule.ActivityTestRule$LifecycleCallback@2df48a4
10-30 17:05:01.849: D/LifecycleMonitor(28810): Lifecycle status change: com.example.concurrencyeval.activities.MatMultActivity@deec7a in: DESTROYED
10-30 17:05:01.849: D/LifecycleMonitor(28810): running callback: androidx.test.rule.ActivityTestRule$LifecycleCallback@2df48a4
10-30 17:05:01.849: D/LifecycleMonitor(28810): callback completes: androidx.test.rule.ActivityTestRule$LifecycleCallback@2df48a4
10-30 17:05:01.858: W/IInputConnectionWrapper(28810): beginBatchEdit on inactive InputConnection
10-30 17:05:01.858: W/IInputConnectionWrapper(28810): getTextBeforeCursor on inactive InputConnection
10-30 17:05:01.859: I/ViewInteraction(28810): Performing 'type text(128)' action on view with id: com.example.concurrencyeval:id/mm_et_size
